--------------------------------------------------------------------------------
Release 14.7 Trace  (nt64)
Copyright (c) 1995-2013 Xilinx, Inc.  All rights reserved.

C:\Xilinx\14.7\ISE_DS\ISE\bin\nt64\unwrapped\trce.exe -intstyle ise -v 3 -s 4
-n 3 -fastpaths -xml MCS.twx MCS.ncd -o MCS.twr MCS.pcf -ucf ports.ucf

Design file:              MCS.ncd
Physical constraint file: MCS.pcf
Device,package,speed:     xc3s100e,tq144,-4 (PRODUCTION 1.27 2013-10-13)
Report level:             verbose report

Environment Variable      Effect 
--------------------      ------ 
NONE                      No environment variables were set
--------------------------------------------------------------------------------

INFO:Timing:2698 - No timing constraints found, doing default enumeration.
INFO:Timing:3412 - To improve timing, see the Timing Closure User Guide (UG612).
INFO:Timing:2752 - To get complete path coverage, use the unconstrained paths 
   option. All paths that are not constrained will be reported in the 
   unconstrained paths section(s) of the report.
INFO:Timing:3339 - The clock-to-out numbers in this timing report are based on 
   a 50 Ohm transmission line loading model.  For the details of this model, 
   and for more information on accounting for different loading conditions, 
   please see the device datasheet.
INFO:Timing:3390 - This architecture does not support a default System Jitter 
   value, please add SYSTEM_JITTER constraint to the UCF to modify the Clock 
   Uncertainty calculation.
INFO:Timing:3389 - This architecture does not support 'Discrete Jitter' and 
   'Phase Error' calculations, these terms will be zero in the Clock 
   Uncertainty calculation.  Please make appropriate modification to 
   SYSTEM_JITTER to account for the unsupported Discrete Jitter and Phase 
   Error.



Data Sheet report:
-----------------
All values displayed in nanoseconds (ns)

Setup/Hold to clock Clk
---------------+------------+------------+------------------+--------+
               |Max Setup to|Max Hold to |                  | Clock  |
Source         | clk (edge) | clk (edge) |Internal Clock(s) | Phase  |
---------------+------------+------------+------------------+--------+
Hall_sensors<0>|    4.647(R)|   -0.172(R)|Clk_BUFGP         |   0.000|
Hall_sensors<1>|    4.287(R)|    0.093(R)|Clk_BUFGP         |   0.000|
Hall_sensors<2>|    2.251(R)|   -0.061(R)|Clk_BUFGP         |   0.000|
PWM_duty<0>    |    4.084(R)|   -1.970(R)|Clk_BUFGP         |   0.000|
PWM_duty<1>    |    4.167(R)|   -1.956(R)|Clk_BUFGP         |   0.000|
PWM_duty<2>    |    3.602(R)|   -1.585(R)|Clk_BUFGP         |   0.000|
PWM_duty<3>    |    3.421(R)|   -1.360(R)|Clk_BUFGP         |   0.000|
PWM_duty<4>    |    3.302(R)|   -1.346(R)|Clk_BUFGP         |   0.000|
PWM_duty<5>    |    3.391(R)|   -1.336(R)|Clk_BUFGP         |   0.000|
PWM_duty<6>    |    5.662(R)|   -1.545(R)|Clk_BUFGP         |   0.000|
PWM_duty<7>    |    3.326(R)|   -1.284(R)|Clk_BUFGP         |   0.000|
ResetPosition  |    2.302(R)|   -0.654(R)|Clk_BUFGP         |   0.000|
---------------+------------+------------+------------------+--------+

Clock Clk to Pad
----------------------+------------+------------------+--------+
                      | clk (edge) |                  | Clock  |
Destination           |   to PAD   |Internal Clock(s) | Phase  |
----------------------+------------+------------------+--------+
Motor_Direction_out<0>|   16.424(R)|Clk_BUFGP         |   0.000|
Motor_Direction_out<1>|   17.262(R)|Clk_BUFGP         |   0.000|
Motor_Direction_out<2>|    9.642(R)|Clk_BUFGP         |   0.000|
Position<0>           |    9.007(R)|Clk_BUFGP         |   0.000|
Position<1>           |    9.979(R)|Clk_BUFGP         |   0.000|
Position<2>           |    8.487(R)|Clk_BUFGP         |   0.000|
Position<3>           |    8.757(R)|Clk_BUFGP         |   0.000|
Position<4>           |    9.005(R)|Clk_BUFGP         |   0.000|
Position<5>           |    8.983(R)|Clk_BUFGP         |   0.000|
Position<6>           |    9.198(R)|Clk_BUFGP         |   0.000|
Position<7>           |    9.551(R)|Clk_BUFGP         |   0.000|
Position<8>           |    9.988(R)|Clk_BUFGP         |   0.000|
Position<9>           |    9.705(R)|Clk_BUFGP         |   0.000|
Position<10>          |   10.022(R)|Clk_BUFGP         |   0.000|
----------------------+------------+------------------+--------+

Clock to Setup on destination clock Clk
---------------+---------+---------+---------+---------+
               | Src:Rise| Src:Fall| Src:Rise| Src:Fall|
Source Clock   |Dest:Rise|Dest:Rise|Dest:Fall|Dest:Fall|
---------------+---------+---------+---------+---------+
Clk            |    9.345|         |         |         |
---------------+---------+---------+---------+---------+

Pad to Pad
---------------------+----------------------+---------+
Source Pad           |Destination Pad       |  Delay  |
---------------------+----------------------+---------+
Motor_Direction_in<0>|Motor_Direction_out<0>|    8.674|
Motor_Direction_in<0>|Motor_Direction_out<1>|    8.953|
Motor_Direction_in<0>|Motor_Direction_out<2>|    7.435|
Motor_Direction_in<1>|Motor_Direction_out<0>|    8.541|
Motor_Direction_in<1>|Motor_Direction_out<1>|    9.156|
Motor_Direction_in<1>|Motor_Direction_out<2>|    7.275|
PWM_duty<0>          |Motor_Direction_out<0>|   11.856|
PWM_duty<0>          |Motor_Direction_out<1>|   12.694|
PWM_duty<1>          |Motor_Direction_out<0>|   11.939|
PWM_duty<1>          |Motor_Direction_out<1>|   12.777|
PWM_duty<2>          |Motor_Direction_out<0>|   11.374|
PWM_duty<2>          |Motor_Direction_out<1>|   12.212|
PWM_duty<3>          |Motor_Direction_out<0>|   11.193|
PWM_duty<3>          |Motor_Direction_out<1>|   12.031|
PWM_duty<4>          |Motor_Direction_out<0>|   11.074|
PWM_duty<4>          |Motor_Direction_out<1>|   11.912|
PWM_duty<5>          |Motor_Direction_out<0>|   11.163|
PWM_duty<5>          |Motor_Direction_out<1>|   12.001|
PWM_duty<6>          |Motor_Direction_out<0>|   13.434|
PWM_duty<6>          |Motor_Direction_out<1>|   14.272|
PWM_duty<7>          |Motor_Direction_out<0>|   11.098|
PWM_duty<7>          |Motor_Direction_out<1>|   11.936|
---------------------+----------------------+---------+


Analysis completed Mon Mar 31 16:46:51 2014 
--------------------------------------------------------------------------------

Trace Settings:
-------------------------
Trace Settings 

Peak Memory Usage: 159 MB



