AR encoder behavioral "C:/Users/Lukas Schwartz/Documents/GitHub/Projekt-2014/Encoder/encoder.vhd" sub00/vhpl03 1396277167
EN pwm NULL "C:/Users/Lukas Schwartz/Documents/GitHub/Projekt-2014/PWM/PWM.vhd" sub00/vhpl00 1396277164
EN mcs NULL "C:/Users/Lukas Schwartz/Documents/GitHub/Projekt-2014/MotorControlSystem/MCS.vhd" sub00/vhpl04 1396277168
EN encoder NULL "C:/Users/Lukas Schwartz/Documents/GitHub/Projekt-2014/Encoder/encoder.vhd" sub00/vhpl02 1396277166
AR pwm behavioral "C:/Users/Lukas Schwartz/Documents/GitHub/Projekt-2014/PWM/PWM.vhd" sub00/vhpl01 1396277165
AR mcs behavioral "C:/Users/Lukas Schwartz/Documents/GitHub/Projekt-2014/MotorControlSystem/MCS.vhd" sub00/vhpl05 1396277169
