Archive member included because of file (symbol)

d:/programs/gnu/bin/../lib/gcc/arm-none-eabi/4.8.3/../../../../arm-none-eabi/lib/armv7-m\libg.a(lib_a-memcpy.o)
                              ..\obj\queue.o (memcpy)
d:/programs/gnu/bin/../lib/gcc/arm-none-eabi/4.8.3/../../../../arm-none-eabi/lib/armv7-m\libg.a(lib_a-memset.o)
                              ..\obj\tasks.o (memset)
d:/programs/gnu/bin/../lib/gcc/arm-none-eabi/4.8.3/../../../../arm-none-eabi/lib/armv7-m\libg.a(lib_a-strcat.o)
                              ..\obj\communication.o (strcat)
d:/programs/gnu/bin/../lib/gcc/arm-none-eabi/4.8.3/../../../../arm-none-eabi/lib/armv7-m\libg.a(lib_a-strcmp.o)
                              ..\obj\communication.o (strcmp)
d:/programs/gnu/bin/../lib/gcc/arm-none-eabi/4.8.3/../../../../arm-none-eabi/lib/armv7-m\libg.a(lib_a-strcpy.o)
                              d:/programs/gnu/bin/../lib/gcc/arm-none-eabi/4.8.3/../../../../arm-none-eabi/lib/armv7-m\libg.a(lib_a-strcat.o) (strcpy)
d:/programs/gnu/bin/../lib/gcc/arm-none-eabi/4.8.3/../../../../arm-none-eabi/lib/armv7-m\libg.a(lib_a-strlen.o)
                              ..\obj\communication.o (strlen)
d:/programs/gnu/bin/../lib/gcc/arm-none-eabi/4.8.3/../../../../arm-none-eabi/lib/armv7-m\libg.a(lib_a-strncpy.o)
                              ..\obj\tasks.o (strncpy)

Allocating common symbols
Common symbol       size              file

UARTTXQueue         0x4               ..\obj\spi.o
SPIRXSem            0x4               ..\obj\spi.o
UARTRXQueue         0x4               ..\obj\spi.o
UARTRXSem           0x4               ..\obj\spi.o
SPIRXQueue          0x4               ..\obj\spi.o
SPITXQueue          0x4               ..\obj\spi.o

Discarded input sections

 .text          0x00000000        0x0 ..\obj\spi.o
 .data          0x00000000        0x0 ..\obj\spi.o
 .bss           0x00000000        0x0 ..\obj\spi.o
 .text          0x00000000        0x0 ..\obj\startup_frt.o
 .data          0x00000000        0x0 ..\obj\startup_frt.o
 .bss           0x00000000        0x0 ..\obj\startup_frt.o
 .text          0x00000000        0x0 ..\obj\common.o
 .data          0x00000000        0x0 ..\obj\common.o
 .bss           0x00000000        0x0 ..\obj\common.o
 .text.vApplicationStackOverflowHook
                0x00000000       0x2c ..\obj\common.o
 .debug_info    0x00000000       0x9e ..\obj\common.o
 .debug_abbrev  0x00000000       0x6e ..\obj\common.o
 .debug_aranges
                0x00000000       0x20 ..\obj\common.o
 .debug_ranges  0x00000000       0x10 ..\obj\common.o
 .debug_line    0x00000000      0x121 ..\obj\common.o
 .debug_str     0x00000000      0x185 ..\obj\common.o
 .comment       0x00000000       0x71 ..\obj\common.o
 .ARM.attributes
                0x00000000       0x33 ..\obj\common.o
 .debug_frame   0x00000000       0x30 ..\obj\common.o
 .text          0x00000000        0x0 ..\obj\main.o
 .data          0x00000000        0x0 ..\obj\main.o
 .bss           0x00000000        0x0 ..\obj\main.o
 .text          0x00000000        0x0 ..\obj\communication.o
 .data          0x00000000        0x0 ..\obj\communication.o
 .text          0x00000000        0x0 ..\obj\gpio.o
 .data          0x00000000        0x0 ..\obj\gpio.o
 .bss           0x00000000        0x0 ..\obj\gpio.o
 .text.init_gpio
                0x00000000       0x80 ..\obj\gpio.o
 .debug_info    0x00000000       0x93 ..\obj\gpio.o
 .debug_abbrev  0x00000000       0x51 ..\obj\gpio.o
 .debug_aranges
                0x00000000       0x20 ..\obj\gpio.o
 .debug_ranges  0x00000000       0x10 ..\obj\gpio.o
 .debug_line    0x00000000       0xe9 ..\obj\gpio.o
 .debug_str     0x00000000      0x165 ..\obj\gpio.o
 .comment       0x00000000       0x71 ..\obj\gpio.o
 .ARM.attributes
                0x00000000       0x33 ..\obj\gpio.o
 .debug_frame   0x00000000       0x2c ..\obj\gpio.o
 .text          0x00000000        0x0 ..\obj\uartprintf.o
 .data          0x00000000        0x0 ..\obj\uartprintf.o
 .bss           0x00000000        0x0 ..\obj\uartprintf.o
 .text          0x00000000        0x0 ..\obj\tasks.o
 .data          0x00000000        0x0 ..\obj\tasks.o
 .text.vTaskDelayUntil
                0x00000000       0xd0 ..\obj\tasks.o
 .text.vTaskEndScheduler
                0x00000000       0x1c ..\obj\tasks.o
 .text.xTaskGetTickCount
                0x00000000       0x24 ..\obj\tasks.o
 .text.uxTaskGetNumberOfTasks
                0x00000000       0x18 ..\obj\tasks.o
 .text          0x00000000        0x0 ..\obj\list.o
 .data          0x00000000        0x0 ..\obj\list.o
 .bss           0x00000000        0x0 ..\obj\list.o
 .text          0x00000000        0x0 ..\obj\queue.o
 .data          0x00000000        0x0 ..\obj\queue.o
 .bss           0x00000000        0x0 ..\obj\queue.o
 .text.xQueueCreateMutex
                0x00000000       0x78 ..\obj\queue.o
 .text.xQueueGenericSendFromISR
                0x00000000       0x80 ..\obj\queue.o
 .text.xQueueReceiveFromISR
                0x00000000       0x84 ..\obj\queue.o
 .text.uxQueueMessagesWaiting
                0x00000000       0x20 ..\obj\queue.o
 .text.uxQueueMessagesWaitingFromISR
                0x00000000       0x1c ..\obj\queue.o
 .text.vQueueDelete
                0x00000000       0x20 ..\obj\queue.o
 .text.xQueueIsQueueEmptyFromISR
                0x00000000       0x28 ..\obj\queue.o
 .text.xQueueIsQueueFullFromISR
                0x00000000       0x2c ..\obj\queue.o
 .text          0x00000000        0x0 ..\obj\port.o
 .bss           0x00000000        0x0 ..\obj\port.o
 .rodata        0x00000000        0x4 ..\obj\port.o
 .text.vPortEndScheduler
                0x00000000        0xc ..\obj\port.o
 .text          0x00000000        0x0 ..\obj\debug.o
 .data          0x00000000        0x0 ..\obj\debug.o
 .bss           0x00000000        0x0 ..\obj\debug.o
 .rodata        0x00000000       0x88 ..\obj\debug.o
 .text.__error__
                0x00000000       0x24 ..\obj\debug.o
 .text          0x00000000        0x0 ..\obj\croutine.o
 .data          0x00000000        0x0 ..\obj\croutine.o
 .bss           0x00000000       0x80 ..\obj\croutine.o
 .text.xCoRoutineCreate
                0x00000000       0xcc ..\obj\croutine.o
 .text.vCoRoutineAddToDelayedList
                0x00000000       0x84 ..\obj\croutine.o
 .text.prvCheckPendingReadyList
                0x00000000       0x8c ..\obj\croutine.o
 .text.prvCheckDelayedList
                0x00000000      0x108 ..\obj\croutine.o
 .text.vCoRoutineSchedule
                0x00000000       0xa0 ..\obj\croutine.o
 .text.prvInitialiseCoRoutineLists
                0x00000000       0x68 ..\obj\croutine.o
 .text.xCoRoutineRemoveFromEventList
                0x00000000       0x5c ..\obj\croutine.o
 .debug_info    0x00000000      0x468 ..\obj\croutine.o
 .debug_abbrev  0x00000000      0x185 ..\obj\croutine.o
 .debug_aranges
                0x00000000       0x50 ..\obj\croutine.o
 .debug_ranges  0x00000000       0x40 ..\obj\croutine.o
 .debug_line    0x00000000      0x308 ..\obj\croutine.o
 .debug_str     0x00000000      0x474 ..\obj\croutine.o
 .comment       0x00000000       0x71 ..\obj\croutine.o
 .ARM.attributes
                0x00000000       0x33 ..\obj\croutine.o
 .debug_frame   0x00000000       0xf0 ..\obj\croutine.o
 .text          0x00000000        0x0 ..\obj\cpu.o
 .data          0x00000000        0x0 ..\obj\cpu.o
 .bss           0x00000000        0x0 ..\obj\cpu.o
 .text          0x00000000        0x0 ..\obj\heap_2.o
 .data          0x00000000        0x0 ..\obj\heap_2.o
 .rodata        0x00000000        0x2 ..\obj\heap_2.o
 .text.xPortGetFreeHeapSize
                0x00000000       0x18 ..\obj\heap_2.o
 .text.vPortInitialiseBlocks
                0x00000000        0xc ..\obj\heap_2.o
 .data          0x00000000        0x0 d:/programs/gnu/bin/../lib/gcc/arm-none-eabi/4.8.3/../../../../arm-none-eabi/lib/armv7-m\libg.a(lib_a-memcpy.o)
 .bss           0x00000000        0x0 d:/programs/gnu/bin/../lib/gcc/arm-none-eabi/4.8.3/../../../../arm-none-eabi/lib/armv7-m\libg.a(lib_a-memcpy.o)
 .text          0x00000000        0x0 d:/programs/gnu/bin/../lib/gcc/arm-none-eabi/4.8.3/../../../../arm-none-eabi/lib/armv7-m\libg.a(lib_a-memset.o)
 .data          0x00000000        0x0 d:/programs/gnu/bin/../lib/gcc/arm-none-eabi/4.8.3/../../../../arm-none-eabi/lib/armv7-m\libg.a(lib_a-memset.o)
 .bss           0x00000000        0x0 d:/programs/gnu/bin/../lib/gcc/arm-none-eabi/4.8.3/../../../../arm-none-eabi/lib/armv7-m\libg.a(lib_a-memset.o)
 .text          0x00000000        0x0 d:/programs/gnu/bin/../lib/gcc/arm-none-eabi/4.8.3/../../../../arm-none-eabi/lib/armv7-m\libg.a(lib_a-strcat.o)
 .data          0x00000000        0x0 d:/programs/gnu/bin/../lib/gcc/arm-none-eabi/4.8.3/../../../../arm-none-eabi/lib/armv7-m\libg.a(lib_a-strcat.o)
 .bss           0x00000000        0x0 d:/programs/gnu/bin/../lib/gcc/arm-none-eabi/4.8.3/../../../../arm-none-eabi/lib/armv7-m\libg.a(lib_a-strcat.o)
 .data          0x00000000        0x0 d:/programs/gnu/bin/../lib/gcc/arm-none-eabi/4.8.3/../../../../arm-none-eabi/lib/armv7-m\libg.a(lib_a-strcmp.o)
 .bss           0x00000000        0x0 d:/programs/gnu/bin/../lib/gcc/arm-none-eabi/4.8.3/../../../../arm-none-eabi/lib/armv7-m\libg.a(lib_a-strcmp.o)
 .text          0x00000000        0x0 d:/programs/gnu/bin/../lib/gcc/arm-none-eabi/4.8.3/../../../../arm-none-eabi/lib/armv7-m\libg.a(lib_a-strcpy.o)
 .data          0x00000000        0x0 d:/programs/gnu/bin/../lib/gcc/arm-none-eabi/4.8.3/../../../../arm-none-eabi/lib/armv7-m\libg.a(lib_a-strcpy.o)
 .bss           0x00000000        0x0 d:/programs/gnu/bin/../lib/gcc/arm-none-eabi/4.8.3/../../../../arm-none-eabi/lib/armv7-m\libg.a(lib_a-strcpy.o)
 .text          0x00000000        0x0 d:/programs/gnu/bin/../lib/gcc/arm-none-eabi/4.8.3/../../../../arm-none-eabi/lib/armv7-m\libg.a(lib_a-strlen.o)
 .data          0x00000000        0x0 d:/programs/gnu/bin/../lib/gcc/arm-none-eabi/4.8.3/../../../../arm-none-eabi/lib/armv7-m\libg.a(lib_a-strlen.o)
 .bss           0x00000000        0x0 d:/programs/gnu/bin/../lib/gcc/arm-none-eabi/4.8.3/../../../../arm-none-eabi/lib/armv7-m\libg.a(lib_a-strlen.o)
 .text          0x00000000        0x0 d:/programs/gnu/bin/../lib/gcc/arm-none-eabi/4.8.3/../../../../arm-none-eabi/lib/armv7-m\libg.a(lib_a-strncpy.o)
 .data          0x00000000        0x0 d:/programs/gnu/bin/../lib/gcc/arm-none-eabi/4.8.3/../../../../arm-none-eabi/lib/armv7-m\libg.a(lib_a-strncpy.o)
 .bss           0x00000000        0x0 d:/programs/gnu/bin/../lib/gcc/arm-none-eabi/4.8.3/../../../../arm-none-eabi/lib/armv7-m\libg.a(lib_a-strncpy.o)

Memory Configuration

Name             Origin             Length             Attributes
rom              0x00000000         0x00040000         xr
ram              0x20000000         0x00010000         xrw
*default*        0x00000000         0xffffffff

Linker script and memory map

                0x20010000                _eram = 0x20010000

.text           0x00000000     0x24dc
 *(.isr_vector)
 .isr_vector    0x00000000      0x100 ..\obj\startup_frt.o
                0x00000000                g_pfnVectors
 *(.text*)
 .text.spi_enable
                0x00000100       0x1c ..\obj\spi.o
                0x00000100                spi_enable
 .text.spi_disable
                0x0000011c       0x1c ..\obj\spi.o
                0x0000011c                spi_disable
 .text.spi_init
                0x00000138      0x1c8 ..\obj\spi.o
                0x00000138                spi_init
 .text.spiDataReady
                0x00000300       0x40 ..\obj\spi.o
                0x00000300                spiDataReady
 .text.spiTXTask
                0x00000340       0x3c ..\obj\spi.o
                0x00000340                spiTXTask
 .text.spiRXTask
                0x0000037c       0x54 ..\obj\spi.o
                0x0000037c                spiRXTask
 .text.Default_Reset_Handler
                0x000003d0       0x5c ..\obj\startup_frt.o
                0x000003d0                Default_Reset_Handler
                0x000003d0                Reset_Handler
 .text.Default_Handler
                0x0000042c        0x8 ..\obj\startup_frt.o
                0x0000042c                DebugMon_Handler
                0x0000042c                FlashCtrl_IRQHandler
                0x0000042c                Timer0B_IRQHandler
                0x0000042c                I2C0_IRQHandler
                0x0000042c                HardFault_Handler
                0x0000042c                SysTick_Handler
                0x0000042c                PendSV_Handler
                0x0000042c                NMI_Handler
                0x0000042c                I2C1_IRQHandler
                0x0000042c                PWMGen0_IRQHandler
                0x0000042c                UART1_IRQHandler
                0x0000042c                CAN1_IRQHandler
                0x0000042c                Timer1B_IRQHandler
                0x0000042c                Watchdog_IRQHandler
                0x0000042c                UART0_IRQHandler
                0x0000042c                SSI0_IRQHandler
                0x0000042c                UsageFault_Handler
                0x0000042c                ADCSeq1_IRQHandler
                0x0000042c                PWMFault_IRQHandler
                0x0000042c                PWMGen1_IRQHandler
                0x0000042c                SSI1_IRQHandler
                0x0000042c                uDMA_IRQHandler
                0x0000042c                GPIOPortC_IRQHandler
                0x0000042c                ADCSeq2_IRQHandler
                0x0000042c                PWMGen2_IRQHandler
                0x0000042c                UART2_IRQHandler
                0x0000042c                uDMAErr_IRQHandler
                0x0000042c                QEI1_IRQHandler
                0x0000042c                QEI0_IRQHandler
                0x0000042c                PWMGen3_IRQHandler
                0x0000042c                GPIOPortD_IRQHandler
                0x0000042c                USB0_IRQHandler
                0x0000042c                MemManage_Handler
                0x0000042c                Ethernet_IRQHandler
                0x0000042c                SVC_Handler
                0x0000042c                Timer3B_IRQHandler
                0x0000042c                Timer3A_IRQHandler
                0x0000042c                GPIOPortA_IRQHandler
                0x0000042c                Timer0A_IRQHandler
                0x0000042c                ADCSeq0_IRQHandler
                0x0000042c                Timer1A_IRQHandler
                0x0000042c                GPIOPortG_IRQHandler
                0x0000042c                ADCSeq3_IRQHandler
                0x0000042c                GPIOPortE_IRQHandler
                0x0000042c                CAN0_IRQHandler
                0x0000042c                Comp0_IRQHandler
                0x0000042c                Comp1_IRQHandler
                0x0000042c                Comp2_IRQHandler
                0x0000042c                GPIOPortF_IRQHandler
                0x0000042c                GPIOPortB_IRQHandler
                0x0000042c                CAN2_IRQHandler
                0x0000042c                GPIOPortH_IRQHandler
                0x0000042c                BusFault_Handler
                0x0000042c                Timer2A_IRQHandler
                0x0000042c                Timer2B_IRQHandler
                0x0000042c                SysCtrl_IRQHandler
                0x0000042c                Hibernate_IRQHandler
 .text.status_led_init
                0x00000434       0x58 ..\obj\main.o
                0x00000434                status_led_init
 .text.status_led_task
                0x0000048c       0x24 ..\obj\main.o
                0x0000048c                status_led_task
 .text.poleRegs
                0x000004b0       0x4c ..\obj\main.o
                0x000004b0                poleRegs
 .text.main     0x000004fc      0x1f0 ..\obj\main.o
                0x000004fc                main
 .text.resetCharArray
                0x000006ec       0x34 ..\obj\communication.o
                0x000006ec                resetCharArray
 .text.decodeCommandTask
                0x00000720      0x160 ..\obj\communication.o
                0x00000720                decodeCommandTask
 .text.uart_init
                0x00000880       0xc0 ..\obj\uartprintf.o
                0x00000880                uart_init
 .text.UARTCharPut
                0x00000940       0x28 ..\obj\uartprintf.o
                0x00000940                UARTCharPut
 .text.UARTCharGet
                0x00000968       0x18 ..\obj\uartprintf.o
                0x00000968                UARTCharGet
 .text.UARTDataReady
                0x00000980       0x50 ..\obj\uartprintf.o
                0x00000980                UARTDataReady
 .text.UART_TX_task
                0x000009d0       0x34 ..\obj\uartprintf.o
                0x000009d0                UART_TX_task
 .text.UART_RX_task
                0x00000a04       0x54 ..\obj\uartprintf.o
                0x00000a04                UART_RX_task
 .text.xTaskGenericCreate
                0x00000a58      0x148 ..\obj\tasks.o
                0x00000a58                xTaskGenericCreate
 .text.vTaskDelay
                0x00000ba0       0x8c ..\obj\tasks.o
                0x00000ba0                vTaskDelay
 .text.vTaskStartScheduler
                0x00000c2c       0x58 ..\obj\tasks.o
                0x00000c2c                vTaskStartScheduler
 .text.vTaskSuspendAll
                0x00000c84       0x1c ..\obj\tasks.o
                0x00000c84                vTaskSuspendAll
 .text.xTaskResumeAll
                0x00000ca0      0x100 ..\obj\tasks.o
                0x00000ca0                xTaskResumeAll
 .text.vTaskIncrementTick
                0x00000da0       0xdc ..\obj\tasks.o
                0x00000da0                vTaskIncrementTick
 .text.vTaskSwitchContext
                0x00000e7c       0x94 ..\obj\tasks.o
                0x00000e7c                vTaskSwitchContext
 .text.vTaskPlaceOnEventList
                0x00000f10       0x7c ..\obj\tasks.o
                0x00000f10                vTaskPlaceOnEventList
 .text.xTaskRemoveFromEventList
                0x00000f8c       0xac ..\obj\tasks.o
                0x00000f8c                xTaskRemoveFromEventList
 .text.vTaskSetTimeOutState
                0x00001038       0x2c ..\obj\tasks.o
                0x00001038                vTaskSetTimeOutState
 .text.xTaskCheckForTimeOut
                0x00001064       0x78 ..\obj\tasks.o
                0x00001064                xTaskCheckForTimeOut
 .text.vTaskMissedYield
                0x000010dc       0x18 ..\obj\tasks.o
                0x000010dc                vTaskMissedYield
 .text.prvIdleTask
                0x000010f4       0x10 ..\obj\tasks.o
 .text.prvInitialiseTCBVariables
                0x00001104       0x6c ..\obj\tasks.o
 .text.prvInitialiseTaskLists
                0x00001170       0x68 ..\obj\tasks.o
 .text.prvCheckTasksWaitingTermination
                0x000011d8        0xc ..\obj\tasks.o
 .text.prvAllocateTCBAndStack
                0x000011e4       0x64 ..\obj\tasks.o
 .text.xTaskGetCurrentTaskHandle
                0x00001248       0x20 ..\obj\tasks.o
                0x00001248                xTaskGetCurrentTaskHandle
 .text.vTaskPriorityInherit
                0x00001268       0xa4 ..\obj\tasks.o
                0x00001268                vTaskPriorityInherit
 .text.vTaskPriorityDisinherit
                0x0000130c       0x7c ..\obj\tasks.o
                0x0000130c                vTaskPriorityDisinherit
 .text.vListInitialise
                0x00001388       0x40 ..\obj\list.o
                0x00001388                vListInitialise
 .text.vListInitialiseItem
                0x000013c8       0x18 ..\obj\list.o
                0x000013c8                vListInitialiseItem
 .text.vListInsertEnd
                0x000013e0       0x50 ..\obj\list.o
                0x000013e0                vListInsertEnd
 .text.vListInsert
                0x00001430       0x70 ..\obj\list.o
                0x00001430                vListInsert
 .text.vListRemove
                0x000014a0       0x50 ..\obj\list.o
                0x000014a0                vListRemove
 .text.xQueueCreate
                0x000014f0       0xb8 ..\obj\queue.o
                0x000014f0                xQueueCreate
 .text.xQueueGenericSend
                0x000015a8      0x10c ..\obj\queue.o
                0x000015a8                xQueueGenericSend
 .text.xQueueGenericReceive
                0x000016b4      0x16c ..\obj\queue.o
                0x000016b4                xQueueGenericReceive
 .text.prvCopyDataToQueue
                0x00001820       0xb8 ..\obj\queue.o
 .text.prvCopyDataFromQueue
                0x000018d8       0x4c ..\obj\queue.o
 .text.prvUnlockQueue
                0x00001924       0x98 ..\obj\queue.o
 .text.prvIsQueueEmpty
                0x000019bc       0x2c ..\obj\queue.o
 .text.prvIsQueueFull
                0x000019e8       0x30 ..\obj\queue.o
 .text.pxPortInitialiseStack
                0x00001a18       0x54 ..\obj\port.o
                0x00001a18                pxPortInitialiseStack
 .text.vPortSVCHandler
                0x00001a6c       0x20 ..\obj\port.o
                0x00001a6c                vPortSVCHandler
 .text.vPortStartFirstTask
                0x00001a8c       0x10 ..\obj\port.o
                0x00001a8c                vPortStartFirstTask
 .text.xPortStartScheduler
                0x00001a9c       0x38 ..\obj\port.o
                0x00001a9c                xPortStartScheduler
 .text.vPortYieldFromISR
                0x00001ad4       0x18 ..\obj\port.o
                0x00001ad4                vPortYieldFromISR
 .text.vPortEnterCritical
                0x00001aec       0x24 ..\obj\port.o
                0x00001aec                vPortEnterCritical
 .text.vPortExitCritical
                0x00001b10       0x2c ..\obj\port.o
                0x00001b10                vPortExitCritical
 .text.xPortPendSVHandler
                0x00001b3c       0x3c ..\obj\port.o
                0x00001b3c                xPortPendSVHandler
 .text.xPortSysTickHandler
                0x00001b78       0x30 ..\obj\port.o
                0x00001b78                xPortSysTickHandler
 .text.prvSetupTimerInterrupt
                0x00001ba8       0x24 ..\obj\port.o
 .text.debug_pin
                0x00001bcc       0x38 ..\obj\debug.o
                0x00001bcc                debug_pin
 .text.debug_pin_init
                0x00001c04       0x48 ..\obj\debug.o
                0x00001c04                debug_pin_init
 .text.clk_system_init
                0x00001c4c       0xbc ..\obj\cpu.o
                0x00001c4c                clk_system_init
 .text.pvPortMalloc
                0x00001d08      0x14c ..\obj\heap_2.o
                0x00001d08                pvPortMalloc
 .text.vPortFree
                0x00001e54       0x70 ..\obj\heap_2.o
                0x00001e54                vPortFree
 .text          0x00001ec4       0xec d:/programs/gnu/bin/../lib/gcc/arm-none-eabi/4.8.3/../../../../arm-none-eabi/lib/armv7-m\libg.a(lib_a-memcpy.o)
                0x00001ec4                memcpy
 .text.memset   0x00001fb0       0x94 d:/programs/gnu/bin/../lib/gcc/arm-none-eabi/4.8.3/../../../../arm-none-eabi/lib/armv7-m\libg.a(lib_a-memset.o)
                0x00001fb0                memset
 .text.strcat   0x00002044       0x4c d:/programs/gnu/bin/../lib/gcc/arm-none-eabi/4.8.3/../../../../arm-none-eabi/lib/armv7-m\libg.a(lib_a-strcat.o)
                0x00002044                strcat
 .text          0x00002090      0x23c d:/programs/gnu/bin/../lib/gcc/arm-none-eabi/4.8.3/../../../../arm-none-eabi/lib/armv7-m\libg.a(lib_a-strcmp.o)
                0x00002090                strcmp
 .text.strcpy   0x000022cc       0xbc d:/programs/gnu/bin/../lib/gcc/arm-none-eabi/4.8.3/../../../../arm-none-eabi/lib/armv7-m\libg.a(lib_a-strcpy.o)
                0x000022cc                strcpy
 .text.strlen   0x00002388       0x60 d:/programs/gnu/bin/../lib/gcc/arm-none-eabi/4.8.3/../../../../arm-none-eabi/lib/armv7-m\libg.a(lib_a-strlen.o)
                0x00002388                strlen
 .text.strncpy  0x000023e8       0x64 d:/programs/gnu/bin/../lib/gcc/arm-none-eabi/4.8.3/../../../../arm-none-eabi/lib/armv7-m\libg.a(lib_a-strncpy.o)
                0x000023e8                strncpy
 *(.init)
 *(.fini)
 *crtbegin.o(.ctors)
 *crtbegin?.o(.ctors)
 *(EXCLUDE_FILE(*crtend.o *crtend?.o) .ctors)
 *(SORT(.ctors.*))
 *(.ctors)
 *crtbegin.o(.dtors)
 *crtbegin?.o(.dtors)
 *(EXCLUDE_FILE(*crtend.o *crtend?.o) .dtors)
 *(SORT(.dtors.*))
 *(.dtors)
 *(.rodata*)
 .rodata        0x0000244c       0x70 ..\obj\main.o
 .rodata        0x000024bc       0x18 ..\obj\communication.o
 .rodata        0x000024d4        0x8 ..\obj\tasks.o
 *(.eh_fram e*)

.glue_7         0x000024dc        0x0
 .glue_7        0x00000000        0x0 linker stubs

.glue_7t        0x000024dc        0x0
 .glue_7t       0x00000000        0x0 linker stubs

.vfp11_veneer   0x000024dc        0x0
 .vfp11_veneer  0x00000000        0x0 linker stubs

.v4_bx          0x000024dc        0x0
 .v4_bx         0x00000000        0x0 linker stubs

.iplt           0x000024dc        0x0
 .iplt          0x00000000        0x0 ..\obj\spi.o

.rel.dyn        0x000024dc        0x0
 .rel.iplt      0x00000000        0x0 ..\obj\spi.o

.ARM.extab
 *(.ARM.extab* .gnu.linkonce.armextab.*)
                0x000024dc                __exidx_start = .

.ARM.exidx
 *(.ARM.exidx* .gnu.linkonce.armexidx.*)
                0x000024dc                __exidx_end = .
                0x000024dc                __etext = .
                0x000024dc                _sidata = __etext

.data           0x20000000        0x4 load address 0x000024dc
                0x20000000                __data_start__ = .
                0x20000000                _sdata = __data_start__
 *(vtable)
 *(.data*)
 .data          0x20000000        0x4 ..\obj\port.o
                0x20000004                . = ALIGN (0x4)
                0x20000004                PROVIDE (__preinit_array_start, .)
 *(.preinit_array)
                0x20000004                PROVIDE (__preinit_array_end, .)
                0x20000004                . = ALIGN (0x4)
                0x20000004                PROVIDE (__init_array_start, .)
 *(SORT(.init_array.*))
 *(.init_array)
                0x20000004                PROVIDE (__init_array_end, .)
                0x20000004                . = ALIGN (0x4)
                0x20000004                PROVIDE (__fini_array_start, .)
 *(SORT(.fini_array.*))
 *(.fini_array)
                0x20000004                PROVIDE (__fini_array_end, .)
 *(.jcr*)
                0x20000004                . = ALIGN (0x4)
                0x20000004                __data_end__ = .
                0x20000004                _edata = __data_end__

.igot.plt       0x20000004        0x0 load address 0x000024e0
 .igot.plt      0x00000000        0x0 ..\obj\spi.o

.bss            0x20000008     0x1c68 load address 0x000024e8
                0x20000008                . = ALIGN (0x4)
                0x20000008                __bss_start__ = .
                0x20000008                _sbss = __bss_start__
 *(.bss*)
 .bss           0x20000008        0x8 ..\obj\communication.o
                0x20000008                command
 .bss           0x20000010       0xd4 ..\obj\tasks.o
                0x20000010                pxCurrentTCB
 *fill*         0x200000e4        0x4 
 .bss           0x200000e8     0x1b70 ..\obj\heap_2.o
 *(COMMON)
 COMMON         0x20001c58       0x18 ..\obj\spi.o
                0x20001c58                UARTTXQueue
                0x20001c5c                SPIRXSem
                0x20001c60                UARTRXQueue
                0x20001c64                UARTRXSem
                0x20001c68                SPIRXQueue
                0x20001c6c                SPITXQueue
                0x20001c70                . = ALIGN (0x4)
                0x20001c70                __bss_end__ = .
                0x20001c70                _ebss = __bss_end__

.heap           0x20001c70        0x0
                0x20001c70                __end__ = .
                0x20001c70                _end = __end__
                0x20001c70                end = __end__
 *(.heap*)
                0x20001c70                __HeapLimit = .

.co_stack       0x20001c70      0x400 load address 0x00004150
                0x20001c70                . = ALIGN (0x8)
 *(.co_stack .co_stack.*)
 .co_stack      0x20001c70      0x400 ..\obj\startup_frt.o
                0x20001c70                pulStack
                0x20010000                __StackTop = (ORIGIN (ram) + 0x10000)
                0x2000fc00                __StackLimit = (__StackTop - SIZEOF (.co_stack))
                0x20010000                PROVIDE (__stack, __StackTop)
                0x00000001                ASSERT ((__StackLimit >= __HeapLimit), region ram  overflowed with stack)
LOAD ..\obj\spi.o
LOAD ..\obj\startup_frt.o
LOAD ..\obj\common.o
LOAD ..\obj\main.o
LOAD ..\obj\communication.o
LOAD ..\obj\gpio.o
LOAD ..\obj\uartprintf.o
LOAD ..\obj\tasks.o
LOAD ..\obj\list.o
LOAD ..\obj\queue.o
LOAD ..\obj\port.o
LOAD ..\obj\debug.o
LOAD ..\obj\croutine.o
LOAD ..\obj\cpu.o
LOAD ..\obj\heap_2.o
START GROUP
LOAD d:/programs/gnu/bin/../lib/gcc/arm-none-eabi/4.8.3/armv7-m\libgcc.a
LOAD d:/programs/gnu/bin/../lib/gcc/arm-none-eabi/4.8.3/../../../../arm-none-eabi/lib/armv7-m\libg.a
LOAD d:/programs/gnu/bin/../lib/gcc/arm-none-eabi/4.8.3/../../../../arm-none-eabi/lib/armv7-m\libc.a
END GROUP
OUTPUT(project_FreeRTOS.elf elf32-littlearm)

.debug_info     0x00000000     0x20cc
 .debug_info    0x00000000      0x1e4 ..\obj\spi.o
 .debug_info    0x000001e4       0xe9 ..\obj\startup_frt.o
 .debug_info    0x000002cd      0x19d ..\obj\main.o
 .debug_info    0x0000046a      0x1b7 ..\obj\communication.o
 .debug_info    0x00000621      0x1b1 ..\obj\uartprintf.o
 .debug_info    0x000007d2      0x9b4 ..\obj\tasks.o
 .debug_info    0x00001186      0x27f ..\obj\list.o
 .debug_info    0x00001405      0x6e5 ..\obj\queue.o
 .debug_info    0x00001aea      0x1af ..\obj\port.o
 .debug_info    0x00001c99      0x101 ..\obj\debug.o
 .debug_info    0x00001d9a       0x90 ..\obj\cpu.o
 .debug_info    0x00001e2a      0x2a2 ..\obj\heap_2.o

.debug_abbrev   0x00000000      0xb52
 .debug_abbrev  0x00000000       0xb9 ..\obj\spi.o
 .debug_abbrev  0x000000b9       0xa7 ..\obj\startup_frt.o
 .debug_abbrev  0x00000160       0xd3 ..\obj\main.o
 .debug_abbrev  0x00000233       0xd2 ..\obj\communication.o
 .debug_abbrev  0x00000305       0xeb ..\obj\uartprintf.o
 .debug_abbrev  0x000003f0      0x1e5 ..\obj\tasks.o
 .debug_abbrev  0x000005d5       0xba ..\obj\list.o
 .debug_abbrev  0x0000068f      0x16c ..\obj\queue.o
 .debug_abbrev  0x000007fb      0x109 ..\obj\port.o
 .debug_abbrev  0x00000904       0x9b ..\obj\debug.o
 .debug_abbrev  0x0000099f       0x4d ..\obj\cpu.o
 .debug_abbrev  0x000009ec      0x166 ..\obj\heap_2.o

.debug_aranges  0x00000000      0x3c0
 .debug_aranges
                0x00000000       0x48 ..\obj\spi.o
 .debug_aranges
                0x00000048       0x28 ..\obj\startup_frt.o
 .debug_aranges
                0x00000070       0x38 ..\obj\main.o
 .debug_aranges
                0x000000a8       0x28 ..\obj\communication.o
 .debug_aranges
                0x000000d0       0x48 ..\obj\uartprintf.o
 .debug_aranges
                0x00000118       0xd8 ..\obj\tasks.o
 .debug_aranges
                0x000001f0       0x40 ..\obj\list.o
 .debug_aranges
                0x00000230       0x98 ..\obj\queue.o
 .debug_aranges
                0x000002c8       0x70 ..\obj\port.o
 .debug_aranges
                0x00000338       0x30 ..\obj\debug.o
 .debug_aranges
                0x00000368       0x20 ..\obj\cpu.o
 .debug_aranges
                0x00000388       0x38 ..\obj\heap_2.o

.debug_ranges   0x00000000      0x300
 .debug_ranges  0x00000000       0x38 ..\obj\spi.o
 .debug_ranges  0x00000038       0x18 ..\obj\startup_frt.o
 .debug_ranges  0x00000050       0x28 ..\obj\main.o
 .debug_ranges  0x00000078       0x18 ..\obj\communication.o
 .debug_ranges  0x00000090       0x38 ..\obj\uartprintf.o
 .debug_ranges  0x000000c8       0xc8 ..\obj\tasks.o
 .debug_ranges  0x00000190       0x30 ..\obj\list.o
 .debug_ranges  0x000001c0       0x88 ..\obj\queue.o
 .debug_ranges  0x00000248       0x60 ..\obj\port.o
 .debug_ranges  0x000002a8       0x20 ..\obj\debug.o
 .debug_ranges  0x000002c8       0x10 ..\obj\cpu.o
 .debug_ranges  0x000002d8       0x28 ..\obj\heap_2.o

.debug_line     0x00000000     0x1ad1
 .debug_line    0x00000000      0x249 ..\obj\spi.o
 .debug_line    0x00000249       0xa3 ..\obj\startup_frt.o
 .debug_line    0x000002ec      0x2ef ..\obj\main.o
 .debug_line    0x000005db      0x243 ..\obj\communication.o
 .debug_line    0x0000081e      0x1f4 ..\obj\uartprintf.o
 .debug_line    0x00000a12      0x554 ..\obj\tasks.o
 .debug_line    0x00000f66      0x1fd ..\obj\list.o
 .debug_line    0x00001163      0x3f0 ..\obj\queue.o
 .debug_line    0x00001553      0x1f9 ..\obj\port.o
 .debug_line    0x0000174c      0x110 ..\obj\debug.o
 .debug_line    0x0000185c       0xf5 ..\obj\cpu.o
 .debug_line    0x00001951      0x180 ..\obj\heap_2.o

.debug_str      0x00000000     0x1386
 .debug_str     0x00000000      0x271 ..\obj\spi.o
                                0x2a5 (size before relaxing)
 .debug_str     0x00000271       0xb2 ..\obj\startup_frt.o
                                0x149 (size before relaxing)
 .debug_str     0x00000323       0xa5 ..\obj\main.o
                                0x283 (size before relaxing)
 .debug_str     0x000003c8       0xad ..\obj\communication.o
                                0x271 (size before relaxing)
 .debug_str     0x00000475       0xb9 ..\obj\uartprintf.o
                                0x29a (size before relaxing)
 .debug_str     0x0000052e      0x629 ..\obj\tasks.o
                                0x7ca (size before relaxing)
 .debug_str     0x00000b57       0xf9 ..\obj\list.o
                                0x2a5 (size before relaxing)
 .debug_str     0x00000c50      0x31b ..\obj\queue.o
                                0x52f (size before relaxing)
 .debug_str     0x00000f6b      0x182 ..\obj\port.o
                                0x281 (size before relaxing)
 .debug_str     0x000010ed       0x8c ..\obj\debug.o
                                0x1a3 (size before relaxing)
 .debug_str     0x00001179       0x64 ..\obj\cpu.o
                                0x16a (size before relaxing)
 .debug_str     0x000011dd      0x1a9 ..\obj\heap_2.o
                                0x2d0 (size before relaxing)

.comment        0x00000000       0x70
 .comment       0x00000000       0x70 ..\obj\spi.o
                                 0x71 (size before relaxing)
 .comment       0x00000000       0x71 ..\obj\startup_frt.o
 .comment       0x00000000       0x71 ..\obj\main.o
 .comment       0x00000000       0x71 ..\obj\communication.o
 .comment       0x00000000       0x71 ..\obj\uartprintf.o
 .comment       0x00000000       0x71 ..\obj\tasks.o
 .comment       0x00000000       0x71 ..\obj\list.o
 .comment       0x00000000       0x71 ..\obj\queue.o
 .comment       0x00000000       0x71 ..\obj\port.o
 .comment       0x00000000       0x71 ..\obj\debug.o
 .comment       0x00000000       0x71 ..\obj\cpu.o
 .comment       0x00000000       0x71 ..\obj\heap_2.o

.ARM.attributes
                0x00000000       0x31
 .ARM.attributes
                0x00000000       0x33 ..\obj\spi.o
 .ARM.attributes
                0x00000033       0x33 ..\obj\startup_frt.o
 .ARM.attributes
                0x00000066       0x33 ..\obj\main.o
 .ARM.attributes
                0x00000099       0x33 ..\obj\communication.o
 .ARM.attributes
                0x000000cc       0x33 ..\obj\uartprintf.o
 .ARM.attributes
                0x000000ff       0x33 ..\obj\tasks.o
 .ARM.attributes
                0x00000132       0x33 ..\obj\list.o
 .ARM.attributes
                0x00000165       0x33 ..\obj\queue.o
 .ARM.attributes
                0x00000198       0x33 ..\obj\port.o
 .ARM.attributes
                0x000001cb       0x33 ..\obj\debug.o
 .ARM.attributes
                0x000001fe       0x33 ..\obj\cpu.o
 .ARM.attributes
                0x00000231       0x33 ..\obj\heap_2.o
 .ARM.attributes
                0x00000264       0x1b d:/programs/gnu/bin/../lib/gcc/arm-none-eabi/4.8.3/../../../../arm-none-eabi/lib/armv7-m\libg.a(lib_a-memcpy.o)
 .ARM.attributes
                0x0000027f       0x2d d:/programs/gnu/bin/../lib/gcc/arm-none-eabi/4.8.3/../../../../arm-none-eabi/lib/armv7-m\libg.a(lib_a-memset.o)
 .ARM.attributes
                0x000002ac       0x2d d:/programs/gnu/bin/../lib/gcc/arm-none-eabi/4.8.3/../../../../arm-none-eabi/lib/armv7-m\libg.a(lib_a-strcat.o)
 .ARM.attributes
                0x000002d9       0x1b d:/programs/gnu/bin/../lib/gcc/arm-none-eabi/4.8.3/../../../../arm-none-eabi/lib/armv7-m\libg.a(lib_a-strcmp.o)
 .ARM.attributes
                0x000002f4       0x2d d:/programs/gnu/bin/../lib/gcc/arm-none-eabi/4.8.3/../../../../arm-none-eabi/lib/armv7-m\libg.a(lib_a-strcpy.o)
 .ARM.attributes
                0x00000321       0x2d d:/programs/gnu/bin/../lib/gcc/arm-none-eabi/4.8.3/../../../../arm-none-eabi/lib/armv7-m\libg.a(lib_a-strlen.o)
 .ARM.attributes
                0x0000034e       0x2d d:/programs/gnu/bin/../lib/gcc/arm-none-eabi/4.8.3/../../../../arm-none-eabi/lib/armv7-m\libg.a(lib_a-strncpy.o)

.debug_frame    0x00000000      0xaf8
 .debug_frame   0x00000000       0xbc ..\obj\spi.o
 .debug_frame   0x000000bc       0x48 ..\obj\startup_frt.o
 .debug_frame   0x00000104       0x88 ..\obj\main.o
 .debug_frame   0x0000018c       0x4c ..\obj\communication.o
 .debug_frame   0x000001d8       0xbc ..\obj\uartprintf.o
 .debug_frame   0x00000294      0x2e0 ..\obj\tasks.o
 .debug_frame   0x00000574       0x9c ..\obj\list.o
 .debug_frame   0x00000610      0x204 ..\obj\queue.o
 .debug_frame   0x00000814      0x110 ..\obj\port.o
 .debug_frame   0x00000924       0x68 ..\obj\debug.o
 .debug_frame   0x0000098c       0x28 ..\obj\cpu.o
 .debug_frame   0x000009b4       0x80 ..\obj\heap_2.o
 .debug_frame   0x00000a34       0x2c d:/programs/gnu/bin/../lib/gcc/arm-none-eabi/4.8.3/../../../../arm-none-eabi/lib/armv7-m\libg.a(lib_a-memset.o)
 .debug_frame   0x00000a60       0x2c d:/programs/gnu/bin/../lib/gcc/arm-none-eabi/4.8.3/../../../../arm-none-eabi/lib/armv7-m\libg.a(lib_a-strcat.o)
 .debug_frame   0x00000a8c       0x20 d:/programs/gnu/bin/../lib/gcc/arm-none-eabi/4.8.3/../../../../arm-none-eabi/lib/armv7-m\libg.a(lib_a-strcpy.o)
 .debug_frame   0x00000aac       0x20 d:/programs/gnu/bin/../lib/gcc/arm-none-eabi/4.8.3/../../../../arm-none-eabi/lib/armv7-m\libg.a(lib_a-strlen.o)
 .debug_frame   0x00000acc       0x2c d:/programs/gnu/bin/../lib/gcc/arm-none-eabi/4.8.3/../../../../arm-none-eabi/lib/armv7-m\libg.a(lib_a-strncpy.o)
