Archive member included because of file (symbol)

d:/programs/gnu/bin/../lib/gcc/arm-none-eabi/4.8.3/../../../../arm-none-eabi/lib/armv7-m\libg.a(lib_a-memcpy.o)
                              ..\obj\queue.o (memcpy)
d:/programs/gnu/bin/../lib/gcc/arm-none-eabi/4.8.3/../../../../arm-none-eabi/lib/armv7-m\libg.a(lib_a-memset.o)
                              ..\obj\tasks.o (memset)
d:/programs/gnu/bin/../lib/gcc/arm-none-eabi/4.8.3/../../../../arm-none-eabi/lib/armv7-m\libg.a(lib_a-strcat.o)
                              ..\obj\communication.o (strcat)
d:/programs/gnu/bin/../lib/gcc/arm-none-eabi/4.8.3/../../../../arm-none-eabi/lib/armv7-m\libg.a(lib_a-strcmp.o)
                              ..\obj\communication.o (strcmp)
d:/programs/gnu/bin/../lib/gcc/arm-none-eabi/4.8.3/../../../../arm-none-eabi/lib/armv7-m\libg.a(lib_a-strcpy.o)
                              d:/programs/gnu/bin/../lib/gcc/arm-none-eabi/4.8.3/../../../../arm-none-eabi/lib/armv7-m\libg.a(lib_a-strcat.o) (strcpy)
d:/programs/gnu/bin/../lib/gcc/arm-none-eabi/4.8.3/../../../../arm-none-eabi/lib/armv7-m\libg.a(lib_a-strlen.o)
                              ..\obj\communication.o (strlen)
d:/programs/gnu/bin/../lib/gcc/arm-none-eabi/4.8.3/../../../../arm-none-eabi/lib/armv7-m\libg.a(lib_a-strncmp.o)
                              ..\obj\communication.o (strncmp)
d:/programs/gnu/bin/../lib/gcc/arm-none-eabi/4.8.3/../../../../arm-none-eabi/lib/armv7-m\libg.a(lib_a-strncpy.o)
                              ..\obj\communication.o (strncpy)

Allocating common symbols
Common symbol       size              file

UARTTXQueue         0x4               ..\obj\spi.o
subState            0x1               ..\obj\communication.o
SPIRXSem            0x4               ..\obj\spi.o
command             0x14              ..\obj\communication.o
UARTRXQueue         0x4               ..\obj\spi.o
UARTRXSem           0x4               ..\obj\spi.o
codY                0x3               ..\obj\communication.o
SPIRXQueue          0x4               ..\obj\spi.o
codX                0x3               ..\obj\communication.o
SPITXQueue          0x4               ..\obj\spi.o

Discarded input sections

 .text          0x00000000        0x0 ..\obj\spi.o
 .data          0x00000000        0x0 ..\obj\spi.o
 .bss           0x00000000        0x0 ..\obj\spi.o
 .text          0x00000000        0x0 ..\obj\startup_frt.o
 .data          0x00000000        0x0 ..\obj\startup_frt.o
 .bss           0x00000000        0x0 ..\obj\startup_frt.o
 .text          0x00000000        0x0 ..\obj\common.o
 .data          0x00000000        0x0 ..\obj\common.o
 .bss           0x00000000        0x0 ..\obj\common.o
 .text.vApplicationStackOverflowHook
                0x00000000       0x2c ..\obj\common.o
 .debug_info    0x00000000       0x9e ..\obj\common.o
 .debug_abbrev  0x00000000       0x6e ..\obj\common.o
 .debug_aranges
                0x00000000       0x20 ..\obj\common.o
 .debug_ranges  0x00000000       0x10 ..\obj\common.o
 .debug_line    0x00000000      0x121 ..\obj\common.o
 .debug_str     0x00000000      0x185 ..\obj\common.o
 .comment       0x00000000       0x71 ..\obj\common.o
 .ARM.attributes
                0x00000000       0x33 ..\obj\common.o
 .debug_frame   0x00000000       0x30 ..\obj\common.o
 .text          0x00000000        0x0 ..\obj\main.o
 .data          0x00000000        0x0 ..\obj\main.o
 .bss           0x00000000        0x0 ..\obj\main.o
 .text          0x00000000        0x0 ..\obj\communication.o
 .data          0x00000000        0x0 ..\obj\communication.o
 .text          0x00000000        0x0 ..\obj\gpio.o
 .data          0x00000000        0x0 ..\obj\gpio.o
 .bss           0x00000000        0x0 ..\obj\gpio.o
 .text.init_gpio
                0x00000000       0x80 ..\obj\gpio.o
 .debug_info    0x00000000       0x93 ..\obj\gpio.o
 .debug_abbrev  0x00000000       0x51 ..\obj\gpio.o
 .debug_aranges
                0x00000000       0x20 ..\obj\gpio.o
 .debug_ranges  0x00000000       0x10 ..\obj\gpio.o
 .debug_line    0x00000000       0xe9 ..\obj\gpio.o
 .debug_str     0x00000000      0x165 ..\obj\gpio.o
 .comment       0x00000000       0x71 ..\obj\gpio.o
 .ARM.attributes
                0x00000000       0x33 ..\obj\gpio.o
 .debug_frame   0x00000000       0x2c ..\obj\gpio.o
 .text          0x00000000        0x0 ..\obj\uartprintf.o
 .data          0x00000000        0x0 ..\obj\uartprintf.o
 .bss           0x00000000        0x0 ..\obj\uartprintf.o
 .text          0x00000000        0x0 ..\obj\tasks.o
 .data          0x00000000        0x0 ..\obj\tasks.o
 .text.vTaskDelayUntil
                0x00000000       0xd0 ..\obj\tasks.o
 .text.vTaskEndScheduler
                0x00000000       0x1c ..\obj\tasks.o
 .text.xTaskGetTickCount
                0x00000000       0x24 ..\obj\tasks.o
 .text.uxTaskGetNumberOfTasks
                0x00000000       0x18 ..\obj\tasks.o
 .text          0x00000000        0x0 ..\obj\list.o
 .data          0x00000000        0x0 ..\obj\list.o
 .bss           0x00000000        0x0 ..\obj\list.o
 .text          0x00000000        0x0 ..\obj\queue.o
 .data          0x00000000        0x0 ..\obj\queue.o
 .bss           0x00000000        0x0 ..\obj\queue.o
 .text.xQueueCreateMutex
                0x00000000       0x78 ..\obj\queue.o
 .text.xQueueGenericSendFromISR
                0x00000000       0x80 ..\obj\queue.o
 .text.xQueueReceiveFromISR
                0x00000000       0x84 ..\obj\queue.o
 .text.uxQueueMessagesWaiting
                0x00000000       0x20 ..\obj\queue.o
 .text.uxQueueMessagesWaitingFromISR
                0x00000000       0x1c ..\obj\queue.o
 .text.vQueueDelete
                0x00000000       0x20 ..\obj\queue.o
 .text.xQueueIsQueueEmptyFromISR
                0x00000000       0x28 ..\obj\queue.o
 .text.xQueueIsQueueFullFromISR
                0x00000000       0x2c ..\obj\queue.o
 .text          0x00000000        0x0 ..\obj\port.o
 .bss           0x00000000        0x0 ..\obj\port.o
 .rodata        0x00000000        0x4 ..\obj\port.o
 .text.vPortEndScheduler
                0x00000000        0xc ..\obj\port.o
 .text          0x00000000        0x0 ..\obj\debug.o
 .data          0x00000000        0x0 ..\obj\debug.o
 .bss           0x00000000        0x0 ..\obj\debug.o
 .rodata        0x00000000       0x88 ..\obj\debug.o
 .text.__error__
                0x00000000       0x24 ..\obj\debug.o
 .text          0x00000000        0x0 ..\obj\croutine.o
 .data          0x00000000        0x0 ..\obj\croutine.o
 .bss           0x00000000       0x80 ..\obj\croutine.o
 .text.xCoRoutineCreate
                0x00000000       0xcc ..\obj\croutine.o
 .text.vCoRoutineAddToDelayedList
                0x00000000       0x84 ..\obj\croutine.o
 .text.prvCheckPendingReadyList
                0x00000000       0x8c ..\obj\croutine.o
 .text.prvCheckDelayedList
                0x00000000      0x108 ..\obj\croutine.o
 .text.vCoRoutineSchedule
                0x00000000       0xa0 ..\obj\croutine.o
 .text.prvInitialiseCoRoutineLists
                0x00000000       0x68 ..\obj\croutine.o
 .text.xCoRoutineRemoveFromEventList
                0x00000000       0x5c ..\obj\croutine.o
 .debug_info    0x00000000      0x468 ..\obj\croutine.o
 .debug_abbrev  0x00000000      0x185 ..\obj\croutine.o
 .debug_aranges
                0x00000000       0x50 ..\obj\croutine.o
 .debug_ranges  0x00000000       0x40 ..\obj\croutine.o
 .debug_line    0x00000000      0x308 ..\obj\croutine.o
 .debug_str     0x00000000      0x474 ..\obj\croutine.o
 .comment       0x00000000       0x71 ..\obj\croutine.o
 .ARM.attributes
                0x00000000       0x33 ..\obj\croutine.o
 .debug_frame   0x00000000       0xf0 ..\obj\croutine.o
 .text          0x00000000        0x0 ..\obj\cpu.o
 .data          0x00000000        0x0 ..\obj\cpu.o
 .bss           0x00000000        0x0 ..\obj\cpu.o
 .text          0x00000000        0x0 ..\obj\heap_2.o
 .data          0x00000000        0x0 ..\obj\heap_2.o
 .rodata        0x00000000        0x2 ..\obj\heap_2.o
 .text.xPortGetFreeHeapSize
                0x00000000       0x18 ..\obj\heap_2.o
 .text.vPortInitialiseBlocks
                0x00000000        0xc ..\obj\heap_2.o
 .data          0x00000000        0x0 d:/programs/gnu/bin/../lib/gcc/arm-none-eabi/4.8.3/../../../../arm-none-eabi/lib/armv7-m\libg.a(lib_a-memcpy.o)
 .bss           0x00000000        0x0 d:/programs/gnu/bin/../lib/gcc/arm-none-eabi/4.8.3/../../../../arm-none-eabi/lib/armv7-m\libg.a(lib_a-memcpy.o)
 .text          0x00000000        0x0 d:/programs/gnu/bin/../lib/gcc/arm-none-eabi/4.8.3/../../../../arm-none-eabi/lib/armv7-m\libg.a(lib_a-memset.o)
 .data          0x00000000        0x0 d:/programs/gnu/bin/../lib/gcc/arm-none-eabi/4.8.3/../../../../arm-none-eabi/lib/armv7-m\libg.a(lib_a-memset.o)
 .bss           0x00000000        0x0 d:/programs/gnu/bin/../lib/gcc/arm-none-eabi/4.8.3/../../../../arm-none-eabi/lib/armv7-m\libg.a(lib_a-memset.o)
 .text          0x00000000        0x0 d:/programs/gnu/bin/../lib/gcc/arm-none-eabi/4.8.3/../../../../arm-none-eabi/lib/armv7-m\libg.a(lib_a-strcat.o)
 .data          0x00000000        0x0 d:/programs/gnu/bin/../lib/gcc/arm-none-eabi/4.8.3/../../../../arm-none-eabi/lib/armv7-m\libg.a(lib_a-strcat.o)
 .bss           0x00000000        0x0 d:/programs/gnu/bin/../lib/gcc/arm-none-eabi/4.8.3/../../../../arm-none-eabi/lib/armv7-m\libg.a(lib_a-strcat.o)
 .data          0x00000000        0x0 d:/programs/gnu/bin/../lib/gcc/arm-none-eabi/4.8.3/../../../../arm-none-eabi/lib/armv7-m\libg.a(lib_a-strcmp.o)
 .bss           0x00000000        0x0 d:/programs/gnu/bin/../lib/gcc/arm-none-eabi/4.8.3/../../../../arm-none-eabi/lib/armv7-m\libg.a(lib_a-strcmp.o)
 .text          0x00000000        0x0 d:/programs/gnu/bin/../lib/gcc/arm-none-eabi/4.8.3/../../../../arm-none-eabi/lib/armv7-m\libg.a(lib_a-strcpy.o)
 .data          0x00000000        0x0 d:/programs/gnu/bin/../lib/gcc/arm-none-eabi/4.8.3/../../../../arm-none-eabi/lib/armv7-m\libg.a(lib_a-strcpy.o)
 .bss           0x00000000        0x0 d:/programs/gnu/bin/../lib/gcc/arm-none-eabi/4.8.3/../../../../arm-none-eabi/lib/armv7-m\libg.a(lib_a-strcpy.o)
 .text          0x00000000        0x0 d:/programs/gnu/bin/../lib/gcc/arm-none-eabi/4.8.3/../../../../arm-none-eabi/lib/armv7-m\libg.a(lib_a-strlen.o)
 .data          0x00000000        0x0 d:/programs/gnu/bin/../lib/gcc/arm-none-eabi/4.8.3/../../../../arm-none-eabi/lib/armv7-m\libg.a(lib_a-strlen.o)
 .bss           0x00000000        0x0 d:/programs/gnu/bin/../lib/gcc/arm-none-eabi/4.8.3/../../../../arm-none-eabi/lib/armv7-m\libg.a(lib_a-strlen.o)
 .text          0x00000000        0x0 d:/programs/gnu/bin/../lib/gcc/arm-none-eabi/4.8.3/../../../../arm-none-eabi/lib/armv7-m\libg.a(lib_a-strncmp.o)
 .data          0x00000000        0x0 d:/programs/gnu/bin/../lib/gcc/arm-none-eabi/4.8.3/../../../../arm-none-eabi/lib/armv7-m\libg.a(lib_a-strncmp.o)
 .bss           0x00000000        0x0 d:/programs/gnu/bin/../lib/gcc/arm-none-eabi/4.8.3/../../../../arm-none-eabi/lib/armv7-m\libg.a(lib_a-strncmp.o)
 .text          0x00000000        0x0 d:/programs/gnu/bin/../lib/gcc/arm-none-eabi/4.8.3/../../../../arm-none-eabi/lib/armv7-m\libg.a(lib_a-strncpy.o)
 .data          0x00000000        0x0 d:/programs/gnu/bin/../lib/gcc/arm-none-eabi/4.8.3/../../../../arm-none-eabi/lib/armv7-m\libg.a(lib_a-strncpy.o)
 .bss           0x00000000        0x0 d:/programs/gnu/bin/../lib/gcc/arm-none-eabi/4.8.3/../../../../arm-none-eabi/lib/armv7-m\libg.a(lib_a-strncpy.o)

Memory Configuration

Name             Origin             Length             Attributes
rom              0x00000000         0x00040000         xr
ram              0x20000000         0x00010000         xrw
*default*        0x00000000         0xffffffff

Linker script and memory map

                0x20010000                _eram = 0x20010000

.text           0x00000000     0x2654
 *(.isr_vector)
 .isr_vector    0x00000000      0x100 ..\obj\startup_frt.o
                0x00000000                g_pfnVectors
 *(.text*)
 .text.spi_enable
                0x00000100       0x1c ..\obj\spi.o
                0x00000100                spi_enable
 .text.spi_disable
                0x0000011c       0x1c ..\obj\spi.o
                0x0000011c                spi_disable
 .text.spi_init
                0x00000138      0x1c8 ..\obj\spi.o
                0x00000138                spi_init
 .text.spiDataReady
                0x00000300       0x40 ..\obj\spi.o
                0x00000300                spiDataReady
 .text.spiTXTask
                0x00000340       0x3c ..\obj\spi.o
                0x00000340                spiTXTask
 .text.spiRXTask
                0x0000037c       0x54 ..\obj\spi.o
                0x0000037c                spiRXTask
 .text.Default_Reset_Handler
                0x000003d0       0x5c ..\obj\startup_frt.o
                0x000003d0                Default_Reset_Handler
                0x000003d0                Reset_Handler
 .text.Default_Handler
                0x0000042c        0x8 ..\obj\startup_frt.o
                0x0000042c                DebugMon_Handler
                0x0000042c                FlashCtrl_IRQHandler
                0x0000042c                Timer0B_IRQHandler
                0x0000042c                I2C0_IRQHandler
                0x0000042c                HardFault_Handler
                0x0000042c                SysTick_Handler
                0x0000042c                PendSV_Handler
                0x0000042c                NMI_Handler
                0x0000042c                I2C1_IRQHandler
                0x0000042c                PWMGen0_IRQHandler
                0x0000042c                UART1_IRQHandler
                0x0000042c                CAN1_IRQHandler
                0x0000042c                Timer1B_IRQHandler
                0x0000042c                Watchdog_IRQHandler
                0x0000042c                UART0_IRQHandler
                0x0000042c                SSI0_IRQHandler
                0x0000042c                UsageFault_Handler
                0x0000042c                ADCSeq1_IRQHandler
                0x0000042c                PWMFault_IRQHandler
                0x0000042c                PWMGen1_IRQHandler
                0x0000042c                SSI1_IRQHandler
                0x0000042c                uDMA_IRQHandler
                0x0000042c                GPIOPortC_IRQHandler
                0x0000042c                ADCSeq2_IRQHandler
                0x0000042c                PWMGen2_IRQHandler
                0x0000042c                UART2_IRQHandler
                0x0000042c                uDMAErr_IRQHandler
                0x0000042c                QEI1_IRQHandler
                0x0000042c                QEI0_IRQHandler
                0x0000042c                PWMGen3_IRQHandler
                0x0000042c                GPIOPortD_IRQHandler
                0x0000042c                USB0_IRQHandler
                0x0000042c                MemManage_Handler
                0x0000042c                Ethernet_IRQHandler
                0x0000042c                SVC_Handler
                0x0000042c                Timer3B_IRQHandler
                0x0000042c                Timer3A_IRQHandler
                0x0000042c                GPIOPortA_IRQHandler
                0x0000042c                Timer0A_IRQHandler
                0x0000042c                ADCSeq0_IRQHandler
                0x0000042c                Timer1A_IRQHandler
                0x0000042c                GPIOPortG_IRQHandler
                0x0000042c                ADCSeq3_IRQHandler
                0x0000042c                GPIOPortE_IRQHandler
                0x0000042c                CAN0_IRQHandler
                0x0000042c                Comp0_IRQHandler
                0x0000042c                Comp1_IRQHandler
                0x0000042c                Comp2_IRQHandler
                0x0000042c                GPIOPortF_IRQHandler
                0x0000042c                GPIOPortB_IRQHandler
                0x0000042c                CAN2_IRQHandler
                0x0000042c                GPIOPortH_IRQHandler
                0x0000042c                BusFault_Handler
                0x0000042c                Timer2A_IRQHandler
                0x0000042c                Timer2B_IRQHandler
                0x0000042c                SysCtrl_IRQHandler
                0x0000042c                Hibernate_IRQHandler
 .text.status_led_init
                0x00000434       0x58 ..\obj\main.o
                0x00000434                status_led_init
 .text.status_led_task
                0x0000048c       0x24 ..\obj\main.o
                0x0000048c                status_led_task
 .text.poleRegs
                0x000004b0       0x4c ..\obj\main.o
                0x000004b0                poleRegs
 .text.main     0x000004fc      0x1f0 ..\obj\main.o
                0x000004fc                main
 .text.decodeCommandTask
                0x000006ec      0x250 ..\obj\communication.o
                0x000006ec                decodeCommandTask
 .text.uart_init
                0x0000093c       0xc0 ..\obj\uartprintf.o
                0x0000093c                uart_init
 .text.UARTCharPut
                0x000009fc       0x28 ..\obj\uartprintf.o
                0x000009fc                UARTCharPut
 .text.UARTCharGet
                0x00000a24       0x18 ..\obj\uartprintf.o
                0x00000a24                UARTCharGet
 .text.UARTDataReady
                0x00000a3c       0x50 ..\obj\uartprintf.o
                0x00000a3c                UARTDataReady
 .text.UART_TX_task
                0x00000a8c       0x34 ..\obj\uartprintf.o
                0x00000a8c                UART_TX_task
 .text.UART_RX_task
                0x00000ac0       0x54 ..\obj\uartprintf.o
                0x00000ac0                UART_RX_task
 .text.xTaskGenericCreate
                0x00000b14      0x148 ..\obj\tasks.o
                0x00000b14                xTaskGenericCreate
 .text.vTaskDelay
                0x00000c5c       0x8c ..\obj\tasks.o
                0x00000c5c                vTaskDelay
 .text.vTaskStartScheduler
                0x00000ce8       0x58 ..\obj\tasks.o
                0x00000ce8                vTaskStartScheduler
 .text.vTaskSuspendAll
                0x00000d40       0x1c ..\obj\tasks.o
                0x00000d40                vTaskSuspendAll
 .text.xTaskResumeAll
                0x00000d5c      0x100 ..\obj\tasks.o
                0x00000d5c                xTaskResumeAll
 .text.vTaskIncrementTick
                0x00000e5c       0xdc ..\obj\tasks.o
                0x00000e5c                vTaskIncrementTick
 .text.vTaskSwitchContext
                0x00000f38       0x94 ..\obj\tasks.o
                0x00000f38                vTaskSwitchContext
 .text.vTaskPlaceOnEventList
                0x00000fcc       0x7c ..\obj\tasks.o
                0x00000fcc                vTaskPlaceOnEventList
 .text.xTaskRemoveFromEventList
                0x00001048       0xac ..\obj\tasks.o
                0x00001048                xTaskRemoveFromEventList
 .text.vTaskSetTimeOutState
                0x000010f4       0x2c ..\obj\tasks.o
                0x000010f4                vTaskSetTimeOutState
 .text.xTaskCheckForTimeOut
                0x00001120       0x78 ..\obj\tasks.o
                0x00001120                xTaskCheckForTimeOut
 .text.vTaskMissedYield
                0x00001198       0x18 ..\obj\tasks.o
                0x00001198                vTaskMissedYield
 .text.prvIdleTask
                0x000011b0       0x10 ..\obj\tasks.o
 .text.prvInitialiseTCBVariables
                0x000011c0       0x6c ..\obj\tasks.o
 .text.prvInitialiseTaskLists
                0x0000122c       0x68 ..\obj\tasks.o
 .text.prvCheckTasksWaitingTermination
                0x00001294        0xc ..\obj\tasks.o
 .text.prvAllocateTCBAndStack
                0x000012a0       0x64 ..\obj\tasks.o
 .text.xTaskGetCurrentTaskHandle
                0x00001304       0x20 ..\obj\tasks.o
                0x00001304                xTaskGetCurrentTaskHandle
 .text.vTaskPriorityInherit
                0x00001324       0xa4 ..\obj\tasks.o
                0x00001324                vTaskPriorityInherit
 .text.vTaskPriorityDisinherit
                0x000013c8       0x7c ..\obj\tasks.o
                0x000013c8                vTaskPriorityDisinherit
 .text.vListInitialise
                0x00001444       0x40 ..\obj\list.o
                0x00001444                vListInitialise
 .text.vListInitialiseItem
                0x00001484       0x18 ..\obj\list.o
                0x00001484                vListInitialiseItem
 .text.vListInsertEnd
                0x0000149c       0x50 ..\obj\list.o
                0x0000149c                vListInsertEnd
 .text.vListInsert
                0x000014ec       0x70 ..\obj\list.o
                0x000014ec                vListInsert
 .text.vListRemove
                0x0000155c       0x50 ..\obj\list.o
                0x0000155c                vListRemove
 .text.xQueueCreate
                0x000015ac       0xb8 ..\obj\queue.o
                0x000015ac                xQueueCreate
 .text.xQueueGenericSend
                0x00001664      0x10c ..\obj\queue.o
                0x00001664                xQueueGenericSend
 .text.xQueueGenericReceive
                0x00001770      0x16c ..\obj\queue.o
                0x00001770                xQueueGenericReceive
 .text.prvCopyDataToQueue
                0x000018dc       0xb8 ..\obj\queue.o
 .text.prvCopyDataFromQueue
                0x00001994       0x4c ..\obj\queue.o
 .text.prvUnlockQueue
                0x000019e0       0x98 ..\obj\queue.o
 .text.prvIsQueueEmpty
                0x00001a78       0x2c ..\obj\queue.o
 .text.prvIsQueueFull
                0x00001aa4       0x30 ..\obj\queue.o
 .text.pxPortInitialiseStack
                0x00001ad4       0x54 ..\obj\port.o
                0x00001ad4                pxPortInitialiseStack
 .text.vPortSVCHandler
                0x00001b28       0x20 ..\obj\port.o
                0x00001b28                vPortSVCHandler
 .text.vPortStartFirstTask
                0x00001b48       0x10 ..\obj\port.o
                0x00001b48                vPortStartFirstTask
 .text.xPortStartScheduler
                0x00001b58       0x38 ..\obj\port.o
                0x00001b58                xPortStartScheduler
 .text.vPortYieldFromISR
                0x00001b90       0x18 ..\obj\port.o
                0x00001b90                vPortYieldFromISR
 .text.vPortEnterCritical
                0x00001ba8       0x24 ..\obj\port.o
                0x00001ba8                vPortEnterCritical
 .text.vPortExitCritical
                0x00001bcc       0x2c ..\obj\port.o
                0x00001bcc                vPortExitCritical
 .text.xPortPendSVHandler
                0x00001bf8       0x3c ..\obj\port.o
                0x00001bf8                xPortPendSVHandler
 .text.xPortSysTickHandler
                0x00001c34       0x30 ..\obj\port.o
                0x00001c34                xPortSysTickHandler
 .text.prvSetupTimerInterrupt
                0x00001c64       0x24 ..\obj\port.o
 .text.debug_pin
                0x00001c88       0x38 ..\obj\debug.o
                0x00001c88                debug_pin
 .text.debug_pin_init
                0x00001cc0       0x48 ..\obj\debug.o
                0x00001cc0                debug_pin_init
 .text.clk_system_init
                0x00001d08       0xbc ..\obj\cpu.o
                0x00001d08                clk_system_init
 .text.pvPortMalloc
                0x00001dc4      0x14c ..\obj\heap_2.o
                0x00001dc4                pvPortMalloc
 .text.vPortFree
                0x00001f10       0x70 ..\obj\heap_2.o
                0x00001f10                vPortFree
 .text          0x00001f80       0xec d:/programs/gnu/bin/../lib/gcc/arm-none-eabi/4.8.3/../../../../arm-none-eabi/lib/armv7-m\libg.a(lib_a-memcpy.o)
                0x00001f80                memcpy
 .text.memset   0x0000206c       0x94 d:/programs/gnu/bin/../lib/gcc/arm-none-eabi/4.8.3/../../../../arm-none-eabi/lib/armv7-m\libg.a(lib_a-memset.o)
                0x0000206c                memset
 .text.strcat   0x00002100       0x4c d:/programs/gnu/bin/../lib/gcc/arm-none-eabi/4.8.3/../../../../arm-none-eabi/lib/armv7-m\libg.a(lib_a-strcat.o)
                0x00002100                strcat
 .text          0x0000214c      0x23c d:/programs/gnu/bin/../lib/gcc/arm-none-eabi/4.8.3/../../../../arm-none-eabi/lib/armv7-m\libg.a(lib_a-strcmp.o)
                0x0000214c                strcmp
 .text.strcpy   0x00002388       0xbc d:/programs/gnu/bin/../lib/gcc/arm-none-eabi/4.8.3/../../../../arm-none-eabi/lib/armv7-m\libg.a(lib_a-strcpy.o)
                0x00002388                strcpy
 .text.strlen   0x00002444       0x60 d:/programs/gnu/bin/../lib/gcc/arm-none-eabi/4.8.3/../../../../arm-none-eabi/lib/armv7-m\libg.a(lib_a-strlen.o)
                0x00002444                strlen
 .text.strncmp  0x000024a4       0xb4 d:/programs/gnu/bin/../lib/gcc/arm-none-eabi/4.8.3/../../../../arm-none-eabi/lib/armv7-m\libg.a(lib_a-strncmp.o)
                0x000024a4                strncmp
 .text.strncpy  0x00002558       0x64 d:/programs/gnu/bin/../lib/gcc/arm-none-eabi/4.8.3/../../../../arm-none-eabi/lib/armv7-m\libg.a(lib_a-strncpy.o)
                0x00002558                strncpy
 *(.init)
 *(.fini)
 *crtbegin.o(.ctors)
 *crtbegin?.o(.ctors)
 *(EXCLUDE_FILE(*crtend.o *crtend?.o) .ctors)
 *(SORT(.ctors.*))
 *(.ctors)
 *crtbegin.o(.dtors)
 *crtbegin?.o(.dtors)
 *(EXCLUDE_FILE(*crtend.o *crtend?.o) .dtors)
 *(SORT(.dtors.*))
 *(.dtors)
 *(.rodata*)
 .rodata        0x000025bc       0x70 ..\obj\main.o
 .rodata        0x0000262c       0x20 ..\obj\communication.o
 .rodata        0x0000264c        0x8 ..\obj\tasks.o
 *(.eh_fram e*)

.glue_7         0x00002654        0x0
 .glue_7        0x00000000        0x0 linker stubs

.glue_7t        0x00002654        0x0
 .glue_7t       0x00000000        0x0 linker stubs

.vfp11_veneer   0x00002654        0x0
 .vfp11_veneer  0x00000000        0x0 linker stubs

.v4_bx          0x00002654        0x0
 .v4_bx         0x00000000        0x0 linker stubs

.iplt           0x00002654        0x0
 .iplt          0x00000000        0x0 ..\obj\spi.o

.rel.dyn        0x00002654        0x0
 .rel.iplt      0x00000000        0x0 ..\obj\spi.o

.ARM.extab
 *(.ARM.extab* .gnu.linkonce.armextab.*)
                0x00002654                __exidx_start = .

.ARM.exidx
 *(.ARM.exidx* .gnu.linkonce.armexidx.*)
                0x00002654                __exidx_end = .
                0x00002654                __etext = .
                0x00002654                _sidata = __etext

.data           0x20000000        0x4 load address 0x00002654
                0x20000000                __data_start__ = .
                0x20000000                _sdata = __data_start__
 *(vtable)
 *(.data*)
 .data          0x20000000        0x4 ..\obj\port.o
                0x20000004                . = ALIGN (0x4)
                0x20000004                PROVIDE (__preinit_array_start, .)
 *(.preinit_array)
                0x20000004                PROVIDE (__preinit_array_end, .)
                0x20000004                . = ALIGN (0x4)
                0x20000004                PROVIDE (__init_array_start, .)
 *(SORT(.init_array.*))
 *(.init_array)
                0x20000004                PROVIDE (__init_array_end, .)
                0x20000004                . = ALIGN (0x4)
                0x20000004                PROVIDE (__fini_array_start, .)
 *(SORT(.fini_array.*))
 *(.fini_array)
                0x20000004                PROVIDE (__fini_array_end, .)
 *(.jcr*)
                0x20000004                . = ALIGN (0x4)
                0x20000004                __data_end__ = .
                0x20000004                _edata = __data_end__

.igot.plt       0x20000004        0x0 load address 0x00002658
 .igot.plt      0x00000000        0x0 ..\obj\spi.o

.bss            0x20000008     0x1c80 load address 0x00002660
                0x20000008                . = ALIGN (0x4)
                0x20000008                __bss_start__ = .
                0x20000008                _sbss = __bss_start__
 *(.bss*)
 .bss           0x20000008        0x4 ..\obj\communication.o
                0x20000008                i
                0x20000009                state
                0x2000000a                cmdError
                0x2000000b                receiveCharCMD
 .bss           0x2000000c       0xd4 ..\obj\tasks.o
                0x2000000c                pxCurrentTCB
 .bss           0x200000e0     0x1b70 ..\obj\heap_2.o
 *(COMMON)
 COMMON         0x20001c50       0x18 ..\obj\spi.o
                0x20001c50                UARTTXQueue
                0x20001c54                SPIRXSem
                0x20001c58                UARTRXQueue
                0x20001c5c                UARTRXSem
                0x20001c60                SPIRXQueue
                0x20001c64                SPITXQueue
 COMMON         0x20001c68       0x1f ..\obj\communication.o
                0x20001c68                subState
                0x20001c6c                command
                0x20001c80                codY
                0x20001c84                codX
                0x20001c88                . = ALIGN (0x4)
 *fill*         0x20001c87        0x1 
                0x20001c88                __bss_end__ = .
                0x20001c88                _ebss = __bss_end__

.heap           0x20001c88        0x0
                0x20001c88                __end__ = .
                0x20001c88                _end = __end__
                0x20001c88                end = __end__
 *(.heap*)
                0x20001c88                __HeapLimit = .

.co_stack       0x20001c88      0x400 load address 0x000042e0
                0x20001c88                . = ALIGN (0x8)
 *(.co_stack .co_stack.*)
 .co_stack      0x20001c88      0x400 ..\obj\startup_frt.o
                0x20001c88                pulStack
                0x20010000                __StackTop = (ORIGIN (ram) + 0x10000)
                0x2000fc00                __StackLimit = (__StackTop - SIZEOF (.co_stack))
                0x20010000                PROVIDE (__stack, __StackTop)
                0x00000001                ASSERT ((__StackLimit >= __HeapLimit), region ram  overflowed with stack)
LOAD ..\obj\spi.o
LOAD ..\obj\startup_frt.o
LOAD ..\obj\common.o
LOAD ..\obj\main.o
LOAD ..\obj\communication.o
LOAD ..\obj\gpio.o
LOAD ..\obj\uartprintf.o
LOAD ..\obj\tasks.o
LOAD ..\obj\list.o
LOAD ..\obj\queue.o
LOAD ..\obj\port.o
LOAD ..\obj\debug.o
LOAD ..\obj\croutine.o
LOAD ..\obj\cpu.o
LOAD ..\obj\heap_2.o
START GROUP
LOAD d:/programs/gnu/bin/../lib/gcc/arm-none-eabi/4.8.3/armv7-m\libgcc.a
LOAD d:/programs/gnu/bin/../lib/gcc/arm-none-eabi/4.8.3/../../../../arm-none-eabi/lib/armv7-m\libg.a
LOAD d:/programs/gnu/bin/../lib/gcc/arm-none-eabi/4.8.3/../../../../arm-none-eabi/lib/armv7-m\libc.a
END GROUP
OUTPUT(project_FreeRTOS.elf elf32-littlearm)

.debug_info     0x00000000     0x20aa
 .debug_info    0x00000000      0x1e4 ..\obj\spi.o
 .debug_info    0x000001e4       0xe9 ..\obj\startup_frt.o
 .debug_info    0x000002cd      0x19d ..\obj\main.o
 .debug_info    0x0000046a      0x195 ..\obj\communication.o
 .debug_info    0x000005ff      0x1b1 ..\obj\uartprintf.o
 .debug_info    0x000007b0      0x9b4 ..\obj\tasks.o
 .debug_info    0x00001164      0x27f ..\obj\list.o
 .debug_info    0x000013e3      0x6e5 ..\obj\queue.o
 .debug_info    0x00001ac8      0x1af ..\obj\port.o
 .debug_info    0x00001c77      0x101 ..\obj\debug.o
 .debug_info    0x00001d78       0x90 ..\obj\cpu.o
 .debug_info    0x00001e08      0x2a2 ..\obj\heap_2.o

.debug_abbrev   0x00000000      0xb08
 .debug_abbrev  0x00000000       0xb9 ..\obj\spi.o
 .debug_abbrev  0x000000b9       0xa7 ..\obj\startup_frt.o
 .debug_abbrev  0x00000160       0xd3 ..\obj\main.o
 .debug_abbrev  0x00000233       0x88 ..\obj\communication.o
 .debug_abbrev  0x000002bb       0xeb ..\obj\uartprintf.o
 .debug_abbrev  0x000003a6      0x1e5 ..\obj\tasks.o
 .debug_abbrev  0x0000058b       0xba ..\obj\list.o
 .debug_abbrev  0x00000645      0x16c ..\obj\queue.o
 .debug_abbrev  0x000007b1      0x109 ..\obj\port.o
 .debug_abbrev  0x000008ba       0x9b ..\obj\debug.o
 .debug_abbrev  0x00000955       0x4d ..\obj\cpu.o
 .debug_abbrev  0x000009a2      0x166 ..\obj\heap_2.o

.debug_aranges  0x00000000      0x3b8
 .debug_aranges
                0x00000000       0x48 ..\obj\spi.o
 .debug_aranges
                0x00000048       0x28 ..\obj\startup_frt.o
 .debug_aranges
                0x00000070       0x38 ..\obj\main.o
 .debug_aranges
                0x000000a8       0x20 ..\obj\communication.o
 .debug_aranges
                0x000000c8       0x48 ..\obj\uartprintf.o
 .debug_aranges
                0x00000110       0xd8 ..\obj\tasks.o
 .debug_aranges
                0x000001e8       0x40 ..\obj\list.o
 .debug_aranges
                0x00000228       0x98 ..\obj\queue.o
 .debug_aranges
                0x000002c0       0x70 ..\obj\port.o
 .debug_aranges
                0x00000330       0x30 ..\obj\debug.o
 .debug_aranges
                0x00000360       0x20 ..\obj\cpu.o
 .debug_aranges
                0x00000380       0x38 ..\obj\heap_2.o

.debug_ranges   0x00000000      0x2f8
 .debug_ranges  0x00000000       0x38 ..\obj\spi.o
 .debug_ranges  0x00000038       0x18 ..\obj\startup_frt.o
 .debug_ranges  0x00000050       0x28 ..\obj\main.o
 .debug_ranges  0x00000078       0x10 ..\obj\communication.o
 .debug_ranges  0x00000088       0x38 ..\obj\uartprintf.o
 .debug_ranges  0x000000c0       0xc8 ..\obj\tasks.o
 .debug_ranges  0x00000188       0x30 ..\obj\list.o
 .debug_ranges  0x000001b8       0x88 ..\obj\queue.o
 .debug_ranges  0x00000240       0x60 ..\obj\port.o
 .debug_ranges  0x000002a0       0x20 ..\obj\debug.o
 .debug_ranges  0x000002c0       0x10 ..\obj\cpu.o
 .debug_ranges  0x000002d0       0x28 ..\obj\heap_2.o

.debug_line     0x00000000     0x1aae
 .debug_line    0x00000000      0x249 ..\obj\spi.o
 .debug_line    0x00000249       0xa3 ..\obj\startup_frt.o
 .debug_line    0x000002ec      0x2ef ..\obj\main.o
 .debug_line    0x000005db      0x220 ..\obj\communication.o
 .debug_line    0x000007fb      0x1f4 ..\obj\uartprintf.o
 .debug_line    0x000009ef      0x554 ..\obj\tasks.o
 .debug_line    0x00000f43      0x1fd ..\obj\list.o
 .debug_line    0x00001140      0x3f0 ..\obj\queue.o
 .debug_line    0x00001530      0x1f9 ..\obj\port.o
 .debug_line    0x00001729      0x110 ..\obj\debug.o
 .debug_line    0x00001839       0xf5 ..\obj\cpu.o
 .debug_line    0x0000192e      0x180 ..\obj\heap_2.o

.debug_str      0x00000000     0x137f
 .debug_str     0x00000000      0x271 ..\obj\spi.o
                                0x2a5 (size before relaxing)
 .debug_str     0x00000271       0xb2 ..\obj\startup_frt.o
                                0x149 (size before relaxing)
 .debug_str     0x00000323       0xa5 ..\obj\main.o
                                0x283 (size before relaxing)
 .debug_str     0x000003c8       0xac ..\obj\communication.o
                                0x26b (size before relaxing)
 .debug_str     0x00000474       0xb9 ..\obj\uartprintf.o
                                0x29a (size before relaxing)
 .debug_str     0x0000052d      0x629 ..\obj\tasks.o
                                0x7ca (size before relaxing)
 .debug_str     0x00000b56       0xf9 ..\obj\list.o
                                0x2a5 (size before relaxing)
 .debug_str     0x00000c4f      0x31b ..\obj\queue.o
                                0x52f (size before relaxing)
 .debug_str     0x00000f6a      0x182 ..\obj\port.o
                                0x281 (size before relaxing)
 .debug_str     0x000010ec       0x86 ..\obj\debug.o
                                0x1a3 (size before relaxing)
 .debug_str     0x00001172       0x64 ..\obj\cpu.o
                                0x16a (size before relaxing)
 .debug_str     0x000011d6      0x1a9 ..\obj\heap_2.o
                                0x2d0 (size before relaxing)

.comment        0x00000000       0x70
 .comment       0x00000000       0x70 ..\obj\spi.o
                                 0x71 (size before relaxing)
 .comment       0x00000000       0x71 ..\obj\startup_frt.o
 .comment       0x00000000       0x71 ..\obj\main.o
 .comment       0x00000000       0x71 ..\obj\communication.o
 .comment       0x00000000       0x71 ..\obj\uartprintf.o
 .comment       0x00000000       0x71 ..\obj\tasks.o
 .comment       0x00000000       0x71 ..\obj\list.o
 .comment       0x00000000       0x71 ..\obj\queue.o
 .comment       0x00000000       0x71 ..\obj\port.o
 .comment       0x00000000       0x71 ..\obj\debug.o
 .comment       0x00000000       0x71 ..\obj\cpu.o
 .comment       0x00000000       0x71 ..\obj\heap_2.o

.ARM.attributes
                0x00000000       0x31
 .ARM.attributes
                0x00000000       0x33 ..\obj\spi.o
 .ARM.attributes
                0x00000033       0x33 ..\obj\startup_frt.o
 .ARM.attributes
                0x00000066       0x33 ..\obj\main.o
 .ARM.attributes
                0x00000099       0x33 ..\obj\communication.o
 .ARM.attributes
                0x000000cc       0x33 ..\obj\uartprintf.o
 .ARM.attributes
                0x000000ff       0x33 ..\obj\tasks.o
 .ARM.attributes
                0x00000132       0x33 ..\obj\list.o
 .ARM.attributes
                0x00000165       0x33 ..\obj\queue.o
 .ARM.attributes
                0x00000198       0x33 ..\obj\port.o
 .ARM.attributes
                0x000001cb       0x33 ..\obj\debug.o
 .ARM.attributes
                0x000001fe       0x33 ..\obj\cpu.o
 .ARM.attributes
                0x00000231       0x33 ..\obj\heap_2.o
 .ARM.attributes
                0x00000264       0x1b d:/programs/gnu/bin/../lib/gcc/arm-none-eabi/4.8.3/../../../../arm-none-eabi/lib/armv7-m\libg.a(lib_a-memcpy.o)
 .ARM.attributes
                0x0000027f       0x2d d:/programs/gnu/bin/../lib/gcc/arm-none-eabi/4.8.3/../../../../arm-none-eabi/lib/armv7-m\libg.a(lib_a-memset.o)
 .ARM.attributes
                0x000002ac       0x2d d:/programs/gnu/bin/../lib/gcc/arm-none-eabi/4.8.3/../../../../arm-none-eabi/lib/armv7-m\libg.a(lib_a-strcat.o)
 .ARM.attributes
                0x000002d9       0x1b d:/programs/gnu/bin/../lib/gcc/arm-none-eabi/4.8.3/../../../../arm-none-eabi/lib/armv7-m\libg.a(lib_a-strcmp.o)
 .ARM.attributes
                0x000002f4       0x2d d:/programs/gnu/bin/../lib/gcc/arm-none-eabi/4.8.3/../../../../arm-none-eabi/lib/armv7-m\libg.a(lib_a-strcpy.o)
 .ARM.attributes
                0x00000321       0x2d d:/programs/gnu/bin/../lib/gcc/arm-none-eabi/4.8.3/../../../../arm-none-eabi/lib/armv7-m\libg.a(lib_a-strlen.o)
 .ARM.attributes
                0x0000034e       0x2d d:/programs/gnu/bin/../lib/gcc/arm-none-eabi/4.8.3/../../../../arm-none-eabi/lib/armv7-m\libg.a(lib_a-strncmp.o)
 .ARM.attributes
                0x0000037b       0x2d d:/programs/gnu/bin/../lib/gcc/arm-none-eabi/4.8.3/../../../../arm-none-eabi/lib/armv7-m\libg.a(lib_a-strncpy.o)

.debug_frame    0x00000000      0xb04
 .debug_frame   0x00000000       0xbc ..\obj\spi.o
 .debug_frame   0x000000bc       0x48 ..\obj\startup_frt.o
 .debug_frame   0x00000104       0x88 ..\obj\main.o
 .debug_frame   0x0000018c       0x30 ..\obj\communication.o
 .debug_frame   0x000001bc       0xbc ..\obj\uartprintf.o
 .debug_frame   0x00000278      0x2e0 ..\obj\tasks.o
 .debug_frame   0x00000558       0x9c ..\obj\list.o
 .debug_frame   0x000005f4      0x204 ..\obj\queue.o
 .debug_frame   0x000007f8      0x110 ..\obj\port.o
 .debug_frame   0x00000908       0x68 ..\obj\debug.o
 .debug_frame   0x00000970       0x28 ..\obj\cpu.o
 .debug_frame   0x00000998       0x80 ..\obj\heap_2.o
 .debug_frame   0x00000a18       0x2c d:/programs/gnu/bin/../lib/gcc/arm-none-eabi/4.8.3/../../../../arm-none-eabi/lib/armv7-m\libg.a(lib_a-memset.o)
 .debug_frame   0x00000a44       0x2c d:/programs/gnu/bin/../lib/gcc/arm-none-eabi/4.8.3/../../../../arm-none-eabi/lib/armv7-m\libg.a(lib_a-strcat.o)
 .debug_frame   0x00000a70       0x20 d:/programs/gnu/bin/../lib/gcc/arm-none-eabi/4.8.3/../../../../arm-none-eabi/lib/armv7-m\libg.a(lib_a-strcpy.o)
 .debug_frame   0x00000a90       0x20 d:/programs/gnu/bin/../lib/gcc/arm-none-eabi/4.8.3/../../../../arm-none-eabi/lib/armv7-m\libg.a(lib_a-strlen.o)
 .debug_frame   0x00000ab0       0x28 d:/programs/gnu/bin/../lib/gcc/arm-none-eabi/4.8.3/../../../../arm-none-eabi/lib/armv7-m\libg.a(lib_a-strncmp.o)
 .debug_frame   0x00000ad8       0x2c d:/programs/gnu/bin/../lib/gcc/arm-none-eabi/4.8.3/../../../../arm-none-eabi/lib/armv7-m\libg.a(lib_a-strncpy.o)
