
Allocating common symbols
Common symbol       size              file

rtcs_i              0x1               ..\obj\schedule.o
task_state          0x1               ..\obj\schedule.o
task_time           0x2               ..\obj\schedule.o

Discarded input sections

 .text          0x00000000        0x0 ..\obj\main.o
 .data          0x00000000        0x0 ..\obj\main.o
 .bss           0x00000000        0x0 ..\obj\main.o
 .text          0x00000000        0x0 ..\obj\schedule.o
 .text._signal_sem
                0x00000000       0x2c ..\obj\schedule.o
 .text._clear_sem
                0x00000000       0x34 ..\obj\schedule.o
 .text._test_sem
                0x00000000       0x3c ..\obj\schedule.o
 .text._time_status
                0x00000000       0x2c ..\obj\schedule.o
 .text._stop    0x00000000       0x24 ..\obj\schedule.o
 .text          0x00000000        0x0 ..\obj\startup_lm3s.o
 .data          0x00000000        0x0 ..\obj\startup_lm3s.o
 .bss           0x00000000        0x0 ..\obj\startup_lm3s.o
 .text          0x00000000        0x0 ..\obj\cpu.o
 .data          0x00000000        0x0 ..\obj\cpu.o
 .bss           0x00000000        0x0 ..\obj\cpu.o
 .text          0x00000000        0x0 ..\obj\systick.o
 .data          0x00000000        0x0 ..\obj\systick.o

Memory Configuration

Name             Origin             Length             Attributes
rom              0x00000000         0x00040000         xr
ram              0x20000000         0x00010000         xrw
*default*        0x00000000         0xffffffff

Linker script and memory map

                0x20010000                _eram = 0x20010000

.text           0x00000000      0x5b8
 *(.isr_vector .isr_vector.*)
 .isr_vector    0x00000000      0x100 ..\obj\startup_lm3s.o
                0x00000000                g_pfnVectors
 *(.text .text.* .gnu.linkonce.t.*)
 .text.init_alive_task
                0x00000100       0x5c ..\obj\main.o
                0x00000100                init_alive_task
 .text.alive_task
                0x0000015c       0x1c ..\obj\main.o
                0x0000015c                alive_task
 .text.main     0x00000178       0x18 ..\obj\main.o
                0x00000178                main
 .text._wait    0x00000190       0x30 ..\obj\schedule.o
                0x00000190                _wait
 .text._start   0x000001c0       0x40 ..\obj\schedule.o
                0x000001c0                _start
 .text.task_setup
                0x00000200       0x40 ..\obj\schedule.o
                0x00000200                task_setup
 .text.init_tasks
                0x00000240       0x48 ..\obj\schedule.o
                0x00000240                init_tasks
 .text.start_rtcs_scheduler
                0x00000288       0xe0 ..\obj\schedule.o
                0x00000288                start_rtcs_scheduler
 .text.Default_Reset_Handler
                0x00000368       0x5c ..\obj\startup_lm3s.o
                0x00000368                Default_Reset_Handler
                0x00000368                Reset_Handler
 .text.Default_Handler
                0x000003c4        0x8 ..\obj\startup_lm3s.o
                0x000003c4                DebugMon_Handler
                0x000003c4                FlashCtrl_IRQHandler
                0x000003c4                Timer0B_IRQHandler
                0x000003c4                I2C0_IRQHandler
                0x000003c4                HardFault_Handler
                0x000003c4                PendSV_Handler
                0x000003c4                NMI_Handler
                0x000003c4                I2C1_IRQHandler
                0x000003c4                PWMGen0_IRQHandler
                0x000003c4                UART1_IRQHandler
                0x000003c4                CAN1_IRQHandler
                0x000003c4                Timer1B_IRQHandler
                0x000003c4                Watchdog_IRQHandler
                0x000003c4                UART0_IRQHandler
                0x000003c4                SSI0_IRQHandler
                0x000003c4                UsageFault_Handler
                0x000003c4                ADCSeq1_IRQHandler
                0x000003c4                PWMFault_IRQHandler
                0x000003c4                PWMGen1_IRQHandler
                0x000003c4                SSI1_IRQHandler
                0x000003c4                uDMA_IRQHandler
                0x000003c4                GPIOPortC_IRQHandler
                0x000003c4                ADCSeq2_IRQHandler
                0x000003c4                PWMGen2_IRQHandler
                0x000003c4                UART2_IRQHandler
                0x000003c4                uDMAErr_IRQHandler
                0x000003c4                QEI1_IRQHandler
                0x000003c4                QEI0_IRQHandler
                0x000003c4                PWMGen3_IRQHandler
                0x000003c4                GPIOPortD_IRQHandler
                0x000003c4                USB0_IRQHandler
                0x000003c4                MemManage_Handler
                0x000003c4                Ethernet_IRQHandler
                0x000003c4                SVC_Handler
                0x000003c4                Timer3B_IRQHandler
                0x000003c4                Timer3A_IRQHandler
                0x000003c4                GPIOPortA_IRQHandler
                0x000003c4                Timer0A_IRQHandler
                0x000003c4                ADCSeq0_IRQHandler
                0x000003c4                Timer1A_IRQHandler
                0x000003c4                GPIOPortG_IRQHandler
                0x000003c4                ADCSeq3_IRQHandler
                0x000003c4                GPIOPortE_IRQHandler
                0x000003c4                CAN0_IRQHandler
                0x000003c4                Comp0_IRQHandler
                0x000003c4                Comp1_IRQHandler
                0x000003c4                Comp2_IRQHandler
                0x000003c4                GPIOPortF_IRQHandler
                0x000003c4                GPIOPortB_IRQHandler
                0x000003c4                CAN2_IRQHandler
                0x000003c4                GPIOPortH_IRQHandler
                0x000003c4                BusFault_Handler
                0x000003c4                Timer2A_IRQHandler
                0x000003c4                Timer2B_IRQHandler
                0x000003c4                SysCtrl_IRQHandler
                0x000003c4                Hibernate_IRQHandler
 .text.clk_system_init
                0x000003cc       0xe4 ..\obj\cpu.o
                0x000003cc                clk_system_init
 .text.enable_global_int
                0x000004b0       0x10 ..\obj\cpu.o
                0x000004b0                enable_global_int
 .text.disable_global_int
                0x000004c0       0x10 ..\obj\cpu.o
                0x000004c0                disable_global_int
 .text.SysTick_Handler
                0x000004d0       0x1c ..\obj\systick.o
                0x000004d0                SysTick_Handler
 .text.systick_init
                0x000004ec       0x84 ..\obj\systick.o
                0x000004ec                systick_init
 .text.systick_get
                0x00000570       0x28 ..\obj\systick.o
                0x00000570                systick_get
 .text.systick_decrement
                0x00000598       0x20 ..\obj\systick.o
                0x00000598                systick_decrement
 *(.glue_7t)
 .glue_7t       0x00000000        0x0 linker stubs
 *(.glue_7)
 .glue_7        0x00000000        0x0 linker stubs
 *(.rodata .rodata* .gnu.linkonce.r.*)

.vfp11_veneer   0x000005b8        0x0
 .vfp11_veneer  0x00000000        0x0 linker stubs

.v4_bx          0x000005b8        0x0
 .v4_bx         0x00000000        0x0 linker stubs

.iplt           0x000005b8        0x0
 .iplt          0x00000000        0x0 ..\obj\main.o

.rel.dyn        0x000005b8        0x0
 .rel.iplt      0x00000000        0x0 ..\obj\main.o

.ARM.extab
 *(.ARM.extab* .gnu.linkonce.armextab.*)
                0x000005b8                __exidx_start = .

.ARM.exidx
 *(.ARM.exidx* .gnu.linkonce.armexidx.*)
                0x000005b8                __exidx_end = .
                0x000005b8                . = ALIGN (0x4)
                0x000005b8                _etext = .
                0x000005b8                _sidata = .

.data           0x20000000        0x8 load address 0x000005b8
                0x20000000                _sdata = .
 *(.data .data.*)
 .data          0x20000000        0x8 ..\obj\schedule.o
                0x20000000                init_task
                0x20000004                task
                0x20000008                . = ALIGN (0x4)
                0x20000008                _edata = .

.igot.plt       0x20000008        0x0 load address 0x000005c0
 .igot.plt      0x00000000        0x0 ..\obj\main.o

.bss            0x20000008       0x14 load address 0x000005c0
                0x20000008                _sbss = .
 *(.bss .bss.*)
 .bss           0x20000008        0x4 ..\obj\schedule.o
                0x20000008                semaphores
                0x2000000a                current_task
 .bss           0x2000000c        0x1 ..\obj\systick.o
                0x2000000c                tick
 *(COMMON)
 *fill*         0x2000000d        0x3 
 COMMON         0x20000010        0xa ..\obj\schedule.o
                0x20000010                rtcs_i
                0x20000014                task_state
                0x20000018                task_time
                0x2000001c                . = ALIGN (0x4)
 *fill*         0x2000001a        0x2 
                0x2000001c                _ebss = .

.co_stack       0x2000001c      0x404 load address 0x000005d4
                0x20000020                . = ALIGN (0x8)
 *fill*         0x2000001c        0x4 
 *(.co_stack .co_stack.*)
 .co_stack      0x20000020      0x400 ..\obj\startup_lm3s.o
                0x20000020                pulStack
                0x20000420                . = ALIGN (0x4)
                0x20000420                _end = .
LOAD ..\obj\main.o
LOAD ..\obj\schedule.o
LOAD ..\obj\startup_lm3s.o
LOAD ..\obj\cpu.o
LOAD ..\obj\systick.o
START GROUP
LOAD c:/programmer/gnu tools arm embedded/4.8 2013q4/bin/../lib/gcc/arm-none-eabi/4.8.3/armv7-m\libgcc.a
LOAD c:/programmer/gnu tools arm embedded/4.8 2013q4/bin/../lib/gcc/arm-none-eabi/4.8.3/../../../../arm-none-eabi/lib/armv7-m\libg.a
LOAD c:/programmer/gnu tools arm embedded/4.8 2013q4/bin/../lib/gcc/arm-none-eabi/4.8.3/../../../../arm-none-eabi/lib/armv7-m\libc.a
END GROUP
OUTPUT(rtcs_lab.elf elf32-littlearm)

.debug_info     0x00000000      0x623
 .debug_info    0x00000000       0xc4 ..\obj\main.o
 .debug_info    0x000000c4      0x2de ..\obj\schedule.o
 .debug_info    0x000003a2       0xe9 ..\obj\startup_lm3s.o
 .debug_info    0x0000048b       0xb9 ..\obj\cpu.o
 .debug_info    0x00000544       0xdf ..\obj\systick.o

.debug_abbrev   0x00000000      0x337
 .debug_abbrev  0x00000000       0x90 ..\obj\main.o
 .debug_abbrev  0x00000090      0x11b ..\obj\schedule.o
 .debug_abbrev  0x000001ab       0xa7 ..\obj\startup_lm3s.o
 .debug_abbrev  0x00000252       0x67 ..\obj\cpu.o
 .debug_abbrev  0x000002b9       0x7e ..\obj\systick.o

.debug_aranges  0x00000000      0x128
 .debug_aranges
                0x00000000       0x30 ..\obj\main.o
 .debug_aranges
                0x00000030       0x68 ..\obj\schedule.o
 .debug_aranges
                0x00000098       0x28 ..\obj\startup_lm3s.o
 .debug_aranges
                0x000000c0       0x30 ..\obj\cpu.o
 .debug_aranges
                0x000000f0       0x38 ..\obj\systick.o

.debug_ranges   0x00000000       0xd8
 .debug_ranges  0x00000000       0x20 ..\obj\main.o
 .debug_ranges  0x00000020       0x58 ..\obj\schedule.o
 .debug_ranges  0x00000078       0x18 ..\obj\startup_lm3s.o
 .debug_ranges  0x00000090       0x20 ..\obj\cpu.o
 .debug_ranges  0x000000b0       0x28 ..\obj\systick.o

.debug_line     0x00000000      0x41e
 .debug_line    0x00000000       0xaa ..\obj\main.o
 .debug_line    0x000000aa      0x174 ..\obj\schedule.o
 .debug_line    0x0000021e       0x81 ..\obj\startup_lm3s.o
 .debug_line    0x0000029f       0xd6 ..\obj\cpu.o
 .debug_line    0x00000375       0xa9 ..\obj\systick.o

.debug_str      0x00000000      0x392
 .debug_str     0x00000000      0x119 ..\obj\main.o
                                0x14b (size before relaxing)
 .debug_str     0x00000119      0x124 ..\obj\schedule.o
                                0x22e (size before relaxing)
 .debug_str     0x0000023d       0x90 ..\obj\startup_lm3s.o
                                0x127 (size before relaxing)
 .debug_str     0x000002cd       0x5e ..\obj\cpu.o
                                0x164 (size before relaxing)
 .debug_str     0x0000032b       0x67 ..\obj\systick.o
                                0x17a (size before relaxing)

.comment        0x00000000       0x70
 .comment       0x00000000       0x70 ..\obj\main.o
                                 0x71 (size before relaxing)
 .comment       0x00000000       0x71 ..\obj\schedule.o
 .comment       0x00000000       0x71 ..\obj\startup_lm3s.o
 .comment       0x00000000       0x71 ..\obj\cpu.o
 .comment       0x00000000       0x71 ..\obj\systick.o

.ARM.attributes
                0x00000000       0x33
 .ARM.attributes
                0x00000000       0x33 ..\obj\main.o
 .ARM.attributes
                0x00000033       0x33 ..\obj\schedule.o
 .ARM.attributes
                0x00000066       0x33 ..\obj\startup_lm3s.o
 .ARM.attributes
                0x00000099       0x33 ..\obj\cpu.o
 .ARM.attributes
                0x000000cc       0x33 ..\obj\systick.o

.debug_frame    0x00000000      0x2ac
 .debug_frame   0x00000000       0x68 ..\obj\main.o
 .debug_frame   0x00000068      0x12c ..\obj\schedule.o
 .debug_frame   0x00000194       0x48 ..\obj\startup_lm3s.o
 .debug_frame   0x000001dc       0x5c ..\obj\cpu.o
 .debug_frame   0x00000238       0x74 ..\obj\systick.o
