Archive member included because of file (symbol)

c:/program files (x86)/gnu tools arm embedded/4.8 2013q4/bin/../lib/gcc/arm-none-eabi/4.8.3/../../../../arm-none-eabi/lib/armv7-m\libc.a(lib_a-calloc.o)
                              ..\obj\queue.o (calloc)
c:/program files (x86)/gnu tools arm embedded/4.8 2013q4/bin/../lib/gcc/arm-none-eabi/4.8.3/../../../../arm-none-eabi/lib/armv7-m\libc.a(lib_a-callocr.o)
                              c:/program files (x86)/gnu tools arm embedded/4.8 2013q4/bin/../lib/gcc/arm-none-eabi/4.8.3/../../../../arm-none-eabi/lib/armv7-m\libc.a(lib_a-calloc.o) (_calloc_r)
c:/program files (x86)/gnu tools arm embedded/4.8 2013q4/bin/../lib/gcc/arm-none-eabi/4.8.3/../../../../arm-none-eabi/lib/armv7-m\libc.a(lib_a-impure.o)
                              c:/program files (x86)/gnu tools arm embedded/4.8 2013q4/bin/../lib/gcc/arm-none-eabi/4.8.3/../../../../arm-none-eabi/lib/armv7-m\libc.a(lib_a-calloc.o) (_impure_ptr)
c:/program files (x86)/gnu tools arm embedded/4.8 2013q4/bin/../lib/gcc/arm-none-eabi/4.8.3/../../../../arm-none-eabi/lib/armv7-m\libc.a(lib_a-mallocr.o)
                              c:/program files (x86)/gnu tools arm embedded/4.8 2013q4/bin/../lib/gcc/arm-none-eabi/4.8.3/../../../../arm-none-eabi/lib/armv7-m\libc.a(lib_a-callocr.o) (_malloc_r)
c:/program files (x86)/gnu tools arm embedded/4.8 2013q4/bin/../lib/gcc/arm-none-eabi/4.8.3/../../../../arm-none-eabi/lib/armv7-m\libc.a(lib_a-memcpy.o)
                              ..\obj\queue.o (memcpy)
c:/program files (x86)/gnu tools arm embedded/4.8 2013q4/bin/../lib/gcc/arm-none-eabi/4.8.3/../../../../arm-none-eabi/lib/armv7-m\libc.a(lib_a-memset.o)
                              c:/program files (x86)/gnu tools arm embedded/4.8 2013q4/bin/../lib/gcc/arm-none-eabi/4.8.3/../../../../arm-none-eabi/lib/armv7-m\libc.a(lib_a-callocr.o) (memset)
c:/program files (x86)/gnu tools arm embedded/4.8 2013q4/bin/../lib/gcc/arm-none-eabi/4.8.3/../../../../arm-none-eabi/lib/armv7-m\libc.a(lib_a-mlock.o)
                              c:/program files (x86)/gnu tools arm embedded/4.8 2013q4/bin/../lib/gcc/arm-none-eabi/4.8.3/../../../../arm-none-eabi/lib/armv7-m\libc.a(lib_a-mallocr.o) (__malloc_lock)
c:/program files (x86)/gnu tools arm embedded/4.8 2013q4/bin/../lib/gcc/arm-none-eabi/4.8.3/../../../../arm-none-eabi/lib/armv7-m\libc.a(lib_a-sbrkr.o)
                              c:/program files (x86)/gnu tools arm embedded/4.8 2013q4/bin/../lib/gcc/arm-none-eabi/4.8.3/../../../../arm-none-eabi/lib/armv7-m\libc.a(lib_a-mallocr.o) (_sbrk_r)
c:/program files (x86)/gnu tools arm embedded/4.8 2013q4/bin/../lib/gcc/arm-none-eabi/4.8.3/../../../../arm-none-eabi/lib/armv7-m\libc.a(lib_a-freer.o)
                              c:/program files (x86)/gnu tools arm embedded/4.8 2013q4/bin/../lib/gcc/arm-none-eabi/4.8.3/../../../../arm-none-eabi/lib/armv7-m\libc.a(lib_a-mallocr.o) (_free_r)
c:/program files (x86)/gnu tools arm embedded/4.8 2013q4/bin/../lib/gcc/arm-none-eabi/4.8.3/../../../../arm-none-eabi/lib/armv7-m\libc.a(lib_a-reent.o)
                              c:/program files (x86)/gnu tools arm embedded/4.8 2013q4/bin/../lib/gcc/arm-none-eabi/4.8.3/../../../../arm-none-eabi/lib/armv7-m\libc.a(lib_a-sbrkr.o) (errno)
c:/program files (x86)/gnu tools arm embedded/4.8 2013q4/bin/../lib/gcc/arm-none-eabi/4.8.3/../../../../arm-none-eabi/lib/armv7-m\librdimon.a(rdimon-syscalls.o)
                              c:/program files (x86)/gnu tools arm embedded/4.8 2013q4/bin/../lib/gcc/arm-none-eabi/4.8.3/../../../../arm-none-eabi/lib/armv7-m\libc.a(lib_a-sbrkr.o) (_sbrk)
c:/program files (x86)/gnu tools arm embedded/4.8 2013q4/bin/../lib/gcc/arm-none-eabi/4.8.3/../../../../arm-none-eabi/lib/armv7-m\libg.a(lib_a-errno.o)
                              c:/program files (x86)/gnu tools arm embedded/4.8 2013q4/bin/../lib/gcc/arm-none-eabi/4.8.3/../../../../arm-none-eabi/lib/armv7-m\librdimon.a(rdimon-syscalls.o) (__errno)
c:/program files (x86)/gnu tools arm embedded/4.8 2013q4/bin/../lib/gcc/arm-none-eabi/4.8.3/../../../../arm-none-eabi/lib/armv7-m\libg.a(lib_a-findfp.o)
                              c:/program files (x86)/gnu tools arm embedded/4.8 2013q4/bin/../lib/gcc/arm-none-eabi/4.8.3/../../../../arm-none-eabi/lib/armv7-m\librdimon.a(rdimon-syscalls.o) (__sinit)
c:/program files (x86)/gnu tools arm embedded/4.8 2013q4/bin/../lib/gcc/arm-none-eabi/4.8.3/../../../../arm-none-eabi/lib/armv7-m\libg.a(lib_a-fwalk.o)
                              c:/program files (x86)/gnu tools arm embedded/4.8 2013q4/bin/../lib/gcc/arm-none-eabi/4.8.3/../../../../arm-none-eabi/lib/armv7-m\libg.a(lib_a-findfp.o) (_fwalk)
c:/program files (x86)/gnu tools arm embedded/4.8 2013q4/bin/../lib/gcc/arm-none-eabi/4.8.3/../../../../arm-none-eabi/lib/armv7-m\libg.a(lib_a-stdio.o)
                              c:/program files (x86)/gnu tools arm embedded/4.8 2013q4/bin/../lib/gcc/arm-none-eabi/4.8.3/../../../../arm-none-eabi/lib/armv7-m\libg.a(lib_a-findfp.o) (__sread)
c:/program files (x86)/gnu tools arm embedded/4.8 2013q4/bin/../lib/gcc/arm-none-eabi/4.8.3/../../../../arm-none-eabi/lib/armv7-m\libg.a(lib_a-strlen.o)
                              c:/program files (x86)/gnu tools arm embedded/4.8 2013q4/bin/../lib/gcc/arm-none-eabi/4.8.3/../../../../arm-none-eabi/lib/armv7-m\librdimon.a(rdimon-syscalls.o) (strlen)
c:/program files (x86)/gnu tools arm embedded/4.8 2013q4/bin/../lib/gcc/arm-none-eabi/4.8.3/../../../../arm-none-eabi/lib/armv7-m\libg.a(lib_a-writer.o)
                              c:/program files (x86)/gnu tools arm embedded/4.8 2013q4/bin/../lib/gcc/arm-none-eabi/4.8.3/../../../../arm-none-eabi/lib/armv7-m\libg.a(lib_a-stdio.o) (_write_r)
c:/program files (x86)/gnu tools arm embedded/4.8 2013q4/bin/../lib/gcc/arm-none-eabi/4.8.3/../../../../arm-none-eabi/lib/armv7-m\libg.a(lib_a-closer.o)
                              c:/program files (x86)/gnu tools arm embedded/4.8 2013q4/bin/../lib/gcc/arm-none-eabi/4.8.3/../../../../arm-none-eabi/lib/armv7-m\libg.a(lib_a-stdio.o) (_close_r)
c:/program files (x86)/gnu tools arm embedded/4.8 2013q4/bin/../lib/gcc/arm-none-eabi/4.8.3/../../../../arm-none-eabi/lib/armv7-m\libg.a(lib_a-fclose.o)
                              c:/program files (x86)/gnu tools arm embedded/4.8 2013q4/bin/../lib/gcc/arm-none-eabi/4.8.3/../../../../arm-none-eabi/lib/armv7-m\libg.a(lib_a-findfp.o) (fclose)
c:/program files (x86)/gnu tools arm embedded/4.8 2013q4/bin/../lib/gcc/arm-none-eabi/4.8.3/../../../../arm-none-eabi/lib/armv7-m\libg.a(lib_a-fflush.o)
                              c:/program files (x86)/gnu tools arm embedded/4.8 2013q4/bin/../lib/gcc/arm-none-eabi/4.8.3/../../../../arm-none-eabi/lib/armv7-m\libg.a(lib_a-fclose.o) (_fflush_r)
c:/program files (x86)/gnu tools arm embedded/4.8 2013q4/bin/../lib/gcc/arm-none-eabi/4.8.3/../../../../arm-none-eabi/lib/armv7-m\libg.a(lib_a-lseekr.o)
                              c:/program files (x86)/gnu tools arm embedded/4.8 2013q4/bin/../lib/gcc/arm-none-eabi/4.8.3/../../../../arm-none-eabi/lib/armv7-m\libg.a(lib_a-stdio.o) (_lseek_r)
c:/program files (x86)/gnu tools arm embedded/4.8 2013q4/bin/../lib/gcc/arm-none-eabi/4.8.3/../../../../arm-none-eabi/lib/armv7-m\libg.a(lib_a-readr.o)
                              c:/program files (x86)/gnu tools arm embedded/4.8 2013q4/bin/../lib/gcc/arm-none-eabi/4.8.3/../../../../arm-none-eabi/lib/armv7-m\libg.a(lib_a-stdio.o) (_read_r)

Allocating common symbols
Common symbol       size              file

QueueUARTTX         0xc               ..\obj\main.o
errno               0x4               c:/program files (x86)/gnu tools arm embedded/4.8 2013q4/bin/../lib/gcc/arm-none-eabi/4.8.3/../../../../arm-none-eabi/lib/armv7-m\libc.a(lib_a-reent.o)
QueueUARTRX         0xc               ..\obj\main.o
rtcs_i              0x1               ..\obj\schedule.o
arrayertingo        0xa66c            ..\obj\main.o
task_state          0x4               ..\obj\schedule.o
task_time           0x8               ..\obj\schedule.o

Memory Configuration

Name             Origin             Length             Attributes
rom              0x00000000         0x00040000         xr
ram              0x20000000         0x00010000         xrw
*default*        0x00000000         0xffffffff

Linker script and memory map

                0x20010000                _eram = 0x20010000

.text           0x00000000     0x2a9c
 *(.isr_vector)
 .isr_vector    0x00000000      0x100 ..\obj\startup_lm3s.o
                0x00000000                g_pfnVectors
 *(.text*)
 .text          0x00000100        0x0 ..\obj\main.o
 .text.init_alive_task
                0x00000100       0x10 ..\obj\main.o
                0x00000100                init_alive_task
 .text.alive_task
                0x00000110       0x20 ..\obj\main.o
                0x00000110                alive_task
 .text.main     0x00000130       0x70 ..\obj\main.o
                0x00000130                main
 .text          0x000001a0        0x0 ..\obj\communication_task.o
 .text.init_communication_task
                0x000001a0       0xf8 ..\obj\communication_task.o
                0x000001a0                init_communication_task
 .text.communication_task
                0x00000298       0x70 ..\obj\communication_task.o
                0x00000298                communication_task
 .text          0x00000308        0x0 ..\obj\encoder.o
 .text.init_encoder_task
                0x00000308       0x40 ..\obj\encoder.o
                0x00000308                init_encoder_task
 .text.encoder_task
                0x00000348      0x118 ..\obj\encoder.o
                0x00000348                encoder_task
 .text          0x00000460        0x0 ..\obj\uartprintf.o
 .text.init_uart_rx_task
                0x00000460       0x10 ..\obj\uartprintf.o
                0x00000460                init_uart_rx_task
 .text.init_uart_tx_task
                0x00000470       0x10 ..\obj\uartprintf.o
                0x00000470                init_uart_tx_task
 .text.UARTDataReady
                0x00000480       0x50 ..\obj\uartprintf.o
                0x00000480                UARTDataReady
 .text.UARTCharGet
                0x000004d0       0x18 ..\obj\uartprintf.o
                0x000004d0                UARTCharGet
 .text.UART_RX_task
                0x000004e8       0x40 ..\obj\uartprintf.o
                0x000004e8                UART_RX_task
 .text.UART_TX_task
                0x00000528       0x3c ..\obj\uartprintf.o
                0x00000528                UART_TX_task
 .text.uartprintf_init
                0x00000564       0xc0 ..\obj\uartprintf.o
                0x00000564                uartprintf_init
 .text.UARTCharPut
                0x00000624       0x20 ..\obj\uartprintf.o
                0x00000624                UARTCharPut
 .text.UARTwrite
                0x00000644       0x50 ..\obj\uartprintf.o
                0x00000644                UARTwrite
 .text.UARTprintf
                0x00000694      0x3f4 ..\obj\uartprintf.o
                0x00000694                UARTprintf
 .text          0x00000a88        0x0 ..\obj\gpio.o
 .text.gpio_init
                0x00000a88       0xb4 ..\obj\gpio.o
                0x00000a88                gpio_init
 .text          0x00000b3c        0x0 ..\obj\schedule.o
 .text._wait    0x00000b3c       0x30 ..\obj\schedule.o
                0x00000b3c                _wait
 .text._signal_sem
                0x00000b6c       0x2c ..\obj\schedule.o
                0x00000b6c                _signal_sem
 .text._clear_sem
                0x00000b98       0x34 ..\obj\schedule.o
                0x00000b98                _clear_sem
 .text._test_sem
                0x00000bcc       0x3c ..\obj\schedule.o
                0x00000bcc                _test_sem
 .text._time_status
                0x00000c08       0x2c ..\obj\schedule.o
                0x00000c08                _time_status
 .text._stop    0x00000c34       0x24 ..\obj\schedule.o
                0x00000c34                _stop
 .text._start   0x00000c58       0x40 ..\obj\schedule.o
                0x00000c58                _start
 .text.task_setup
                0x00000c98       0x40 ..\obj\schedule.o
                0x00000c98                task_setup
 .text.init_tasks
                0x00000cd8       0x48 ..\obj\schedule.o
                0x00000cd8                init_tasks
 .text.start_rtcs_scheduler
                0x00000d20       0xe0 ..\obj\schedule.o
                0x00000d20                start_rtcs_scheduler
 .text          0x00000e00        0x0 ..\obj\startup_lm3s.o
 .text.Default_Reset_Handler
                0x00000e00       0x5c ..\obj\startup_lm3s.o
                0x00000e00                Default_Reset_Handler
                0x00000e00                Reset_Handler
 .text.Default_Handler
                0x00000e5c        0x8 ..\obj\startup_lm3s.o
                0x00000e5c                DebugMon_Handler
                0x00000e5c                FlashCtrl_IRQHandler
                0x00000e5c                Timer0B_IRQHandler
                0x00000e5c                I2C0_IRQHandler
                0x00000e5c                HardFault_Handler
                0x00000e5c                PendSV_Handler
                0x00000e5c                NMI_Handler
                0x00000e5c                I2C1_IRQHandler
                0x00000e5c                PWMGen0_IRQHandler
                0x00000e5c                UART1_IRQHandler
                0x00000e5c                CAN1_IRQHandler
                0x00000e5c                Timer1B_IRQHandler
                0x00000e5c                Watchdog_IRQHandler
                0x00000e5c                UART0_IRQHandler
                0x00000e5c                SSI0_IRQHandler
                0x00000e5c                UsageFault_Handler
                0x00000e5c                ADCSeq1_IRQHandler
                0x00000e5c                PWMFault_IRQHandler
                0x00000e5c                PWMGen1_IRQHandler
                0x00000e5c                SSI1_IRQHandler
                0x00000e5c                uDMA_IRQHandler
                0x00000e5c                GPIOPortC_IRQHandler
                0x00000e5c                ADCSeq2_IRQHandler
                0x00000e5c                PWMGen2_IRQHandler
                0x00000e5c                UART2_IRQHandler
                0x00000e5c                uDMAErr_IRQHandler
                0x00000e5c                QEI1_IRQHandler
                0x00000e5c                QEI0_IRQHandler
                0x00000e5c                PWMGen3_IRQHandler
                0x00000e5c                GPIOPortD_IRQHandler
                0x00000e5c                USB0_IRQHandler
                0x00000e5c                MemManage_Handler
                0x00000e5c                Ethernet_IRQHandler
                0x00000e5c                SVC_Handler
                0x00000e5c                Timer3B_IRQHandler
                0x00000e5c                Timer3A_IRQHandler
                0x00000e5c                GPIOPortA_IRQHandler
                0x00000e5c                Timer0A_IRQHandler
                0x00000e5c                ADCSeq0_IRQHandler
                0x00000e5c                Timer1A_IRQHandler
                0x00000e5c                GPIOPortG_IRQHandler
                0x00000e5c                ADCSeq3_IRQHandler
                0x00000e5c                GPIOPortE_IRQHandler
                0x00000e5c                CAN0_IRQHandler
                0x00000e5c                Comp0_IRQHandler
                0x00000e5c                Comp1_IRQHandler
                0x00000e5c                Comp2_IRQHandler
                0x00000e5c                GPIOPortF_IRQHandler
                0x00000e5c                GPIOPortB_IRQHandler
                0x00000e5c                CAN2_IRQHandler
                0x00000e5c                GPIOPortH_IRQHandler
                0x00000e5c                BusFault_Handler
                0x00000e5c                Timer2A_IRQHandler
                0x00000e5c                Timer2B_IRQHandler
                0x00000e5c                SysCtrl_IRQHandler
                0x00000e5c                Hibernate_IRQHandler
 .text          0x00000e64        0x0 ..\obj\queue.o
 .text.QueueCreate
                0x00000e64       0x70 ..\obj\queue.o
                0x00000e64                QueueCreate
 .text.QueueOverwrite
                0x00000ed4       0x7c ..\obj\queue.o
                0x00000ed4                QueueOverwrite
 .text.QueueSend
                0x00000f50       0x90 ..\obj\queue.o
                0x00000f50                QueueSend
 .text.QueueReceive
                0x00000fe0       0x74 ..\obj\queue.o
                0x00000fe0                QueueReceive
 .text.QueueSpaceLeft
                0x00001054       0x20 ..\obj\queue.o
                0x00001054                QueueSpaceLeft
 .text.QueuePeek
                0x00001074       0x48 ..\obj\queue.o
                0x00001074                QueuePeek
 .text          0x000010bc        0x0 ..\obj\debug.o
 .text.debug_pin
                0x000010bc       0x78 ..\obj\debug.o
                0x000010bc                debug_pin
 .text.debug_pin_red
                0x00001134       0x78 ..\obj\debug.o
                0x00001134                debug_pin_red
 .text          0x000011ac        0x0 ..\obj\cpu.o
 .text.clk_system_init
                0x000011ac       0xe4 ..\obj\cpu.o
                0x000011ac                clk_system_init
 .text.enable_global_int
                0x00001290       0x10 ..\obj\cpu.o
                0x00001290                enable_global_int
 .text.disable_global_int
                0x000012a0       0x10 ..\obj\cpu.o
                0x000012a0                disable_global_int
 .text          0x000012b0        0x0 ..\obj\systick.o
 .text.SysTick_Handler
                0x000012b0       0x1c ..\obj\systick.o
                0x000012b0                SysTick_Handler
 .text.systick_init
                0x000012cc       0x84 ..\obj\systick.o
                0x000012cc                systick_init
 .text.systick_get
                0x00001350       0x28 ..\obj\systick.o
                0x00001350                systick_get
 .text.systick_decrement
                0x00001378       0x20 ..\obj\systick.o
                0x00001378                systick_decrement
 .text          0x00001398        0x0 c:/program files (x86)/gnu tools arm embedded/4.8 2013q4/bin/../lib/gcc/arm-none-eabi/4.8.3/../../../../arm-none-eabi/lib/armv7-m\libc.a(lib_a-calloc.o)
 .text.calloc   0x00001398       0x10 c:/program files (x86)/gnu tools arm embedded/4.8 2013q4/bin/../lib/gcc/arm-none-eabi/4.8.3/../../../../arm-none-eabi/lib/armv7-m\libc.a(lib_a-calloc.o)
                0x00001398                calloc
 .text          0x000013a8        0x0 c:/program files (x86)/gnu tools arm embedded/4.8 2013q4/bin/../lib/gcc/arm-none-eabi/4.8.3/../../../../arm-none-eabi/lib/armv7-m\libc.a(lib_a-callocr.o)
 .text._calloc_r
                0x000013a8       0x60 c:/program files (x86)/gnu tools arm embedded/4.8 2013q4/bin/../lib/gcc/arm-none-eabi/4.8.3/../../../../arm-none-eabi/lib/armv7-m\libc.a(lib_a-callocr.o)
                0x000013a8                _calloc_r
 .text          0x00001408        0x0 c:/program files (x86)/gnu tools arm embedded/4.8 2013q4/bin/../lib/gcc/arm-none-eabi/4.8.3/../../../../arm-none-eabi/lib/armv7-m\libc.a(lib_a-impure.o)
 .text          0x00001408        0x0 c:/program files (x86)/gnu tools arm embedded/4.8 2013q4/bin/../lib/gcc/arm-none-eabi/4.8.3/../../../../arm-none-eabi/lib/armv7-m\libc.a(lib_a-mallocr.o)
 .text._malloc_r
                0x00001408      0x538 c:/program files (x86)/gnu tools arm embedded/4.8 2013q4/bin/../lib/gcc/arm-none-eabi/4.8.3/../../../../arm-none-eabi/lib/armv7-m\libc.a(lib_a-mallocr.o)
                0x00001408                _malloc_r
 .text          0x00001940       0xec c:/program files (x86)/gnu tools arm embedded/4.8 2013q4/bin/../lib/gcc/arm-none-eabi/4.8.3/../../../../arm-none-eabi/lib/armv7-m\libc.a(lib_a-memcpy.o)
                0x00001940                memcpy
 .text          0x00001a2c        0x0 c:/program files (x86)/gnu tools arm embedded/4.8 2013q4/bin/../lib/gcc/arm-none-eabi/4.8.3/../../../../arm-none-eabi/lib/armv7-m\libc.a(lib_a-memset.o)
 .text.memset   0x00001a2c       0x94 c:/program files (x86)/gnu tools arm embedded/4.8 2013q4/bin/../lib/gcc/arm-none-eabi/4.8.3/../../../../arm-none-eabi/lib/armv7-m\libc.a(lib_a-memset.o)
                0x00001a2c                memset
 .text          0x00001ac0        0x0 c:/program files (x86)/gnu tools arm embedded/4.8 2013q4/bin/../lib/gcc/arm-none-eabi/4.8.3/../../../../arm-none-eabi/lib/armv7-m\libc.a(lib_a-mlock.o)
 .text.__malloc_lock
                0x00001ac0        0x4 c:/program files (x86)/gnu tools arm embedded/4.8 2013q4/bin/../lib/gcc/arm-none-eabi/4.8.3/../../../../arm-none-eabi/lib/armv7-m\libc.a(lib_a-mlock.o)
                0x00001ac0                __malloc_lock
 .text.__malloc_unlock
                0x00001ac4        0x4 c:/program files (x86)/gnu tools arm embedded/4.8 2013q4/bin/../lib/gcc/arm-none-eabi/4.8.3/../../../../arm-none-eabi/lib/armv7-m\libc.a(lib_a-mlock.o)
                0x00001ac4                __malloc_unlock
 .text          0x00001ac8        0x0 c:/program files (x86)/gnu tools arm embedded/4.8 2013q4/bin/../lib/gcc/arm-none-eabi/4.8.3/../../../../arm-none-eabi/lib/armv7-m\libc.a(lib_a-sbrkr.o)
 .text._sbrk_r  0x00001ac8       0x24 c:/program files (x86)/gnu tools arm embedded/4.8 2013q4/bin/../lib/gcc/arm-none-eabi/4.8.3/../../../../arm-none-eabi/lib/armv7-m\libc.a(lib_a-sbrkr.o)
                0x00001ac8                _sbrk_r
 .text          0x00001aec        0x0 c:/program files (x86)/gnu tools arm embedded/4.8 2013q4/bin/../lib/gcc/arm-none-eabi/4.8.3/../../../../arm-none-eabi/lib/armv7-m\libc.a(lib_a-freer.o)
 .text._malloc_trim_r
                0x00001aec       0x9c c:/program files (x86)/gnu tools arm embedded/4.8 2013q4/bin/../lib/gcc/arm-none-eabi/4.8.3/../../../../arm-none-eabi/lib/armv7-m\libc.a(lib_a-freer.o)
                0x00001aec                _malloc_trim_r
 .text._free_r  0x00001b88      0x198 c:/program files (x86)/gnu tools arm embedded/4.8 2013q4/bin/../lib/gcc/arm-none-eabi/4.8.3/../../../../arm-none-eabi/lib/armv7-m\libc.a(lib_a-freer.o)
                0x00001b88                _free_r
 .text          0x00001d20        0x0 c:/program files (x86)/gnu tools arm embedded/4.8 2013q4/bin/../lib/gcc/arm-none-eabi/4.8.3/../../../../arm-none-eabi/lib/armv7-m\libc.a(lib_a-reent.o)
 .text.cleanup_glue
                0x00001d20       0x1c c:/program files (x86)/gnu tools arm embedded/4.8 2013q4/bin/../lib/gcc/arm-none-eabi/4.8.3/../../../../arm-none-eabi/lib/armv7-m\libc.a(lib_a-reent.o)
                0x00001d20                cleanup_glue
 .text._reclaim_reent
                0x00001d3c       0x90 c:/program files (x86)/gnu tools arm embedded/4.8 2013q4/bin/../lib/gcc/arm-none-eabi/4.8.3/../../../../arm-none-eabi/lib/armv7-m\libc.a(lib_a-reent.o)
                0x00001d3c                _reclaim_reent
 .text          0x00001dcc        0x0 c:/program files (x86)/gnu tools arm embedded/4.8 2013q4/bin/../lib/gcc/arm-none-eabi/4.8.3/../../../../arm-none-eabi/lib/armv7-m\librdimon.a(rdimon-syscalls.o)
 .text.findslot
                0x00001dcc       0x38 c:/program files (x86)/gnu tools arm embedded/4.8 2013q4/bin/../lib/gcc/arm-none-eabi/4.8.3/../../../../arm-none-eabi/lib/armv7-m\librdimon.a(rdimon-syscalls.o)
 .text.checkerror.part.0
                0x00001e04       0x1c c:/program files (x86)/gnu tools arm embedded/4.8 2013q4/bin/../lib/gcc/arm-none-eabi/4.8.3/../../../../arm-none-eabi/lib/armv7-m\librdimon.a(rdimon-syscalls.o)
 .text.initialise_monitor_handles
                0x00001e20       0xa0 c:/program files (x86)/gnu tools arm embedded/4.8 2013q4/bin/../lib/gcc/arm-none-eabi/4.8.3/../../../../arm-none-eabi/lib/armv7-m\librdimon.a(rdimon-syscalls.o)
                0x00001e20                initialise_monitor_handles
 .text._swiread
                0x00001ec0       0x28 c:/program files (x86)/gnu tools arm embedded/4.8 2013q4/bin/../lib/gcc/arm-none-eabi/4.8.3/../../../../arm-none-eabi/lib/armv7-m\librdimon.a(rdimon-syscalls.o)
                0x00001ec0                _swiread
 .text._read    0x00001ee8       0x34 c:/program files (x86)/gnu tools arm embedded/4.8 2013q4/bin/../lib/gcc/arm-none-eabi/4.8.3/../../../../arm-none-eabi/lib/armv7-m\librdimon.a(rdimon-syscalls.o)
                0x00001ee8                _read
 .text._swilseek
                0x00001f1c       0x94 c:/program files (x86)/gnu tools arm embedded/4.8 2013q4/bin/../lib/gcc/arm-none-eabi/4.8.3/../../../../arm-none-eabi/lib/armv7-m\librdimon.a(rdimon-syscalls.o)
                0x00001f1c                _swilseek
 .text._lseek   0x00001fb0        0x4 c:/program files (x86)/gnu tools arm embedded/4.8 2013q4/bin/../lib/gcc/arm-none-eabi/4.8.3/../../../../arm-none-eabi/lib/armv7-m\librdimon.a(rdimon-syscalls.o)
                0x00001fb0                _lseek
 .text._swiwrite
                0x00001fb4       0x28 c:/program files (x86)/gnu tools arm embedded/4.8 2013q4/bin/../lib/gcc/arm-none-eabi/4.8.3/../../../../arm-none-eabi/lib/armv7-m\librdimon.a(rdimon-syscalls.o)
                0x00001fb4                _swiwrite
 .text._write   0x00001fdc       0x58 c:/program files (x86)/gnu tools arm embedded/4.8 2013q4/bin/../lib/gcc/arm-none-eabi/4.8.3/../../../../arm-none-eabi/lib/armv7-m\librdimon.a(rdimon-syscalls.o)
                0x00001fdc                _write
 .text._swiclose
                0x00002034       0x28 c:/program files (x86)/gnu tools arm embedded/4.8 2013q4/bin/../lib/gcc/arm-none-eabi/4.8.3/../../../../arm-none-eabi/lib/armv7-m\librdimon.a(rdimon-syscalls.o)
                0x00002034                _swiclose
 .text._close   0x0000205c       0x68 c:/program files (x86)/gnu tools arm embedded/4.8 2013q4/bin/../lib/gcc/arm-none-eabi/4.8.3/../../../../arm-none-eabi/lib/armv7-m\librdimon.a(rdimon-syscalls.o)
                0x0000205c                _close
 .text._getpid  0x000020c4        0x4 c:/program files (x86)/gnu tools arm embedded/4.8 2013q4/bin/../lib/gcc/arm-none-eabi/4.8.3/../../../../arm-none-eabi/lib/armv7-m\librdimon.a(rdimon-syscalls.o)
                0x000020c4                _getpid
 .text._sbrk    0x000020c8       0x34 c:/program files (x86)/gnu tools arm embedded/4.8 2013q4/bin/../lib/gcc/arm-none-eabi/4.8.3/../../../../arm-none-eabi/lib/armv7-m\librdimon.a(rdimon-syscalls.o)
                0x000020c8                _sbrk
 .text._swistat
                0x000020fc       0x48 c:/program files (x86)/gnu tools arm embedded/4.8 2013q4/bin/../lib/gcc/arm-none-eabi/4.8.3/../../../../arm-none-eabi/lib/armv7-m\librdimon.a(rdimon-syscalls.o)
                0x000020fc                _swistat
 .text._fstat   0x00002144       0x1c c:/program files (x86)/gnu tools arm embedded/4.8 2013q4/bin/../lib/gcc/arm-none-eabi/4.8.3/../../../../arm-none-eabi/lib/armv7-m\librdimon.a(rdimon-syscalls.o)
                0x00002144                _fstat
 .text._stat    0x00002160       0x3c c:/program files (x86)/gnu tools arm embedded/4.8 2013q4/bin/../lib/gcc/arm-none-eabi/4.8.3/../../../../arm-none-eabi/lib/armv7-m\librdimon.a(rdimon-syscalls.o)
                0x00002160                _stat
 .text._swiopen
                0x0000219c       0xd4 c:/program files (x86)/gnu tools arm embedded/4.8 2013q4/bin/../lib/gcc/arm-none-eabi/4.8.3/../../../../arm-none-eabi/lib/armv7-m\librdimon.a(rdimon-syscalls.o)
                0x0000219c                _swiopen
 .text._open    0x00002270       0x14 c:/program files (x86)/gnu tools arm embedded/4.8 2013q4/bin/../lib/gcc/arm-none-eabi/4.8.3/../../../../arm-none-eabi/lib/armv7-m\librdimon.a(rdimon-syscalls.o)
                0x00002270                _open
 .text._link    0x00002284       0x10 c:/program files (x86)/gnu tools arm embedded/4.8 2013q4/bin/../lib/gcc/arm-none-eabi/4.8.3/../../../../arm-none-eabi/lib/armv7-m\librdimon.a(rdimon-syscalls.o)
                0x00002284                _link
 .text._unlink  0x00002294       0x40 c:/program files (x86)/gnu tools arm embedded/4.8 2013q4/bin/../lib/gcc/arm-none-eabi/4.8.3/../../../../arm-none-eabi/lib/armv7-m\librdimon.a(rdimon-syscalls.o)
                0x00002294                _unlink
 .text._gettimeofday
                0x000022d4       0x28 c:/program files (x86)/gnu tools arm embedded/4.8 2013q4/bin/../lib/gcc/arm-none-eabi/4.8.3/../../../../arm-none-eabi/lib/armv7-m\librdimon.a(rdimon-syscalls.o)
                0x000022d4                _gettimeofday
 .text._clock   0x000022fc       0x14 c:/program files (x86)/gnu tools arm embedded/4.8 2013q4/bin/../lib/gcc/arm-none-eabi/4.8.3/../../../../arm-none-eabi/lib/armv7-m\librdimon.a(rdimon-syscalls.o)
                0x000022fc                _clock
 .text._times   0x00002310       0x20 c:/program files (x86)/gnu tools arm embedded/4.8 2013q4/bin/../lib/gcc/arm-none-eabi/4.8.3/../../../../arm-none-eabi/lib/armv7-m\librdimon.a(rdimon-syscalls.o)
                0x00002310                _times
 .text._isatty  0x00002330       0x3c c:/program files (x86)/gnu tools arm embedded/4.8 2013q4/bin/../lib/gcc/arm-none-eabi/4.8.3/../../../../arm-none-eabi/lib/armv7-m\librdimon.a(rdimon-syscalls.o)
                0x00002330                _isatty
 .text._system  0x0000236c       0x44 c:/program files (x86)/gnu tools arm embedded/4.8 2013q4/bin/../lib/gcc/arm-none-eabi/4.8.3/../../../../arm-none-eabi/lib/armv7-m\librdimon.a(rdimon-syscalls.o)
                0x0000236c                _system
 .text._rename  0x000023b0       0x3c c:/program files (x86)/gnu tools arm embedded/4.8 2013q4/bin/../lib/gcc/arm-none-eabi/4.8.3/../../../../arm-none-eabi/lib/armv7-m\librdimon.a(rdimon-syscalls.o)
                0x000023b0                _rename
 .text          0x000023ec        0x0 c:/program files (x86)/gnu tools arm embedded/4.8 2013q4/bin/../lib/gcc/arm-none-eabi/4.8.3/../../../../arm-none-eabi/lib/armv7-m\libg.a(lib_a-errno.o)
 .text.__errno  0x000023ec        0xc c:/program files (x86)/gnu tools arm embedded/4.8 2013q4/bin/../lib/gcc/arm-none-eabi/4.8.3/../../../../arm-none-eabi/lib/armv7-m\libg.a(lib_a-errno.o)
                0x000023ec                __errno
 .text          0x000023f8        0x0 c:/program files (x86)/gnu tools arm embedded/4.8 2013q4/bin/../lib/gcc/arm-none-eabi/4.8.3/../../../../arm-none-eabi/lib/armv7-m\libg.a(lib_a-findfp.o)
 .text.__fp_lock
                0x000023f8        0x4 c:/program files (x86)/gnu tools arm embedded/4.8 2013q4/bin/../lib/gcc/arm-none-eabi/4.8.3/../../../../arm-none-eabi/lib/armv7-m\libg.a(lib_a-findfp.o)
 .text.__fp_unlock
                0x000023fc        0x4 c:/program files (x86)/gnu tools arm embedded/4.8 2013q4/bin/../lib/gcc/arm-none-eabi/4.8.3/../../../../arm-none-eabi/lib/armv7-m\libg.a(lib_a-findfp.o)
 .text._cleanup_r
                0x00002400        0xc c:/program files (x86)/gnu tools arm embedded/4.8 2013q4/bin/../lib/gcc/arm-none-eabi/4.8.3/../../../../arm-none-eabi/lib/armv7-m\libg.a(lib_a-findfp.o)
                0x00002400                _cleanup_r
 .text.__sfmoreglue
                0x0000240c       0x30 c:/program files (x86)/gnu tools arm embedded/4.8 2013q4/bin/../lib/gcc/arm-none-eabi/4.8.3/../../../../arm-none-eabi/lib/armv7-m\libg.a(lib_a-findfp.o)
                0x0000240c                __sfmoreglue
 .text._cleanup
                0x0000243c       0x14 c:/program files (x86)/gnu tools arm embedded/4.8 2013q4/bin/../lib/gcc/arm-none-eabi/4.8.3/../../../../arm-none-eabi/lib/armv7-m\libg.a(lib_a-findfp.o)
                0x0000243c                _cleanup
 .text.__sinit  0x00002450       0xf4 c:/program files (x86)/gnu tools arm embedded/4.8 2013q4/bin/../lib/gcc/arm-none-eabi/4.8.3/../../../../arm-none-eabi/lib/armv7-m\libg.a(lib_a-findfp.o)
                0x00002450                __sinit
 .text.__sfp    0x00002544       0x8c c:/program files (x86)/gnu tools arm embedded/4.8 2013q4/bin/../lib/gcc/arm-none-eabi/4.8.3/../../../../arm-none-eabi/lib/armv7-m\libg.a(lib_a-findfp.o)
                0x00002544                __sfp
 .text.__sfp_lock_acquire
                0x000025d0        0x4 c:/program files (x86)/gnu tools arm embedded/4.8 2013q4/bin/../lib/gcc/arm-none-eabi/4.8.3/../../../../arm-none-eabi/lib/armv7-m\libg.a(lib_a-findfp.o)
                0x000025d0                __sfp_lock_acquire
 .text.__sfp_lock_release
                0x000025d4        0x4 c:/program files (x86)/gnu tools arm embedded/4.8 2013q4/bin/../lib/gcc/arm-none-eabi/4.8.3/../../../../arm-none-eabi/lib/armv7-m\libg.a(lib_a-findfp.o)
                0x000025d4                __sfp_lock_release
 .text.__sinit_lock_acquire
                0x000025d8        0x4 c:/program files (x86)/gnu tools arm embedded/4.8 2013q4/bin/../lib/gcc/arm-none-eabi/4.8.3/../../../../arm-none-eabi/lib/armv7-m\libg.a(lib_a-findfp.o)
                0x000025d8                __sinit_lock_acquire
 .text.__sinit_lock_release
                0x000025dc        0x4 c:/program files (x86)/gnu tools arm embedded/4.8 2013q4/bin/../lib/gcc/arm-none-eabi/4.8.3/../../../../arm-none-eabi/lib/armv7-m\libg.a(lib_a-findfp.o)
                0x000025dc                __sinit_lock_release
 .text.__fp_lock_all
                0x000025e0       0x14 c:/program files (x86)/gnu tools arm embedded/4.8 2013q4/bin/../lib/gcc/arm-none-eabi/4.8.3/../../../../arm-none-eabi/lib/armv7-m\libg.a(lib_a-findfp.o)
                0x000025e0                __fp_lock_all
 .text.__fp_unlock_all
                0x000025f4       0x14 c:/program files (x86)/gnu tools arm embedded/4.8 2013q4/bin/../lib/gcc/arm-none-eabi/4.8.3/../../../../arm-none-eabi/lib/armv7-m\libg.a(lib_a-findfp.o)
                0x000025f4                __fp_unlock_all
 .text          0x00002608        0x0 c:/program files (x86)/gnu tools arm embedded/4.8 2013q4/bin/../lib/gcc/arm-none-eabi/4.8.3/../../../../arm-none-eabi/lib/armv7-m\libg.a(lib_a-fwalk.o)
 .text._fwalk   0x00002608       0x48 c:/program files (x86)/gnu tools arm embedded/4.8 2013q4/bin/../lib/gcc/arm-none-eabi/4.8.3/../../../../arm-none-eabi/lib/armv7-m\libg.a(lib_a-fwalk.o)
                0x00002608                _fwalk
 .text._fwalk_reent
                0x00002650       0x4c c:/program files (x86)/gnu tools arm embedded/4.8 2013q4/bin/../lib/gcc/arm-none-eabi/4.8.3/../../../../arm-none-eabi/lib/armv7-m\libg.a(lib_a-fwalk.o)
                0x00002650                _fwalk_reent
 .text          0x0000269c        0x0 c:/program files (x86)/gnu tools arm embedded/4.8 2013q4/bin/../lib/gcc/arm-none-eabi/4.8.3/../../../../arm-none-eabi/lib/armv7-m\libg.a(lib_a-stdio.o)
 .text.__sread  0x0000269c       0x24 c:/program files (x86)/gnu tools arm embedded/4.8 2013q4/bin/../lib/gcc/arm-none-eabi/4.8.3/../../../../arm-none-eabi/lib/armv7-m\libg.a(lib_a-stdio.o)
                0x0000269c                __sread
 .text.__seofread
                0x000026c0        0x4 c:/program files (x86)/gnu tools arm embedded/4.8 2013q4/bin/../lib/gcc/arm-none-eabi/4.8.3/../../../../arm-none-eabi/lib/armv7-m\libg.a(lib_a-stdio.o)
                0x000026c0                __seofread
 .text.__swrite
                0x000026c4       0x38 c:/program files (x86)/gnu tools arm embedded/4.8 2013q4/bin/../lib/gcc/arm-none-eabi/4.8.3/../../../../arm-none-eabi/lib/armv7-m\libg.a(lib_a-stdio.o)
                0x000026c4                __swrite
 .text.__sseek  0x000026fc       0x24 c:/program files (x86)/gnu tools arm embedded/4.8 2013q4/bin/../lib/gcc/arm-none-eabi/4.8.3/../../../../arm-none-eabi/lib/armv7-m\libg.a(lib_a-stdio.o)
                0x000026fc                __sseek
 .text.__sclose
                0x00002720        0x8 c:/program files (x86)/gnu tools arm embedded/4.8 2013q4/bin/../lib/gcc/arm-none-eabi/4.8.3/../../../../arm-none-eabi/lib/armv7-m\libg.a(lib_a-stdio.o)
                0x00002720                __sclose
 .text          0x00002728        0x0 c:/program files (x86)/gnu tools arm embedded/4.8 2013q4/bin/../lib/gcc/arm-none-eabi/4.8.3/../../../../arm-none-eabi/lib/armv7-m\libg.a(lib_a-strlen.o)
 .text.strlen   0x00002728       0x60 c:/program files (x86)/gnu tools arm embedded/4.8 2013q4/bin/../lib/gcc/arm-none-eabi/4.8.3/../../../../arm-none-eabi/lib/armv7-m\libg.a(lib_a-strlen.o)
                0x00002728                strlen
 .text          0x00002788        0x0 c:/program files (x86)/gnu tools arm embedded/4.8 2013q4/bin/../lib/gcc/arm-none-eabi/4.8.3/../../../../arm-none-eabi/lib/armv7-m\libg.a(lib_a-writer.o)
 .text._write_r
                0x00002788       0x28 c:/program files (x86)/gnu tools arm embedded/4.8 2013q4/bin/../lib/gcc/arm-none-eabi/4.8.3/../../../../arm-none-eabi/lib/armv7-m\libg.a(lib_a-writer.o)
                0x00002788                _write_r
 .text          0x000027b0        0x0 c:/program files (x86)/gnu tools arm embedded/4.8 2013q4/bin/../lib/gcc/arm-none-eabi/4.8.3/../../../../arm-none-eabi/lib/armv7-m\libg.a(lib_a-closer.o)
 .text._close_r
                0x000027b0       0x24 c:/program files (x86)/gnu tools arm embedded/4.8 2013q4/bin/../lib/gcc/arm-none-eabi/4.8.3/../../../../arm-none-eabi/lib/armv7-m\libg.a(lib_a-closer.o)
                0x000027b0                _close_r
 .text          0x000027d4        0x0 c:/program files (x86)/gnu tools arm embedded/4.8 2013q4/bin/../lib/gcc/arm-none-eabi/4.8.3/../../../../arm-none-eabi/lib/armv7-m\libg.a(lib_a-fclose.o)
 .text._fclose_r
                0x000027d4       0x80 c:/program files (x86)/gnu tools arm embedded/4.8 2013q4/bin/../lib/gcc/arm-none-eabi/4.8.3/../../../../arm-none-eabi/lib/armv7-m\libg.a(lib_a-fclose.o)
                0x000027d4                _fclose_r
 .text.fclose   0x00002854       0x10 c:/program files (x86)/gnu tools arm embedded/4.8 2013q4/bin/../lib/gcc/arm-none-eabi/4.8.3/../../../../arm-none-eabi/lib/armv7-m\libg.a(lib_a-fclose.o)
                0x00002854                fclose
 .text          0x00002864        0x0 c:/program files (x86)/gnu tools arm embedded/4.8 2013q4/bin/../lib/gcc/arm-none-eabi/4.8.3/../../../../arm-none-eabi/lib/armv7-m\libg.a(lib_a-fflush.o)
 .text.__sflush_r
                0x00002864      0x148 c:/program files (x86)/gnu tools arm embedded/4.8 2013q4/bin/../lib/gcc/arm-none-eabi/4.8.3/../../../../arm-none-eabi/lib/armv7-m\libg.a(lib_a-fflush.o)
                0x00002864                __sflush_r
 .text._fflush_r
                0x000029ac       0x2c c:/program files (x86)/gnu tools arm embedded/4.8 2013q4/bin/../lib/gcc/arm-none-eabi/4.8.3/../../../../arm-none-eabi/lib/armv7-m\libg.a(lib_a-fflush.o)
                0x000029ac                _fflush_r
 .text.fflush   0x000029d8       0x24 c:/program files (x86)/gnu tools arm embedded/4.8 2013q4/bin/../lib/gcc/arm-none-eabi/4.8.3/../../../../arm-none-eabi/lib/armv7-m\libg.a(lib_a-fflush.o)
                0x000029d8                fflush
 .text          0x000029fc        0x0 c:/program files (x86)/gnu tools arm embedded/4.8 2013q4/bin/../lib/gcc/arm-none-eabi/4.8.3/../../../../arm-none-eabi/lib/armv7-m\libg.a(lib_a-lseekr.o)
 .text._lseek_r
                0x000029fc       0x28 c:/program files (x86)/gnu tools arm embedded/4.8 2013q4/bin/../lib/gcc/arm-none-eabi/4.8.3/../../../../arm-none-eabi/lib/armv7-m\libg.a(lib_a-lseekr.o)
                0x000029fc                _lseek_r
 .text          0x00002a24        0x0 c:/program files (x86)/gnu tools arm embedded/4.8 2013q4/bin/../lib/gcc/arm-none-eabi/4.8.3/../../../../arm-none-eabi/lib/armv7-m\libg.a(lib_a-readr.o)
 .text._read_r  0x00002a24       0x28 c:/program files (x86)/gnu tools arm embedded/4.8 2013q4/bin/../lib/gcc/arm-none-eabi/4.8.3/../../../../arm-none-eabi/lib/armv7-m\libg.a(lib_a-readr.o)
                0x00002a24                _read_r
 *(.init)
 *(.fini)
 *crtbegin.o(.ctors)
 *crtbegin?.o(.ctors)
 *(EXCLUDE_FILE(*crtend.o *crtend?.o) .ctors)
 *(SORT(.ctors.*))
 *(.ctors)
 *crtbegin.o(.dtors)
 *crtbegin?.o(.dtors)
 *(EXCLUDE_FILE(*crtend.o *crtend?.o) .dtors)
 *(SORT(.dtors.*))
 *(.dtors)
 *(.rodata*)
 .rodata        0x00002a4c       0x24 ..\obj\uartprintf.o
 .rodata        0x00002a70       0x20 ..\obj\queue.o
 .rodata.str1.4
                0x00002a90        0x2 c:/program files (x86)/gnu tools arm embedded/4.8 2013q4/bin/../lib/gcc/arm-none-eabi/4.8.3/../../../../arm-none-eabi/lib/armv7-m\libc.a(lib_a-impure.o)
                                  0x4 (size before relaxing)
 *fill*         0x00002a92        0x2 
 .rodata._global_impure_ptr
                0x00002a94        0x4 c:/program files (x86)/gnu tools arm embedded/4.8 2013q4/bin/../lib/gcc/arm-none-eabi/4.8.3/../../../../arm-none-eabi/lib/armv7-m\libc.a(lib_a-impure.o)
                0x00002a94                _global_impure_ptr
 .rodata.str1.4
                0x00002a98        0x4 c:/program files (x86)/gnu tools arm embedded/4.8 2013q4/bin/../lib/gcc/arm-none-eabi/4.8.3/../../../../arm-none-eabi/lib/armv7-m\librdimon.a(rdimon-syscalls.o)
 *(.eh_fram e*)

.glue_7         0x00002a9c        0x0
 .glue_7        0x00000000        0x0 linker stubs

.glue_7t        0x00002a9c        0x0
 .glue_7t       0x00000000        0x0 linker stubs

.vfp11_veneer   0x00002a9c        0x0
 .vfp11_veneer  0x00000000        0x0 linker stubs

.v4_bx          0x00002a9c        0x0
 .v4_bx         0x00000000        0x0 linker stubs

.iplt           0x00002a9c        0x0
 .iplt          0x00000000        0x0 ..\obj\main.o

.rel.dyn        0x00002a9c        0x0
 .rel.iplt      0x00000000        0x0 ..\obj\main.o

.ARM.extab
 *(.ARM.extab* .gnu.linkonce.armextab.*)
                0x00002a9c                __exidx_start = .

.ARM.exidx
 *(.ARM.exidx* .gnu.linkonce.armexidx.*)
                0x00002a9c                __exidx_end = .
                0x00002a9c                __etext = .
                0x00002a9c                _sidata = __etext

.data           0x20000000     0x1034 load address 0x00002a9c
                0x20000000                __data_start__ = .
                0x20000000                _sdata = __data_start__
 *(vtable)
 *(.data*)
 .data          0x20000000        0x4 ..\obj\main.o
                0x20000000                encoderTicks
 .data          0x20000004      0x7d0 ..\obj\communication_task.o
                0x20000004                array
                0x200003ec                duration
 .data          0x200007d4        0x0 ..\obj\encoder.o
 .data          0x200007d4        0x0 ..\obj\uartprintf.o
 .data          0x200007d4        0x0 ..\obj\gpio.o
 .data          0x200007d4       0x20 ..\obj\schedule.o
                0x200007d4                init_task
                0x200007e4                task
 .data          0x200007f4        0x0 ..\obj\startup_lm3s.o
 .data          0x200007f4        0x0 ..\obj\queue.o
 .data          0x200007f4        0x2 ..\obj\debug.o
 .data          0x200007f6        0x0 ..\obj\cpu.o
 .data          0x200007f6        0x0 ..\obj\systick.o
 .data          0x200007f6        0x0 c:/program files (x86)/gnu tools arm embedded/4.8 2013q4/bin/../lib/gcc/arm-none-eabi/4.8.3/../../../../arm-none-eabi/lib/armv7-m\libc.a(lib_a-calloc.o)
 .data          0x200007f6        0x0 c:/program files (x86)/gnu tools arm embedded/4.8 2013q4/bin/../lib/gcc/arm-none-eabi/4.8.3/../../../../arm-none-eabi/lib/armv7-m\libc.a(lib_a-callocr.o)
 .data          0x200007f6        0x0 c:/program files (x86)/gnu tools arm embedded/4.8 2013q4/bin/../lib/gcc/arm-none-eabi/4.8.3/../../../../arm-none-eabi/lib/armv7-m\libc.a(lib_a-impure.o)
 *fill*         0x200007f6        0x2 
 .data.impure_data
                0x200007f8      0x428 c:/program files (x86)/gnu tools arm embedded/4.8 2013q4/bin/../lib/gcc/arm-none-eabi/4.8.3/../../../../arm-none-eabi/lib/armv7-m\libc.a(lib_a-impure.o)
 .data._impure_ptr
                0x20000c20        0x4 c:/program files (x86)/gnu tools arm embedded/4.8 2013q4/bin/../lib/gcc/arm-none-eabi/4.8.3/../../../../arm-none-eabi/lib/armv7-m\libc.a(lib_a-impure.o)
                0x20000c20                _impure_ptr
 .data          0x20000c24        0x0 c:/program files (x86)/gnu tools arm embedded/4.8 2013q4/bin/../lib/gcc/arm-none-eabi/4.8.3/../../../../arm-none-eabi/lib/armv7-m\libc.a(lib_a-mallocr.o)
 .data.__malloc_av_
                0x20000c24      0x408 c:/program files (x86)/gnu tools arm embedded/4.8 2013q4/bin/../lib/gcc/arm-none-eabi/4.8.3/../../../../arm-none-eabi/lib/armv7-m\libc.a(lib_a-mallocr.o)
                0x20000c24                __malloc_av_
 .data.__malloc_trim_threshold
                0x2000102c        0x4 c:/program files (x86)/gnu tools arm embedded/4.8 2013q4/bin/../lib/gcc/arm-none-eabi/4.8.3/../../../../arm-none-eabi/lib/armv7-m\libc.a(lib_a-mallocr.o)
                0x2000102c                __malloc_trim_threshold
 .data.__malloc_sbrk_base
                0x20001030        0x4 c:/program files (x86)/gnu tools arm embedded/4.8 2013q4/bin/../lib/gcc/arm-none-eabi/4.8.3/../../../../arm-none-eabi/lib/armv7-m\libc.a(lib_a-mallocr.o)
                0x20001030                __malloc_sbrk_base
 .data          0x20001034        0x0 c:/program files (x86)/gnu tools arm embedded/4.8 2013q4/bin/../lib/gcc/arm-none-eabi/4.8.3/../../../../arm-none-eabi/lib/armv7-m\libc.a(lib_a-memcpy.o)
 .data          0x20001034        0x0 c:/program files (x86)/gnu tools arm embedded/4.8 2013q4/bin/../lib/gcc/arm-none-eabi/4.8.3/../../../../arm-none-eabi/lib/armv7-m\libc.a(lib_a-memset.o)
 .data          0x20001034        0x0 c:/program files (x86)/gnu tools arm embedded/4.8 2013q4/bin/../lib/gcc/arm-none-eabi/4.8.3/../../../../arm-none-eabi/lib/armv7-m\libc.a(lib_a-mlock.o)
 .data          0x20001034        0x0 c:/program files (x86)/gnu tools arm embedded/4.8 2013q4/bin/../lib/gcc/arm-none-eabi/4.8.3/../../../../arm-none-eabi/lib/armv7-m\libc.a(lib_a-sbrkr.o)
 .data          0x20001034        0x0 c:/program files (x86)/gnu tools arm embedded/4.8 2013q4/bin/../lib/gcc/arm-none-eabi/4.8.3/../../../../arm-none-eabi/lib/armv7-m\libc.a(lib_a-freer.o)
 .data          0x20001034        0x0 c:/program files (x86)/gnu tools arm embedded/4.8 2013q4/bin/../lib/gcc/arm-none-eabi/4.8.3/../../../../arm-none-eabi/lib/armv7-m\libc.a(lib_a-reent.o)
 .data          0x20001034        0x0 c:/program files (x86)/gnu tools arm embedded/4.8 2013q4/bin/../lib/gcc/arm-none-eabi/4.8.3/../../../../arm-none-eabi/lib/armv7-m\librdimon.a(rdimon-syscalls.o)
 .data          0x20001034        0x0 c:/program files (x86)/gnu tools arm embedded/4.8 2013q4/bin/../lib/gcc/arm-none-eabi/4.8.3/../../../../arm-none-eabi/lib/armv7-m\libg.a(lib_a-errno.o)
 .data          0x20001034        0x0 c:/program files (x86)/gnu tools arm embedded/4.8 2013q4/bin/../lib/gcc/arm-none-eabi/4.8.3/../../../../arm-none-eabi/lib/armv7-m\libg.a(lib_a-findfp.o)
 .data          0x20001034        0x0 c:/program files (x86)/gnu tools arm embedded/4.8 2013q4/bin/../lib/gcc/arm-none-eabi/4.8.3/../../../../arm-none-eabi/lib/armv7-m\libg.a(lib_a-fwalk.o)
 .data          0x20001034        0x0 c:/program files (x86)/gnu tools arm embedded/4.8 2013q4/bin/../lib/gcc/arm-none-eabi/4.8.3/../../../../arm-none-eabi/lib/armv7-m\libg.a(lib_a-stdio.o)
 .data          0x20001034        0x0 c:/program files (x86)/gnu tools arm embedded/4.8 2013q4/bin/../lib/gcc/arm-none-eabi/4.8.3/../../../../arm-none-eabi/lib/armv7-m\libg.a(lib_a-strlen.o)
 .data          0x20001034        0x0 c:/program files (x86)/gnu tools arm embedded/4.8 2013q4/bin/../lib/gcc/arm-none-eabi/4.8.3/../../../../arm-none-eabi/lib/armv7-m\libg.a(lib_a-writer.o)
 .data          0x20001034        0x0 c:/program files (x86)/gnu tools arm embedded/4.8 2013q4/bin/../lib/gcc/arm-none-eabi/4.8.3/../../../../arm-none-eabi/lib/armv7-m\libg.a(lib_a-closer.o)
 .data          0x20001034        0x0 c:/program files (x86)/gnu tools arm embedded/4.8 2013q4/bin/../lib/gcc/arm-none-eabi/4.8.3/../../../../arm-none-eabi/lib/armv7-m\libg.a(lib_a-fclose.o)
 .data          0x20001034        0x0 c:/program files (x86)/gnu tools arm embedded/4.8 2013q4/bin/../lib/gcc/arm-none-eabi/4.8.3/../../../../arm-none-eabi/lib/armv7-m\libg.a(lib_a-fflush.o)
 .data          0x20001034        0x0 c:/program files (x86)/gnu tools arm embedded/4.8 2013q4/bin/../lib/gcc/arm-none-eabi/4.8.3/../../../../arm-none-eabi/lib/armv7-m\libg.a(lib_a-lseekr.o)
 .data          0x20001034        0x0 c:/program files (x86)/gnu tools arm embedded/4.8 2013q4/bin/../lib/gcc/arm-none-eabi/4.8.3/../../../../arm-none-eabi/lib/armv7-m\libg.a(lib_a-readr.o)
                0x20001034                . = ALIGN (0x4)
                0x20001034                PROVIDE (__preinit_array_start, .)
 *(.preinit_array)
                0x20001034                PROVIDE (__preinit_array_end, .)
                0x20001034                . = ALIGN (0x4)
                0x20001034                PROVIDE (__init_array_start, .)
 *(SORT(.init_array.*))
 *(.init_array)
                0x20001034                PROVIDE (__init_array_end, .)
                0x20001034                . = ALIGN (0x4)
                0x20001034                PROVIDE (__fini_array_start, .)
 *(SORT(.fini_array.*))
 *(.fini_array)
                0x20001034                PROVIDE (__fini_array_end, .)
 *(.jcr*)
                0x20001034                . = ALIGN (0x4)
                0x20001034                __data_end__ = .
                0x20001034                _edata = __data_end__

.igot.plt       0x20001034        0x0 load address 0x00003ad0
 .igot.plt      0x00000000        0x0 ..\obj\main.o

.bss            0x20001034     0xa78c load address 0x00003ad0
                0x20001034                . = ALIGN (0x4)
                0x20001034                __bss_start__ = .
                0x20001034                _sbss = __bss_start__
 *(.bss*)
 .bss           0x20001034        0x0 ..\obj\main.o
 .bss           0x20001034        0x6 ..\obj\communication_task.o
 .bss           0x2000103a        0x1 ..\obj\encoder.o
 .bss           0x2000103b        0x0 ..\obj\uartprintf.o
 .bss           0x2000103b        0x0 ..\obj\gpio.o
 *fill*         0x2000103b        0x1 
 .bss           0x2000103c        0x4 ..\obj\schedule.o
                0x2000103c                semaphores
                0x2000103e                current_task
 .bss           0x20001040        0x0 ..\obj\startup_lm3s.o
 .bss           0x20001040        0x1 ..\obj\queue.o
 .bss           0x20001041        0x0 ..\obj\debug.o
 .bss           0x20001041        0x0 ..\obj\cpu.o
 .bss           0x20001041        0x1 ..\obj\systick.o
                0x20001041                tick
 .bss           0x20001042        0x0 c:/program files (x86)/gnu tools arm embedded/4.8 2013q4/bin/../lib/gcc/arm-none-eabi/4.8.3/../../../../arm-none-eabi/lib/armv7-m\libc.a(lib_a-calloc.o)
 .bss           0x20001042        0x0 c:/program files (x86)/gnu tools arm embedded/4.8 2013q4/bin/../lib/gcc/arm-none-eabi/4.8.3/../../../../arm-none-eabi/lib/armv7-m\libc.a(lib_a-callocr.o)
 .bss           0x20001042        0x0 c:/program files (x86)/gnu tools arm embedded/4.8 2013q4/bin/../lib/gcc/arm-none-eabi/4.8.3/../../../../arm-none-eabi/lib/armv7-m\libc.a(lib_a-impure.o)
 .bss           0x20001042        0x0 c:/program files (x86)/gnu tools arm embedded/4.8 2013q4/bin/../lib/gcc/arm-none-eabi/4.8.3/../../../../arm-none-eabi/lib/armv7-m\libc.a(lib_a-mallocr.o)
 *fill*         0x20001042        0x2 
 .bss.__malloc_max_total_mem
                0x20001044        0x4 c:/program files (x86)/gnu tools arm embedded/4.8 2013q4/bin/../lib/gcc/arm-none-eabi/4.8.3/../../../../arm-none-eabi/lib/armv7-m\libc.a(lib_a-mallocr.o)
                0x20001044                __malloc_max_total_mem
 .bss.__malloc_max_sbrked_mem
                0x20001048        0x4 c:/program files (x86)/gnu tools arm embedded/4.8 2013q4/bin/../lib/gcc/arm-none-eabi/4.8.3/../../../../arm-none-eabi/lib/armv7-m\libc.a(lib_a-mallocr.o)
                0x20001048                __malloc_max_sbrked_mem
 .bss.__malloc_top_pad
                0x2000104c        0x4 c:/program files (x86)/gnu tools arm embedded/4.8 2013q4/bin/../lib/gcc/arm-none-eabi/4.8.3/../../../../arm-none-eabi/lib/armv7-m\libc.a(lib_a-mallocr.o)
                0x2000104c                __malloc_top_pad
 .bss.__malloc_current_mallinfo
                0x20001050       0x28 c:/program files (x86)/gnu tools arm embedded/4.8 2013q4/bin/../lib/gcc/arm-none-eabi/4.8.3/../../../../arm-none-eabi/lib/armv7-m\libc.a(lib_a-mallocr.o)
                0x20001050                __malloc_current_mallinfo
 .bss           0x20001078        0x0 c:/program files (x86)/gnu tools arm embedded/4.8 2013q4/bin/../lib/gcc/arm-none-eabi/4.8.3/../../../../arm-none-eabi/lib/armv7-m\libc.a(lib_a-memcpy.o)
 .bss           0x20001078        0x0 c:/program files (x86)/gnu tools arm embedded/4.8 2013q4/bin/../lib/gcc/arm-none-eabi/4.8.3/../../../../arm-none-eabi/lib/armv7-m\libc.a(lib_a-memset.o)
 .bss           0x20001078        0x0 c:/program files (x86)/gnu tools arm embedded/4.8 2013q4/bin/../lib/gcc/arm-none-eabi/4.8.3/../../../../arm-none-eabi/lib/armv7-m\libc.a(lib_a-mlock.o)
 .bss           0x20001078        0x0 c:/program files (x86)/gnu tools arm embedded/4.8 2013q4/bin/../lib/gcc/arm-none-eabi/4.8.3/../../../../arm-none-eabi/lib/armv7-m\libc.a(lib_a-sbrkr.o)
 .bss           0x20001078        0x0 c:/program files (x86)/gnu tools arm embedded/4.8 2013q4/bin/../lib/gcc/arm-none-eabi/4.8.3/../../../../arm-none-eabi/lib/armv7-m\libc.a(lib_a-freer.o)
 .bss           0x20001078        0x0 c:/program files (x86)/gnu tools arm embedded/4.8 2013q4/bin/../lib/gcc/arm-none-eabi/4.8.3/../../../../arm-none-eabi/lib/armv7-m\libc.a(lib_a-reent.o)
 .bss           0x20001078        0x0 c:/program files (x86)/gnu tools arm embedded/4.8 2013q4/bin/../lib/gcc/arm-none-eabi/4.8.3/../../../../arm-none-eabi/lib/armv7-m\librdimon.a(rdimon-syscalls.o)
 .bss.monitor_stdout
                0x20001078        0x4 c:/program files (x86)/gnu tools arm embedded/4.8 2013q4/bin/../lib/gcc/arm-none-eabi/4.8.3/../../../../arm-none-eabi/lib/armv7-m\librdimon.a(rdimon-syscalls.o)
 .bss.monitor_stdin
                0x2000107c        0x4 c:/program files (x86)/gnu tools arm embedded/4.8 2013q4/bin/../lib/gcc/arm-none-eabi/4.8.3/../../../../arm-none-eabi/lib/armv7-m\librdimon.a(rdimon-syscalls.o)
 .bss.heap_end.5787
                0x20001080        0x4 c:/program files (x86)/gnu tools arm embedded/4.8 2013q4/bin/../lib/gcc/arm-none-eabi/4.8.3/../../../../arm-none-eabi/lib/armv7-m\librdimon.a(rdimon-syscalls.o)
 .bss.monitor_stderr
                0x20001084        0x4 c:/program files (x86)/gnu tools arm embedded/4.8 2013q4/bin/../lib/gcc/arm-none-eabi/4.8.3/../../../../arm-none-eabi/lib/armv7-m\librdimon.a(rdimon-syscalls.o)
 .bss.openfiles
                0x20001088       0xa0 c:/program files (x86)/gnu tools arm embedded/4.8 2013q4/bin/../lib/gcc/arm-none-eabi/4.8.3/../../../../arm-none-eabi/lib/armv7-m\librdimon.a(rdimon-syscalls.o)
 .bss           0x20001128        0x0 c:/program files (x86)/gnu tools arm embedded/4.8 2013q4/bin/../lib/gcc/arm-none-eabi/4.8.3/../../../../arm-none-eabi/lib/armv7-m\libg.a(lib_a-errno.o)
 .bss           0x20001128        0x0 c:/program files (x86)/gnu tools arm embedded/4.8 2013q4/bin/../lib/gcc/arm-none-eabi/4.8.3/../../../../arm-none-eabi/lib/armv7-m\libg.a(lib_a-findfp.o)
 .bss           0x20001128        0x0 c:/program files (x86)/gnu tools arm embedded/4.8 2013q4/bin/../lib/gcc/arm-none-eabi/4.8.3/../../../../arm-none-eabi/lib/armv7-m\libg.a(lib_a-fwalk.o)
 .bss           0x20001128        0x0 c:/program files (x86)/gnu tools arm embedded/4.8 2013q4/bin/../lib/gcc/arm-none-eabi/4.8.3/../../../../arm-none-eabi/lib/armv7-m\libg.a(lib_a-stdio.o)
 .bss           0x20001128        0x0 c:/program files (x86)/gnu tools arm embedded/4.8 2013q4/bin/../lib/gcc/arm-none-eabi/4.8.3/../../../../arm-none-eabi/lib/armv7-m\libg.a(lib_a-strlen.o)
 .bss           0x20001128        0x0 c:/program files (x86)/gnu tools arm embedded/4.8 2013q4/bin/../lib/gcc/arm-none-eabi/4.8.3/../../../../arm-none-eabi/lib/armv7-m\libg.a(lib_a-writer.o)
 .bss           0x20001128        0x0 c:/program files (x86)/gnu tools arm embedded/4.8 2013q4/bin/../lib/gcc/arm-none-eabi/4.8.3/../../../../arm-none-eabi/lib/armv7-m\libg.a(lib_a-closer.o)
 .bss           0x20001128        0x0 c:/program files (x86)/gnu tools arm embedded/4.8 2013q4/bin/../lib/gcc/arm-none-eabi/4.8.3/../../../../arm-none-eabi/lib/armv7-m\libg.a(lib_a-fclose.o)
 .bss           0x20001128        0x0 c:/program files (x86)/gnu tools arm embedded/4.8 2013q4/bin/../lib/gcc/arm-none-eabi/4.8.3/../../../../arm-none-eabi/lib/armv7-m\libg.a(lib_a-fflush.o)
 .bss           0x20001128        0x0 c:/program files (x86)/gnu tools arm embedded/4.8 2013q4/bin/../lib/gcc/arm-none-eabi/4.8.3/../../../../arm-none-eabi/lib/armv7-m\libg.a(lib_a-lseekr.o)
 .bss           0x20001128        0x0 c:/program files (x86)/gnu tools arm embedded/4.8 2013q4/bin/../lib/gcc/arm-none-eabi/4.8.3/../../../../arm-none-eabi/lib/armv7-m\libg.a(lib_a-readr.o)
 *(COMMON)
 COMMON         0x20001128     0xa684 ..\obj\main.o
                0x20001128                QueueUARTTX
                0x20001134                QueueUARTRX
                0x20001140                arrayertingo
 COMMON         0x2000b7ac       0x10 ..\obj\schedule.o
                0x2000b7ac                rtcs_i
                0x2000b7b0                task_state
                0x2000b7b4                task_time
 COMMON         0x2000b7bc        0x4 c:/program files (x86)/gnu tools arm embedded/4.8 2013q4/bin/../lib/gcc/arm-none-eabi/4.8.3/../../../../arm-none-eabi/lib/armv7-m\libc.a(lib_a-reent.o)
                0x2000b7bc                errno
                0x2000b7c0                . = ALIGN (0x4)
                0x2000b7c0                __bss_end__ = .
                0x2000b7c0                _ebss = __bss_end__

.co_heap        0x2000b7c0      0x400 load address 0x0000e25c
                0x2000b7c0                __cs3_heap_start = .
                0x2000b7c0                . = ALIGN (0x8)
 *(.co_heap .co_heap.*)
 .co_heap       0x2000b7c0      0x400 ..\obj\startup_lm3s.o
                0x2000b7c0                pulHeap
                0x2000bbc0                __cs3_heap_end = .

.heap           0x2000bbc0        0x0
                0x2000bbc0                __end__ = .
                0x2000bbc0                _end = __end__
                0x2000bbc0                end = __end__
 *(.heap*)
                0x2000bbc0                __HeapLimit = .

.co_stack       0x2000bbc0     0x4440 load address 0x0000e65c
                0x2000bbc0                . = ALIGN (0x8)
 *(.co_stack .co_stack.*)
 .co_stack      0x2000bbc0     0x4440 ..\obj\startup_lm3s.o
                0x2000bbc0                pulStack
                0x20010000                __StackTop = (ORIGIN (ram) + 0x10000)
                0x2000bbc0                __StackLimit = (__StackTop - SIZEOF (.co_stack))
                0x20010000                PROVIDE (__stack, __StackTop)
                0x00000001                ASSERT ((__StackLimit >= __HeapLimit), region ram  overflowed with stack)
LOAD ..\obj\main.o
LOAD ..\obj\communication_task.o
LOAD ..\obj\encoder.o
LOAD ..\obj\uartprintf.o
LOAD ..\obj\gpio.o
LOAD ..\obj\schedule.o
LOAD ..\obj\startup_lm3s.o
LOAD ..\obj\queue.o
LOAD ..\obj\debug.o
LOAD ..\obj\cpu.o
LOAD ..\obj\systick.o
LOAD c:/program files (x86)/gnu tools arm embedded/4.8 2013q4/bin/../lib/gcc/arm-none-eabi/4.8.3/../../../../arm-none-eabi/lib/armv7-m\libm.a
LOAD c:/program files (x86)/gnu tools arm embedded/4.8 2013q4/bin/../lib/gcc/arm-none-eabi/4.8.3/armv7-m\libgcc.a
LOAD c:/program files (x86)/gnu tools arm embedded/4.8 2013q4/bin/../lib/gcc/arm-none-eabi/4.8.3/../../../../arm-none-eabi/lib/armv7-m\libc.a
LOAD c:/program files (x86)/gnu tools arm embedded/4.8 2013q4/bin/../lib/gcc/arm-none-eabi/4.8.3/../../../../arm-none-eabi/lib/armv7-m\librdimon.a
START GROUP
LOAD c:/program files (x86)/gnu tools arm embedded/4.8 2013q4/bin/../lib/gcc/arm-none-eabi/4.8.3/armv7-m\libgcc.a
LOAD c:/program files (x86)/gnu tools arm embedded/4.8 2013q4/bin/../lib/gcc/arm-none-eabi/4.8.3/../../../../arm-none-eabi/lib/armv7-m\libg.a
LOAD c:/program files (x86)/gnu tools arm embedded/4.8 2013q4/bin/../lib/gcc/arm-none-eabi/4.8.3/../../../../arm-none-eabi/lib/armv7-m\libc.a
END GROUP
OUTPUT(SemProjekt_RTCS.elf elf32-littlearm)

.debug_info     0x00000000     0x1168
 .debug_info    0x00000000      0x1ca ..\obj\main.o
 .debug_info    0x000001ca      0x148 ..\obj\communication_task.o
 .debug_info    0x00000312       0xef ..\obj\encoder.o
 .debug_info    0x00000401      0x3d5 ..\obj\uartprintf.o
 .debug_info    0x000007d6       0x79 ..\obj\gpio.o
 .debug_info    0x0000084f      0x2e0 ..\obj\schedule.o
 .debug_info    0x00000b2f      0x10b ..\obj\startup_lm3s.o
 .debug_info    0x00000c3a      0x2bd ..\obj\queue.o
 .debug_info    0x00000ef7       0xd9 ..\obj\debug.o
 .debug_info    0x00000fd0       0xb9 ..\obj\cpu.o
 .debug_info    0x00001089       0xdf ..\obj\systick.o

.debug_abbrev   0x00000000      0x8c0
 .debug_abbrev  0x00000000       0xf0 ..\obj\main.o
 .debug_abbrev  0x000000f0       0xc2 ..\obj\communication_task.o
 .debug_abbrev  0x000001b2       0x89 ..\obj\encoder.o
 .debug_abbrev  0x0000023b      0x1f9 ..\obj\uartprintf.o
 .debug_abbrev  0x00000434       0x33 ..\obj\gpio.o
 .debug_abbrev  0x00000467      0x12a ..\obj\schedule.o
 .debug_abbrev  0x00000591       0xb0 ..\obj\startup_lm3s.o
 .debug_abbrev  0x00000641      0x120 ..\obj\queue.o
 .debug_abbrev  0x00000761       0x7a ..\obj\debug.o
 .debug_abbrev  0x000007db       0x67 ..\obj\cpu.o
 .debug_abbrev  0x00000842       0x7e ..\obj\systick.o

.debug_aranges  0x00000000      0x270
 .debug_aranges
                0x00000000       0x30 ..\obj\main.o
 .debug_aranges
                0x00000030       0x28 ..\obj\communication_task.o
 .debug_aranges
                0x00000058       0x28 ..\obj\encoder.o
 .debug_aranges
                0x00000080       0x68 ..\obj\uartprintf.o
 .debug_aranges
                0x000000e8       0x20 ..\obj\gpio.o
 .debug_aranges
                0x00000108       0x68 ..\obj\schedule.o
 .debug_aranges
                0x00000170       0x28 ..\obj\startup_lm3s.o
 .debug_aranges
                0x00000198       0x48 ..\obj\queue.o
 .debug_aranges
                0x000001e0       0x28 ..\obj\debug.o
 .debug_aranges
                0x00000208       0x30 ..\obj\cpu.o
 .debug_aranges
                0x00000238       0x38 ..\obj\systick.o

.debug_ranges   0x00000000      0x1c0
 .debug_ranges  0x00000000       0x20 ..\obj\main.o
 .debug_ranges  0x00000020       0x18 ..\obj\communication_task.o
 .debug_ranges  0x00000038       0x18 ..\obj\encoder.o
 .debug_ranges  0x00000050       0x58 ..\obj\uartprintf.o
 .debug_ranges  0x000000a8       0x10 ..\obj\gpio.o
 .debug_ranges  0x000000b8       0x58 ..\obj\schedule.o
 .debug_ranges  0x00000110       0x18 ..\obj\startup_lm3s.o
 .debug_ranges  0x00000128       0x38 ..\obj\queue.o
 .debug_ranges  0x00000160       0x18 ..\obj\debug.o
 .debug_ranges  0x00000178       0x20 ..\obj\cpu.o
 .debug_ranges  0x00000198       0x28 ..\obj\systick.o

.debug_line     0x00000000      0xf70
 .debug_line    0x00000000      0x17e ..\obj\main.o
 .debug_line    0x0000017e      0x12d ..\obj\communication_task.o
 .debug_line    0x000002ab      0x122 ..\obj\encoder.o
 .debug_line    0x000003cd      0x367 ..\obj\uartprintf.o
 .debug_line    0x00000734       0x92 ..\obj\gpio.o
 .debug_line    0x000007c6      0x1fa ..\obj\schedule.o
 .debug_line    0x000009c0       0xb6 ..\obj\startup_lm3s.o
 .debug_line    0x00000a76      0x173 ..\obj\queue.o
 .debug_line    0x00000be9      0x115 ..\obj\debug.o
 .debug_line    0x00000cfe      0x140 ..\obj\cpu.o
 .debug_line    0x00000e3e      0x132 ..\obj\systick.o

.debug_str      0x00000000      0x9fd
 .debug_str     0x00000000      0x22f ..\obj\main.o
                                0x273 (size before relaxing)
 .debug_str     0x0000022f       0xaa ..\obj\communication_task.o
                                0x259 (size before relaxing)
 .debug_str     0x000002d9       0x84 ..\obj\encoder.o
                                0x22d (size before relaxing)
 .debug_str     0x0000035d      0x1b7 ..\obj\uartprintf.o
                                0x3ad (size before relaxing)
 .debug_str     0x00000514       0x59 ..\obj\gpio.o
                                0x163 (size before relaxing)
 .debug_str     0x0000056d      0x13c ..\obj\schedule.o
                                0x263 (size before relaxing)
 .debug_str     0x000006a9       0xcd ..\obj\startup_lm3s.o
                                0x164 (size before relaxing)
 .debug_str     0x00000776       0xc3 ..\obj\queue.o
                                0x2ad (size before relaxing)
 .debug_str     0x00000839       0x93 ..\obj\debug.o
                                0x19f (size before relaxing)
 .debug_str     0x000008cc       0x92 ..\obj\cpu.o
                                0x199 (size before relaxing)
 .debug_str     0x0000095e       0x9f ..\obj\systick.o
                                0x1b2 (size before relaxing)

.comment        0x00000000       0x70
 .comment       0x00000000       0x70 ..\obj\main.o
                                 0x71 (size before relaxing)
 .comment       0x00000000       0x71 ..\obj\communication_task.o
 .comment       0x00000000       0x71 ..\obj\encoder.o
 .comment       0x00000000       0x71 ..\obj\uartprintf.o
 .comment       0x00000000       0x71 ..\obj\gpio.o
 .comment       0x00000000       0x71 ..\obj\schedule.o
 .comment       0x00000000       0x71 ..\obj\startup_lm3s.o
 .comment       0x00000000       0x71 ..\obj\queue.o
 .comment       0x00000000       0x71 ..\obj\debug.o
 .comment       0x00000000       0x71 ..\obj\cpu.o
 .comment       0x00000000       0x71 ..\obj\systick.o

.ARM.attributes
                0x00000000       0x31
 .ARM.attributes
                0x00000000       0x33 ..\obj\main.o
 .ARM.attributes
                0x00000033       0x33 ..\obj\communication_task.o
 .ARM.attributes
                0x00000066       0x33 ..\obj\encoder.o
 .ARM.attributes
                0x00000099       0x33 ..\obj\uartprintf.o
 .ARM.attributes
                0x000000cc       0x33 ..\obj\gpio.o
 .ARM.attributes
                0x000000ff       0x33 ..\obj\schedule.o
 .ARM.attributes
                0x00000132       0x33 ..\obj\startup_lm3s.o
 .ARM.attributes
                0x00000165       0x33 ..\obj\queue.o
 .ARM.attributes
                0x00000198       0x33 ..\obj\debug.o
 .ARM.attributes
                0x000001cb       0x33 ..\obj\cpu.o
 .ARM.attributes
                0x000001fe       0x33 ..\obj\systick.o
 .ARM.attributes
                0x00000231       0x2d c:/program files (x86)/gnu tools arm embedded/4.8 2013q4/bin/../lib/gcc/arm-none-eabi/4.8.3/../../../../arm-none-eabi/lib/armv7-m\libc.a(lib_a-calloc.o)
 .ARM.attributes
                0x0000025e       0x2d c:/program files (x86)/gnu tools arm embedded/4.8 2013q4/bin/../lib/gcc/arm-none-eabi/4.8.3/../../../../arm-none-eabi/lib/armv7-m\libc.a(lib_a-callocr.o)
 .ARM.attributes
                0x0000028b       0x2d c:/program files (x86)/gnu tools arm embedded/4.8 2013q4/bin/../lib/gcc/arm-none-eabi/4.8.3/../../../../arm-none-eabi/lib/armv7-m\libc.a(lib_a-impure.o)
 .ARM.attributes
                0x000002b8       0x2d c:/program files (x86)/gnu tools arm embedded/4.8 2013q4/bin/../lib/gcc/arm-none-eabi/4.8.3/../../../../arm-none-eabi/lib/armv7-m\libc.a(lib_a-mallocr.o)
 .ARM.attributes
                0x000002e5       0x1b c:/program files (x86)/gnu tools arm embedded/4.8 2013q4/bin/../lib/gcc/arm-none-eabi/4.8.3/../../../../arm-none-eabi/lib/armv7-m\libc.a(lib_a-memcpy.o)
 .ARM.attributes
                0x00000300       0x2d c:/program files (x86)/gnu tools arm embedded/4.8 2013q4/bin/../lib/gcc/arm-none-eabi/4.8.3/../../../../arm-none-eabi/lib/armv7-m\libc.a(lib_a-memset.o)
 .ARM.attributes
                0x0000032d       0x2d c:/program files (x86)/gnu tools arm embedded/4.8 2013q4/bin/../lib/gcc/arm-none-eabi/4.8.3/../../../../arm-none-eabi/lib/armv7-m\libc.a(lib_a-mlock.o)
 .ARM.attributes
                0x0000035a       0x2d c:/program files (x86)/gnu tools arm embedded/4.8 2013q4/bin/../lib/gcc/arm-none-eabi/4.8.3/../../../../arm-none-eabi/lib/armv7-m\libc.a(lib_a-sbrkr.o)
 .ARM.attributes
                0x00000387       0x2d c:/program files (x86)/gnu tools arm embedded/4.8 2013q4/bin/../lib/gcc/arm-none-eabi/4.8.3/../../../../arm-none-eabi/lib/armv7-m\libc.a(lib_a-freer.o)
 .ARM.attributes
                0x000003b4       0x2d c:/program files (x86)/gnu tools arm embedded/4.8 2013q4/bin/../lib/gcc/arm-none-eabi/4.8.3/../../../../arm-none-eabi/lib/armv7-m\libc.a(lib_a-reent.o)
 .ARM.attributes
                0x000003e1       0x2d c:/program files (x86)/gnu tools arm embedded/4.8 2013q4/bin/../lib/gcc/arm-none-eabi/4.8.3/../../../../arm-none-eabi/lib/armv7-m\librdimon.a(rdimon-syscalls.o)
 .ARM.attributes
                0x0000040e       0x2d c:/program files (x86)/gnu tools arm embedded/4.8 2013q4/bin/../lib/gcc/arm-none-eabi/4.8.3/../../../../arm-none-eabi/lib/armv7-m\libg.a(lib_a-errno.o)
 .ARM.attributes
                0x0000043b       0x2d c:/program files (x86)/gnu tools arm embedded/4.8 2013q4/bin/../lib/gcc/arm-none-eabi/4.8.3/../../../../arm-none-eabi/lib/armv7-m\libg.a(lib_a-findfp.o)
 .ARM.attributes
                0x00000468       0x2d c:/program files (x86)/gnu tools arm embedded/4.8 2013q4/bin/../lib/gcc/arm-none-eabi/4.8.3/../../../../arm-none-eabi/lib/armv7-m\libg.a(lib_a-fwalk.o)
 .ARM.attributes
                0x00000495       0x2d c:/program files (x86)/gnu tools arm embedded/4.8 2013q4/bin/../lib/gcc/arm-none-eabi/4.8.3/../../../../arm-none-eabi/lib/armv7-m\libg.a(lib_a-stdio.o)
 .ARM.attributes
                0x000004c2       0x2d c:/program files (x86)/gnu tools arm embedded/4.8 2013q4/bin/../lib/gcc/arm-none-eabi/4.8.3/../../../../arm-none-eabi/lib/armv7-m\libg.a(lib_a-strlen.o)
 .ARM.attributes
                0x000004ef       0x2d c:/program files (x86)/gnu tools arm embedded/4.8 2013q4/bin/../lib/gcc/arm-none-eabi/4.8.3/../../../../arm-none-eabi/lib/armv7-m\libg.a(lib_a-writer.o)
 .ARM.attributes
                0x0000051c       0x2d c:/program files (x86)/gnu tools arm embedded/4.8 2013q4/bin/../lib/gcc/arm-none-eabi/4.8.3/../../../../arm-none-eabi/lib/armv7-m\libg.a(lib_a-closer.o)
 .ARM.attributes
                0x00000549       0x2d c:/program files (x86)/gnu tools arm embedded/4.8 2013q4/bin/../lib/gcc/arm-none-eabi/4.8.3/../../../../arm-none-eabi/lib/armv7-m\libg.a(lib_a-fclose.o)
 .ARM.attributes
                0x00000576       0x2d c:/program files (x86)/gnu tools arm embedded/4.8 2013q4/bin/../lib/gcc/arm-none-eabi/4.8.3/../../../../arm-none-eabi/lib/armv7-m\libg.a(lib_a-fflush.o)
 .ARM.attributes
                0x000005a3       0x2d c:/program files (x86)/gnu tools arm embedded/4.8 2013q4/bin/../lib/gcc/arm-none-eabi/4.8.3/../../../../arm-none-eabi/lib/armv7-m\libg.a(lib_a-lseekr.o)
 .ARM.attributes
                0x000005d0       0x2d c:/program files (x86)/gnu tools arm embedded/4.8 2013q4/bin/../lib/gcc/arm-none-eabi/4.8.3/../../../../arm-none-eabi/lib/armv7-m\libg.a(lib_a-readr.o)

.debug_frame    0x00000000      0xdac
 .debug_frame   0x00000000       0x68 ..\obj\main.o
 .debug_frame   0x00000068       0x48 ..\obj\communication_task.o
 .debug_frame   0x000000b0       0x48 ..\obj\encoder.o
 .debug_frame   0x000000f8      0x140 ..\obj\uartprintf.o
 .debug_frame   0x00000238       0x28 ..\obj\gpio.o
 .debug_frame   0x00000260      0x12c ..\obj\schedule.o
 .debug_frame   0x0000038c       0x48 ..\obj\startup_lm3s.o
 .debug_frame   0x000003d4       0xcc ..\obj\queue.o
 .debug_frame   0x000004a0       0x48 ..\obj\debug.o
 .debug_frame   0x000004e8       0x5c ..\obj\cpu.o
 .debug_frame   0x00000544       0x74 ..\obj\systick.o
 .debug_frame   0x000005b8       0x20 c:/program files (x86)/gnu tools arm embedded/4.8 2013q4/bin/../lib/gcc/arm-none-eabi/4.8.3/../../../../arm-none-eabi/lib/armv7-m\libc.a(lib_a-calloc.o)
 .debug_frame   0x000005d8       0x28 c:/program files (x86)/gnu tools arm embedded/4.8 2013q4/bin/../lib/gcc/arm-none-eabi/4.8.3/../../../../arm-none-eabi/lib/armv7-m\libc.a(lib_a-callocr.o)
 .debug_frame   0x00000600       0x38 c:/program files (x86)/gnu tools arm embedded/4.8 2013q4/bin/../lib/gcc/arm-none-eabi/4.8.3/../../../../arm-none-eabi/lib/armv7-m\libc.a(lib_a-mallocr.o)
 .debug_frame   0x00000638       0x2c c:/program files (x86)/gnu tools arm embedded/4.8 2013q4/bin/../lib/gcc/arm-none-eabi/4.8.3/../../../../arm-none-eabi/lib/armv7-m\libc.a(lib_a-memset.o)
 .debug_frame   0x00000664       0x30 c:/program files (x86)/gnu tools arm embedded/4.8 2013q4/bin/../lib/gcc/arm-none-eabi/4.8.3/../../../../arm-none-eabi/lib/armv7-m\libc.a(lib_a-mlock.o)
 .debug_frame   0x00000694       0x2c c:/program files (x86)/gnu tools arm embedded/4.8 2013q4/bin/../lib/gcc/arm-none-eabi/4.8.3/../../../../arm-none-eabi/lib/armv7-m\libc.a(lib_a-sbrkr.o)
 .debug_frame   0x000006c0       0x50 c:/program files (x86)/gnu tools arm embedded/4.8 2013q4/bin/../lib/gcc/arm-none-eabi/4.8.3/../../../../arm-none-eabi/lib/armv7-m\libc.a(lib_a-freer.o)
 .debug_frame   0x00000710       0x48 c:/program files (x86)/gnu tools arm embedded/4.8 2013q4/bin/../lib/gcc/arm-none-eabi/4.8.3/../../../../arm-none-eabi/lib/armv7-m\libc.a(lib_a-reent.o)
 .debug_frame   0x00000758      0x2e8 c:/program files (x86)/gnu tools arm embedded/4.8 2013q4/bin/../lib/gcc/arm-none-eabi/4.8.3/../../../../arm-none-eabi/lib/armv7-m\librdimon.a(rdimon-syscalls.o)
 .debug_frame   0x00000a40       0x20 c:/program files (x86)/gnu tools arm embedded/4.8 2013q4/bin/../lib/gcc/arm-none-eabi/4.8.3/../../../../arm-none-eabi/lib/armv7-m\libg.a(lib_a-errno.o)
 .debug_frame   0x00000a60      0x110 c:/program files (x86)/gnu tools arm embedded/4.8 2013q4/bin/../lib/gcc/arm-none-eabi/4.8.3/../../../../arm-none-eabi/lib/armv7-m\libg.a(lib_a-findfp.o)
 .debug_frame   0x00000b70       0x54 c:/program files (x86)/gnu tools arm embedded/4.8 2013q4/bin/../lib/gcc/arm-none-eabi/4.8.3/../../../../arm-none-eabi/lib/armv7-m\libg.a(lib_a-fwalk.o)
 .debug_frame   0x00000bc4       0x80 c:/program files (x86)/gnu tools arm embedded/4.8 2013q4/bin/../lib/gcc/arm-none-eabi/4.8.3/../../../../arm-none-eabi/lib/armv7-m\libg.a(lib_a-stdio.o)
 .debug_frame   0x00000c44       0x20 c:/program files (x86)/gnu tools arm embedded/4.8 2013q4/bin/../lib/gcc/arm-none-eabi/4.8.3/../../../../arm-none-eabi/lib/armv7-m\libg.a(lib_a-strlen.o)
 .debug_frame   0x00000c64       0x2c c:/program files (x86)/gnu tools arm embedded/4.8 2013q4/bin/../lib/gcc/arm-none-eabi/4.8.3/../../../../arm-none-eabi/lib/armv7-m\libg.a(lib_a-writer.o)
 .debug_frame   0x00000c90       0x2c c:/program files (x86)/gnu tools arm embedded/4.8 2013q4/bin/../lib/gcc/arm-none-eabi/4.8.3/../../../../arm-none-eabi/lib/armv7-m\libg.a(lib_a-closer.o)
 .debug_frame   0x00000cbc       0x3c c:/program files (x86)/gnu tools arm embedded/4.8 2013q4/bin/../lib/gcc/arm-none-eabi/4.8.3/../../../../arm-none-eabi/lib/armv7-m\libg.a(lib_a-fclose.o)
 .debug_frame   0x00000cf8       0x5c c:/program files (x86)/gnu tools arm embedded/4.8 2013q4/bin/../lib/gcc/arm-none-eabi/4.8.3/../../../../arm-none-eabi/lib/armv7-m\libg.a(lib_a-fflush.o)
 .debug_frame   0x00000d54       0x2c c:/program files (x86)/gnu tools arm embedded/4.8 2013q4/bin/../lib/gcc/arm-none-eabi/4.8.3/../../../../arm-none-eabi/lib/armv7-m\libg.a(lib_a-lseekr.o)
 .debug_frame   0x00000d80       0x2c c:/program files (x86)/gnu tools arm embedded/4.8 2013q4/bin/../lib/gcc/arm-none-eabi/4.8.3/../../../../arm-none-eabi/lib/armv7-m\libg.a(lib_a-readr.o)
