AR encoder behavioral "C:/Users/Lukas Schwartz/Documents/GitHub/Projekt-2014/Encoder/encoder.vhd" sub00/vhpl01 1396009276
EN displayselect_4_7segdisp NULL "C:/Users/Lukas Schwartz/Documents/GitHub/Projekt-2014/Encoder/DisplaySelect_4.vhd" sub00/vhpl04 1396009273
EN displayhex NULL "C:/Users/Lukas Schwartz/Documents/GitHub/Projekt-2014/Encoder/DisplayHex.vhd" sub00/vhpl02 1396009271
EN encoder NULL "C:/Users/Lukas Schwartz/Documents/GitHub/Projekt-2014/Encoder/encoder.vhd" sub00/vhpl00 1396009275
AR displayhex behavioral "C:/Users/Lukas Schwartz/Documents/GitHub/Projekt-2014/Encoder/DisplayHex.vhd" sub00/vhpl03 1396009272
AR displayselect_4_7segdisp behavioral "C:/Users/Lukas Schwartz/Documents/GitHub/Projekt-2014/Encoder/DisplaySelect_4.vhd" sub00/vhpl05 1396009274
