V3 11
FL "C:/Users/Lukas Schwartz/Documents/GitHub/Projekt-2014/Encoder/DisplayHex.vhd" 2014/03/26.09:19:44 P.20131013
EN work/DisplayHex 1396009271 \
      FL "C:/Users/Lukas Schwartz/Documents/GitHub/Projekt-2014/Encoder/DisplayHex.vhd" \
      PB ieee/std_logic_1164 1381692176 PB ieee/std_logic_arith 1381692177 \
      PB ieee/STD_LOGIC_UNSIGNED 1381692179
AR work/DisplayHex/Behavioral 1396009272 \
      FL "C:/Users/Lukas Schwartz/Documents/GitHub/Projekt-2014/Encoder/DisplayHex.vhd" \
      EN work/DisplayHex 1396009271
FL "C:/Users/Lukas Schwartz/Documents/GitHub/Projekt-2014/Encoder/DisplaySelect_4.vhd" 2014/03/26.09:19:44 P.20131013
EN work/DisplaySelect_4_7segDisp 1396009273 \
      FL "C:/Users/Lukas Schwartz/Documents/GitHub/Projekt-2014/Encoder/DisplaySelect_4.vhd" \
      PB ieee/std_logic_1164 1381692176 PB ieee/std_logic_arith 1381692177 \
      PB ieee/STD_LOGIC_UNSIGNED 1381692179
AR work/DisplaySelect_4_7segDisp/Behavioral 1396009274 \
      FL "C:/Users/Lukas Schwartz/Documents/GitHub/Projekt-2014/Encoder/DisplaySelect_4.vhd" \
      EN work/DisplaySelect_4_7segDisp 1396009273
FL "C:/Users/Lukas Schwartz/Documents/GitHub/Projekt-2014/Encoder/encoder.vhd" 2014/03/28.13:21:07 P.20131013
EN work/Encoder 1396009275 \
      FL "C:/Users/Lukas Schwartz/Documents/GitHub/Projekt-2014/Encoder/encoder.vhd" \
      PB ieee/std_logic_1164 1381692176 PB ieee/std_logic_arith 1381692177 \
      PB ieee/STD_LOGIC_UNSIGNED 1381692179
AR work/Encoder/Behavioral 1396009276 \
      FL "C:/Users/Lukas Schwartz/Documents/GitHub/Projekt-2014/Encoder/encoder.vhd" \
      EN work/Encoder 1396009275 CP DisplayHex CP DisplaySelect_4_7segDisp
