--------------------------------------------------------------------------------
Release 14.7 Trace  (nt64)
Copyright (c) 1995-2013 Xilinx, Inc.  All rights reserved.

C:\Xilinx\14.7\ISE_DS\ISE\bin\nt64\unwrapped\trce.exe -intstyle ise -v 3 -s 4
-n 3 -fastpaths -xml fpga_main.twx fpga_main.ncd -o fpga_main.twr fpga_main.pcf
-ucf ports.ucf

Design file:              fpga_main.ncd
Physical constraint file: fpga_main.pcf
Device,package,speed:     xc3s100e,tq144,-4 (PRODUCTION 1.27 2013-10-13)
Report level:             verbose report

Environment Variable      Effect 
--------------------      ------ 
NONE                      No environment variables were set
--------------------------------------------------------------------------------

INFO:Timing:2698 - No timing constraints found, doing default enumeration.
INFO:Timing:3412 - To improve timing, see the Timing Closure User Guide (UG612).
INFO:Timing:2752 - To get complete path coverage, use the unconstrained paths 
   option. All paths that are not constrained will be reported in the 
   unconstrained paths section(s) of the report.
INFO:Timing:3339 - The clock-to-out numbers in this timing report are based on 
   a 50 Ohm transmission line loading model.  For the details of this model, 
   and for more information on accounting for different loading conditions, 
   please see the device datasheet.
INFO:Timing:3390 - This architecture does not support a default System Jitter 
   value, please add SYSTEM_JITTER constraint to the UCF to modify the Clock 
   Uncertainty calculation.
INFO:Timing:3389 - This architecture does not support 'Discrete Jitter' and 
   'Phase Error' calculations, these terms will be zero in the Clock 
   Uncertainty calculation.  Please make appropriate modification to 
   SYSTEM_JITTER to account for the unsupported Discrete Jitter and Phase 
   Error.



Data Sheet report:
-----------------
All values displayed in nanoseconds (ns)

Setup/Hold to clock Clk
------------+------------+------------+------------------+--------+
            |Max Setup to|Max Hold to |                  | Clock  |
Source      | clk (edge) | clk (edge) |Internal Clock(s) | Phase  |
------------+------------+------------+------------------+--------+
BTN<2>      |    3.092(R)|   -0.642(R)|Clk_BUFGP         |   0.000|
BTN<3>      |    1.592(R)|    0.628(R)|Clk_BUFGP         |   0.000|
HallA<0>    |    5.631(R)|   -0.108(R)|Clk_BUFGP         |   0.000|
HallA<1>    |    7.063(R)|   -0.223(R)|Clk_BUFGP         |   0.000|
HallA<2>    |    2.440(R)|   -0.081(R)|Clk_BUFGP         |   0.000|
HallB<0>    |    5.188(R)|    0.458(R)|Clk_BUFGP         |   0.000|
HallB<1>    |    4.594(R)|    0.449(R)|Clk_BUFGP         |   0.000|
HallB<2>    |    3.659(R)|    0.506(R)|Clk_BUFGP         |   0.000|
------------+------------+------------+------------------+--------+

Setup/Hold to clock SPI_MClk
------------+------------+------------+------------------+--------+
            |Max Setup to|Max Hold to |                  | Clock  |
Source      | clk (edge) | clk (edge) |Internal Clock(s) | Phase  |
------------+------------+------------+------------------+--------+
SPI_MOSI    |   -0.017(R)|    1.594(R)|SPI_MClk_BUFGP    |   0.000|
------------+------------+------------+------------------+--------+

Clock Clk to Pad
------------+------------+------------------+--------+
            | clk (edge) |                  | Clock  |
Destination |   to PAD   |Internal Clock(s) | Phase  |
------------+------------+------------------+--------+
AN<0>       |    9.421(R)|Clk_BUFGP         |   0.000|
AN<1>       |    9.487(R)|Clk_BUFGP         |   0.000|
AN<2>       |    9.447(R)|Clk_BUFGP         |   0.000|
AN<3>       |    9.701(R)|Clk_BUFGP         |   0.000|
MotorA<0>   |   16.335(R)|Clk_BUFGP         |   0.000|
MotorA<1>   |   17.406(R)|Clk_BUFGP         |   0.000|
MotorA<2>   |   10.902(R)|Clk_BUFGP         |   0.000|
MotorB<0>   |   17.406(R)|Clk_BUFGP         |   0.000|
MotorB<1>   |   17.997(R)|Clk_BUFGP         |   0.000|
MotorB<2>   |   10.206(R)|Clk_BUFGP         |   0.000|
Seg<0>      |   15.189(R)|Clk_BUFGP         |   0.000|
Seg<1>      |   14.584(R)|Clk_BUFGP         |   0.000|
Seg<2>      |   13.820(R)|Clk_BUFGP         |   0.000|
Seg<3>      |   14.277(R)|Clk_BUFGP         |   0.000|
Seg<4>      |   14.688(R)|Clk_BUFGP         |   0.000|
Seg<5>      |   14.543(R)|Clk_BUFGP         |   0.000|
Seg<6>      |   14.093(R)|Clk_BUFGP         |   0.000|
------------+------------+------------------+--------+

Clock SPI_MClk to Pad
------------+------------+------------------+--------+
            | clk (edge) |                  | Clock  |
Destination |   to PAD   |Internal Clock(s) | Phase  |
------------+------------+------------------+--------+
SPI_MISO    |    8.951(F)|SPI_MClk_BUFGP    |   0.000|
------------+------------+------------------+--------+

Clock SPI_SS to Pad
------------+------------+------------------+--------+
            | clk (edge) |                  | Clock  |
Destination |   to PAD   |Internal Clock(s) | Phase  |
------------+------------+------------------+--------+
LED<0>      |    6.021(R)|SPI_SS_IBUF       |   0.000|
LED<1>      |    6.021(R)|SPI_SS_IBUF       |   0.000|
LED<2>      |    6.028(R)|SPI_SS_IBUF       |   0.000|
LED<3>      |    6.028(R)|SPI_SS_IBUF       |   0.000|
LED<4>      |    6.034(R)|SPI_SS_IBUF       |   0.000|
LED<5>      |    6.034(R)|SPI_SS_IBUF       |   0.000|
LED<6>      |    6.037(R)|SPI_SS_IBUF       |   0.000|
LED<7>      |    6.037(R)|SPI_SS_IBUF       |   0.000|
MotorA<0>   |   16.050(R)|SPI_SS_IBUF       |   0.000|
MotorA<1>   |   17.121(R)|SPI_SS_IBUF       |   0.000|
MotorA<2>   |    9.722(R)|SPI_SS_IBUF       |   0.000|
MotorB<0>   |   15.644(R)|SPI_SS_IBUF       |   0.000|
MotorB<1>   |   16.235(R)|SPI_SS_IBUF       |   0.000|
MotorB<2>   |    9.514(R)|SPI_SS_IBUF       |   0.000|
------------+------------+------------------+--------+

Clock to Setup on destination clock Clk
---------------+---------+---------+---------+---------+
               | Src:Rise| Src:Fall| Src:Rise| Src:Fall|
Source Clock   |Dest:Rise|Dest:Rise|Dest:Fall|Dest:Fall|
---------------+---------+---------+---------+---------+
Clk            |   10.006|         |         |         |
SPI_SS         |    9.501|         |         |         |
---------------+---------+---------+---------+---------+

Clock to Setup on destination clock SPI_MClk
---------------+---------+---------+---------+---------+
               | Src:Rise| Src:Fall| Src:Rise| Src:Fall|
Source Clock   |Dest:Rise|Dest:Rise|Dest:Fall|Dest:Fall|
---------------+---------+---------+---------+---------+
SPI_MClk       |    1.978|         |         |    1.867|
SPI_SS         |    0.975|    0.975|    1.067|    1.067|
---------------+---------+---------+---------+---------+

Clock to Setup on destination clock SPI_SS
---------------+---------+---------+---------+---------+
               | Src:Rise| Src:Fall| Src:Rise| Src:Fall|
Source Clock   |Dest:Rise|Dest:Rise|Dest:Fall|Dest:Fall|
---------------+---------+---------+---------+---------+
Clk            |    4.336|         |         |         |
SPI_MClk       |    5.778|         |         |         |
SPI_SS         |    2.844|         |         |         |
---------------+---------+---------+---------+---------+

Pad to Pad
---------------+---------------+---------+
Source Pad     |Destination Pad|  Delay  |
---------------+---------------+---------+
BTN<2>         |Seg<0>         |   11.142|
BTN<2>         |Seg<1>         |   10.537|
BTN<2>         |Seg<2>         |   10.404|
BTN<2>         |Seg<3>         |   10.230|
BTN<2>         |Seg<4>         |   10.641|
BTN<2>         |Seg<5>         |   10.496|
BTN<2>         |Seg<6>         |   10.702|
---------------+---------------+---------+


Analysis completed Fri May 09 13:55:27 2014 
--------------------------------------------------------------------------------

Trace Settings:
-------------------------
Trace Settings 

Peak Memory Usage: 166 MB



