Archive member included because of file (symbol)

c:/program files (x86)/gnu tools arm embedded/4.8 2013q4/bin/../lib/gcc/arm-none-eabi/4.8.3/armv7-m\libgcc.a(_arm_addsubdf3.o)
                              ..\obj\control_position_tilt.o (__aeabi_dadd)
c:/program files (x86)/gnu tools arm embedded/4.8 2013q4/bin/../lib/gcc/arm-none-eabi/4.8.3/armv7-m\libgcc.a(_arm_muldivdf3.o)
                              ..\obj\control_position_tilt.o (__aeabi_dmul)
c:/program files (x86)/gnu tools arm embedded/4.8 2013q4/bin/../lib/gcc/arm-none-eabi/4.8.3/armv7-m\libgcc.a(_arm_fixdfsi.o)
                              ..\obj\control_position_tilt.o (__aeabi_d2iz)

Allocating common symbols
Common symbol       size              file

Queue               0x28              ..\obj\spi.o
QueuePositionTilt   0x1               ..\obj\converter.o
QueueGoToPositionPan
                    0x1               ..\obj\converter.o
QueuePositionPan    0x1               ..\obj\converter.o
QueueUARTTX         0x1               ..\obj\spi.o
QueueGoToPositionTilt
                    0x1               ..\obj\converter.o
QueueUARTRX         0x1               ..\obj\spi.o
rtcs_i              0x1               ..\obj\schedule.o
QueueTiltSpeed      0x1               ..\obj\control_position_tilt.o
task_state          0x9               ..\obj\schedule.o
QueuePWMOutTilt     0x1               ..\obj\converter.o
QueueSPIRX          0x1               ..\obj\spi.o
QueueSPITX          0x1               ..\obj\spi.o
task_time           0x12              ..\obj\schedule.o

Discarded input sections

 .text          0x00000000        0x0 ..\obj\spi.o
 .data          0x00000000        0x0 ..\obj\spi.o
 .bss           0x00000000        0x0 ..\obj\spi.o
 .text          0x00000000        0x0 ..\obj\converter.o
 .text          0x00000000        0x0 ..\obj\control_position_tilt.o
 .text          0x00000000        0x0 ..\obj\main.o
 .data          0x00000000        0x0 ..\obj\main.o
 .bss           0x00000000        0x0 ..\obj\main.o
 .text          0x00000000        0x0 ..\obj\communication_task.o
 .data          0x00000000        0x0 ..\obj\communication_task.o
 .bss           0x00000000        0x4 ..\obj\communication_task.o
 .text          0x00000000        0x0 ..\obj\uartprintf.o
 .data          0x00000000        0x0 ..\obj\uartprintf.o
 .bss           0x00000000        0x0 ..\obj\uartprintf.o
 .text          0x00000000        0x0 ..\obj\gpio.o
 .data          0x00000000        0x0 ..\obj\gpio.o
 .bss           0x00000000        0x0 ..\obj\gpio.o
 .text          0x00000000        0x0 ..\obj\schedule.o
 .text._signal_sem
                0x00000000       0x2c ..\obj\schedule.o
 .text._clear_sem
                0x00000000       0x34 ..\obj\schedule.o
 .text._test_sem
                0x00000000       0x3c ..\obj\schedule.o
 .text._time_status
                0x00000000       0x2c ..\obj\schedule.o
 .text._stop    0x00000000       0x24 ..\obj\schedule.o
 .text          0x00000000        0x0 ..\obj\startup_lm3s.o
 .data          0x00000000        0x0 ..\obj\startup_lm3s.o
 .bss           0x00000000        0x0 ..\obj\startup_lm3s.o
 .text          0x00000000        0x0 ..\obj\queue.o
 .data          0x00000000        0x0 ..\obj\queue.o
 .text          0x00000000        0x0 ..\obj\debug.o
 .bss           0x00000000        0x0 ..\obj\debug.o
 .text.debug_pin
                0x00000000       0x78 ..\obj\debug.o
 .text          0x00000000        0x0 ..\obj\cpu.o
 .data          0x00000000        0x0 ..\obj\cpu.o
 .bss           0x00000000        0x0 ..\obj\cpu.o
 .text          0x00000000        0x0 ..\obj\control_speed_tilt.o
 .text          0x00000000        0x0 ..\obj\systick.o
 .data          0x00000000        0x0 ..\obj\systick.o
 .data          0x00000000        0x0 c:/program files (x86)/gnu tools arm embedded/4.8 2013q4/bin/../lib/gcc/arm-none-eabi/4.8.3/armv7-m\libgcc.a(_arm_addsubdf3.o)
 .bss           0x00000000        0x0 c:/program files (x86)/gnu tools arm embedded/4.8 2013q4/bin/../lib/gcc/arm-none-eabi/4.8.3/armv7-m\libgcc.a(_arm_addsubdf3.o)
 .data          0x00000000        0x0 c:/program files (x86)/gnu tools arm embedded/4.8 2013q4/bin/../lib/gcc/arm-none-eabi/4.8.3/armv7-m\libgcc.a(_arm_muldivdf3.o)
 .bss           0x00000000        0x0 c:/program files (x86)/gnu tools arm embedded/4.8 2013q4/bin/../lib/gcc/arm-none-eabi/4.8.3/armv7-m\libgcc.a(_arm_muldivdf3.o)
 .data          0x00000000        0x0 c:/program files (x86)/gnu tools arm embedded/4.8 2013q4/bin/../lib/gcc/arm-none-eabi/4.8.3/armv7-m\libgcc.a(_arm_fixdfsi.o)
 .bss           0x00000000        0x0 c:/program files (x86)/gnu tools arm embedded/4.8 2013q4/bin/../lib/gcc/arm-none-eabi/4.8.3/armv7-m\libgcc.a(_arm_fixdfsi.o)

Memory Configuration

Name             Origin             Length             Attributes
rom              0x00000000         0x00040000         xr
ram              0x20000000         0x00010000         xrw
*default*        0x00000000         0xffffffff

Linker script and memory map

                0x20010000                _eram = 0x20010000

.text           0x00000000     0x2434
 *(.isr_vector)
 .isr_vector    0x00000000      0x100 ..\obj\startup_lm3s.o
                0x00000000                g_pfnVectors
 *(.text*)
 .text.spi_enable
                0x00000100       0x1c ..\obj\spi.o
                0x00000100                spi_enable
 .text.spi_disable
                0x0000011c       0x1c ..\obj\spi.o
                0x0000011c                spi_disable
 .text.spi_init
                0x00000138      0x1c8 ..\obj\spi.o
                0x00000138                spi_init
 .text.init_SPI_RX_task
                0x00000300       0x18 ..\obj\spi.o
                0x00000300                init_SPI_RX_task
 .text.init_SPI_TX_task
                0x00000318       0x18 ..\obj\spi.o
                0x00000318                init_SPI_TX_task
 .text.SPIDataReady
                0x00000330       0x40 ..\obj\spi.o
                0x00000330                SPIDataReady
 .text.SPICharGet
                0x00000370       0x18 ..\obj\spi.o
                0x00000370                SPICharGet
 .text.SPI_RX_task
                0x00000388       0x44 ..\obj\spi.o
                0x00000388                SPI_RX_task
 .text.SPI_TX_task
                0x000003cc       0x3c ..\obj\spi.o
                0x000003cc                SPI_TX_task
 .text.init_converter_task
                0x00000408       0x10 ..\obj\converter.o
                0x00000408                init_converter_task
 .text.converter_task
                0x00000418      0x374 ..\obj\converter.o
                0x00000418                converter_task
 .text.init_tilt_position_task
                0x0000078c       0x10 ..\obj\control_position_tilt.o
                0x0000078c                init_tilt_position_task
 .text.tilt_position_task
                0x0000079c      0x1c0 ..\obj\control_position_tilt.o
                0x0000079c                tilt_position_task
 .text.init_alive_task
                0x0000095c       0x1c ..\obj\main.o
                0x0000095c                init_alive_task
 .text.alive_task
                0x00000978       0x20 ..\obj\main.o
                0x00000978                alive_task
 .text.main     0x00000998       0xc4 ..\obj\main.o
                0x00000998                main
 .text.init_timer0
                0x00000a5c       0xb8 ..\obj\communication_task.o
                0x00000a5c                init_timer0
 .text.Timer0A_IRQHandler
                0x00000b14       0x1c ..\obj\communication_task.o
                0x00000b14                Timer0A_IRQHandler
 .text.init_communication_task
                0x00000b30       0x14 ..\obj\communication_task.o
                0x00000b30                init_communication_task
 .text.communication_task
                0x00000b44       0xb4 ..\obj\communication_task.o
                0x00000b44                communication_task
 .text.init_uart_rx_task
                0x00000bf8       0x10 ..\obj\uartprintf.o
                0x00000bf8                init_uart_rx_task
 .text.init_uart_tx_task
                0x00000c08       0x18 ..\obj\uartprintf.o
                0x00000c08                init_uart_tx_task
 .text.UARTDataReady
                0x00000c20       0x50 ..\obj\uartprintf.o
                0x00000c20                UARTDataReady
 .text.UARTCharGet
                0x00000c70       0x18 ..\obj\uartprintf.o
                0x00000c70                UARTCharGet
 .text.UART_RX_task
                0x00000c88       0x48 ..\obj\uartprintf.o
                0x00000c88                UART_RX_task
 .text.UART_TX_task
                0x00000cd0       0x3c ..\obj\uartprintf.o
                0x00000cd0                UART_TX_task
 .text.uartprintf_init
                0x00000d0c       0xc0 ..\obj\uartprintf.o
                0x00000d0c                uartprintf_init
 .text.UARTCharPut
                0x00000dcc       0x34 ..\obj\uartprintf.o
                0x00000dcc                UARTCharPut
 .text.UARTwrite
                0x00000e00       0x50 ..\obj\uartprintf.o
                0x00000e00                UARTwrite
 .text.UARTprintf
                0x00000e50      0x3f4 ..\obj\uartprintf.o
                0x00000e50                UARTprintf
 .text.gpio_init
                0x00001244       0xb4 ..\obj\gpio.o
                0x00001244                gpio_init
 .text._wait    0x000012f8       0x30 ..\obj\schedule.o
                0x000012f8                _wait
 .text._start   0x00001328       0x40 ..\obj\schedule.o
                0x00001328                _start
 .text.task_setup
                0x00001368       0x40 ..\obj\schedule.o
                0x00001368                task_setup
 .text.init_tasks
                0x000013a8       0x48 ..\obj\schedule.o
                0x000013a8                init_tasks
 .text.start_rtcs_scheduler
                0x000013f0       0xf0 ..\obj\schedule.o
                0x000013f0                start_rtcs_scheduler
 .text.Default_Reset_Handler
                0x000014e0       0x5c ..\obj\startup_lm3s.o
                0x000014e0                Default_Reset_Handler
                0x000014e0                Reset_Handler
 .text.Default_Handler
                0x0000153c        0x8 ..\obj\startup_lm3s.o
                0x0000153c                DebugMon_Handler
                0x0000153c                FlashCtrl_IRQHandler
                0x0000153c                Timer0B_IRQHandler
                0x0000153c                I2C0_IRQHandler
                0x0000153c                HardFault_Handler
                0x0000153c                PendSV_Handler
                0x0000153c                NMI_Handler
                0x0000153c                I2C1_IRQHandler
                0x0000153c                PWMGen0_IRQHandler
                0x0000153c                UART1_IRQHandler
                0x0000153c                CAN1_IRQHandler
                0x0000153c                Timer1B_IRQHandler
                0x0000153c                Watchdog_IRQHandler
                0x0000153c                UART0_IRQHandler
                0x0000153c                SSI0_IRQHandler
                0x0000153c                UsageFault_Handler
                0x0000153c                ADCSeq1_IRQHandler
                0x0000153c                PWMFault_IRQHandler
                0x0000153c                PWMGen1_IRQHandler
                0x0000153c                SSI1_IRQHandler
                0x0000153c                uDMA_IRQHandler
                0x0000153c                GPIOPortC_IRQHandler
                0x0000153c                ADCSeq2_IRQHandler
                0x0000153c                PWMGen2_IRQHandler
                0x0000153c                UART2_IRQHandler
                0x0000153c                uDMAErr_IRQHandler
                0x0000153c                QEI1_IRQHandler
                0x0000153c                QEI0_IRQHandler
                0x0000153c                PWMGen3_IRQHandler
                0x0000153c                GPIOPortD_IRQHandler
                0x0000153c                USB0_IRQHandler
                0x0000153c                MemManage_Handler
                0x0000153c                Ethernet_IRQHandler
                0x0000153c                SVC_Handler
                0x0000153c                Timer3B_IRQHandler
                0x0000153c                Timer3A_IRQHandler
                0x0000153c                GPIOPortA_IRQHandler
                0x0000153c                ADCSeq0_IRQHandler
                0x0000153c                Timer1A_IRQHandler
                0x0000153c                GPIOPortG_IRQHandler
                0x0000153c                ADCSeq3_IRQHandler
                0x0000153c                GPIOPortE_IRQHandler
                0x0000153c                CAN0_IRQHandler
                0x0000153c                Comp0_IRQHandler
                0x0000153c                Comp1_IRQHandler
                0x0000153c                Comp2_IRQHandler
                0x0000153c                GPIOPortF_IRQHandler
                0x0000153c                GPIOPortB_IRQHandler
                0x0000153c                CAN2_IRQHandler
                0x0000153c                GPIOPortH_IRQHandler
                0x0000153c                BusFault_Handler
                0x0000153c                Timer2A_IRQHandler
                0x0000153c                Timer2B_IRQHandler
                0x0000153c                SysCtrl_IRQHandler
                0x0000153c                Hibernate_IRQHandler
 .text.CreateQueueHandle
                0x00001544       0x30 ..\obj\queue.o
                0x00001544                CreateQueueHandle
 .text.QueueSend
                0x00001574       0x48 ..\obj\queue.o
                0x00001574                QueueSend
 .text.QueuePeek
                0x000015bc       0x40 ..\obj\queue.o
                0x000015bc                QueuePeek
 .text.QueueOverwrite
                0x000015fc       0x38 ..\obj\queue.o
                0x000015fc                QueueOverwrite
 .text.QueueEmpty
                0x00001634       0x34 ..\obj\queue.o
                0x00001634                QueueEmpty
 .text.QueueReceive
                0x00001668       0x4c ..\obj\queue.o
                0x00001668                QueueReceive
 .text.debug_pin_red
                0x000016b4       0x78 ..\obj\debug.o
                0x000016b4                debug_pin_red
 .text.clk_system_init
                0x0000172c       0xe4 ..\obj\cpu.o
                0x0000172c                clk_system_init
 .text.enable_global_int
                0x00001810       0x10 ..\obj\cpu.o
                0x00001810                enable_global_int
 .text.disable_global_int
                0x00001820       0x10 ..\obj\cpu.o
                0x00001820                disable_global_int
 .text.init_tilt_speed_task
                0x00001830       0x10 ..\obj\control_speed_tilt.o
                0x00001830                init_tilt_speed_task
 .text.tilt_speed_task
                0x00001840      0x2b8 ..\obj\control_speed_tilt.o
                0x00001840                tilt_speed_task
 .text.SysTick_Handler
                0x00001af8       0x1c ..\obj\systick.o
                0x00001af8                SysTick_Handler
 .text.systick_init
                0x00001b14       0x84 ..\obj\systick.o
                0x00001b14                systick_init
 .text.systick_get
                0x00001b98       0x28 ..\obj\systick.o
                0x00001b98                systick_get
 .text.systick_decrement
                0x00001bc0       0x20 ..\obj\systick.o
                0x00001bc0                systick_decrement
 .text          0x00001be0      0x370 c:/program files (x86)/gnu tools arm embedded/4.8 2013q4/bin/../lib/gcc/arm-none-eabi/4.8.3/armv7-m\libgcc.a(_arm_addsubdf3.o)
                0x00001be0                __aeabi_drsub
                0x00001be8                __aeabi_dsub
                0x00001be8                __subdf3
                0x00001bec                __aeabi_dadd
                0x00001bec                __adddf3
                0x00001e64                __floatunsidf
                0x00001e64                __aeabi_ui2d
                0x00001e84                __floatsidf
                0x00001e84                __aeabi_i2d
                0x00001ea8                __aeabi_f2d
                0x00001ea8                __extendsfdf2
                0x00001ee4                __floatundidf
                0x00001ee4                __aeabi_ul2d
                0x00001ef4                __floatdidf
                0x00001ef4                __aeabi_l2d
 .text          0x00001f50      0x424 c:/program files (x86)/gnu tools arm embedded/4.8 2013q4/bin/../lib/gcc/arm-none-eabi/4.8.3/armv7-m\libgcc.a(_arm_muldivdf3.o)
                0x00001f50                __aeabi_dmul
                0x00001f50                __muldf3
                0x000021a4                __divdf3
                0x000021a4                __aeabi_ddiv
 .text          0x00002374       0x50 c:/program files (x86)/gnu tools arm embedded/4.8 2013q4/bin/../lib/gcc/arm-none-eabi/4.8.3/armv7-m\libgcc.a(_arm_fixdfsi.o)
                0x00002374                __aeabi_d2iz
                0x00002374                __fixdfsi
 *(.init)
 *(.fini)
 *crtbegin.o(.ctors)
 *crtbegin?.o(.ctors)
 *(EXCLUDE_FILE(*crtend.o *crtend?.o) .ctors)
 *(SORT(.ctors.*))
 *(.ctors)
 *crtbegin.o(.dtors)
 *crtbegin?.o(.dtors)
 *(EXCLUDE_FILE(*crtend.o *crtend?.o) .dtors)
 *(SORT(.dtors.*))
 *(.dtors)
 *(.rodata*)
 .rodata        0x000023c4       0x28 ..\obj\spi.o
 .rodata        0x000023ec       0x10 ..\obj\main.o
 .rodata        0x000023fc       0x38 ..\obj\uartprintf.o
 *(.eh_fram e*)

.glue_7         0x00002434        0x0
 .glue_7        0x00000000        0x0 linker stubs

.glue_7t        0x00002434        0x0
 .glue_7t       0x00000000        0x0 linker stubs

.vfp11_veneer   0x00002434        0x0
 .vfp11_veneer  0x00000000        0x0 linker stubs

.v4_bx          0x00002434        0x0
 .v4_bx         0x00000000        0x0 linker stubs

.iplt           0x00002434        0x0
 .iplt          0x00000000        0x0 ..\obj\spi.o

.rel.dyn        0x00002434        0x0
 .rel.iplt      0x00000000        0x0 ..\obj\spi.o

.ARM.extab
 *(.ARM.extab* .gnu.linkonce.armextab.*)
                0x00002434                __exidx_start = .

.ARM.exidx
 *(.ARM.exidx* .gnu.linkonce.armexidx.*)
                0x00002434                __exidx_end = .
                0x00002434                __etext = .
                0x00002434                _sidata = __etext

.data           0x20000000       0x54 load address 0x00002434
                0x20000000                __data_start__ = .
                0x20000000                _sdata = __data_start__
 *(vtable)
 *(.data*)
 .data          0x20000000        0x1 ..\obj\converter.o
                0x20000000                RecieveDecNumState
 *fill*         0x20000001        0x1 
 .data          0x20000002        0x2 ..\obj\control_position_tilt.o
 .data          0x20000004       0x48 ..\obj\schedule.o
                0x20000004                init_task
                0x20000028                task
 .data          0x2000004c        0x2 ..\obj\debug.o
 .data          0x2000004e        0x4 ..\obj\control_speed_tilt.o
                0x20000054                . = ALIGN (0x4)
 *fill*         0x20000052        0x2 
                0x20000054                PROVIDE (__preinit_array_start, .)
 *(.preinit_array)
                0x20000054                PROVIDE (__preinit_array_end, .)
                0x20000054                . = ALIGN (0x4)
                0x20000054                PROVIDE (__init_array_start, .)
 *(SORT(.init_array.*))
 *(.init_array)
                0x20000054                PROVIDE (__init_array_end, .)
                0x20000054                . = ALIGN (0x4)
                0x20000054                PROVIDE (__fini_array_start, .)
 *(SORT(.fini_array.*))
 *(.fini_array)
                0x20000054                PROVIDE (__fini_array_end, .)
 *(.jcr*)
                0x20000054                . = ALIGN (0x4)
                0x20000054                __data_end__ = .
                0x20000054                _edata = __data_end__

.igot.plt       0x20000054        0x0 load address 0x00002488
 .igot.plt      0x00000000        0x0 ..\obj\spi.o

.bss            0x20000054       0x88 load address 0x00002488
                0x20000054                . = ALIGN (0x4)
                0x20000054                __bss_start__ = .
                0x20000054                _sbss = __bss_start__
 *(.bss*)
 .bss           0x20000054        0x8 ..\obj\converter.o
                0x20000054                recieve_state
                0x20000055                motor
                0x20000056                function
 .bss           0x2000005c        0xc ..\obj\control_position_tilt.o
 .bss           0x20000068        0x4 ..\obj\schedule.o
                0x20000068                semaphores
                0x2000006a                current_task
 .bss           0x2000006c        0x1 ..\obj\queue.o
 *fill*         0x2000006d        0x3 
 .bss           0x20000070       0x10 ..\obj\control_speed_tilt.o
 .bss           0x20000080        0x1 ..\obj\systick.o
                0x20000080                tick
 *(COMMON)
 *fill*         0x20000081        0x3 
 COMMON         0x20000084       0x2c ..\obj\spi.o
                0x20000084                Queue
                0x200000ac                QueueUARTTX
                0x200000ad                QueueUARTRX
                0x200000ae                QueueSPIRX
                0x200000af                QueueSPITX
 COMMON         0x200000b0        0x5 ..\obj\converter.o
                0x200000b0                QueuePositionTilt
                0x200000b1                QueueGoToPositionPan
                0x200000b2                QueuePositionPan
                0x200000b3                QueueGoToPositionTilt
                0x200000b4                QueuePWMOutTilt
 COMMON         0x200000b5        0x1 ..\obj\control_position_tilt.o
                0x200000b5                QueueTiltSpeed
 *fill*         0x200000b6        0x2 
 COMMON         0x200000b8       0x22 ..\obj\schedule.o
                0x200000b8                rtcs_i
                0x200000bc                task_state
                0x200000c8                task_time
                0x200000dc                . = ALIGN (0x4)
 *fill*         0x200000da        0x2 
                0x200000dc                __bss_end__ = .
                0x200000dc                _ebss = __bss_end__

.heap           0x200000dc        0x0
                0x200000dc                __end__ = .
                0x200000dc                _end = __end__
                0x200000dc                end = __end__
 *(.heap*)
                0x200000dc                __HeapLimit = .

.co_stack       0x200000dc      0x404 load address 0x00002510
                0x200000e0                . = ALIGN (0x8)
 *fill*         0x200000dc        0x4 
 *(.co_stack .co_stack.*)
 .co_stack      0x200000e0      0x400 ..\obj\startup_lm3s.o
                0x200000e0                pulStack
                0x20010000                __StackTop = (ORIGIN (ram) + 0x10000)
                0x2000fbfc                __StackLimit = (__StackTop - SIZEOF (.co_stack))
                0x20010000                PROVIDE (__stack, __StackTop)
                0x00000001                ASSERT ((__StackLimit >= __HeapLimit), region ram  overflowed with stack)
LOAD ..\obj\spi.o
LOAD ..\obj\converter.o
LOAD ..\obj\control_position_tilt.o
LOAD ..\obj\main.o
LOAD ..\obj\communication_task.o
LOAD ..\obj\uartprintf.o
LOAD ..\obj\gpio.o
LOAD ..\obj\schedule.o
LOAD ..\obj\startup_lm3s.o
LOAD ..\obj\queue.o
LOAD ..\obj\debug.o
LOAD ..\obj\cpu.o
LOAD ..\obj\control_speed_tilt.o
LOAD ..\obj\systick.o
LOAD c:/program files (x86)/gnu tools arm embedded/4.8 2013q4/bin/../lib/gcc/arm-none-eabi/4.8.3/../../../../arm-none-eabi/lib/armv7-m\libm.a
LOAD c:/program files (x86)/gnu tools arm embedded/4.8 2013q4/bin/../lib/gcc/arm-none-eabi/4.8.3/armv7-m\libgcc.a
LOAD c:/program files (x86)/gnu tools arm embedded/4.8 2013q4/bin/../lib/gcc/arm-none-eabi/4.8.3/../../../../arm-none-eabi/lib/armv7-m\libc.a
LOAD c:/program files (x86)/gnu tools arm embedded/4.8 2013q4/bin/../lib/gcc/arm-none-eabi/4.8.3/../../../../arm-none-eabi/lib/armv7-m\librdimon.a
START GROUP
LOAD c:/program files (x86)/gnu tools arm embedded/4.8 2013q4/bin/../lib/gcc/arm-none-eabi/4.8.3/armv7-m\libgcc.a
LOAD c:/program files (x86)/gnu tools arm embedded/4.8 2013q4/bin/../lib/gcc/arm-none-eabi/4.8.3/../../../../arm-none-eabi/lib/armv7-m\libg.a
LOAD c:/program files (x86)/gnu tools arm embedded/4.8 2013q4/bin/../lib/gcc/arm-none-eabi/4.8.3/../../../../arm-none-eabi/lib/armv7-m\libc.a
END GROUP
OUTPUT(SemProjekt_RTCS.elf elf32-littlearm)

.debug_info     0x00000000     0x1a96
 .debug_info    0x00000000      0x229 ..\obj\spi.o
 .debug_info    0x00000229      0x2b6 ..\obj\converter.o
 .debug_info    0x000004df      0x266 ..\obj\control_position_tilt.o
 .debug_info    0x00000745      0x1dd ..\obj\main.o
 .debug_info    0x00000922      0x1e5 ..\obj\communication_task.o
 .debug_info    0x00000b07      0x397 ..\obj\uartprintf.o
 .debug_info    0x00000e9e       0x79 ..\obj\gpio.o
 .debug_info    0x00000f17      0x304 ..\obj\schedule.o
 .debug_info    0x0000121b       0xe9 ..\obj\startup_lm3s.o
 .debug_info    0x00001304      0x25f ..\obj\queue.o
 .debug_info    0x00001563       0xd9 ..\obj\debug.o
 .debug_info    0x0000163c       0xb9 ..\obj\cpu.o
 .debug_info    0x000016f5      0x2c2 ..\obj\control_speed_tilt.o
 .debug_info    0x000019b7       0xdf ..\obj\systick.o

.debug_abbrev   0x00000000      0xbd0
 .debug_abbrev  0x00000000      0x139 ..\obj\spi.o
 .debug_abbrev  0x00000139       0xee ..\obj\converter.o
 .debug_abbrev  0x00000227       0xd5 ..\obj\control_position_tilt.o
 .debug_abbrev  0x000002fc       0xcf ..\obj\main.o
 .debug_abbrev  0x000003cb       0xde ..\obj\communication_task.o
 .debug_abbrev  0x000004a9      0x1c7 ..\obj\uartprintf.o
 .debug_abbrev  0x00000670       0x33 ..\obj\gpio.o
 .debug_abbrev  0x000006a3      0x156 ..\obj\schedule.o
 .debug_abbrev  0x000007f9       0xa7 ..\obj\startup_lm3s.o
 .debug_abbrev  0x000008a0       0xfc ..\obj\queue.o
 .debug_abbrev  0x0000099c       0x7a ..\obj\debug.o
 .debug_abbrev  0x00000a16       0x67 ..\obj\cpu.o
 .debug_abbrev  0x00000a7d       0xd5 ..\obj\control_speed_tilt.o
 .debug_abbrev  0x00000b52       0x7e ..\obj\systick.o

.debug_aranges  0x00000000      0x330
 .debug_aranges
                0x00000000       0x60 ..\obj\spi.o
 .debug_aranges
                0x00000060       0x28 ..\obj\converter.o
 .debug_aranges
                0x00000088       0x28 ..\obj\control_position_tilt.o
 .debug_aranges
                0x000000b0       0x30 ..\obj\main.o
 .debug_aranges
                0x000000e0       0x38 ..\obj\communication_task.o
 .debug_aranges
                0x00000118       0x68 ..\obj\uartprintf.o
 .debug_aranges
                0x00000180       0x20 ..\obj\gpio.o
 .debug_aranges
                0x000001a0       0x68 ..\obj\schedule.o
 .debug_aranges
                0x00000208       0x28 ..\obj\startup_lm3s.o
 .debug_aranges
                0x00000230       0x48 ..\obj\queue.o
 .debug_aranges
                0x00000278       0x28 ..\obj\debug.o
 .debug_aranges
                0x000002a0       0x30 ..\obj\cpu.o
 .debug_aranges
                0x000002d0       0x28 ..\obj\control_speed_tilt.o
 .debug_aranges
                0x000002f8       0x38 ..\obj\systick.o

.debug_ranges   0x00000000      0x250
 .debug_ranges  0x00000000       0x50 ..\obj\spi.o
 .debug_ranges  0x00000050       0x18 ..\obj\converter.o
 .debug_ranges  0x00000068       0x18 ..\obj\control_position_tilt.o
 .debug_ranges  0x00000080       0x20 ..\obj\main.o
 .debug_ranges  0x000000a0       0x28 ..\obj\communication_task.o
 .debug_ranges  0x000000c8       0x58 ..\obj\uartprintf.o
 .debug_ranges  0x00000120       0x10 ..\obj\gpio.o
 .debug_ranges  0x00000130       0x58 ..\obj\schedule.o
 .debug_ranges  0x00000188       0x18 ..\obj\startup_lm3s.o
 .debug_ranges  0x000001a0       0x38 ..\obj\queue.o
 .debug_ranges  0x000001d8       0x18 ..\obj\debug.o
 .debug_ranges  0x000001f0       0x20 ..\obj\cpu.o
 .debug_ranges  0x00000210       0x18 ..\obj\control_speed_tilt.o
 .debug_ranges  0x00000228       0x28 ..\obj\systick.o

.debug_line     0x00000000     0x2f74
 .debug_line    0x00000000      0x3cb ..\obj\spi.o
 .debug_line    0x000003cb      0x512 ..\obj\converter.o
 .debug_line    0x000008dd      0x585 ..\obj\control_position_tilt.o
 .debug_line    0x00000e62      0x61e ..\obj\main.o
 .debug_line    0x00001480      0x423 ..\obj\communication_task.o
 .debug_line    0x000018a3      0x471 ..\obj\uartprintf.o
 .debug_line    0x00001d14       0xe5 ..\obj\gpio.o
 .debug_line    0x00001df9      0x2a2 ..\obj\schedule.o
 .debug_line    0x0000209b      0x109 ..\obj\startup_lm3s.o
 .debug_line    0x000021a4      0x2b8 ..\obj\queue.o
 .debug_line    0x0000245c      0x1bb ..\obj\debug.o
 .debug_line    0x00002617      0x1e6 ..\obj\cpu.o
 .debug_line    0x000027fd      0x59f ..\obj\control_speed_tilt.o
 .debug_line    0x00002d9c      0x1d8 ..\obj\systick.o

.debug_str      0x00000000     0x125e
 .debug_str     0x00000000      0x265 ..\obj\spi.o
                                0x2c1 (size before relaxing)
 .debug_str     0x00000265      0x20e ..\obj\converter.o
                                0x39a (size before relaxing)
 .debug_str     0x00000473      0x14a ..\obj\control_position_tilt.o
                                0x33b (size before relaxing)
 .debug_str     0x000005bd       0xc6 ..\obj\main.o
                                0x2b1 (size before relaxing)
 .debug_str     0x00000683      0x125 ..\obj\communication_task.o
                                0x2de (size before relaxing)
 .debug_str     0x000007a8      0x28f ..\obj\uartprintf.o
                                0x420 (size before relaxing)
 .debug_str     0x00000a37       0xac ..\obj\gpio.o
                                0x1b6 (size before relaxing)
 .debug_str     0x00000ae3      0x19d ..\obj\schedule.o
                                0x2c4 (size before relaxing)
 .debug_str     0x00000c80      0x118 ..\obj\startup_lm3s.o
                                0x1af (size before relaxing)
 .debug_str     0x00000d98      0x110 ..\obj\queue.o
                                0x280 (size before relaxing)
 .debug_str     0x00000ea8       0xd8 ..\obj\debug.o
                                0x1f2 (size before relaxing)
 .debug_str     0x00000f80       0xe6 ..\obj\cpu.o
                                0x1ec (size before relaxing)
 .debug_str     0x00001066      0x106 ..\obj\control_speed_tilt.o
                                0x35c (size before relaxing)
 .debug_str     0x0000116c       0xf2 ..\obj\systick.o
                                0x205 (size before relaxing)

.comment        0x00000000       0x70
 .comment       0x00000000       0x70 ..\obj\spi.o
                                 0x71 (size before relaxing)
 .comment       0x00000000       0x71 ..\obj\converter.o
 .comment       0x00000000       0x71 ..\obj\control_position_tilt.o
 .comment       0x00000000       0x71 ..\obj\main.o
 .comment       0x00000000       0x71 ..\obj\communication_task.o
 .comment       0x00000000       0x71 ..\obj\uartprintf.o
 .comment       0x00000000       0x71 ..\obj\gpio.o
 .comment       0x00000000       0x71 ..\obj\schedule.o
 .comment       0x00000000       0x71 ..\obj\startup_lm3s.o
 .comment       0x00000000       0x71 ..\obj\queue.o
 .comment       0x00000000       0x71 ..\obj\debug.o
 .comment       0x00000000       0x71 ..\obj\cpu.o
 .comment       0x00000000       0x71 ..\obj\control_speed_tilt.o
 .comment       0x00000000       0x71 ..\obj\systick.o

.ARM.attributes
                0x00000000       0x33
 .ARM.attributes
                0x00000000       0x33 ..\obj\spi.o
 .ARM.attributes
                0x00000033       0x33 ..\obj\converter.o
 .ARM.attributes
                0x00000066       0x33 ..\obj\control_position_tilt.o
 .ARM.attributes
                0x00000099       0x33 ..\obj\main.o
 .ARM.attributes
                0x000000cc       0x33 ..\obj\communication_task.o
 .ARM.attributes
                0x000000ff       0x33 ..\obj\uartprintf.o
 .ARM.attributes
                0x00000132       0x33 ..\obj\gpio.o
 .ARM.attributes
                0x00000165       0x33 ..\obj\schedule.o
 .ARM.attributes
                0x00000198       0x33 ..\obj\startup_lm3s.o
 .ARM.attributes
                0x000001cb       0x33 ..\obj\queue.o
 .ARM.attributes
                0x000001fe       0x33 ..\obj\debug.o
 .ARM.attributes
                0x00000231       0x33 ..\obj\cpu.o
 .ARM.attributes
                0x00000264       0x33 ..\obj\control_speed_tilt.o
 .ARM.attributes
                0x00000297       0x33 ..\obj\systick.o
 .ARM.attributes
                0x000002ca       0x1d c:/program files (x86)/gnu tools arm embedded/4.8 2013q4/bin/../lib/gcc/arm-none-eabi/4.8.3/armv7-m\libgcc.a(_arm_addsubdf3.o)
 .ARM.attributes
                0x000002e7       0x1d c:/program files (x86)/gnu tools arm embedded/4.8 2013q4/bin/../lib/gcc/arm-none-eabi/4.8.3/armv7-m\libgcc.a(_arm_muldivdf3.o)
 .ARM.attributes
                0x00000304       0x1d c:/program files (x86)/gnu tools arm embedded/4.8 2013q4/bin/../lib/gcc/arm-none-eabi/4.8.3/armv7-m\libgcc.a(_arm_fixdfsi.o)

.debug_frame    0x00000000      0x784
 .debug_frame   0x00000000      0x10c ..\obj\spi.o
 .debug_frame   0x0000010c       0x4c ..\obj\converter.o
 .debug_frame   0x00000158       0x50 ..\obj\control_position_tilt.o
 .debug_frame   0x000001a8       0x64 ..\obj\main.o
 .debug_frame   0x0000020c       0x80 ..\obj\communication_task.o
 .debug_frame   0x0000028c      0x13c ..\obj\uartprintf.o
 .debug_frame   0x000003c8       0x28 ..\obj\gpio.o
 .debug_frame   0x000003f0      0x12c ..\obj\schedule.o
 .debug_frame   0x0000051c       0x48 ..\obj\startup_lm3s.o
 .debug_frame   0x00000564       0xb4 ..\obj\queue.o
 .debug_frame   0x00000618       0x48 ..\obj\debug.o
 .debug_frame   0x00000660       0x5c ..\obj\cpu.o
 .debug_frame   0x000006bc       0x54 ..\obj\control_speed_tilt.o
 .debug_frame   0x00000710       0x74 ..\obj\systick.o
