Archive member included because of file (symbol)

c:/program files (x86)/gnu tools arm embedded/4.8 2013q4/bin/../lib/gcc/arm-none-eabi/4.8.3/armv7-m\libgcc.a(_arm_addsubdf3.o)
                              ..\obj\control_position_tilt.o (__aeabi_dadd)
c:/program files (x86)/gnu tools arm embedded/4.8 2013q4/bin/../lib/gcc/arm-none-eabi/4.8.3/armv7-m\libgcc.a(_arm_muldivdf3.o)
                              ..\obj\control_position_tilt.o (__aeabi_dmul)
c:/program files (x86)/gnu tools arm embedded/4.8 2013q4/bin/../lib/gcc/arm-none-eabi/4.8.3/armv7-m\libgcc.a(_arm_fixdfsi.o)
                              ..\obj\control_position_tilt.o (__aeabi_d2iz)
c:/program files (x86)/gnu tools arm embedded/4.8 2013q4/bin/../lib/gcc/arm-none-eabi/4.8.3/../../../../arm-none-eabi/lib/armv7-m\libc.a(lib_a-calloc.o)
                              ..\obj\queue.o (calloc)
c:/program files (x86)/gnu tools arm embedded/4.8 2013q4/bin/../lib/gcc/arm-none-eabi/4.8.3/../../../../arm-none-eabi/lib/armv7-m\libc.a(lib_a-callocr.o)
                              c:/program files (x86)/gnu tools arm embedded/4.8 2013q4/bin/../lib/gcc/arm-none-eabi/4.8.3/../../../../arm-none-eabi/lib/armv7-m\libc.a(lib_a-calloc.o) (_calloc_r)
c:/program files (x86)/gnu tools arm embedded/4.8 2013q4/bin/../lib/gcc/arm-none-eabi/4.8.3/../../../../arm-none-eabi/lib/armv7-m\libc.a(lib_a-impure.o)
                              c:/program files (x86)/gnu tools arm embedded/4.8 2013q4/bin/../lib/gcc/arm-none-eabi/4.8.3/../../../../arm-none-eabi/lib/armv7-m\libc.a(lib_a-calloc.o) (_impure_ptr)
c:/program files (x86)/gnu tools arm embedded/4.8 2013q4/bin/../lib/gcc/arm-none-eabi/4.8.3/../../../../arm-none-eabi/lib/armv7-m\libc.a(lib_a-mallocr.o)
                              c:/program files (x86)/gnu tools arm embedded/4.8 2013q4/bin/../lib/gcc/arm-none-eabi/4.8.3/../../../../arm-none-eabi/lib/armv7-m\libc.a(lib_a-callocr.o) (_malloc_r)
c:/program files (x86)/gnu tools arm embedded/4.8 2013q4/bin/../lib/gcc/arm-none-eabi/4.8.3/../../../../arm-none-eabi/lib/armv7-m\libc.a(lib_a-memcpy.o)
                              ..\obj\queue.o (memcpy)
c:/program files (x86)/gnu tools arm embedded/4.8 2013q4/bin/../lib/gcc/arm-none-eabi/4.8.3/../../../../arm-none-eabi/lib/armv7-m\libc.a(lib_a-memset.o)
                              c:/program files (x86)/gnu tools arm embedded/4.8 2013q4/bin/../lib/gcc/arm-none-eabi/4.8.3/../../../../arm-none-eabi/lib/armv7-m\libc.a(lib_a-callocr.o) (memset)
c:/program files (x86)/gnu tools arm embedded/4.8 2013q4/bin/../lib/gcc/arm-none-eabi/4.8.3/../../../../arm-none-eabi/lib/armv7-m\libc.a(lib_a-mlock.o)
                              c:/program files (x86)/gnu tools arm embedded/4.8 2013q4/bin/../lib/gcc/arm-none-eabi/4.8.3/../../../../arm-none-eabi/lib/armv7-m\libc.a(lib_a-mallocr.o) (__malloc_lock)
c:/program files (x86)/gnu tools arm embedded/4.8 2013q4/bin/../lib/gcc/arm-none-eabi/4.8.3/../../../../arm-none-eabi/lib/armv7-m\libc.a(lib_a-sbrkr.o)
                              c:/program files (x86)/gnu tools arm embedded/4.8 2013q4/bin/../lib/gcc/arm-none-eabi/4.8.3/../../../../arm-none-eabi/lib/armv7-m\libc.a(lib_a-mallocr.o) (_sbrk_r)
c:/program files (x86)/gnu tools arm embedded/4.8 2013q4/bin/../lib/gcc/arm-none-eabi/4.8.3/../../../../arm-none-eabi/lib/armv7-m\libc.a(lib_a-freer.o)
                              c:/program files (x86)/gnu tools arm embedded/4.8 2013q4/bin/../lib/gcc/arm-none-eabi/4.8.3/../../../../arm-none-eabi/lib/armv7-m\libc.a(lib_a-mallocr.o) (_free_r)
c:/program files (x86)/gnu tools arm embedded/4.8 2013q4/bin/../lib/gcc/arm-none-eabi/4.8.3/../../../../arm-none-eabi/lib/armv7-m\libc.a(lib_a-reent.o)
                              c:/program files (x86)/gnu tools arm embedded/4.8 2013q4/bin/../lib/gcc/arm-none-eabi/4.8.3/../../../../arm-none-eabi/lib/armv7-m\libc.a(lib_a-sbrkr.o) (errno)
c:/program files (x86)/gnu tools arm embedded/4.8 2013q4/bin/../lib/gcc/arm-none-eabi/4.8.3/../../../../arm-none-eabi/lib/armv7-m\librdimon.a(rdimon-syscalls.o)
                              c:/program files (x86)/gnu tools arm embedded/4.8 2013q4/bin/../lib/gcc/arm-none-eabi/4.8.3/../../../../arm-none-eabi/lib/armv7-m\libc.a(lib_a-sbrkr.o) (_sbrk)
c:/program files (x86)/gnu tools arm embedded/4.8 2013q4/bin/../lib/gcc/arm-none-eabi/4.8.3/../../../../arm-none-eabi/lib/armv7-m\libg.a(lib_a-errno.o)
                              c:/program files (x86)/gnu tools arm embedded/4.8 2013q4/bin/../lib/gcc/arm-none-eabi/4.8.3/../../../../arm-none-eabi/lib/armv7-m\librdimon.a(rdimon-syscalls.o) (__errno)
c:/program files (x86)/gnu tools arm embedded/4.8 2013q4/bin/../lib/gcc/arm-none-eabi/4.8.3/../../../../arm-none-eabi/lib/armv7-m\libg.a(lib_a-findfp.o)
                              c:/program files (x86)/gnu tools arm embedded/4.8 2013q4/bin/../lib/gcc/arm-none-eabi/4.8.3/../../../../arm-none-eabi/lib/armv7-m\librdimon.a(rdimon-syscalls.o) (__sinit)
c:/program files (x86)/gnu tools arm embedded/4.8 2013q4/bin/../lib/gcc/arm-none-eabi/4.8.3/../../../../arm-none-eabi/lib/armv7-m\libg.a(lib_a-fwalk.o)
                              c:/program files (x86)/gnu tools arm embedded/4.8 2013q4/bin/../lib/gcc/arm-none-eabi/4.8.3/../../../../arm-none-eabi/lib/armv7-m\libg.a(lib_a-findfp.o) (_fwalk)
c:/program files (x86)/gnu tools arm embedded/4.8 2013q4/bin/../lib/gcc/arm-none-eabi/4.8.3/../../../../arm-none-eabi/lib/armv7-m\libg.a(lib_a-stdio.o)
                              c:/program files (x86)/gnu tools arm embedded/4.8 2013q4/bin/../lib/gcc/arm-none-eabi/4.8.3/../../../../arm-none-eabi/lib/armv7-m\libg.a(lib_a-findfp.o) (__sread)
c:/program files (x86)/gnu tools arm embedded/4.8 2013q4/bin/../lib/gcc/arm-none-eabi/4.8.3/../../../../arm-none-eabi/lib/armv7-m\libg.a(lib_a-strlen.o)
                              c:/program files (x86)/gnu tools arm embedded/4.8 2013q4/bin/../lib/gcc/arm-none-eabi/4.8.3/../../../../arm-none-eabi/lib/armv7-m\librdimon.a(rdimon-syscalls.o) (strlen)
c:/program files (x86)/gnu tools arm embedded/4.8 2013q4/bin/../lib/gcc/arm-none-eabi/4.8.3/../../../../arm-none-eabi/lib/armv7-m\libg.a(lib_a-writer.o)
                              c:/program files (x86)/gnu tools arm embedded/4.8 2013q4/bin/../lib/gcc/arm-none-eabi/4.8.3/../../../../arm-none-eabi/lib/armv7-m\libg.a(lib_a-stdio.o) (_write_r)
c:/program files (x86)/gnu tools arm embedded/4.8 2013q4/bin/../lib/gcc/arm-none-eabi/4.8.3/../../../../arm-none-eabi/lib/armv7-m\libg.a(lib_a-closer.o)
                              c:/program files (x86)/gnu tools arm embedded/4.8 2013q4/bin/../lib/gcc/arm-none-eabi/4.8.3/../../../../arm-none-eabi/lib/armv7-m\libg.a(lib_a-stdio.o) (_close_r)
c:/program files (x86)/gnu tools arm embedded/4.8 2013q4/bin/../lib/gcc/arm-none-eabi/4.8.3/../../../../arm-none-eabi/lib/armv7-m\libg.a(lib_a-fclose.o)
                              c:/program files (x86)/gnu tools arm embedded/4.8 2013q4/bin/../lib/gcc/arm-none-eabi/4.8.3/../../../../arm-none-eabi/lib/armv7-m\libg.a(lib_a-findfp.o) (fclose)
c:/program files (x86)/gnu tools arm embedded/4.8 2013q4/bin/../lib/gcc/arm-none-eabi/4.8.3/../../../../arm-none-eabi/lib/armv7-m\libg.a(lib_a-fflush.o)
                              c:/program files (x86)/gnu tools arm embedded/4.8 2013q4/bin/../lib/gcc/arm-none-eabi/4.8.3/../../../../arm-none-eabi/lib/armv7-m\libg.a(lib_a-fclose.o) (_fflush_r)
c:/program files (x86)/gnu tools arm embedded/4.8 2013q4/bin/../lib/gcc/arm-none-eabi/4.8.3/../../../../arm-none-eabi/lib/armv7-m\libg.a(lib_a-lseekr.o)
                              c:/program files (x86)/gnu tools arm embedded/4.8 2013q4/bin/../lib/gcc/arm-none-eabi/4.8.3/../../../../arm-none-eabi/lib/armv7-m\libg.a(lib_a-stdio.o) (_lseek_r)
c:/program files (x86)/gnu tools arm embedded/4.8 2013q4/bin/../lib/gcc/arm-none-eabi/4.8.3/../../../../arm-none-eabi/lib/armv7-m\libg.a(lib_a-readr.o)
                              c:/program files (x86)/gnu tools arm embedded/4.8 2013q4/bin/../lib/gcc/arm-none-eabi/4.8.3/../../../../arm-none-eabi/lib/armv7-m\libg.a(lib_a-stdio.o) (_read_r)

Allocating common symbols
Common symbol       size              file

QueuePositionTilt   0xc               ..\obj\main.o
QueueGoToPositionPan
                    0xc               ..\obj\main.o
QueuePositionPan    0xc               ..\obj\main.o
QueuePWMOutPan      0xc               ..\obj\main.o
QueueUARTTX         0xc               ..\obj\main.o
errno               0x4               c:/program files (x86)/gnu tools arm embedded/4.8 2013q4/bin/../lib/gcc/arm-none-eabi/4.8.3/../../../../arm-none-eabi/lib/armv7-m\libc.a(lib_a-reent.o)
QueueGoToPositionTilt
                    0xc               ..\obj\main.o
QueueUARTRX         0xc               ..\obj\main.o
rtcs_i              0x1               ..\obj\schedule.o
QueueTiltSpeed      0xc               ..\obj\main.o
QueuePanSpeed       0xc               ..\obj\main.o
task_state          0xb               ..\obj\schedule.o
QueuePWMOutTilt     0xc               ..\obj\main.o
QueueSPIRX          0xc               ..\obj\main.o
QueueSPITX          0xc               ..\obj\main.o
task_time           0x16              ..\obj\schedule.o

Memory Configuration

Name             Origin             Length             Attributes
rom              0x00000000         0x00040000         xr
ram              0x20000000         0x00010000         xrw
*default*        0x00000000         0xffffffff

Linker script and memory map

                0x20010000                _eram = 0x20010000

.text           0x00000000     0x4668
 *(.isr_vector)
 .isr_vector    0x00000000      0x100 ..\obj\startup_lm3s.o
                0x00000000                g_pfnVectors
 *(.text*)
 .text          0x00000100        0x0 ..\obj\spi.o
 .text.spi_enable
                0x00000100       0x1c ..\obj\spi.o
                0x00000100                spi_enable
 .text.spi_disable
                0x0000011c       0x1c ..\obj\spi.o
                0x0000011c                spi_disable
 .text.spi_init
                0x00000138      0x1c8 ..\obj\spi.o
                0x00000138                spi_init
 .text.init_SPI_RX_task
                0x00000300       0x18 ..\obj\spi.o
                0x00000300                init_SPI_RX_task
 .text.init_SPI_TX_task
                0x00000318       0x18 ..\obj\spi.o
                0x00000318                init_SPI_TX_task
 .text.SPIDataReady
                0x00000330       0x40 ..\obj\spi.o
                0x00000330                SPIDataReady
 .text.SPICharGet
                0x00000370       0x18 ..\obj\spi.o
                0x00000370                SPICharGet
 .text.SPI_RX_task
                0x00000388       0x30 ..\obj\spi.o
                0x00000388                SPI_RX_task
 .text.SPI_TX_task
                0x000003b8       0x3c ..\obj\spi.o
                0x000003b8                SPI_TX_task
 .text          0x000003f4        0x0 ..\obj\converter.o
 .text.init_converter_task
                0x000003f4       0x18 ..\obj\converter.o
                0x000003f4                init_converter_task
 .text.converter_task
                0x0000040c      0x588 ..\obj\converter.o
                0x0000040c                converter_task
 .text          0x00000994        0x0 ..\obj\control_position_tilt.o
 .text.init_tilt_position_task
                0x00000994       0x18 ..\obj\control_position_tilt.o
                0x00000994                init_tilt_position_task
 *fill*         0x000009ac        0x4 
 .text.tilt_position_task
                0x000009b0      0x1d8 ..\obj\control_position_tilt.o
                0x000009b0                tilt_position_task
 .text          0x00000b88        0x0 ..\obj\main.o
 .text.init_alive_task
                0x00000b88       0x1c ..\obj\main.o
                0x00000b88                init_alive_task
 .text.alive_task
                0x00000ba4       0x20 ..\obj\main.o
                0x00000ba4                alive_task
 .text.main     0x00000bc4      0x174 ..\obj\main.o
                0x00000bc4                main
 .text          0x00000d38        0x0 ..\obj\communication_task.o
 .text.init_communication_task
                0x00000d38       0x18 ..\obj\communication_task.o
                0x00000d38                init_communication_task
 .text.communication_task
                0x00000d50       0xd4 ..\obj\communication_task.o
                0x00000d50                communication_task
 .text          0x00000e24        0x0 ..\obj\uartprintf.o
 .text.init_uart_rx_task
                0x00000e24       0x10 ..\obj\uartprintf.o
                0x00000e24                init_uart_rx_task
 .text.init_uart_tx_task
                0x00000e34       0x18 ..\obj\uartprintf.o
                0x00000e34                init_uart_tx_task
 .text.UARTDataReady
                0x00000e4c       0x50 ..\obj\uartprintf.o
                0x00000e4c                UARTDataReady
 .text.UARTCharGet
                0x00000e9c       0x18 ..\obj\uartprintf.o
                0x00000e9c                UARTCharGet
 .text.UART_RX_task
                0x00000eb4       0x40 ..\obj\uartprintf.o
                0x00000eb4                UART_RX_task
 .text.UART_TX_task
                0x00000ef4       0x38 ..\obj\uartprintf.o
                0x00000ef4                UART_TX_task
 .text.uartprintf_init
                0x00000f2c       0xc0 ..\obj\uartprintf.o
                0x00000f2c                uartprintf_init
 .text.UARTCharPut
                0x00000fec       0x34 ..\obj\uartprintf.o
                0x00000fec                UARTCharPut
 .text.UARTwrite
                0x00001020       0x50 ..\obj\uartprintf.o
                0x00001020                UARTwrite
 .text.UARTprintf
                0x00001070      0x3f4 ..\obj\uartprintf.o
                0x00001070                UARTprintf
 .text          0x00001464        0x0 ..\obj\gpio.o
 .text.gpio_init
                0x00001464       0xb4 ..\obj\gpio.o
                0x00001464                gpio_init
 .text          0x00001518        0x0 ..\obj\schedule.o
 .text._wait    0x00001518       0x30 ..\obj\schedule.o
                0x00001518                _wait
 .text._signal_sem
                0x00001548       0x2c ..\obj\schedule.o
                0x00001548                _signal_sem
 .text._clear_sem
                0x00001574       0x34 ..\obj\schedule.o
                0x00001574                _clear_sem
 .text._test_sem
                0x000015a8       0x3c ..\obj\schedule.o
                0x000015a8                _test_sem
 .text._time_status
                0x000015e4       0x2c ..\obj\schedule.o
                0x000015e4                _time_status
 .text._stop    0x00001610       0x24 ..\obj\schedule.o
                0x00001610                _stop
 .text._start   0x00001634       0x40 ..\obj\schedule.o
                0x00001634                _start
 .text.task_setup
                0x00001674       0x40 ..\obj\schedule.o
                0x00001674                task_setup
 .text.init_tasks
                0x000016b4       0x48 ..\obj\schedule.o
                0x000016b4                init_tasks
 .text.start_rtcs_scheduler
                0x000016fc       0xf0 ..\obj\schedule.o
                0x000016fc                start_rtcs_scheduler
 .text          0x000017ec        0x0 ..\obj\startup_lm3s.o
 .text.Default_Reset_Handler
                0x000017ec       0x5c ..\obj\startup_lm3s.o
                0x000017ec                Default_Reset_Handler
                0x000017ec                Reset_Handler
 .text.Default_Handler
                0x00001848        0x8 ..\obj\startup_lm3s.o
                0x00001848                DebugMon_Handler
                0x00001848                FlashCtrl_IRQHandler
                0x00001848                Timer0B_IRQHandler
                0x00001848                I2C0_IRQHandler
                0x00001848                HardFault_Handler
                0x00001848                PendSV_Handler
                0x00001848                NMI_Handler
                0x00001848                I2C1_IRQHandler
                0x00001848                PWMGen0_IRQHandler
                0x00001848                UART1_IRQHandler
                0x00001848                CAN1_IRQHandler
                0x00001848                Timer1B_IRQHandler
                0x00001848                Watchdog_IRQHandler
                0x00001848                UART0_IRQHandler
                0x00001848                SSI0_IRQHandler
                0x00001848                UsageFault_Handler
                0x00001848                ADCSeq1_IRQHandler
                0x00001848                PWMFault_IRQHandler
                0x00001848                PWMGen1_IRQHandler
                0x00001848                SSI1_IRQHandler
                0x00001848                uDMA_IRQHandler
                0x00001848                GPIOPortC_IRQHandler
                0x00001848                ADCSeq2_IRQHandler
                0x00001848                PWMGen2_IRQHandler
                0x00001848                UART2_IRQHandler
                0x00001848                uDMAErr_IRQHandler
                0x00001848                QEI1_IRQHandler
                0x00001848                QEI0_IRQHandler
                0x00001848                PWMGen3_IRQHandler
                0x00001848                GPIOPortD_IRQHandler
                0x00001848                USB0_IRQHandler
                0x00001848                MemManage_Handler
                0x00001848                Ethernet_IRQHandler
                0x00001848                SVC_Handler
                0x00001848                Timer3B_IRQHandler
                0x00001848                Timer3A_IRQHandler
                0x00001848                GPIOPortA_IRQHandler
                0x00001848                Timer0A_IRQHandler
                0x00001848                ADCSeq0_IRQHandler
                0x00001848                Timer1A_IRQHandler
                0x00001848                GPIOPortG_IRQHandler
                0x00001848                ADCSeq3_IRQHandler
                0x00001848                GPIOPortE_IRQHandler
                0x00001848                CAN0_IRQHandler
                0x00001848                Comp0_IRQHandler
                0x00001848                Comp1_IRQHandler
                0x00001848                Comp2_IRQHandler
                0x00001848                GPIOPortF_IRQHandler
                0x00001848                GPIOPortB_IRQHandler
                0x00001848                CAN2_IRQHandler
                0x00001848                GPIOPortH_IRQHandler
                0x00001848                BusFault_Handler
                0x00001848                Timer2A_IRQHandler
                0x00001848                Timer2B_IRQHandler
                0x00001848                SysCtrl_IRQHandler
                0x00001848                Hibernate_IRQHandler
 .text          0x00001850        0x0 ..\obj\control_position_pan.o
 .text.init_pan_position_task
                0x00001850       0x10 ..\obj\control_position_pan.o
                0x00001850                init_pan_position_task
 .text.pan_position_task
                0x00001860      0x200 ..\obj\control_position_pan.o
                0x00001860                pan_position_task
 .text          0x00001a60        0x0 ..\obj\queue.o
 .text.QueueCreate
                0x00001a60       0x88 ..\obj\queue.o
                0x00001a60                QueueCreate
 .text.QueueOverwrite
                0x00001ae8       0x90 ..\obj\queue.o
                0x00001ae8                QueueOverwrite
 .text.QueueSend
                0x00001b78       0xa4 ..\obj\queue.o
                0x00001b78                QueueSend
 .text.QueueReceive
                0x00001c1c       0xc8 ..\obj\queue.o
                0x00001c1c                QueueReceive
 .text.QueueSpaceLeft
                0x00001ce4       0x20 ..\obj\queue.o
                0x00001ce4                QueueSpaceLeft
 .text.QueuePeek
                0x00001d04       0x5c ..\obj\queue.o
                0x00001d04                QueuePeek
 .text          0x00001d60        0x0 ..\obj\debug.o
 .text.debug_pin
                0x00001d60       0x78 ..\obj\debug.o
                0x00001d60                debug_pin
 .text.debug_pin_red
                0x00001dd8       0x78 ..\obj\debug.o
                0x00001dd8                debug_pin_red
 .text          0x00001e50        0x0 ..\obj\cpu.o
 .text.clk_system_init
                0x00001e50       0xe4 ..\obj\cpu.o
                0x00001e50                clk_system_init
 .text.enable_global_int
                0x00001f34       0x10 ..\obj\cpu.o
                0x00001f34                enable_global_int
 .text.disable_global_int
                0x00001f44       0x10 ..\obj\cpu.o
                0x00001f44                disable_global_int
 .text          0x00001f54        0x0 ..\obj\control_speed_pan.o
 .text.init_pan_speed_task
                0x00001f54       0x18 ..\obj\control_speed_pan.o
                0x00001f54                init_pan_speed_task
 *fill*         0x00001f6c        0x4 
 .text.pan_speed_task
                0x00001f70      0x278 ..\obj\control_speed_pan.o
                0x00001f70                pan_speed_task
 .text          0x000021e8        0x0 ..\obj\control_speed_tilt.o
 .text.init_tilt_speed_task
                0x000021e8       0x18 ..\obj\control_speed_tilt.o
                0x000021e8                init_tilt_speed_task
 .text.tilt_speed_task
                0x00002200      0x268 ..\obj\control_speed_tilt.o
                0x00002200                tilt_speed_task
 .text          0x00002468        0x0 ..\obj\systick.o
 .text.SysTick_Handler
                0x00002468       0x1c ..\obj\systick.o
                0x00002468                SysTick_Handler
 .text.systick_init
                0x00002484       0x84 ..\obj\systick.o
                0x00002484                systick_init
 .text.systick_get
                0x00002508       0x28 ..\obj\systick.o
                0x00002508                systick_get
 .text.systick_decrement
                0x00002530       0x20 ..\obj\systick.o
                0x00002530                systick_decrement
 .text          0x00002550      0x370 c:/program files (x86)/gnu tools arm embedded/4.8 2013q4/bin/../lib/gcc/arm-none-eabi/4.8.3/armv7-m\libgcc.a(_arm_addsubdf3.o)
                0x00002550                __aeabi_drsub
                0x00002558                __aeabi_dsub
                0x00002558                __subdf3
                0x0000255c                __aeabi_dadd
                0x0000255c                __adddf3
                0x000027d4                __floatunsidf
                0x000027d4                __aeabi_ui2d
                0x000027f4                __floatsidf
                0x000027f4                __aeabi_i2d
                0x00002818                __aeabi_f2d
                0x00002818                __extendsfdf2
                0x00002854                __floatundidf
                0x00002854                __aeabi_ul2d
                0x00002864                __floatdidf
                0x00002864                __aeabi_l2d
 .text          0x000028c0      0x424 c:/program files (x86)/gnu tools arm embedded/4.8 2013q4/bin/../lib/gcc/arm-none-eabi/4.8.3/armv7-m\libgcc.a(_arm_muldivdf3.o)
                0x000028c0                __aeabi_dmul
                0x000028c0                __muldf3
                0x00002b14                __divdf3
                0x00002b14                __aeabi_ddiv
 .text          0x00002ce4       0x50 c:/program files (x86)/gnu tools arm embedded/4.8 2013q4/bin/../lib/gcc/arm-none-eabi/4.8.3/armv7-m\libgcc.a(_arm_fixdfsi.o)
                0x00002ce4                __aeabi_d2iz
                0x00002ce4                __fixdfsi
 .text          0x00002d34        0x0 c:/program files (x86)/gnu tools arm embedded/4.8 2013q4/bin/../lib/gcc/arm-none-eabi/4.8.3/../../../../arm-none-eabi/lib/armv7-m\libc.a(lib_a-calloc.o)
 .text.calloc   0x00002d34       0x10 c:/program files (x86)/gnu tools arm embedded/4.8 2013q4/bin/../lib/gcc/arm-none-eabi/4.8.3/../../../../arm-none-eabi/lib/armv7-m\libc.a(lib_a-calloc.o)
                0x00002d34                calloc
 .text          0x00002d44        0x0 c:/program files (x86)/gnu tools arm embedded/4.8 2013q4/bin/../lib/gcc/arm-none-eabi/4.8.3/../../../../arm-none-eabi/lib/armv7-m\libc.a(lib_a-callocr.o)
 .text._calloc_r
                0x00002d44       0x60 c:/program files (x86)/gnu tools arm embedded/4.8 2013q4/bin/../lib/gcc/arm-none-eabi/4.8.3/../../../../arm-none-eabi/lib/armv7-m\libc.a(lib_a-callocr.o)
                0x00002d44                _calloc_r
 .text          0x00002da4        0x0 c:/program files (x86)/gnu tools arm embedded/4.8 2013q4/bin/../lib/gcc/arm-none-eabi/4.8.3/../../../../arm-none-eabi/lib/armv7-m\libc.a(lib_a-impure.o)
 .text          0x00002da4        0x0 c:/program files (x86)/gnu tools arm embedded/4.8 2013q4/bin/../lib/gcc/arm-none-eabi/4.8.3/../../../../arm-none-eabi/lib/armv7-m\libc.a(lib_a-mallocr.o)
 .text._malloc_r
                0x00002da4      0x538 c:/program files (x86)/gnu tools arm embedded/4.8 2013q4/bin/../lib/gcc/arm-none-eabi/4.8.3/../../../../arm-none-eabi/lib/armv7-m\libc.a(lib_a-mallocr.o)
                0x00002da4                _malloc_r
 .text          0x000032dc       0xec c:/program files (x86)/gnu tools arm embedded/4.8 2013q4/bin/../lib/gcc/arm-none-eabi/4.8.3/../../../../arm-none-eabi/lib/armv7-m\libc.a(lib_a-memcpy.o)
                0x000032dc                memcpy
 .text          0x000033c8        0x0 c:/program files (x86)/gnu tools arm embedded/4.8 2013q4/bin/../lib/gcc/arm-none-eabi/4.8.3/../../../../arm-none-eabi/lib/armv7-m\libc.a(lib_a-memset.o)
 .text.memset   0x000033c8       0x94 c:/program files (x86)/gnu tools arm embedded/4.8 2013q4/bin/../lib/gcc/arm-none-eabi/4.8.3/../../../../arm-none-eabi/lib/armv7-m\libc.a(lib_a-memset.o)
                0x000033c8                memset
 .text          0x0000345c        0x0 c:/program files (x86)/gnu tools arm embedded/4.8 2013q4/bin/../lib/gcc/arm-none-eabi/4.8.3/../../../../arm-none-eabi/lib/armv7-m\libc.a(lib_a-mlock.o)
 .text.__malloc_lock
                0x0000345c        0x4 c:/program files (x86)/gnu tools arm embedded/4.8 2013q4/bin/../lib/gcc/arm-none-eabi/4.8.3/../../../../arm-none-eabi/lib/armv7-m\libc.a(lib_a-mlock.o)
                0x0000345c                __malloc_lock
 .text.__malloc_unlock
                0x00003460        0x4 c:/program files (x86)/gnu tools arm embedded/4.8 2013q4/bin/../lib/gcc/arm-none-eabi/4.8.3/../../../../arm-none-eabi/lib/armv7-m\libc.a(lib_a-mlock.o)
                0x00003460                __malloc_unlock
 .text          0x00003464        0x0 c:/program files (x86)/gnu tools arm embedded/4.8 2013q4/bin/../lib/gcc/arm-none-eabi/4.8.3/../../../../arm-none-eabi/lib/armv7-m\libc.a(lib_a-sbrkr.o)
 .text._sbrk_r  0x00003464       0x24 c:/program files (x86)/gnu tools arm embedded/4.8 2013q4/bin/../lib/gcc/arm-none-eabi/4.8.3/../../../../arm-none-eabi/lib/armv7-m\libc.a(lib_a-sbrkr.o)
                0x00003464                _sbrk_r
 .text          0x00003488        0x0 c:/program files (x86)/gnu tools arm embedded/4.8 2013q4/bin/../lib/gcc/arm-none-eabi/4.8.3/../../../../arm-none-eabi/lib/armv7-m\libc.a(lib_a-freer.o)
 .text._malloc_trim_r
                0x00003488       0x9c c:/program files (x86)/gnu tools arm embedded/4.8 2013q4/bin/../lib/gcc/arm-none-eabi/4.8.3/../../../../arm-none-eabi/lib/armv7-m\libc.a(lib_a-freer.o)
                0x00003488                _malloc_trim_r
 .text._free_r  0x00003524      0x198 c:/program files (x86)/gnu tools arm embedded/4.8 2013q4/bin/../lib/gcc/arm-none-eabi/4.8.3/../../../../arm-none-eabi/lib/armv7-m\libc.a(lib_a-freer.o)
                0x00003524                _free_r
 .text          0x000036bc        0x0 c:/program files (x86)/gnu tools arm embedded/4.8 2013q4/bin/../lib/gcc/arm-none-eabi/4.8.3/../../../../arm-none-eabi/lib/armv7-m\libc.a(lib_a-reent.o)
 .text.cleanup_glue
                0x000036bc       0x1c c:/program files (x86)/gnu tools arm embedded/4.8 2013q4/bin/../lib/gcc/arm-none-eabi/4.8.3/../../../../arm-none-eabi/lib/armv7-m\libc.a(lib_a-reent.o)
                0x000036bc                cleanup_glue
 .text._reclaim_reent
                0x000036d8       0x90 c:/program files (x86)/gnu tools arm embedded/4.8 2013q4/bin/../lib/gcc/arm-none-eabi/4.8.3/../../../../arm-none-eabi/lib/armv7-m\libc.a(lib_a-reent.o)
                0x000036d8                _reclaim_reent
 .text          0x00003768        0x0 c:/program files (x86)/gnu tools arm embedded/4.8 2013q4/bin/../lib/gcc/arm-none-eabi/4.8.3/../../../../arm-none-eabi/lib/armv7-m\librdimon.a(rdimon-syscalls.o)
 .text.findslot
                0x00003768       0x38 c:/program files (x86)/gnu tools arm embedded/4.8 2013q4/bin/../lib/gcc/arm-none-eabi/4.8.3/../../../../arm-none-eabi/lib/armv7-m\librdimon.a(rdimon-syscalls.o)
 .text.checkerror.part.0
                0x000037a0       0x1c c:/program files (x86)/gnu tools arm embedded/4.8 2013q4/bin/../lib/gcc/arm-none-eabi/4.8.3/../../../../arm-none-eabi/lib/armv7-m\librdimon.a(rdimon-syscalls.o)
 .text.initialise_monitor_handles
                0x000037bc       0xa0 c:/program files (x86)/gnu tools arm embedded/4.8 2013q4/bin/../lib/gcc/arm-none-eabi/4.8.3/../../../../arm-none-eabi/lib/armv7-m\librdimon.a(rdimon-syscalls.o)
                0x000037bc                initialise_monitor_handles
 .text._swiread
                0x0000385c       0x28 c:/program files (x86)/gnu tools arm embedded/4.8 2013q4/bin/../lib/gcc/arm-none-eabi/4.8.3/../../../../arm-none-eabi/lib/armv7-m\librdimon.a(rdimon-syscalls.o)
                0x0000385c                _swiread
 .text._read    0x00003884       0x34 c:/program files (x86)/gnu tools arm embedded/4.8 2013q4/bin/../lib/gcc/arm-none-eabi/4.8.3/../../../../arm-none-eabi/lib/armv7-m\librdimon.a(rdimon-syscalls.o)
                0x00003884                _read
 .text._swilseek
                0x000038b8       0x94 c:/program files (x86)/gnu tools arm embedded/4.8 2013q4/bin/../lib/gcc/arm-none-eabi/4.8.3/../../../../arm-none-eabi/lib/armv7-m\librdimon.a(rdimon-syscalls.o)
                0x000038b8                _swilseek
 .text._lseek   0x0000394c        0x4 c:/program files (x86)/gnu tools arm embedded/4.8 2013q4/bin/../lib/gcc/arm-none-eabi/4.8.3/../../../../arm-none-eabi/lib/armv7-m\librdimon.a(rdimon-syscalls.o)
                0x0000394c                _lseek
 .text._swiwrite
                0x00003950       0x28 c:/program files (x86)/gnu tools arm embedded/4.8 2013q4/bin/../lib/gcc/arm-none-eabi/4.8.3/../../../../arm-none-eabi/lib/armv7-m\librdimon.a(rdimon-syscalls.o)
                0x00003950                _swiwrite
 .text._write   0x00003978       0x58 c:/program files (x86)/gnu tools arm embedded/4.8 2013q4/bin/../lib/gcc/arm-none-eabi/4.8.3/../../../../arm-none-eabi/lib/armv7-m\librdimon.a(rdimon-syscalls.o)
                0x00003978                _write
 .text._swiclose
                0x000039d0       0x28 c:/program files (x86)/gnu tools arm embedded/4.8 2013q4/bin/../lib/gcc/arm-none-eabi/4.8.3/../../../../arm-none-eabi/lib/armv7-m\librdimon.a(rdimon-syscalls.o)
                0x000039d0                _swiclose
 .text._close   0x000039f8       0x68 c:/program files (x86)/gnu tools arm embedded/4.8 2013q4/bin/../lib/gcc/arm-none-eabi/4.8.3/../../../../arm-none-eabi/lib/armv7-m\librdimon.a(rdimon-syscalls.o)
                0x000039f8                _close
 .text._getpid  0x00003a60        0x4 c:/program files (x86)/gnu tools arm embedded/4.8 2013q4/bin/../lib/gcc/arm-none-eabi/4.8.3/../../../../arm-none-eabi/lib/armv7-m\librdimon.a(rdimon-syscalls.o)
                0x00003a60                _getpid
 .text._sbrk    0x00003a64       0x34 c:/program files (x86)/gnu tools arm embedded/4.8 2013q4/bin/../lib/gcc/arm-none-eabi/4.8.3/../../../../arm-none-eabi/lib/armv7-m\librdimon.a(rdimon-syscalls.o)
                0x00003a64                _sbrk
 .text._swistat
                0x00003a98       0x48 c:/program files (x86)/gnu tools arm embedded/4.8 2013q4/bin/../lib/gcc/arm-none-eabi/4.8.3/../../../../arm-none-eabi/lib/armv7-m\librdimon.a(rdimon-syscalls.o)
                0x00003a98                _swistat
 .text._fstat   0x00003ae0       0x1c c:/program files (x86)/gnu tools arm embedded/4.8 2013q4/bin/../lib/gcc/arm-none-eabi/4.8.3/../../../../arm-none-eabi/lib/armv7-m\librdimon.a(rdimon-syscalls.o)
                0x00003ae0                _fstat
 .text._stat    0x00003afc       0x3c c:/program files (x86)/gnu tools arm embedded/4.8 2013q4/bin/../lib/gcc/arm-none-eabi/4.8.3/../../../../arm-none-eabi/lib/armv7-m\librdimon.a(rdimon-syscalls.o)
                0x00003afc                _stat
 .text._swiopen
                0x00003b38       0xd4 c:/program files (x86)/gnu tools arm embedded/4.8 2013q4/bin/../lib/gcc/arm-none-eabi/4.8.3/../../../../arm-none-eabi/lib/armv7-m\librdimon.a(rdimon-syscalls.o)
                0x00003b38                _swiopen
 .text._open    0x00003c0c       0x14 c:/program files (x86)/gnu tools arm embedded/4.8 2013q4/bin/../lib/gcc/arm-none-eabi/4.8.3/../../../../arm-none-eabi/lib/armv7-m\librdimon.a(rdimon-syscalls.o)
                0x00003c0c                _open
 .text._link    0x00003c20       0x10 c:/program files (x86)/gnu tools arm embedded/4.8 2013q4/bin/../lib/gcc/arm-none-eabi/4.8.3/../../../../arm-none-eabi/lib/armv7-m\librdimon.a(rdimon-syscalls.o)
                0x00003c20                _link
 .text._unlink  0x00003c30       0x40 c:/program files (x86)/gnu tools arm embedded/4.8 2013q4/bin/../lib/gcc/arm-none-eabi/4.8.3/../../../../arm-none-eabi/lib/armv7-m\librdimon.a(rdimon-syscalls.o)
                0x00003c30                _unlink
 .text._gettimeofday
                0x00003c70       0x28 c:/program files (x86)/gnu tools arm embedded/4.8 2013q4/bin/../lib/gcc/arm-none-eabi/4.8.3/../../../../arm-none-eabi/lib/armv7-m\librdimon.a(rdimon-syscalls.o)
                0x00003c70                _gettimeofday
 .text._clock   0x00003c98       0x14 c:/program files (x86)/gnu tools arm embedded/4.8 2013q4/bin/../lib/gcc/arm-none-eabi/4.8.3/../../../../arm-none-eabi/lib/armv7-m\librdimon.a(rdimon-syscalls.o)
                0x00003c98                _clock
 .text._times   0x00003cac       0x20 c:/program files (x86)/gnu tools arm embedded/4.8 2013q4/bin/../lib/gcc/arm-none-eabi/4.8.3/../../../../arm-none-eabi/lib/armv7-m\librdimon.a(rdimon-syscalls.o)
                0x00003cac                _times
 .text._isatty  0x00003ccc       0x3c c:/program files (x86)/gnu tools arm embedded/4.8 2013q4/bin/../lib/gcc/arm-none-eabi/4.8.3/../../../../arm-none-eabi/lib/armv7-m\librdimon.a(rdimon-syscalls.o)
                0x00003ccc                _isatty
 .text._system  0x00003d08       0x44 c:/program files (x86)/gnu tools arm embedded/4.8 2013q4/bin/../lib/gcc/arm-none-eabi/4.8.3/../../../../arm-none-eabi/lib/armv7-m\librdimon.a(rdimon-syscalls.o)
                0x00003d08                _system
 .text._rename  0x00003d4c       0x3c c:/program files (x86)/gnu tools arm embedded/4.8 2013q4/bin/../lib/gcc/arm-none-eabi/4.8.3/../../../../arm-none-eabi/lib/armv7-m\librdimon.a(rdimon-syscalls.o)
                0x00003d4c                _rename
 .text          0x00003d88        0x0 c:/program files (x86)/gnu tools arm embedded/4.8 2013q4/bin/../lib/gcc/arm-none-eabi/4.8.3/../../../../arm-none-eabi/lib/armv7-m\libg.a(lib_a-errno.o)
 .text.__errno  0x00003d88        0xc c:/program files (x86)/gnu tools arm embedded/4.8 2013q4/bin/../lib/gcc/arm-none-eabi/4.8.3/../../../../arm-none-eabi/lib/armv7-m\libg.a(lib_a-errno.o)
                0x00003d88                __errno
 .text          0x00003d94        0x0 c:/program files (x86)/gnu tools arm embedded/4.8 2013q4/bin/../lib/gcc/arm-none-eabi/4.8.3/../../../../arm-none-eabi/lib/armv7-m\libg.a(lib_a-findfp.o)
 .text.__fp_lock
                0x00003d94        0x4 c:/program files (x86)/gnu tools arm embedded/4.8 2013q4/bin/../lib/gcc/arm-none-eabi/4.8.3/../../../../arm-none-eabi/lib/armv7-m\libg.a(lib_a-findfp.o)
 .text.__fp_unlock
                0x00003d98        0x4 c:/program files (x86)/gnu tools arm embedded/4.8 2013q4/bin/../lib/gcc/arm-none-eabi/4.8.3/../../../../arm-none-eabi/lib/armv7-m\libg.a(lib_a-findfp.o)
 .text._cleanup_r
                0x00003d9c        0xc c:/program files (x86)/gnu tools arm embedded/4.8 2013q4/bin/../lib/gcc/arm-none-eabi/4.8.3/../../../../arm-none-eabi/lib/armv7-m\libg.a(lib_a-findfp.o)
                0x00003d9c                _cleanup_r
 .text.__sfmoreglue
                0x00003da8       0x30 c:/program files (x86)/gnu tools arm embedded/4.8 2013q4/bin/../lib/gcc/arm-none-eabi/4.8.3/../../../../arm-none-eabi/lib/armv7-m\libg.a(lib_a-findfp.o)
                0x00003da8                __sfmoreglue
 .text._cleanup
                0x00003dd8       0x14 c:/program files (x86)/gnu tools arm embedded/4.8 2013q4/bin/../lib/gcc/arm-none-eabi/4.8.3/../../../../arm-none-eabi/lib/armv7-m\libg.a(lib_a-findfp.o)
                0x00003dd8                _cleanup
 .text.__sinit  0x00003dec       0xf4 c:/program files (x86)/gnu tools arm embedded/4.8 2013q4/bin/../lib/gcc/arm-none-eabi/4.8.3/../../../../arm-none-eabi/lib/armv7-m\libg.a(lib_a-findfp.o)
                0x00003dec                __sinit
 .text.__sfp    0x00003ee0       0x8c c:/program files (x86)/gnu tools arm embedded/4.8 2013q4/bin/../lib/gcc/arm-none-eabi/4.8.3/../../../../arm-none-eabi/lib/armv7-m\libg.a(lib_a-findfp.o)
                0x00003ee0                __sfp
 .text.__sfp_lock_acquire
                0x00003f6c        0x4 c:/program files (x86)/gnu tools arm embedded/4.8 2013q4/bin/../lib/gcc/arm-none-eabi/4.8.3/../../../../arm-none-eabi/lib/armv7-m\libg.a(lib_a-findfp.o)
                0x00003f6c                __sfp_lock_acquire
 .text.__sfp_lock_release
                0x00003f70        0x4 c:/program files (x86)/gnu tools arm embedded/4.8 2013q4/bin/../lib/gcc/arm-none-eabi/4.8.3/../../../../arm-none-eabi/lib/armv7-m\libg.a(lib_a-findfp.o)
                0x00003f70                __sfp_lock_release
 .text.__sinit_lock_acquire
                0x00003f74        0x4 c:/program files (x86)/gnu tools arm embedded/4.8 2013q4/bin/../lib/gcc/arm-none-eabi/4.8.3/../../../../arm-none-eabi/lib/armv7-m\libg.a(lib_a-findfp.o)
                0x00003f74                __sinit_lock_acquire
 .text.__sinit_lock_release
                0x00003f78        0x4 c:/program files (x86)/gnu tools arm embedded/4.8 2013q4/bin/../lib/gcc/arm-none-eabi/4.8.3/../../../../arm-none-eabi/lib/armv7-m\libg.a(lib_a-findfp.o)
                0x00003f78                __sinit_lock_release
 .text.__fp_lock_all
                0x00003f7c       0x14 c:/program files (x86)/gnu tools arm embedded/4.8 2013q4/bin/../lib/gcc/arm-none-eabi/4.8.3/../../../../arm-none-eabi/lib/armv7-m\libg.a(lib_a-findfp.o)
                0x00003f7c                __fp_lock_all
 .text.__fp_unlock_all
                0x00003f90       0x14 c:/program files (x86)/gnu tools arm embedded/4.8 2013q4/bin/../lib/gcc/arm-none-eabi/4.8.3/../../../../arm-none-eabi/lib/armv7-m\libg.a(lib_a-findfp.o)
                0x00003f90                __fp_unlock_all
 .text          0x00003fa4        0x0 c:/program files (x86)/gnu tools arm embedded/4.8 2013q4/bin/../lib/gcc/arm-none-eabi/4.8.3/../../../../arm-none-eabi/lib/armv7-m\libg.a(lib_a-fwalk.o)
 .text._fwalk   0x00003fa4       0x48 c:/program files (x86)/gnu tools arm embedded/4.8 2013q4/bin/../lib/gcc/arm-none-eabi/4.8.3/../../../../arm-none-eabi/lib/armv7-m\libg.a(lib_a-fwalk.o)
                0x00003fa4                _fwalk
 .text._fwalk_reent
                0x00003fec       0x4c c:/program files (x86)/gnu tools arm embedded/4.8 2013q4/bin/../lib/gcc/arm-none-eabi/4.8.3/../../../../arm-none-eabi/lib/armv7-m\libg.a(lib_a-fwalk.o)
                0x00003fec                _fwalk_reent
 .text          0x00004038        0x0 c:/program files (x86)/gnu tools arm embedded/4.8 2013q4/bin/../lib/gcc/arm-none-eabi/4.8.3/../../../../arm-none-eabi/lib/armv7-m\libg.a(lib_a-stdio.o)
 .text.__sread  0x00004038       0x24 c:/program files (x86)/gnu tools arm embedded/4.8 2013q4/bin/../lib/gcc/arm-none-eabi/4.8.3/../../../../arm-none-eabi/lib/armv7-m\libg.a(lib_a-stdio.o)
                0x00004038                __sread
 .text.__seofread
                0x0000405c        0x4 c:/program files (x86)/gnu tools arm embedded/4.8 2013q4/bin/../lib/gcc/arm-none-eabi/4.8.3/../../../../arm-none-eabi/lib/armv7-m\libg.a(lib_a-stdio.o)
                0x0000405c                __seofread
 .text.__swrite
                0x00004060       0x38 c:/program files (x86)/gnu tools arm embedded/4.8 2013q4/bin/../lib/gcc/arm-none-eabi/4.8.3/../../../../arm-none-eabi/lib/armv7-m\libg.a(lib_a-stdio.o)
                0x00004060                __swrite
 .text.__sseek  0x00004098       0x24 c:/program files (x86)/gnu tools arm embedded/4.8 2013q4/bin/../lib/gcc/arm-none-eabi/4.8.3/../../../../arm-none-eabi/lib/armv7-m\libg.a(lib_a-stdio.o)
                0x00004098                __sseek
 .text.__sclose
                0x000040bc        0x8 c:/program files (x86)/gnu tools arm embedded/4.8 2013q4/bin/../lib/gcc/arm-none-eabi/4.8.3/../../../../arm-none-eabi/lib/armv7-m\libg.a(lib_a-stdio.o)
                0x000040bc                __sclose
 .text          0x000040c4        0x0 c:/program files (x86)/gnu tools arm embedded/4.8 2013q4/bin/../lib/gcc/arm-none-eabi/4.8.3/../../../../arm-none-eabi/lib/armv7-m\libg.a(lib_a-strlen.o)
 .text.strlen   0x000040c4       0x60 c:/program files (x86)/gnu tools arm embedded/4.8 2013q4/bin/../lib/gcc/arm-none-eabi/4.8.3/../../../../arm-none-eabi/lib/armv7-m\libg.a(lib_a-strlen.o)
                0x000040c4                strlen
 .text          0x00004124        0x0 c:/program files (x86)/gnu tools arm embedded/4.8 2013q4/bin/../lib/gcc/arm-none-eabi/4.8.3/../../../../arm-none-eabi/lib/armv7-m\libg.a(lib_a-writer.o)
 .text._write_r
                0x00004124       0x28 c:/program files (x86)/gnu tools arm embedded/4.8 2013q4/bin/../lib/gcc/arm-none-eabi/4.8.3/../../../../arm-none-eabi/lib/armv7-m\libg.a(lib_a-writer.o)
                0x00004124                _write_r
 .text          0x0000414c        0x0 c:/program files (x86)/gnu tools arm embedded/4.8 2013q4/bin/../lib/gcc/arm-none-eabi/4.8.3/../../../../arm-none-eabi/lib/armv7-m\libg.a(lib_a-closer.o)
 .text._close_r
                0x0000414c       0x24 c:/program files (x86)/gnu tools arm embedded/4.8 2013q4/bin/../lib/gcc/arm-none-eabi/4.8.3/../../../../arm-none-eabi/lib/armv7-m\libg.a(lib_a-closer.o)
                0x0000414c                _close_r
 .text          0x00004170        0x0 c:/program files (x86)/gnu tools arm embedded/4.8 2013q4/bin/../lib/gcc/arm-none-eabi/4.8.3/../../../../arm-none-eabi/lib/armv7-m\libg.a(lib_a-fclose.o)
 .text._fclose_r
                0x00004170       0x80 c:/program files (x86)/gnu tools arm embedded/4.8 2013q4/bin/../lib/gcc/arm-none-eabi/4.8.3/../../../../arm-none-eabi/lib/armv7-m\libg.a(lib_a-fclose.o)
                0x00004170                _fclose_r
 .text.fclose   0x000041f0       0x10 c:/program files (x86)/gnu tools arm embedded/4.8 2013q4/bin/../lib/gcc/arm-none-eabi/4.8.3/../../../../arm-none-eabi/lib/armv7-m\libg.a(lib_a-fclose.o)
                0x000041f0                fclose
 .text          0x00004200        0x0 c:/program files (x86)/gnu tools arm embedded/4.8 2013q4/bin/../lib/gcc/arm-none-eabi/4.8.3/../../../../arm-none-eabi/lib/armv7-m\libg.a(lib_a-fflush.o)
 .text.__sflush_r
                0x00004200      0x148 c:/program files (x86)/gnu tools arm embedded/4.8 2013q4/bin/../lib/gcc/arm-none-eabi/4.8.3/../../../../arm-none-eabi/lib/armv7-m\libg.a(lib_a-fflush.o)
                0x00004200                __sflush_r
 .text._fflush_r
                0x00004348       0x2c c:/program files (x86)/gnu tools arm embedded/4.8 2013q4/bin/../lib/gcc/arm-none-eabi/4.8.3/../../../../arm-none-eabi/lib/armv7-m\libg.a(lib_a-fflush.o)
                0x00004348                _fflush_r
 .text.fflush   0x00004374       0x24 c:/program files (x86)/gnu tools arm embedded/4.8 2013q4/bin/../lib/gcc/arm-none-eabi/4.8.3/../../../../arm-none-eabi/lib/armv7-m\libg.a(lib_a-fflush.o)
                0x00004374                fflush
 .text          0x00004398        0x0 c:/program files (x86)/gnu tools arm embedded/4.8 2013q4/bin/../lib/gcc/arm-none-eabi/4.8.3/../../../../arm-none-eabi/lib/armv7-m\libg.a(lib_a-lseekr.o)
 .text._lseek_r
                0x00004398       0x28 c:/program files (x86)/gnu tools arm embedded/4.8 2013q4/bin/../lib/gcc/arm-none-eabi/4.8.3/../../../../arm-none-eabi/lib/armv7-m\libg.a(lib_a-lseekr.o)
                0x00004398                _lseek_r
 .text          0x000043c0        0x0 c:/program files (x86)/gnu tools arm embedded/4.8 2013q4/bin/../lib/gcc/arm-none-eabi/4.8.3/../../../../arm-none-eabi/lib/armv7-m\libg.a(lib_a-readr.o)
 .text._read_r  0x000043c0       0x28 c:/program files (x86)/gnu tools arm embedded/4.8 2013q4/bin/../lib/gcc/arm-none-eabi/4.8.3/../../../../arm-none-eabi/lib/armv7-m\libg.a(lib_a-readr.o)
                0x000043c0                _read_r
 *(.init)
 *(.fini)
 *crtbegin.o(.ctors)
 *crtbegin?.o(.ctors)
 *(EXCLUDE_FILE(*crtend.o *crtend?.o) .ctors)
 *(SORT(.ctors.*))
 *(.ctors)
 *crtbegin.o(.dtors)
 *crtbegin?.o(.dtors)
 *(EXCLUDE_FILE(*crtend.o *crtend?.o) .dtors)
 *(SORT(.dtors.*))
 *(.dtors)
 *(.rodata*)
 .rodata        0x000043e8       0x28 ..\obj\spi.o
 .rodata        0x00004410       0x78 ..\obj\converter.o
 .rodata        0x00004488       0x20 ..\obj\control_position_tilt.o
 .rodata        0x000044a8       0x10 ..\obj\main.o
 .rodata        0x000044b8       0x20 ..\obj\communication_task.o
 .rodata        0x000044d8       0x38 ..\obj\uartprintf.o
 .rodata        0x00004510      0x114 ..\obj\queue.o
 .rodata        0x00004624       0x1c ..\obj\control_speed_pan.o
 .rodata        0x00004640       0x1c ..\obj\control_speed_tilt.o
 .rodata.str1.4
                0x0000465c        0x2 c:/program files (x86)/gnu tools arm embedded/4.8 2013q4/bin/../lib/gcc/arm-none-eabi/4.8.3/../../../../arm-none-eabi/lib/armv7-m\libc.a(lib_a-impure.o)
                                  0x4 (size before relaxing)
 *fill*         0x0000465e        0x2 
 .rodata._global_impure_ptr
                0x00004660        0x4 c:/program files (x86)/gnu tools arm embedded/4.8 2013q4/bin/../lib/gcc/arm-none-eabi/4.8.3/../../../../arm-none-eabi/lib/armv7-m\libc.a(lib_a-impure.o)
                0x00004660                _global_impure_ptr
 .rodata.str1.4
                0x00004664        0x4 c:/program files (x86)/gnu tools arm embedded/4.8 2013q4/bin/../lib/gcc/arm-none-eabi/4.8.3/../../../../arm-none-eabi/lib/armv7-m\librdimon.a(rdimon-syscalls.o)
 *(.eh_fram e*)

.glue_7         0x00004668        0x0
 .glue_7        0x00000000        0x0 linker stubs

.glue_7t        0x00004668        0x0
 .glue_7t       0x00000000        0x0 linker stubs

.vfp11_veneer   0x00004668        0x0
 .vfp11_veneer  0x00000000        0x0 linker stubs

.v4_bx          0x00004668        0x0
 .v4_bx         0x00000000        0x0 linker stubs

.iplt           0x00004668        0x0
 .iplt          0x00000000        0x0 ..\obj\spi.o

.rel.dyn        0x00004668        0x0
 .rel.iplt      0x00000000        0x0 ..\obj\spi.o

.ARM.extab
 *(.ARM.extab* .gnu.linkonce.armextab.*)
                0x00004668                __exidx_start = .

.ARM.exidx
 *(.ARM.exidx* .gnu.linkonce.armexidx.*)
                0x00004668                __exidx_end = .
                0x00004668                __etext = .
                0x00004668                _sidata = __etext

.data           0x20000000      0x8a4 load address 0x00004668
                0x20000000                __data_start__ = .
                0x20000000                _sdata = __data_start__
 *(vtable)
 *(.data*)
 .data          0x20000000        0x0 ..\obj\spi.o
 .data          0x20000000        0x1 ..\obj\converter.o
                0x20000000                ReceiveDecNumState
 *fill*         0x20000001        0x1 
 .data          0x20000002        0x2 ..\obj\control_position_tilt.o
 .data          0x20000004        0x0 ..\obj\main.o
 .data          0x20000004        0x0 ..\obj\communication_task.o
 .data          0x20000004        0x0 ..\obj\uartprintf.o
 .data          0x20000004        0x0 ..\obj\gpio.o
 .data          0x20000004       0x58 ..\obj\schedule.o
                0x20000004                init_task
                0x20000030                task
 .data          0x2000005c        0x0 ..\obj\startup_lm3s.o
 .data          0x2000005c        0x2 ..\obj\control_position_pan.o
 .data          0x2000005e        0x0 ..\obj\queue.o
 .data          0x2000005e        0x2 ..\obj\debug.o
 .data          0x20000060        0x0 ..\obj\cpu.o
 .data          0x20000060        0x4 ..\obj\control_speed_pan.o
 .data          0x20000064        0x4 ..\obj\control_speed_tilt.o
 .data          0x20000068        0x0 ..\obj\systick.o
 .data          0x20000068        0x0 c:/program files (x86)/gnu tools arm embedded/4.8 2013q4/bin/../lib/gcc/arm-none-eabi/4.8.3/armv7-m\libgcc.a(_arm_addsubdf3.o)
 .data          0x20000068        0x0 c:/program files (x86)/gnu tools arm embedded/4.8 2013q4/bin/../lib/gcc/arm-none-eabi/4.8.3/armv7-m\libgcc.a(_arm_muldivdf3.o)
 .data          0x20000068        0x0 c:/program files (x86)/gnu tools arm embedded/4.8 2013q4/bin/../lib/gcc/arm-none-eabi/4.8.3/armv7-m\libgcc.a(_arm_fixdfsi.o)
 .data          0x20000068        0x0 c:/program files (x86)/gnu tools arm embedded/4.8 2013q4/bin/../lib/gcc/arm-none-eabi/4.8.3/../../../../arm-none-eabi/lib/armv7-m\libc.a(lib_a-calloc.o)
 .data          0x20000068        0x0 c:/program files (x86)/gnu tools arm embedded/4.8 2013q4/bin/../lib/gcc/arm-none-eabi/4.8.3/../../../../arm-none-eabi/lib/armv7-m\libc.a(lib_a-callocr.o)
 .data          0x20000068        0x0 c:/program files (x86)/gnu tools arm embedded/4.8 2013q4/bin/../lib/gcc/arm-none-eabi/4.8.3/../../../../arm-none-eabi/lib/armv7-m\libc.a(lib_a-impure.o)
 .data.impure_data
                0x20000068      0x428 c:/program files (x86)/gnu tools arm embedded/4.8 2013q4/bin/../lib/gcc/arm-none-eabi/4.8.3/../../../../arm-none-eabi/lib/armv7-m\libc.a(lib_a-impure.o)
 .data._impure_ptr
                0x20000490        0x4 c:/program files (x86)/gnu tools arm embedded/4.8 2013q4/bin/../lib/gcc/arm-none-eabi/4.8.3/../../../../arm-none-eabi/lib/armv7-m\libc.a(lib_a-impure.o)
                0x20000490                _impure_ptr
 .data          0x20000494        0x0 c:/program files (x86)/gnu tools arm embedded/4.8 2013q4/bin/../lib/gcc/arm-none-eabi/4.8.3/../../../../arm-none-eabi/lib/armv7-m\libc.a(lib_a-mallocr.o)
 .data.__malloc_av_
                0x20000494      0x408 c:/program files (x86)/gnu tools arm embedded/4.8 2013q4/bin/../lib/gcc/arm-none-eabi/4.8.3/../../../../arm-none-eabi/lib/armv7-m\libc.a(lib_a-mallocr.o)
                0x20000494                __malloc_av_
 .data.__malloc_trim_threshold
                0x2000089c        0x4 c:/program files (x86)/gnu tools arm embedded/4.8 2013q4/bin/../lib/gcc/arm-none-eabi/4.8.3/../../../../arm-none-eabi/lib/armv7-m\libc.a(lib_a-mallocr.o)
                0x2000089c                __malloc_trim_threshold
 .data.__malloc_sbrk_base
                0x200008a0        0x4 c:/program files (x86)/gnu tools arm embedded/4.8 2013q4/bin/../lib/gcc/arm-none-eabi/4.8.3/../../../../arm-none-eabi/lib/armv7-m\libc.a(lib_a-mallocr.o)
                0x200008a0                __malloc_sbrk_base
 .data          0x200008a4        0x0 c:/program files (x86)/gnu tools arm embedded/4.8 2013q4/bin/../lib/gcc/arm-none-eabi/4.8.3/../../../../arm-none-eabi/lib/armv7-m\libc.a(lib_a-memcpy.o)
 .data          0x200008a4        0x0 c:/program files (x86)/gnu tools arm embedded/4.8 2013q4/bin/../lib/gcc/arm-none-eabi/4.8.3/../../../../arm-none-eabi/lib/armv7-m\libc.a(lib_a-memset.o)
 .data          0x200008a4        0x0 c:/program files (x86)/gnu tools arm embedded/4.8 2013q4/bin/../lib/gcc/arm-none-eabi/4.8.3/../../../../arm-none-eabi/lib/armv7-m\libc.a(lib_a-mlock.o)
 .data          0x200008a4        0x0 c:/program files (x86)/gnu tools arm embedded/4.8 2013q4/bin/../lib/gcc/arm-none-eabi/4.8.3/../../../../arm-none-eabi/lib/armv7-m\libc.a(lib_a-sbrkr.o)
 .data          0x200008a4        0x0 c:/program files (x86)/gnu tools arm embedded/4.8 2013q4/bin/../lib/gcc/arm-none-eabi/4.8.3/../../../../arm-none-eabi/lib/armv7-m\libc.a(lib_a-freer.o)
 .data          0x200008a4        0x0 c:/program files (x86)/gnu tools arm embedded/4.8 2013q4/bin/../lib/gcc/arm-none-eabi/4.8.3/../../../../arm-none-eabi/lib/armv7-m\libc.a(lib_a-reent.o)
 .data          0x200008a4        0x0 c:/program files (x86)/gnu tools arm embedded/4.8 2013q4/bin/../lib/gcc/arm-none-eabi/4.8.3/../../../../arm-none-eabi/lib/armv7-m\librdimon.a(rdimon-syscalls.o)
 .data          0x200008a4        0x0 c:/program files (x86)/gnu tools arm embedded/4.8 2013q4/bin/../lib/gcc/arm-none-eabi/4.8.3/../../../../arm-none-eabi/lib/armv7-m\libg.a(lib_a-errno.o)
 .data          0x200008a4        0x0 c:/program files (x86)/gnu tools arm embedded/4.8 2013q4/bin/../lib/gcc/arm-none-eabi/4.8.3/../../../../arm-none-eabi/lib/armv7-m\libg.a(lib_a-findfp.o)
 .data          0x200008a4        0x0 c:/program files (x86)/gnu tools arm embedded/4.8 2013q4/bin/../lib/gcc/arm-none-eabi/4.8.3/../../../../arm-none-eabi/lib/armv7-m\libg.a(lib_a-fwalk.o)
 .data          0x200008a4        0x0 c:/program files (x86)/gnu tools arm embedded/4.8 2013q4/bin/../lib/gcc/arm-none-eabi/4.8.3/../../../../arm-none-eabi/lib/armv7-m\libg.a(lib_a-stdio.o)
 .data          0x200008a4        0x0 c:/program files (x86)/gnu tools arm embedded/4.8 2013q4/bin/../lib/gcc/arm-none-eabi/4.8.3/../../../../arm-none-eabi/lib/armv7-m\libg.a(lib_a-strlen.o)
 .data          0x200008a4        0x0 c:/program files (x86)/gnu tools arm embedded/4.8 2013q4/bin/../lib/gcc/arm-none-eabi/4.8.3/../../../../arm-none-eabi/lib/armv7-m\libg.a(lib_a-writer.o)
 .data          0x200008a4        0x0 c:/program files (x86)/gnu tools arm embedded/4.8 2013q4/bin/../lib/gcc/arm-none-eabi/4.8.3/../../../../arm-none-eabi/lib/armv7-m\libg.a(lib_a-closer.o)
 .data          0x200008a4        0x0 c:/program files (x86)/gnu tools arm embedded/4.8 2013q4/bin/../lib/gcc/arm-none-eabi/4.8.3/../../../../arm-none-eabi/lib/armv7-m\libg.a(lib_a-fclose.o)
 .data          0x200008a4        0x0 c:/program files (x86)/gnu tools arm embedded/4.8 2013q4/bin/../lib/gcc/arm-none-eabi/4.8.3/../../../../arm-none-eabi/lib/armv7-m\libg.a(lib_a-fflush.o)
 .data          0x200008a4        0x0 c:/program files (x86)/gnu tools arm embedded/4.8 2013q4/bin/../lib/gcc/arm-none-eabi/4.8.3/../../../../arm-none-eabi/lib/armv7-m\libg.a(lib_a-lseekr.o)
 .data          0x200008a4        0x0 c:/program files (x86)/gnu tools arm embedded/4.8 2013q4/bin/../lib/gcc/arm-none-eabi/4.8.3/../../../../arm-none-eabi/lib/armv7-m\libg.a(lib_a-readr.o)
                0x200008a4                . = ALIGN (0x4)
                0x200008a4                PROVIDE (__preinit_array_start, .)
 *(.preinit_array)
                0x200008a4                PROVIDE (__preinit_array_end, .)
                0x200008a4                . = ALIGN (0x4)
                0x200008a4                PROVIDE (__init_array_start, .)
 *(SORT(.init_array.*))
 *(.init_array)
                0x200008a4                PROVIDE (__init_array_end, .)
                0x200008a4                . = ALIGN (0x4)
                0x200008a4                PROVIDE (__fini_array_start, .)
 *(SORT(.fini_array.*))
 *(.fini_array)
                0x200008a4                PROVIDE (__fini_array_end, .)
 *(.jcr*)
                0x200008a4                . = ALIGN (0x4)
                0x200008a4                __data_end__ = .
                0x200008a4                _edata = __data_end__

.igot.plt       0x200008a4        0x0 load address 0x00004f0c
 .igot.plt      0x00000000        0x0 ..\obj\spi.o

.bss            0x200008a4      0x1e4 load address 0x00004f0c
                0x200008a4                . = ALIGN (0x4)
                0x200008a4                __bss_start__ = .
                0x200008a4                _sbss = __bss_start__
 *(.bss*)
 .bss           0x200008a4        0x0 ..\obj\spi.o
 .bss           0x200008a4        0x8 ..\obj\converter.o
                0x200008a4                receive_state
                0x200008a5                motor
                0x200008a6                function
 .bss           0x200008ac        0xc ..\obj\control_position_tilt.o
 .bss           0x200008b8        0x0 ..\obj\main.o
 .bss           0x200008b8        0x0 ..\obj\communication_task.o
 .bss           0x200008b8        0x0 ..\obj\uartprintf.o
 .bss           0x200008b8        0x0 ..\obj\gpio.o
 .bss           0x200008b8        0x4 ..\obj\schedule.o
                0x200008b8                semaphores
                0x200008ba                current_task
 .bss           0x200008bc        0x0 ..\obj\startup_lm3s.o
 .bss           0x200008bc        0xc ..\obj\control_position_pan.o
 .bss           0x200008c8        0x1 ..\obj\queue.o
 .bss           0x200008c9        0x0 ..\obj\debug.o
 .bss           0x200008c9        0x0 ..\obj\cpu.o
 *fill*         0x200008c9        0x3 
 .bss           0x200008cc        0xc ..\obj\control_speed_pan.o
 .bss           0x200008d8        0xc ..\obj\control_speed_tilt.o
 .bss           0x200008e4        0x1 ..\obj\systick.o
                0x200008e4                tick
 .bss           0x200008e5        0x0 c:/program files (x86)/gnu tools arm embedded/4.8 2013q4/bin/../lib/gcc/arm-none-eabi/4.8.3/armv7-m\libgcc.a(_arm_addsubdf3.o)
 .bss           0x200008e5        0x0 c:/program files (x86)/gnu tools arm embedded/4.8 2013q4/bin/../lib/gcc/arm-none-eabi/4.8.3/armv7-m\libgcc.a(_arm_muldivdf3.o)
 .bss           0x200008e5        0x0 c:/program files (x86)/gnu tools arm embedded/4.8 2013q4/bin/../lib/gcc/arm-none-eabi/4.8.3/armv7-m\libgcc.a(_arm_fixdfsi.o)
 .bss           0x200008e5        0x0 c:/program files (x86)/gnu tools arm embedded/4.8 2013q4/bin/../lib/gcc/arm-none-eabi/4.8.3/../../../../arm-none-eabi/lib/armv7-m\libc.a(lib_a-calloc.o)
 .bss           0x200008e5        0x0 c:/program files (x86)/gnu tools arm embedded/4.8 2013q4/bin/../lib/gcc/arm-none-eabi/4.8.3/../../../../arm-none-eabi/lib/armv7-m\libc.a(lib_a-callocr.o)
 .bss           0x200008e5        0x0 c:/program files (x86)/gnu tools arm embedded/4.8 2013q4/bin/../lib/gcc/arm-none-eabi/4.8.3/../../../../arm-none-eabi/lib/armv7-m\libc.a(lib_a-impure.o)
 .bss           0x200008e5        0x0 c:/program files (x86)/gnu tools arm embedded/4.8 2013q4/bin/../lib/gcc/arm-none-eabi/4.8.3/../../../../arm-none-eabi/lib/armv7-m\libc.a(lib_a-mallocr.o)
 *fill*         0x200008e5        0x3 
 .bss.__malloc_max_total_mem
                0x200008e8        0x4 c:/program files (x86)/gnu tools arm embedded/4.8 2013q4/bin/../lib/gcc/arm-none-eabi/4.8.3/../../../../arm-none-eabi/lib/armv7-m\libc.a(lib_a-mallocr.o)
                0x200008e8                __malloc_max_total_mem
 .bss.__malloc_max_sbrked_mem
                0x200008ec        0x4 c:/program files (x86)/gnu tools arm embedded/4.8 2013q4/bin/../lib/gcc/arm-none-eabi/4.8.3/../../../../arm-none-eabi/lib/armv7-m\libc.a(lib_a-mallocr.o)
                0x200008ec                __malloc_max_sbrked_mem
 .bss.__malloc_top_pad
                0x200008f0        0x4 c:/program files (x86)/gnu tools arm embedded/4.8 2013q4/bin/../lib/gcc/arm-none-eabi/4.8.3/../../../../arm-none-eabi/lib/armv7-m\libc.a(lib_a-mallocr.o)
                0x200008f0                __malloc_top_pad
 .bss.__malloc_current_mallinfo
                0x200008f4       0x28 c:/program files (x86)/gnu tools arm embedded/4.8 2013q4/bin/../lib/gcc/arm-none-eabi/4.8.3/../../../../arm-none-eabi/lib/armv7-m\libc.a(lib_a-mallocr.o)
                0x200008f4                __malloc_current_mallinfo
 .bss           0x2000091c        0x0 c:/program files (x86)/gnu tools arm embedded/4.8 2013q4/bin/../lib/gcc/arm-none-eabi/4.8.3/../../../../arm-none-eabi/lib/armv7-m\libc.a(lib_a-memcpy.o)
 .bss           0x2000091c        0x0 c:/program files (x86)/gnu tools arm embedded/4.8 2013q4/bin/../lib/gcc/arm-none-eabi/4.8.3/../../../../arm-none-eabi/lib/armv7-m\libc.a(lib_a-memset.o)
 .bss           0x2000091c        0x0 c:/program files (x86)/gnu tools arm embedded/4.8 2013q4/bin/../lib/gcc/arm-none-eabi/4.8.3/../../../../arm-none-eabi/lib/armv7-m\libc.a(lib_a-mlock.o)
 .bss           0x2000091c        0x0 c:/program files (x86)/gnu tools arm embedded/4.8 2013q4/bin/../lib/gcc/arm-none-eabi/4.8.3/../../../../arm-none-eabi/lib/armv7-m\libc.a(lib_a-sbrkr.o)
 .bss           0x2000091c        0x0 c:/program files (x86)/gnu tools arm embedded/4.8 2013q4/bin/../lib/gcc/arm-none-eabi/4.8.3/../../../../arm-none-eabi/lib/armv7-m\libc.a(lib_a-freer.o)
 .bss           0x2000091c        0x0 c:/program files (x86)/gnu tools arm embedded/4.8 2013q4/bin/../lib/gcc/arm-none-eabi/4.8.3/../../../../arm-none-eabi/lib/armv7-m\libc.a(lib_a-reent.o)
 .bss           0x2000091c        0x0 c:/program files (x86)/gnu tools arm embedded/4.8 2013q4/bin/../lib/gcc/arm-none-eabi/4.8.3/../../../../arm-none-eabi/lib/armv7-m\librdimon.a(rdimon-syscalls.o)
 .bss.monitor_stdout
                0x2000091c        0x4 c:/program files (x86)/gnu tools arm embedded/4.8 2013q4/bin/../lib/gcc/arm-none-eabi/4.8.3/../../../../arm-none-eabi/lib/armv7-m\librdimon.a(rdimon-syscalls.o)
 .bss.monitor_stdin
                0x20000920        0x4 c:/program files (x86)/gnu tools arm embedded/4.8 2013q4/bin/../lib/gcc/arm-none-eabi/4.8.3/../../../../arm-none-eabi/lib/armv7-m\librdimon.a(rdimon-syscalls.o)
 .bss.heap_end.5787
                0x20000924        0x4 c:/program files (x86)/gnu tools arm embedded/4.8 2013q4/bin/../lib/gcc/arm-none-eabi/4.8.3/../../../../arm-none-eabi/lib/armv7-m\librdimon.a(rdimon-syscalls.o)
 .bss.monitor_stderr
                0x20000928        0x4 c:/program files (x86)/gnu tools arm embedded/4.8 2013q4/bin/../lib/gcc/arm-none-eabi/4.8.3/../../../../arm-none-eabi/lib/armv7-m\librdimon.a(rdimon-syscalls.o)
 .bss.openfiles
                0x2000092c       0xa0 c:/program files (x86)/gnu tools arm embedded/4.8 2013q4/bin/../lib/gcc/arm-none-eabi/4.8.3/../../../../arm-none-eabi/lib/armv7-m\librdimon.a(rdimon-syscalls.o)
 .bss           0x200009cc        0x0 c:/program files (x86)/gnu tools arm embedded/4.8 2013q4/bin/../lib/gcc/arm-none-eabi/4.8.3/../../../../arm-none-eabi/lib/armv7-m\libg.a(lib_a-errno.o)
 .bss           0x200009cc        0x0 c:/program files (x86)/gnu tools arm embedded/4.8 2013q4/bin/../lib/gcc/arm-none-eabi/4.8.3/../../../../arm-none-eabi/lib/armv7-m\libg.a(lib_a-findfp.o)
 .bss           0x200009cc        0x0 c:/program files (x86)/gnu tools arm embedded/4.8 2013q4/bin/../lib/gcc/arm-none-eabi/4.8.3/../../../../arm-none-eabi/lib/armv7-m\libg.a(lib_a-fwalk.o)
 .bss           0x200009cc        0x0 c:/program files (x86)/gnu tools arm embedded/4.8 2013q4/bin/../lib/gcc/arm-none-eabi/4.8.3/../../../../arm-none-eabi/lib/armv7-m\libg.a(lib_a-stdio.o)
 .bss           0x200009cc        0x0 c:/program files (x86)/gnu tools arm embedded/4.8 2013q4/bin/../lib/gcc/arm-none-eabi/4.8.3/../../../../arm-none-eabi/lib/armv7-m\libg.a(lib_a-strlen.o)
 .bss           0x200009cc        0x0 c:/program files (x86)/gnu tools arm embedded/4.8 2013q4/bin/../lib/gcc/arm-none-eabi/4.8.3/../../../../arm-none-eabi/lib/armv7-m\libg.a(lib_a-writer.o)
 .bss           0x200009cc        0x0 c:/program files (x86)/gnu tools arm embedded/4.8 2013q4/bin/../lib/gcc/arm-none-eabi/4.8.3/../../../../arm-none-eabi/lib/armv7-m\libg.a(lib_a-closer.o)
 .bss           0x200009cc        0x0 c:/program files (x86)/gnu tools arm embedded/4.8 2013q4/bin/../lib/gcc/arm-none-eabi/4.8.3/../../../../arm-none-eabi/lib/armv7-m\libg.a(lib_a-fclose.o)
 .bss           0x200009cc        0x0 c:/program files (x86)/gnu tools arm embedded/4.8 2013q4/bin/../lib/gcc/arm-none-eabi/4.8.3/../../../../arm-none-eabi/lib/armv7-m\libg.a(lib_a-fflush.o)
 .bss           0x200009cc        0x0 c:/program files (x86)/gnu tools arm embedded/4.8 2013q4/bin/../lib/gcc/arm-none-eabi/4.8.3/../../../../arm-none-eabi/lib/armv7-m\libg.a(lib_a-lseekr.o)
 .bss           0x200009cc        0x0 c:/program files (x86)/gnu tools arm embedded/4.8 2013q4/bin/../lib/gcc/arm-none-eabi/4.8.3/../../../../arm-none-eabi/lib/armv7-m\libg.a(lib_a-readr.o)
 *(COMMON)
 COMMON         0x200009cc       0x90 ..\obj\main.o
                0x200009cc                QueuePositionTilt
                0x200009d8                QueueGoToPositionPan
                0x200009e4                QueuePositionPan
                0x200009f0                QueuePWMOutPan
                0x200009fc                QueueUARTTX
                0x20000a08                QueueGoToPositionTilt
                0x20000a14                QueueUARTRX
                0x20000a20                QueueTiltSpeed
                0x20000a2c                QueuePanSpeed
                0x20000a38                QueuePWMOutTilt
                0x20000a44                QueueSPIRX
                0x20000a50                QueueSPITX
 COMMON         0x20000a5c       0x26 ..\obj\schedule.o
                0x20000a5c                rtcs_i
                0x20000a60                task_state
                0x20000a6c                task_time
 *fill*         0x20000a82        0x2 
 COMMON         0x20000a84        0x4 c:/program files (x86)/gnu tools arm embedded/4.8 2013q4/bin/../lib/gcc/arm-none-eabi/4.8.3/../../../../arm-none-eabi/lib/armv7-m\libc.a(lib_a-reent.o)
                0x20000a84                errno
                0x20000a88                . = ALIGN (0x4)
                0x20000a88                __bss_end__ = .
                0x20000a88                _ebss = __bss_end__

.co_heap        0x20000a88     0x4444 load address 0x000050f0
                0x20000a88                __cs3_heap_start = .
                0x20000a88                . = ALIGN (0x8)
 *(.co_heap .co_heap.*)
 .co_heap       0x20000a88     0x4444 ..\obj\startup_lm3s.o
                0x20000a88                pulHeap
                0x20004ecc                __cs3_heap_end = .

.heap           0x20004ecc        0x0
                0x20004ecc                __end__ = .
                0x20004ecc                _end = __end__
                0x20004ecc                end = __end__
 *(.heap*)
                0x20004ecc                __HeapLimit = .

.co_stack       0x20004ecc     0x4448 load address 0x00009534
                0x20004ed0                . = ALIGN (0x8)
 *fill*         0x20004ecc        0x4 
 *(.co_stack .co_stack.*)
 .co_stack      0x20004ed0     0x4444 ..\obj\startup_lm3s.o
                0x20004ed0                pulStack
                0x20010000                __StackTop = (ORIGIN (ram) + 0x10000)
                0x2000bbb8                __StackLimit = (__StackTop - SIZEOF (.co_stack))
                0x20010000                PROVIDE (__stack, __StackTop)
                0x00000001                ASSERT ((__StackLimit >= __HeapLimit), region ram  overflowed with stack)
LOAD ..\obj\spi.o
LOAD ..\obj\converter.o
LOAD ..\obj\control_position_tilt.o
LOAD ..\obj\main.o
LOAD ..\obj\communication_task.o
LOAD ..\obj\uartprintf.o
LOAD ..\obj\gpio.o
LOAD ..\obj\schedule.o
LOAD ..\obj\startup_lm3s.o
LOAD ..\obj\control_position_pan.o
LOAD ..\obj\queue.o
LOAD ..\obj\debug.o
LOAD ..\obj\cpu.o
LOAD ..\obj\control_speed_pan.o
LOAD ..\obj\control_speed_tilt.o
LOAD ..\obj\systick.o
LOAD c:/program files (x86)/gnu tools arm embedded/4.8 2013q4/bin/../lib/gcc/arm-none-eabi/4.8.3/../../../../arm-none-eabi/lib/armv7-m\libm.a
LOAD c:/program files (x86)/gnu tools arm embedded/4.8 2013q4/bin/../lib/gcc/arm-none-eabi/4.8.3/armv7-m\libgcc.a
LOAD c:/program files (x86)/gnu tools arm embedded/4.8 2013q4/bin/../lib/gcc/arm-none-eabi/4.8.3/../../../../arm-none-eabi/lib/armv7-m\libc.a
LOAD c:/program files (x86)/gnu tools arm embedded/4.8 2013q4/bin/../lib/gcc/arm-none-eabi/4.8.3/../../../../arm-none-eabi/lib/armv7-m\librdimon.a
START GROUP
LOAD c:/program files (x86)/gnu tools arm embedded/4.8 2013q4/bin/../lib/gcc/arm-none-eabi/4.8.3/armv7-m\libgcc.a
LOAD c:/program files (x86)/gnu tools arm embedded/4.8 2013q4/bin/../lib/gcc/arm-none-eabi/4.8.3/../../../../arm-none-eabi/lib/armv7-m\libg.a
LOAD c:/program files (x86)/gnu tools arm embedded/4.8 2013q4/bin/../lib/gcc/arm-none-eabi/4.8.3/../../../../arm-none-eabi/lib/armv7-m\libc.a
END GROUP
OUTPUT(SemProjekt_RTCS.elf elf32-littlearm)

.debug_info     0x00000000     0x203c
 .debug_info    0x00000000      0x262 ..\obj\spi.o
 .debug_info    0x00000262      0x347 ..\obj\converter.o
 .debug_info    0x000005a9      0x20d ..\obj\control_position_tilt.o
 .debug_info    0x000007b6      0x21f ..\obj\main.o
 .debug_info    0x000009d5      0x1d5 ..\obj\communication_task.o
 .debug_info    0x00000baa      0x3ca ..\obj\uartprintf.o
 .debug_info    0x00000f74       0x79 ..\obj\gpio.o
 .debug_info    0x00000fed      0x304 ..\obj\schedule.o
 .debug_info    0x000012f1       0xfb ..\obj\startup_lm3s.o
 .debug_info    0x000013ec      0x1fb ..\obj\control_position_pan.o
 .debug_info    0x000015e7      0x312 ..\obj\queue.o
 .debug_info    0x000018f9       0xd9 ..\obj\debug.o
 .debug_info    0x000019d2       0xb9 ..\obj\cpu.o
 .debug_info    0x00001a8b      0x269 ..\obj\control_speed_pan.o
 .debug_info    0x00001cf4      0x269 ..\obj\control_speed_tilt.o
 .debug_info    0x00001f5d       0xdf ..\obj\systick.o

.debug_abbrev   0x00000000      0xdcc
 .debug_abbrev  0x00000000      0x12e ..\obj\spi.o
 .debug_abbrev  0x0000012e      0x114 ..\obj\converter.o
 .debug_abbrev  0x00000242       0xca ..\obj\control_position_tilt.o
 .debug_abbrev  0x0000030c       0xc6 ..\obj\main.o
 .debug_abbrev  0x000003d2       0xbb ..\obj\communication_task.o
 .debug_abbrev  0x0000048d      0x1e5 ..\obj\uartprintf.o
 .debug_abbrev  0x00000672       0x33 ..\obj\gpio.o
 .debug_abbrev  0x000006a5      0x156 ..\obj\schedule.o
 .debug_abbrev  0x000007fb       0xb0 ..\obj\startup_lm3s.o
 .debug_abbrev  0x000008ab       0xcc ..\obj\control_position_pan.o
 .debug_abbrev  0x00000977      0x13e ..\obj\queue.o
 .debug_abbrev  0x00000ab5       0x7a ..\obj\debug.o
 .debug_abbrev  0x00000b2f       0x67 ..\obj\cpu.o
 .debug_abbrev  0x00000b96       0xdc ..\obj\control_speed_pan.o
 .debug_abbrev  0x00000c72       0xdc ..\obj\control_speed_tilt.o
 .debug_abbrev  0x00000d4e       0x7e ..\obj\systick.o

.debug_aranges  0x00000000      0x370
 .debug_aranges
                0x00000000       0x60 ..\obj\spi.o
 .debug_aranges
                0x00000060       0x28 ..\obj\converter.o
 .debug_aranges
                0x00000088       0x28 ..\obj\control_position_tilt.o
 .debug_aranges
                0x000000b0       0x30 ..\obj\main.o
 .debug_aranges
                0x000000e0       0x28 ..\obj\communication_task.o
 .debug_aranges
                0x00000108       0x68 ..\obj\uartprintf.o
 .debug_aranges
                0x00000170       0x20 ..\obj\gpio.o
 .debug_aranges
                0x00000190       0x68 ..\obj\schedule.o
 .debug_aranges
                0x000001f8       0x28 ..\obj\startup_lm3s.o
 .debug_aranges
                0x00000220       0x28 ..\obj\control_position_pan.o
 .debug_aranges
                0x00000248       0x48 ..\obj\queue.o
 .debug_aranges
                0x00000290       0x28 ..\obj\debug.o
 .debug_aranges
                0x000002b8       0x30 ..\obj\cpu.o
 .debug_aranges
                0x000002e8       0x28 ..\obj\control_speed_pan.o
 .debug_aranges
                0x00000310       0x28 ..\obj\control_speed_tilt.o
 .debug_aranges
                0x00000338       0x38 ..\obj\systick.o

.debug_ranges   0x00000000      0x270
 .debug_ranges  0x00000000       0x50 ..\obj\spi.o
 .debug_ranges  0x00000050       0x18 ..\obj\converter.o
 .debug_ranges  0x00000068       0x18 ..\obj\control_position_tilt.o
 .debug_ranges  0x00000080       0x20 ..\obj\main.o
 .debug_ranges  0x000000a0       0x18 ..\obj\communication_task.o
 .debug_ranges  0x000000b8       0x58 ..\obj\uartprintf.o
 .debug_ranges  0x00000110       0x10 ..\obj\gpio.o
 .debug_ranges  0x00000120       0x58 ..\obj\schedule.o
 .debug_ranges  0x00000178       0x18 ..\obj\startup_lm3s.o
 .debug_ranges  0x00000190       0x18 ..\obj\control_position_pan.o
 .debug_ranges  0x000001a8       0x38 ..\obj\queue.o
 .debug_ranges  0x000001e0       0x18 ..\obj\debug.o
 .debug_ranges  0x000001f8       0x20 ..\obj\cpu.o
 .debug_ranges  0x00000218       0x18 ..\obj\control_speed_pan.o
 .debug_ranges  0x00000230       0x18 ..\obj\control_speed_tilt.o
 .debug_ranges  0x00000248       0x28 ..\obj\systick.o

.debug_line     0x00000000     0x1c1c
 .debug_line    0x00000000      0x275 ..\obj\spi.o
 .debug_line    0x00000275      0x26f ..\obj\converter.o
 .debug_line    0x000004e4      0x1ef ..\obj\control_position_tilt.o
 .debug_line    0x000006d3      0x174 ..\obj\main.o
 .debug_line    0x00000847      0x1dd ..\obj\communication_task.o
 .debug_line    0x00000a24      0x3c7 ..\obj\uartprintf.o
 .debug_line    0x00000deb       0x8f ..\obj\gpio.o
 .debug_line    0x00000e7a      0x1f6 ..\obj\schedule.o
 .debug_line    0x00001070       0xb3 ..\obj\startup_lm3s.o
 .debug_line    0x00001123      0x1f8 ..\obj\control_position_pan.o
 .debug_line    0x0000131b      0x17a ..\obj\queue.o
 .debug_line    0x00001495      0x10f ..\obj\debug.o
 .debug_line    0x000015a4      0x13a ..\obj\cpu.o
 .debug_line    0x000016de      0x207 ..\obj\control_speed_pan.o
 .debug_line    0x000018e5      0x20b ..\obj\control_speed_tilt.o
 .debug_line    0x00001af0      0x12c ..\obj\systick.o

.debug_str      0x00000000      0xea2
 .debug_str     0x00000000      0x29d ..\obj\spi.o
                                0x2ee (size before relaxing)
 .debug_str     0x0000029d      0x1b4 ..\obj\converter.o
                                0x3aa (size before relaxing)
 .debug_str     0x00000451       0xf4 ..\obj\control_position_tilt.o
                                0x307 (size before relaxing)
 .debug_str     0x00000545       0xa9 ..\obj\main.o
                                0x2ec (size before relaxing)
 .debug_str     0x000005ee       0xa7 ..\obj\communication_task.o
                                0x2ea (size before relaxing)
 .debug_str     0x00000695      0x174 ..\obj\uartprintf.o
                                0x3a0 (size before relaxing)
 .debug_str     0x00000809       0x56 ..\obj\gpio.o
                                0x160 (size before relaxing)
 .debug_str     0x0000085f      0x147 ..\obj\schedule.o
                                0x26e (size before relaxing)
 .debug_str     0x000009a6       0xca ..\obj\startup_lm3s.o
                                0x161 (size before relaxing)
 .debug_str     0x00000a70       0x86 ..\obj\control_position_pan.o
                                0x2f6 (size before relaxing)
 .debug_str     0x00000af6       0xc0 ..\obj\queue.o
                                0x2a0 (size before relaxing)
 .debug_str     0x00000bb6       0x82 ..\obj\debug.o
                                0x19c (size before relaxing)
 .debug_str     0x00000c38       0x90 ..\obj\cpu.o
                                0x196 (size before relaxing)
 .debug_str     0x00000cc8       0xad ..\obj\control_speed_pan.o
                                0x31b (size before relaxing)
 .debug_str     0x00000d75       0x91 ..\obj\control_speed_tilt.o
                                0x322 (size before relaxing)
 .debug_str     0x00000e06       0x9c ..\obj\systick.o
                                0x1af (size before relaxing)

.comment        0x00000000       0x70
 .comment       0x00000000       0x70 ..\obj\spi.o
                                 0x71 (size before relaxing)
 .comment       0x00000000       0x71 ..\obj\converter.o
 .comment       0x00000000       0x71 ..\obj\control_position_tilt.o
 .comment       0x00000000       0x71 ..\obj\main.o
 .comment       0x00000000       0x71 ..\obj\communication_task.o
 .comment       0x00000000       0x71 ..\obj\uartprintf.o
 .comment       0x00000000       0x71 ..\obj\gpio.o
 .comment       0x00000000       0x71 ..\obj\schedule.o
 .comment       0x00000000       0x71 ..\obj\startup_lm3s.o
 .comment       0x00000000       0x71 ..\obj\control_position_pan.o
 .comment       0x00000000       0x71 ..\obj\queue.o
 .comment       0x00000000       0x71 ..\obj\debug.o
 .comment       0x00000000       0x71 ..\obj\cpu.o
 .comment       0x00000000       0x71 ..\obj\control_speed_pan.o
 .comment       0x00000000       0x71 ..\obj\control_speed_tilt.o
 .comment       0x00000000       0x71 ..\obj\systick.o

.ARM.attributes
                0x00000000       0x31
 .ARM.attributes
                0x00000000       0x33 ..\obj\spi.o
 .ARM.attributes
                0x00000033       0x33 ..\obj\converter.o
 .ARM.attributes
                0x00000066       0x33 ..\obj\control_position_tilt.o
 .ARM.attributes
                0x00000099       0x33 ..\obj\main.o
 .ARM.attributes
                0x000000cc       0x33 ..\obj\communication_task.o
 .ARM.attributes
                0x000000ff       0x33 ..\obj\uartprintf.o
 .ARM.attributes
                0x00000132       0x33 ..\obj\gpio.o
 .ARM.attributes
                0x00000165       0x33 ..\obj\schedule.o
 .ARM.attributes
                0x00000198       0x33 ..\obj\startup_lm3s.o
 .ARM.attributes
                0x000001cb       0x33 ..\obj\control_position_pan.o
 .ARM.attributes
                0x000001fe       0x33 ..\obj\queue.o
 .ARM.attributes
                0x00000231       0x33 ..\obj\debug.o
 .ARM.attributes
                0x00000264       0x33 ..\obj\cpu.o
 .ARM.attributes
                0x00000297       0x33 ..\obj\control_speed_pan.o
 .ARM.attributes
                0x000002ca       0x33 ..\obj\control_speed_tilt.o
 .ARM.attributes
                0x000002fd       0x33 ..\obj\systick.o
 .ARM.attributes
                0x00000330       0x1d c:/program files (x86)/gnu tools arm embedded/4.8 2013q4/bin/../lib/gcc/arm-none-eabi/4.8.3/armv7-m\libgcc.a(_arm_addsubdf3.o)
 .ARM.attributes
                0x0000034d       0x1d c:/program files (x86)/gnu tools arm embedded/4.8 2013q4/bin/../lib/gcc/arm-none-eabi/4.8.3/armv7-m\libgcc.a(_arm_muldivdf3.o)
 .ARM.attributes
                0x0000036a       0x1d c:/program files (x86)/gnu tools arm embedded/4.8 2013q4/bin/../lib/gcc/arm-none-eabi/4.8.3/armv7-m\libgcc.a(_arm_fixdfsi.o)
 .ARM.attributes
                0x00000387       0x2d c:/program files (x86)/gnu tools arm embedded/4.8 2013q4/bin/../lib/gcc/arm-none-eabi/4.8.3/../../../../arm-none-eabi/lib/armv7-m\libc.a(lib_a-calloc.o)
 .ARM.attributes
                0x000003b4       0x2d c:/program files (x86)/gnu tools arm embedded/4.8 2013q4/bin/../lib/gcc/arm-none-eabi/4.8.3/../../../../arm-none-eabi/lib/armv7-m\libc.a(lib_a-callocr.o)
 .ARM.attributes
                0x000003e1       0x2d c:/program files (x86)/gnu tools arm embedded/4.8 2013q4/bin/../lib/gcc/arm-none-eabi/4.8.3/../../../../arm-none-eabi/lib/armv7-m\libc.a(lib_a-impure.o)
 .ARM.attributes
                0x0000040e       0x2d c:/program files (x86)/gnu tools arm embedded/4.8 2013q4/bin/../lib/gcc/arm-none-eabi/4.8.3/../../../../arm-none-eabi/lib/armv7-m\libc.a(lib_a-mallocr.o)
 .ARM.attributes
                0x0000043b       0x1b c:/program files (x86)/gnu tools arm embedded/4.8 2013q4/bin/../lib/gcc/arm-none-eabi/4.8.3/../../../../arm-none-eabi/lib/armv7-m\libc.a(lib_a-memcpy.o)
 .ARM.attributes
                0x00000456       0x2d c:/program files (x86)/gnu tools arm embedded/4.8 2013q4/bin/../lib/gcc/arm-none-eabi/4.8.3/../../../../arm-none-eabi/lib/armv7-m\libc.a(lib_a-memset.o)
 .ARM.attributes
                0x00000483       0x2d c:/program files (x86)/gnu tools arm embedded/4.8 2013q4/bin/../lib/gcc/arm-none-eabi/4.8.3/../../../../arm-none-eabi/lib/armv7-m\libc.a(lib_a-mlock.o)
 .ARM.attributes
                0x000004b0       0x2d c:/program files (x86)/gnu tools arm embedded/4.8 2013q4/bin/../lib/gcc/arm-none-eabi/4.8.3/../../../../arm-none-eabi/lib/armv7-m\libc.a(lib_a-sbrkr.o)
 .ARM.attributes
                0x000004dd       0x2d c:/program files (x86)/gnu tools arm embedded/4.8 2013q4/bin/../lib/gcc/arm-none-eabi/4.8.3/../../../../arm-none-eabi/lib/armv7-m\libc.a(lib_a-freer.o)
 .ARM.attributes
                0x0000050a       0x2d c:/program files (x86)/gnu tools arm embedded/4.8 2013q4/bin/../lib/gcc/arm-none-eabi/4.8.3/../../../../arm-none-eabi/lib/armv7-m\libc.a(lib_a-reent.o)
 .ARM.attributes
                0x00000537       0x2d c:/program files (x86)/gnu tools arm embedded/4.8 2013q4/bin/../lib/gcc/arm-none-eabi/4.8.3/../../../../arm-none-eabi/lib/armv7-m\librdimon.a(rdimon-syscalls.o)
 .ARM.attributes
                0x00000564       0x2d c:/program files (x86)/gnu tools arm embedded/4.8 2013q4/bin/../lib/gcc/arm-none-eabi/4.8.3/../../../../arm-none-eabi/lib/armv7-m\libg.a(lib_a-errno.o)
 .ARM.attributes
                0x00000591       0x2d c:/program files (x86)/gnu tools arm embedded/4.8 2013q4/bin/../lib/gcc/arm-none-eabi/4.8.3/../../../../arm-none-eabi/lib/armv7-m\libg.a(lib_a-findfp.o)
 .ARM.attributes
                0x000005be       0x2d c:/program files (x86)/gnu tools arm embedded/4.8 2013q4/bin/../lib/gcc/arm-none-eabi/4.8.3/../../../../arm-none-eabi/lib/armv7-m\libg.a(lib_a-fwalk.o)
 .ARM.attributes
                0x000005eb       0x2d c:/program files (x86)/gnu tools arm embedded/4.8 2013q4/bin/../lib/gcc/arm-none-eabi/4.8.3/../../../../arm-none-eabi/lib/armv7-m\libg.a(lib_a-stdio.o)
 .ARM.attributes
                0x00000618       0x2d c:/program files (x86)/gnu tools arm embedded/4.8 2013q4/bin/../lib/gcc/arm-none-eabi/4.8.3/../../../../arm-none-eabi/lib/armv7-m\libg.a(lib_a-strlen.o)
 .ARM.attributes
                0x00000645       0x2d c:/program files (x86)/gnu tools arm embedded/4.8 2013q4/bin/../lib/gcc/arm-none-eabi/4.8.3/../../../../arm-none-eabi/lib/armv7-m\libg.a(lib_a-writer.o)
 .ARM.attributes
                0x00000672       0x2d c:/program files (x86)/gnu tools arm embedded/4.8 2013q4/bin/../lib/gcc/arm-none-eabi/4.8.3/../../../../arm-none-eabi/lib/armv7-m\libg.a(lib_a-closer.o)
 .ARM.attributes
                0x0000069f       0x2d c:/program files (x86)/gnu tools arm embedded/4.8 2013q4/bin/../lib/gcc/arm-none-eabi/4.8.3/../../../../arm-none-eabi/lib/armv7-m\libg.a(lib_a-fclose.o)
 .ARM.attributes
                0x000006cc       0x2d c:/program files (x86)/gnu tools arm embedded/4.8 2013q4/bin/../lib/gcc/arm-none-eabi/4.8.3/../../../../arm-none-eabi/lib/armv7-m\libg.a(lib_a-fflush.o)
 .ARM.attributes
                0x000006f9       0x2d c:/program files (x86)/gnu tools arm embedded/4.8 2013q4/bin/../lib/gcc/arm-none-eabi/4.8.3/../../../../arm-none-eabi/lib/armv7-m\libg.a(lib_a-lseekr.o)
 .ARM.attributes
                0x00000726       0x2d c:/program files (x86)/gnu tools arm embedded/4.8 2013q4/bin/../lib/gcc/arm-none-eabi/4.8.3/../../../../arm-none-eabi/lib/armv7-m\libg.a(lib_a-readr.o)

.debug_frame    0x00000000      0xffc
 .debug_frame   0x00000000      0x10c ..\obj\spi.o
 .debug_frame   0x0000010c       0x4c ..\obj\converter.o
 .debug_frame   0x00000158       0x50 ..\obj\control_position_tilt.o
 .debug_frame   0x000001a8       0x68 ..\obj\main.o
 .debug_frame   0x00000210       0x4c ..\obj\communication_task.o
 .debug_frame   0x0000025c      0x13c ..\obj\uartprintf.o
 .debug_frame   0x00000398       0x28 ..\obj\gpio.o
 .debug_frame   0x000003c0      0x12c ..\obj\schedule.o
 .debug_frame   0x000004ec       0x48 ..\obj\startup_lm3s.o
 .debug_frame   0x00000534       0x50 ..\obj\control_position_pan.o
 .debug_frame   0x00000584       0xcc ..\obj\queue.o
 .debug_frame   0x00000650       0x48 ..\obj\debug.o
 .debug_frame   0x00000698       0x5c ..\obj\cpu.o
 .debug_frame   0x000006f4       0x50 ..\obj\control_speed_pan.o
 .debug_frame   0x00000744       0x50 ..\obj\control_speed_tilt.o
 .debug_frame   0x00000794       0x74 ..\obj\systick.o
 .debug_frame   0x00000808       0x20 c:/program files (x86)/gnu tools arm embedded/4.8 2013q4/bin/../lib/gcc/arm-none-eabi/4.8.3/../../../../arm-none-eabi/lib/armv7-m\libc.a(lib_a-calloc.o)
 .debug_frame   0x00000828       0x28 c:/program files (x86)/gnu tools arm embedded/4.8 2013q4/bin/../lib/gcc/arm-none-eabi/4.8.3/../../../../arm-none-eabi/lib/armv7-m\libc.a(lib_a-callocr.o)
 .debug_frame   0x00000850       0x38 c:/program files (x86)/gnu tools arm embedded/4.8 2013q4/bin/../lib/gcc/arm-none-eabi/4.8.3/../../../../arm-none-eabi/lib/armv7-m\libc.a(lib_a-mallocr.o)
 .debug_frame   0x00000888       0x2c c:/program files (x86)/gnu tools arm embedded/4.8 2013q4/bin/../lib/gcc/arm-none-eabi/4.8.3/../../../../arm-none-eabi/lib/armv7-m\libc.a(lib_a-memset.o)
 .debug_frame   0x000008b4       0x30 c:/program files (x86)/gnu tools arm embedded/4.8 2013q4/bin/../lib/gcc/arm-none-eabi/4.8.3/../../../../arm-none-eabi/lib/armv7-m\libc.a(lib_a-mlock.o)
 .debug_frame   0x000008e4       0x2c c:/program files (x86)/gnu tools arm embedded/4.8 2013q4/bin/../lib/gcc/arm-none-eabi/4.8.3/../../../../arm-none-eabi/lib/armv7-m\libc.a(lib_a-sbrkr.o)
 .debug_frame   0x00000910       0x50 c:/program files (x86)/gnu tools arm embedded/4.8 2013q4/bin/../lib/gcc/arm-none-eabi/4.8.3/../../../../arm-none-eabi/lib/armv7-m\libc.a(lib_a-freer.o)
 .debug_frame   0x00000960       0x48 c:/program files (x86)/gnu tools arm embedded/4.8 2013q4/bin/../lib/gcc/arm-none-eabi/4.8.3/../../../../arm-none-eabi/lib/armv7-m\libc.a(lib_a-reent.o)
 .debug_frame   0x000009a8      0x2e8 c:/program files (x86)/gnu tools arm embedded/4.8 2013q4/bin/../lib/gcc/arm-none-eabi/4.8.3/../../../../arm-none-eabi/lib/armv7-m\librdimon.a(rdimon-syscalls.o)
 .debug_frame   0x00000c90       0x20 c:/program files (x86)/gnu tools arm embedded/4.8 2013q4/bin/../lib/gcc/arm-none-eabi/4.8.3/../../../../arm-none-eabi/lib/armv7-m\libg.a(lib_a-errno.o)
 .debug_frame   0x00000cb0      0x110 c:/program files (x86)/gnu tools arm embedded/4.8 2013q4/bin/../lib/gcc/arm-none-eabi/4.8.3/../../../../arm-none-eabi/lib/armv7-m\libg.a(lib_a-findfp.o)
 .debug_frame   0x00000dc0       0x54 c:/program files (x86)/gnu tools arm embedded/4.8 2013q4/bin/../lib/gcc/arm-none-eabi/4.8.3/../../../../arm-none-eabi/lib/armv7-m\libg.a(lib_a-fwalk.o)
 .debug_frame   0x00000e14       0x80 c:/program files (x86)/gnu tools arm embedded/4.8 2013q4/bin/../lib/gcc/arm-none-eabi/4.8.3/../../../../arm-none-eabi/lib/armv7-m\libg.a(lib_a-stdio.o)
 .debug_frame   0x00000e94       0x20 c:/program files (x86)/gnu tools arm embedded/4.8 2013q4/bin/../lib/gcc/arm-none-eabi/4.8.3/../../../../arm-none-eabi/lib/armv7-m\libg.a(lib_a-strlen.o)
 .debug_frame   0x00000eb4       0x2c c:/program files (x86)/gnu tools arm embedded/4.8 2013q4/bin/../lib/gcc/arm-none-eabi/4.8.3/../../../../arm-none-eabi/lib/armv7-m\libg.a(lib_a-writer.o)
 .debug_frame   0x00000ee0       0x2c c:/program files (x86)/gnu tools arm embedded/4.8 2013q4/bin/../lib/gcc/arm-none-eabi/4.8.3/../../../../arm-none-eabi/lib/armv7-m\libg.a(lib_a-closer.o)
 .debug_frame   0x00000f0c       0x3c c:/program files (x86)/gnu tools arm embedded/4.8 2013q4/bin/../lib/gcc/arm-none-eabi/4.8.3/../../../../arm-none-eabi/lib/armv7-m\libg.a(lib_a-fclose.o)
 .debug_frame   0x00000f48       0x5c c:/program files (x86)/gnu tools arm embedded/4.8 2013q4/bin/../lib/gcc/arm-none-eabi/4.8.3/../../../../arm-none-eabi/lib/armv7-m\libg.a(lib_a-fflush.o)
 .debug_frame   0x00000fa4       0x2c c:/program files (x86)/gnu tools arm embedded/4.8 2013q4/bin/../lib/gcc/arm-none-eabi/4.8.3/../../../../arm-none-eabi/lib/armv7-m\libg.a(lib_a-lseekr.o)
 .debug_frame   0x00000fd0       0x2c c:/program files (x86)/gnu tools arm embedded/4.8 2013q4/bin/../lib/gcc/arm-none-eabi/4.8.3/../../../../arm-none-eabi/lib/armv7-m\libg.a(lib_a-readr.o)
