Archive member included because of file (symbol)

c:/program files (x86)/gnu tools arm embedded/4.8 2013q4/bin/../lib/gcc/arm-none-eabi/4.8.3/armv7-m\libgcc.a(_arm_addsubdf3.o)
                              ..\obj\control_position_tilt.o (__aeabi_dadd)
c:/program files (x86)/gnu tools arm embedded/4.8 2013q4/bin/../lib/gcc/arm-none-eabi/4.8.3/armv7-m\libgcc.a(_arm_muldivdf3.o)
                              ..\obj\control_position_tilt.o (__aeabi_dmul)
c:/program files (x86)/gnu tools arm embedded/4.8 2013q4/bin/../lib/gcc/arm-none-eabi/4.8.3/armv7-m\libgcc.a(_arm_fixdfsi.o)
                              ..\obj\control_position_tilt.o (__aeabi_d2iz)

Allocating common symbols
Common symbol       size              file

QueuePositionTILT   0x1               ..\obj\converter.o
QueueGoToPositionTILT
                    0x1               ..\obj\converter.o
Queue               0x28              ..\obj\spi.o
QueueUARTTX         0x1               ..\obj\spi.o
QueueUARTRX         0x1               ..\obj\spi.o
rtcs_i              0x1               ..\obj\schedule.o
QueueTiltSpeed      0x1               ..\obj\control_position_tilt.o
QueuePositionPAN    0x1               ..\obj\converter.o
QueueGoToPositionPAN
                    0x1               ..\obj\converter.o
task_state          0xb               ..\obj\schedule.o
QueuePWMOutTilt     0x1               ..\obj\converter.o
QueueSPIRX          0x1               ..\obj\spi.o
QueueSPITX          0x1               ..\obj\spi.o
task_time           0x16              ..\obj\schedule.o

Discarded input sections

 .text          0x00000000        0x0 ..\obj\spi.o
 .data          0x00000000        0x0 ..\obj\spi.o
 .bss           0x00000000        0x0 ..\obj\spi.o
 .text          0x00000000        0x0 ..\obj\converter.o
 .text          0x00000000        0x0 ..\obj\control_position_tilt.o
 .text          0x00000000        0x0 ..\obj\main.o
 .data          0x00000000        0x0 ..\obj\main.o
 .bss           0x00000000        0x0 ..\obj\main.o
 .text          0x00000000        0x0 ..\obj\communication_task.o
 .data          0x00000000        0x0 ..\obj\communication_task.o
 .bss           0x00000000        0x4 ..\obj\communication_task.o
 .text          0x00000000        0x0 ..\obj\uartprintf.o
 .data          0x00000000        0x0 ..\obj\uartprintf.o
 .bss           0x00000000        0x0 ..\obj\uartprintf.o
 .text          0x00000000        0x0 ..\obj\gpio.o
 .data          0x00000000        0x0 ..\obj\gpio.o
 .bss           0x00000000        0x0 ..\obj\gpio.o
 .text          0x00000000        0x0 ..\obj\schedule.o
 .text._signal_sem
                0x00000000       0x2c ..\obj\schedule.o
 .text._clear_sem
                0x00000000       0x34 ..\obj\schedule.o
 .text._test_sem
                0x00000000       0x3c ..\obj\schedule.o
 .text._time_status
                0x00000000       0x2c ..\obj\schedule.o
 .text._stop    0x00000000       0x24 ..\obj\schedule.o
 .text          0x00000000        0x0 ..\obj\startup_lm3s.o
 .data          0x00000000        0x0 ..\obj\startup_lm3s.o
 .bss           0x00000000        0x0 ..\obj\startup_lm3s.o
 .text          0x00000000        0x0 ..\obj\control_position_pan.o
 .text          0x00000000        0x0 ..\obj\queue.o
 .data          0x00000000        0x0 ..\obj\queue.o
 .text          0x00000000        0x0 ..\obj\debug.o
 .bss           0x00000000        0x0 ..\obj\debug.o
 .text.debug_pin
                0x00000000       0x78 ..\obj\debug.o
 .text          0x00000000        0x0 ..\obj\cpu.o
 .data          0x00000000        0x0 ..\obj\cpu.o
 .bss           0x00000000        0x0 ..\obj\cpu.o
 .text          0x00000000        0x0 ..\obj\control_speed_pan.o
 .text          0x00000000        0x0 ..\obj\control_speed_tilt.o
 .text          0x00000000        0x0 ..\obj\systick.o
 .data          0x00000000        0x0 ..\obj\systick.o
 .data          0x00000000        0x0 c:/program files (x86)/gnu tools arm embedded/4.8 2013q4/bin/../lib/gcc/arm-none-eabi/4.8.3/armv7-m\libgcc.a(_arm_addsubdf3.o)
 .bss           0x00000000        0x0 c:/program files (x86)/gnu tools arm embedded/4.8 2013q4/bin/../lib/gcc/arm-none-eabi/4.8.3/armv7-m\libgcc.a(_arm_addsubdf3.o)
 .data          0x00000000        0x0 c:/program files (x86)/gnu tools arm embedded/4.8 2013q4/bin/../lib/gcc/arm-none-eabi/4.8.3/armv7-m\libgcc.a(_arm_muldivdf3.o)
 .bss           0x00000000        0x0 c:/program files (x86)/gnu tools arm embedded/4.8 2013q4/bin/../lib/gcc/arm-none-eabi/4.8.3/armv7-m\libgcc.a(_arm_muldivdf3.o)
 .data          0x00000000        0x0 c:/program files (x86)/gnu tools arm embedded/4.8 2013q4/bin/../lib/gcc/arm-none-eabi/4.8.3/armv7-m\libgcc.a(_arm_fixdfsi.o)
 .bss           0x00000000        0x0 c:/program files (x86)/gnu tools arm embedded/4.8 2013q4/bin/../lib/gcc/arm-none-eabi/4.8.3/armv7-m\libgcc.a(_arm_fixdfsi.o)

Memory Configuration

Name             Origin             Length             Attributes
rom              0x00000000         0x00040000         xr
ram              0x20000000         0x00010000         xrw
*default*        0x00000000         0xffffffff

Linker script and memory map

                0x20010000                _eram = 0x20010000

.text           0x00000000     0x27dc
 *(.isr_vector)
 .isr_vector    0x00000000      0x100 ..\obj\startup_lm3s.o
                0x00000000                g_pfnVectors
 *(.text*)
 .text.spi_enable
                0x00000100       0x1c ..\obj\spi.o
                0x00000100                spi_enable
 .text.spi_disable
                0x0000011c       0x1c ..\obj\spi.o
                0x0000011c                spi_disable
 .text.spi_init
                0x00000138      0x1c8 ..\obj\spi.o
                0x00000138                spi_init
 .text.init_SPI_RX_task
                0x00000300       0x18 ..\obj\spi.o
                0x00000300                init_SPI_RX_task
 .text.init_SPI_TX_task
                0x00000318       0x18 ..\obj\spi.o
                0x00000318                init_SPI_TX_task
 .text.SPIDataReady
                0x00000330       0x40 ..\obj\spi.o
                0x00000330                SPIDataReady
 .text.SPICharGet
                0x00000370       0x18 ..\obj\spi.o
                0x00000370                SPICharGet
 .text.SPI_RX_task
                0x00000388       0x44 ..\obj\spi.o
                0x00000388                SPI_RX_task
 .text.SPI_TX_task
                0x000003cc       0x3c ..\obj\spi.o
                0x000003cc                SPI_TX_task
 .text.init_converter_task
                0x00000408       0x10 ..\obj\converter.o
                0x00000408                init_converter_task
 .text.converter_task
                0x00000418      0x248 ..\obj\converter.o
                0x00000418                converter_task
 .text.init_tilt_position_task
                0x00000660       0x10 ..\obj\control_position_tilt.o
                0x00000660                init_tilt_position_task
 .text.tilt_position_task
                0x00000670      0x1c4 ..\obj\control_position_tilt.o
                0x00000670                tilt_position_task
 .text.init_alive_task
                0x00000834       0x1c ..\obj\main.o
                0x00000834                init_alive_task
 .text.alive_task
                0x00000850       0x20 ..\obj\main.o
                0x00000850                alive_task
 .text.main     0x00000870       0xa4 ..\obj\main.o
                0x00000870                main
 .text.init_timer0
                0x00000914       0xb8 ..\obj\communication_task.o
                0x00000914                init_timer0
 .text.Timer0A_IRQHandler
                0x000009cc       0x1c ..\obj\communication_task.o
                0x000009cc                Timer0A_IRQHandler
 .text.init_communication_task
                0x000009e8       0x14 ..\obj\communication_task.o
                0x000009e8                init_communication_task
 .text.communication_task
                0x000009fc       0xb4 ..\obj\communication_task.o
                0x000009fc                communication_task
 .text.init_uart_rx_task
                0x00000ab0       0x10 ..\obj\uartprintf.o
                0x00000ab0                init_uart_rx_task
 .text.init_uart_tx_task
                0x00000ac0       0x18 ..\obj\uartprintf.o
                0x00000ac0                init_uart_tx_task
 .text.UARTDataReady
                0x00000ad8       0x50 ..\obj\uartprintf.o
                0x00000ad8                UARTDataReady
 .text.UARTCharGet
                0x00000b28       0x18 ..\obj\uartprintf.o
                0x00000b28                UARTCharGet
 .text.UART_RX_task
                0x00000b40       0x48 ..\obj\uartprintf.o
                0x00000b40                UART_RX_task
 .text.UART_TX_task
                0x00000b88       0x3c ..\obj\uartprintf.o
                0x00000b88                UART_TX_task
 .text.uartprintf_init
                0x00000bc4       0xc0 ..\obj\uartprintf.o
                0x00000bc4                uartprintf_init
 .text.UARTCharPut
                0x00000c84       0x34 ..\obj\uartprintf.o
                0x00000c84                UARTCharPut
 .text.UARTwrite
                0x00000cb8       0x50 ..\obj\uartprintf.o
                0x00000cb8                UARTwrite
 .text.UARTprintf
                0x00000d08      0x3f4 ..\obj\uartprintf.o
                0x00000d08                UARTprintf
 .text.gpio_init
                0x000010fc       0xb4 ..\obj\gpio.o
                0x000010fc                gpio_init
 .text._wait    0x000011b0       0x30 ..\obj\schedule.o
                0x000011b0                _wait
 .text._start   0x000011e0       0x40 ..\obj\schedule.o
                0x000011e0                _start
 .text.task_setup
                0x00001220       0x40 ..\obj\schedule.o
                0x00001220                task_setup
 .text.init_tasks
                0x00001260       0x48 ..\obj\schedule.o
                0x00001260                init_tasks
 .text.start_rtcs_scheduler
                0x000012a8       0xf0 ..\obj\schedule.o
                0x000012a8                start_rtcs_scheduler
 .text.Default_Reset_Handler
                0x00001398       0x5c ..\obj\startup_lm3s.o
                0x00001398                Default_Reset_Handler
                0x00001398                Reset_Handler
 .text.Default_Handler
                0x000013f4        0x8 ..\obj\startup_lm3s.o
                0x000013f4                DebugMon_Handler
                0x000013f4                FlashCtrl_IRQHandler
                0x000013f4                Timer0B_IRQHandler
                0x000013f4                I2C0_IRQHandler
                0x000013f4                HardFault_Handler
                0x000013f4                PendSV_Handler
                0x000013f4                NMI_Handler
                0x000013f4                I2C1_IRQHandler
                0x000013f4                PWMGen0_IRQHandler
                0x000013f4                UART1_IRQHandler
                0x000013f4                CAN1_IRQHandler
                0x000013f4                Timer1B_IRQHandler
                0x000013f4                Watchdog_IRQHandler
                0x000013f4                UART0_IRQHandler
                0x000013f4                SSI0_IRQHandler
                0x000013f4                UsageFault_Handler
                0x000013f4                ADCSeq1_IRQHandler
                0x000013f4                PWMFault_IRQHandler
                0x000013f4                PWMGen1_IRQHandler
                0x000013f4                SSI1_IRQHandler
                0x000013f4                uDMA_IRQHandler
                0x000013f4                GPIOPortC_IRQHandler
                0x000013f4                ADCSeq2_IRQHandler
                0x000013f4                PWMGen2_IRQHandler
                0x000013f4                UART2_IRQHandler
                0x000013f4                uDMAErr_IRQHandler
                0x000013f4                QEI1_IRQHandler
                0x000013f4                QEI0_IRQHandler
                0x000013f4                PWMGen3_IRQHandler
                0x000013f4                GPIOPortD_IRQHandler
                0x000013f4                USB0_IRQHandler
                0x000013f4                MemManage_Handler
                0x000013f4                Ethernet_IRQHandler
                0x000013f4                SVC_Handler
                0x000013f4                Timer3B_IRQHandler
                0x000013f4                Timer3A_IRQHandler
                0x000013f4                GPIOPortA_IRQHandler
                0x000013f4                ADCSeq0_IRQHandler
                0x000013f4                Timer1A_IRQHandler
                0x000013f4                GPIOPortG_IRQHandler
                0x000013f4                ADCSeq3_IRQHandler
                0x000013f4                GPIOPortE_IRQHandler
                0x000013f4                CAN0_IRQHandler
                0x000013f4                Comp0_IRQHandler
                0x000013f4                Comp1_IRQHandler
                0x000013f4                Comp2_IRQHandler
                0x000013f4                GPIOPortF_IRQHandler
                0x000013f4                GPIOPortB_IRQHandler
                0x000013f4                CAN2_IRQHandler
                0x000013f4                GPIOPortH_IRQHandler
                0x000013f4                BusFault_Handler
                0x000013f4                Timer2A_IRQHandler
                0x000013f4                Timer2B_IRQHandler
                0x000013f4                SysCtrl_IRQHandler
                0x000013f4                Hibernate_IRQHandler
 .text.init_pan_position_task
                0x000013fc       0x10 ..\obj\control_position_pan.o
                0x000013fc                init_pan_position_task
 .text.pan_position_task
                0x0000140c      0x1c4 ..\obj\control_position_pan.o
                0x0000140c                pan_position_task
 .text.CreateQueueHandle
                0x000015d0       0x30 ..\obj\queue.o
                0x000015d0                CreateQueueHandle
 .text.QueueSend
                0x00001600       0x48 ..\obj\queue.o
                0x00001600                QueueSend
 .text.QueuePeek
                0x00001648       0x40 ..\obj\queue.o
                0x00001648                QueuePeek
 .text.QueueOverwrite
                0x00001688       0x38 ..\obj\queue.o
                0x00001688                QueueOverwrite
 .text.QueueEmpty
                0x000016c0       0x34 ..\obj\queue.o
                0x000016c0                QueueEmpty
 .text.QueueReceive
                0x000016f4       0x4c ..\obj\queue.o
                0x000016f4                QueueReceive
 .text.debug_pin_red
                0x00001740       0x78 ..\obj\debug.o
                0x00001740                debug_pin_red
 .text.clk_system_init
                0x000017b8       0xe4 ..\obj\cpu.o
                0x000017b8                clk_system_init
 .text.enable_global_int
                0x0000189c       0x10 ..\obj\cpu.o
                0x0000189c                enable_global_int
 .text.disable_global_int
                0x000018ac       0x10 ..\obj\cpu.o
                0x000018ac                disable_global_int
 .text.init_pan_speed_task
                0x000018bc       0x10 ..\obj\control_speed_pan.o
                0x000018bc                init_pan_speed_task
 *fill*         0x000018cc        0x4 
 .text.pan_speed_task
                0x000018d0      0x2e0 ..\obj\control_speed_pan.o
                0x000018d0                pan_speed_task
 .text.init_tilt_speed_task
                0x00001bb0       0x10 ..\obj\control_speed_tilt.o
                0x00001bb0                init_tilt_speed_task
 .text.tilt_speed_task
                0x00001bc0      0x2e0 ..\obj\control_speed_tilt.o
                0x00001bc0                tilt_speed_task
 .text.SysTick_Handler
                0x00001ea0       0x1c ..\obj\systick.o
                0x00001ea0                SysTick_Handler
 .text.systick_init
                0x00001ebc       0x84 ..\obj\systick.o
                0x00001ebc                systick_init
 .text.systick_get
                0x00001f40       0x28 ..\obj\systick.o
                0x00001f40                systick_get
 .text.systick_decrement
                0x00001f68       0x20 ..\obj\systick.o
                0x00001f68                systick_decrement
 .text          0x00001f88      0x370 c:/program files (x86)/gnu tools arm embedded/4.8 2013q4/bin/../lib/gcc/arm-none-eabi/4.8.3/armv7-m\libgcc.a(_arm_addsubdf3.o)
                0x00001f88                __aeabi_drsub
                0x00001f90                __aeabi_dsub
                0x00001f90                __subdf3
                0x00001f94                __aeabi_dadd
                0x00001f94                __adddf3
                0x0000220c                __floatunsidf
                0x0000220c                __aeabi_ui2d
                0x0000222c                __floatsidf
                0x0000222c                __aeabi_i2d
                0x00002250                __aeabi_f2d
                0x00002250                __extendsfdf2
                0x0000228c                __floatundidf
                0x0000228c                __aeabi_ul2d
                0x0000229c                __floatdidf
                0x0000229c                __aeabi_l2d
 .text          0x000022f8      0x424 c:/program files (x86)/gnu tools arm embedded/4.8 2013q4/bin/../lib/gcc/arm-none-eabi/4.8.3/armv7-m\libgcc.a(_arm_muldivdf3.o)
                0x000022f8                __aeabi_dmul
                0x000022f8                __muldf3
                0x0000254c                __divdf3
                0x0000254c                __aeabi_ddiv
 .text          0x0000271c       0x50 c:/program files (x86)/gnu tools arm embedded/4.8 2013q4/bin/../lib/gcc/arm-none-eabi/4.8.3/armv7-m\libgcc.a(_arm_fixdfsi.o)
                0x0000271c                __aeabi_d2iz
                0x0000271c                __fixdfsi
 *(.init)
 *(.fini)
 *crtbegin.o(.ctors)
 *crtbegin?.o(.ctors)
 *(EXCLUDE_FILE(*crtend.o *crtend?.o) .ctors)
 *(SORT(.ctors.*))
 *(.ctors)
 *crtbegin.o(.dtors)
 *crtbegin?.o(.dtors)
 *(EXCLUDE_FILE(*crtend.o *crtend?.o) .dtors)
 *(SORT(.dtors.*))
 *(.dtors)
 *(.rodata*)
 .rodata        0x0000276c       0x28 ..\obj\spi.o
 .rodata        0x00002794       0x10 ..\obj\main.o
 .rodata        0x000027a4       0x38 ..\obj\uartprintf.o
 *(.eh_fram e*)

.glue_7         0x000027dc        0x0
 .glue_7        0x00000000        0x0 linker stubs

.glue_7t        0x000027dc        0x0
 .glue_7t       0x00000000        0x0 linker stubs

.vfp11_veneer   0x000027dc        0x0
 .vfp11_veneer  0x00000000        0x0 linker stubs

.v4_bx          0x000027dc        0x0
 .v4_bx         0x00000000        0x0 linker stubs

.iplt           0x000027dc        0x0
 .iplt          0x00000000        0x0 ..\obj\spi.o

.rel.dyn        0x000027dc        0x0
 .rel.iplt      0x00000000        0x0 ..\obj\spi.o

.ARM.extab
 *(.ARM.extab* .gnu.linkonce.armextab.*)
                0x000027dc                __exidx_start = .

.ARM.exidx
 *(.ARM.exidx* .gnu.linkonce.armexidx.*)
                0x000027dc                __exidx_end = .
                0x000027dc                __etext = .
                0x000027dc                _sidata = __etext

.data           0x20000000       0x68 load address 0x000027dc
                0x20000000                __data_start__ = .
                0x20000000                _sdata = __data_start__
 *(vtable)
 *(.data*)
 .data          0x20000000        0x1 ..\obj\converter.o
                0x20000000                RecieveDecNumState
 *fill*         0x20000001        0x1 
 .data          0x20000002        0x2 ..\obj\control_position_tilt.o
 .data          0x20000004       0x58 ..\obj\schedule.o
                0x20000004                init_task
                0x20000030                task
 .data          0x2000005c        0x2 ..\obj\control_position_pan.o
 .data          0x2000005e        0x2 ..\obj\debug.o
 .data          0x20000060        0x4 ..\obj\control_speed_pan.o
 .data          0x20000064        0x4 ..\obj\control_speed_tilt.o
                0x20000068                . = ALIGN (0x4)
                0x20000068                PROVIDE (__preinit_array_start, .)
 *(.preinit_array)
                0x20000068                PROVIDE (__preinit_array_end, .)
                0x20000068                . = ALIGN (0x4)
                0x20000068                PROVIDE (__init_array_start, .)
 *(SORT(.init_array.*))
 *(.init_array)
                0x20000068                PROVIDE (__init_array_end, .)
                0x20000068                . = ALIGN (0x4)
                0x20000068                PROVIDE (__fini_array_start, .)
 *(SORT(.fini_array.*))
 *(.fini_array)
                0x20000068                PROVIDE (__fini_array_end, .)
 *(.jcr*)
                0x20000068                . = ALIGN (0x4)
                0x20000068                __data_end__ = .
                0x20000068                _edata = __data_end__

.igot.plt       0x20000068        0x0 load address 0x00002844
 .igot.plt      0x00000000        0x0 ..\obj\spi.o

.bss            0x20000068       0xa8 load address 0x00002844
                0x20000068                . = ALIGN (0x4)
                0x20000068                __bss_start__ = .
                0x20000068                _sbss = __bss_start__
 *(.bss*)
 .bss           0x20000068        0x8 ..\obj\converter.o
                0x20000068                recieve_state
                0x20000069                motor
                0x2000006a                function
 .bss           0x20000070        0xc ..\obj\control_position_tilt.o
 .bss           0x2000007c        0x4 ..\obj\schedule.o
                0x2000007c                semaphores
                0x2000007e                current_task
 .bss           0x20000080        0xc ..\obj\control_position_pan.o
 .bss           0x2000008c        0x1 ..\obj\queue.o
 *fill*         0x2000008d        0x3 
 .bss           0x20000090       0x10 ..\obj\control_speed_pan.o
 .bss           0x200000a0       0x10 ..\obj\control_speed_tilt.o
 .bss           0x200000b0        0x1 ..\obj\systick.o
                0x200000b0                tick
 *(COMMON)
 *fill*         0x200000b1        0x3 
 COMMON         0x200000b4       0x2c ..\obj\spi.o
                0x200000b4                Queue
                0x200000dc                QueueUARTTX
                0x200000dd                QueueUARTRX
                0x200000de                QueueSPIRX
                0x200000df                QueueSPITX
 COMMON         0x200000e0        0x5 ..\obj\converter.o
                0x200000e0                QueuePositionTILT
                0x200000e1                QueueGoToPositionTILT
                0x200000e2                QueuePositionPAN
                0x200000e3                QueueGoToPositionPAN
                0x200000e4                QueuePWMOutTilt
 COMMON         0x200000e5        0x1 ..\obj\control_position_tilt.o
                0x200000e5                QueueTiltSpeed
 *fill*         0x200000e6        0x2 
 COMMON         0x200000e8       0x26 ..\obj\schedule.o
                0x200000e8                rtcs_i
                0x200000ec                task_state
                0x200000f8                task_time
                0x20000110                . = ALIGN (0x4)
 *fill*         0x2000010e        0x2 
                0x20000110                __bss_end__ = .
                0x20000110                _ebss = __bss_end__

.heap           0x20000110        0x0
                0x20000110                __end__ = .
                0x20000110                _end = __end__
                0x20000110                end = __end__
 *(.heap*)
                0x20000110                __HeapLimit = .

.co_stack       0x20000110      0x400 load address 0x000028ec
                0x20000110                . = ALIGN (0x8)
 *(.co_stack .co_stack.*)
 .co_stack      0x20000110      0x400 ..\obj\startup_lm3s.o
                0x20000110                pulStack
                0x20010000                __StackTop = (ORIGIN (ram) + 0x10000)
                0x2000fc00                __StackLimit = (__StackTop - SIZEOF (.co_stack))
                0x20010000                PROVIDE (__stack, __StackTop)
                0x00000001                ASSERT ((__StackLimit >= __HeapLimit), region ram  overflowed with stack)
LOAD ..\obj\spi.o
LOAD ..\obj\converter.o
LOAD ..\obj\control_position_tilt.o
LOAD ..\obj\main.o
LOAD ..\obj\communication_task.o
LOAD ..\obj\uartprintf.o
LOAD ..\obj\gpio.o
LOAD ..\obj\schedule.o
LOAD ..\obj\startup_lm3s.o
LOAD ..\obj\control_position_pan.o
LOAD ..\obj\queue.o
LOAD ..\obj\debug.o
LOAD ..\obj\cpu.o
LOAD ..\obj\control_speed_pan.o
LOAD ..\obj\control_speed_tilt.o
LOAD ..\obj\systick.o
LOAD c:/program files (x86)/gnu tools arm embedded/4.8 2013q4/bin/../lib/gcc/arm-none-eabi/4.8.3/../../../../arm-none-eabi/lib/armv7-m\libm.a
LOAD c:/program files (x86)/gnu tools arm embedded/4.8 2013q4/bin/../lib/gcc/arm-none-eabi/4.8.3/armv7-m\libgcc.a
LOAD c:/program files (x86)/gnu tools arm embedded/4.8 2013q4/bin/../lib/gcc/arm-none-eabi/4.8.3/../../../../arm-none-eabi/lib/armv7-m\libc.a
LOAD c:/program files (x86)/gnu tools arm embedded/4.8 2013q4/bin/../lib/gcc/arm-none-eabi/4.8.3/../../../../arm-none-eabi/lib/armv7-m\librdimon.a
START GROUP
LOAD c:/program files (x86)/gnu tools arm embedded/4.8 2013q4/bin/../lib/gcc/arm-none-eabi/4.8.3/armv7-m\libgcc.a
LOAD c:/program files (x86)/gnu tools arm embedded/4.8 2013q4/bin/../lib/gcc/arm-none-eabi/4.8.3/../../../../arm-none-eabi/lib/armv7-m\libg.a
LOAD c:/program files (x86)/gnu tools arm embedded/4.8 2013q4/bin/../lib/gcc/arm-none-eabi/4.8.3/../../../../arm-none-eabi/lib/armv7-m\libc.a
END GROUP
OUTPUT(SemProjekt_RTCS.elf elf32-littlearm)

.debug_info     0x00000000     0x1fec
 .debug_info    0x00000000      0x229 ..\obj\spi.o
 .debug_info    0x00000229      0x2b6 ..\obj\converter.o
 .debug_info    0x000004df      0x266 ..\obj\control_position_tilt.o
 .debug_info    0x00000745      0x1dd ..\obj\main.o
 .debug_info    0x00000922      0x1e5 ..\obj\communication_task.o
 .debug_info    0x00000b07      0x397 ..\obj\uartprintf.o
 .debug_info    0x00000e9e       0x79 ..\obj\gpio.o
 .debug_info    0x00000f17      0x304 ..\obj\schedule.o
 .debug_info    0x0000121b       0xe9 ..\obj\startup_lm3s.o
 .debug_info    0x00001304      0x266 ..\obj\control_position_pan.o
 .debug_info    0x0000156a      0x25f ..\obj\queue.o
 .debug_info    0x000017c9       0xd9 ..\obj\debug.o
 .debug_info    0x000018a2       0xb9 ..\obj\cpu.o
 .debug_info    0x0000195b      0x2d9 ..\obj\control_speed_pan.o
 .debug_info    0x00001c34      0x2d9 ..\obj\control_speed_tilt.o
 .debug_info    0x00001f0d       0xdf ..\obj\systick.o

.debug_abbrev   0x00000000      0xdb8
 .debug_abbrev  0x00000000      0x139 ..\obj\spi.o
 .debug_abbrev  0x00000139       0xee ..\obj\converter.o
 .debug_abbrev  0x00000227       0xd5 ..\obj\control_position_tilt.o
 .debug_abbrev  0x000002fc       0xcf ..\obj\main.o
 .debug_abbrev  0x000003cb       0xde ..\obj\communication_task.o
 .debug_abbrev  0x000004a9      0x1c7 ..\obj\uartprintf.o
 .debug_abbrev  0x00000670       0x33 ..\obj\gpio.o
 .debug_abbrev  0x000006a3      0x156 ..\obj\schedule.o
 .debug_abbrev  0x000007f9       0xa7 ..\obj\startup_lm3s.o
 .debug_abbrev  0x000008a0       0xd5 ..\obj\control_position_pan.o
 .debug_abbrev  0x00000975       0xfc ..\obj\queue.o
 .debug_abbrev  0x00000a71       0x7a ..\obj\debug.o
 .debug_abbrev  0x00000aeb       0x67 ..\obj\cpu.o
 .debug_abbrev  0x00000b52       0xf4 ..\obj\control_speed_pan.o
 .debug_abbrev  0x00000c46       0xf4 ..\obj\control_speed_tilt.o
 .debug_abbrev  0x00000d3a       0x7e ..\obj\systick.o

.debug_aranges  0x00000000      0x380
 .debug_aranges
                0x00000000       0x60 ..\obj\spi.o
 .debug_aranges
                0x00000060       0x28 ..\obj\converter.o
 .debug_aranges
                0x00000088       0x28 ..\obj\control_position_tilt.o
 .debug_aranges
                0x000000b0       0x30 ..\obj\main.o
 .debug_aranges
                0x000000e0       0x38 ..\obj\communication_task.o
 .debug_aranges
                0x00000118       0x68 ..\obj\uartprintf.o
 .debug_aranges
                0x00000180       0x20 ..\obj\gpio.o
 .debug_aranges
                0x000001a0       0x68 ..\obj\schedule.o
 .debug_aranges
                0x00000208       0x28 ..\obj\startup_lm3s.o
 .debug_aranges
                0x00000230       0x28 ..\obj\control_position_pan.o
 .debug_aranges
                0x00000258       0x48 ..\obj\queue.o
 .debug_aranges
                0x000002a0       0x28 ..\obj\debug.o
 .debug_aranges
                0x000002c8       0x30 ..\obj\cpu.o
 .debug_aranges
                0x000002f8       0x28 ..\obj\control_speed_pan.o
 .debug_aranges
                0x00000320       0x28 ..\obj\control_speed_tilt.o
 .debug_aranges
                0x00000348       0x38 ..\obj\systick.o

.debug_ranges   0x00000000      0x280
 .debug_ranges  0x00000000       0x50 ..\obj\spi.o
 .debug_ranges  0x00000050       0x18 ..\obj\converter.o
 .debug_ranges  0x00000068       0x18 ..\obj\control_position_tilt.o
 .debug_ranges  0x00000080       0x20 ..\obj\main.o
 .debug_ranges  0x000000a0       0x28 ..\obj\communication_task.o
 .debug_ranges  0x000000c8       0x58 ..\obj\uartprintf.o
 .debug_ranges  0x00000120       0x10 ..\obj\gpio.o
 .debug_ranges  0x00000130       0x58 ..\obj\schedule.o
 .debug_ranges  0x00000188       0x18 ..\obj\startup_lm3s.o
 .debug_ranges  0x000001a0       0x18 ..\obj\control_position_pan.o
 .debug_ranges  0x000001b8       0x38 ..\obj\queue.o
 .debug_ranges  0x000001f0       0x18 ..\obj\debug.o
 .debug_ranges  0x00000208       0x20 ..\obj\cpu.o
 .debug_ranges  0x00000228       0x18 ..\obj\control_speed_pan.o
 .debug_ranges  0x00000240       0x18 ..\obj\control_speed_tilt.o
 .debug_ranges  0x00000258       0x28 ..\obj\systick.o

.debug_line     0x00000000     0x240c
 .debug_line    0x00000000      0x273 ..\obj\spi.o
 .debug_line    0x00000273      0x2fe ..\obj\converter.o
 .debug_line    0x00000571      0x32b ..\obj\control_position_tilt.o
 .debug_line    0x0000089c      0x36b ..\obj\main.o
 .debug_line    0x00000c07      0x275 ..\obj\communication_task.o
 .debug_line    0x00000e7c      0x36f ..\obj\uartprintf.o
 .debug_line    0x000011eb       0x8f ..\obj\gpio.o
 .debug_line    0x0000127a      0x1f6 ..\obj\schedule.o
 .debug_line    0x00001470       0xb3 ..\obj\startup_lm3s.o
 .debug_line    0x00001523      0x329 ..\obj\control_position_pan.o
 .debug_line    0x0000184c      0x1b6 ..\obj\queue.o
 .debug_line    0x00001a02      0x10f ..\obj\debug.o
 .debug_line    0x00001b11      0x13a ..\obj\cpu.o
 .debug_line    0x00001c4b      0x34a ..\obj\control_speed_pan.o
 .debug_line    0x00001f95      0x34b ..\obj\control_speed_tilt.o
 .debug_line    0x000022e0      0x12c ..\obj\systick.o

.debug_str      0x00000000      0xe55
 .debug_str     0x00000000      0x20f ..\obj\spi.o
                                0x26b (size before relaxing)
 .debug_str     0x0000020f      0x1b3 ..\obj\converter.o
                                0x344 (size before relaxing)
 .debug_str     0x000003c2       0xf4 ..\obj\control_position_tilt.o
                                0x2e5 (size before relaxing)
 .debug_str     0x000004b6       0x70 ..\obj\main.o
                                0x25b (size before relaxing)
 .debug_str     0x00000526       0xcf ..\obj\communication_task.o
                                0x288 (size before relaxing)
 .debug_str     0x000005f5      0x1e3 ..\obj\uartprintf.o
                                0x374 (size before relaxing)
 .debug_str     0x000007d8       0x56 ..\obj\gpio.o
                                0x160 (size before relaxing)
 .debug_str     0x0000082e      0x147 ..\obj\schedule.o
                                0x26e (size before relaxing)
 .debug_str     0x00000975       0xc2 ..\obj\startup_lm3s.o
                                0x159 (size before relaxing)
 .debug_str     0x00000a37       0x86 ..\obj\control_position_pan.o
                                0x2e2 (size before relaxing)
 .debug_str     0x00000abd       0xba ..\obj\queue.o
                                0x22a (size before relaxing)
 .debug_str     0x00000b77       0x82 ..\obj\debug.o
                                0x19c (size before relaxing)
 .debug_str     0x00000bf9       0x90 ..\obj\cpu.o
                                0x196 (size before relaxing)
 .debug_str     0x00000c89       0xae ..\obj\control_speed_pan.o
                                0x30f (size before relaxing)
 .debug_str     0x00000d37       0x82 ..\obj\control_speed_tilt.o
                                0x312 (size before relaxing)
 .debug_str     0x00000db9       0x9c ..\obj\systick.o
                                0x1af (size before relaxing)

.comment        0x00000000       0x70
 .comment       0x00000000       0x70 ..\obj\spi.o
                                 0x71 (size before relaxing)
 .comment       0x00000000       0x71 ..\obj\converter.o
 .comment       0x00000000       0x71 ..\obj\control_position_tilt.o
 .comment       0x00000000       0x71 ..\obj\main.o
 .comment       0x00000000       0x71 ..\obj\communication_task.o
 .comment       0x00000000       0x71 ..\obj\uartprintf.o
 .comment       0x00000000       0x71 ..\obj\gpio.o
 .comment       0x00000000       0x71 ..\obj\schedule.o
 .comment       0x00000000       0x71 ..\obj\startup_lm3s.o
 .comment       0x00000000       0x71 ..\obj\control_position_pan.o
 .comment       0x00000000       0x71 ..\obj\queue.o
 .comment       0x00000000       0x71 ..\obj\debug.o
 .comment       0x00000000       0x71 ..\obj\cpu.o
 .comment       0x00000000       0x71 ..\obj\control_speed_pan.o
 .comment       0x00000000       0x71 ..\obj\control_speed_tilt.o
 .comment       0x00000000       0x71 ..\obj\systick.o

.ARM.attributes
                0x00000000       0x33
 .ARM.attributes
                0x00000000       0x33 ..\obj\spi.o
 .ARM.attributes
                0x00000033       0x33 ..\obj\converter.o
 .ARM.attributes
                0x00000066       0x33 ..\obj\control_position_tilt.o
 .ARM.attributes
                0x00000099       0x33 ..\obj\main.o
 .ARM.attributes
                0x000000cc       0x33 ..\obj\communication_task.o
 .ARM.attributes
                0x000000ff       0x33 ..\obj\uartprintf.o
 .ARM.attributes
                0x00000132       0x33 ..\obj\gpio.o
 .ARM.attributes
                0x00000165       0x33 ..\obj\schedule.o
 .ARM.attributes
                0x00000198       0x33 ..\obj\startup_lm3s.o
 .ARM.attributes
                0x000001cb       0x33 ..\obj\control_position_pan.o
 .ARM.attributes
                0x000001fe       0x33 ..\obj\queue.o
 .ARM.attributes
                0x00000231       0x33 ..\obj\debug.o
 .ARM.attributes
                0x00000264       0x33 ..\obj\cpu.o
 .ARM.attributes
                0x00000297       0x33 ..\obj\control_speed_pan.o
 .ARM.attributes
                0x000002ca       0x33 ..\obj\control_speed_tilt.o
 .ARM.attributes
                0x000002fd       0x33 ..\obj\systick.o
 .ARM.attributes
                0x00000330       0x1d c:/program files (x86)/gnu tools arm embedded/4.8 2013q4/bin/../lib/gcc/arm-none-eabi/4.8.3/armv7-m\libgcc.a(_arm_addsubdf3.o)
 .ARM.attributes
                0x0000034d       0x1d c:/program files (x86)/gnu tools arm embedded/4.8 2013q4/bin/../lib/gcc/arm-none-eabi/4.8.3/armv7-m\libgcc.a(_arm_muldivdf3.o)
 .ARM.attributes
                0x0000036a       0x1d c:/program files (x86)/gnu tools arm embedded/4.8 2013q4/bin/../lib/gcc/arm-none-eabi/4.8.3/armv7-m\libgcc.a(_arm_fixdfsi.o)

.debug_frame    0x00000000      0x828
 .debug_frame   0x00000000      0x10c ..\obj\spi.o
 .debug_frame   0x0000010c       0x4c ..\obj\converter.o
 .debug_frame   0x00000158       0x50 ..\obj\control_position_tilt.o
 .debug_frame   0x000001a8       0x64 ..\obj\main.o
 .debug_frame   0x0000020c       0x80 ..\obj\communication_task.o
 .debug_frame   0x0000028c      0x13c ..\obj\uartprintf.o
 .debug_frame   0x000003c8       0x28 ..\obj\gpio.o
 .debug_frame   0x000003f0      0x12c ..\obj\schedule.o
 .debug_frame   0x0000051c       0x48 ..\obj\startup_lm3s.o
 .debug_frame   0x00000564       0x50 ..\obj\control_position_pan.o
 .debug_frame   0x000005b4       0xb4 ..\obj\queue.o
 .debug_frame   0x00000668       0x48 ..\obj\debug.o
 .debug_frame   0x000006b0       0x5c ..\obj\cpu.o
 .debug_frame   0x0000070c       0x54 ..\obj\control_speed_pan.o
 .debug_frame   0x00000760       0x54 ..\obj\control_speed_tilt.o
 .debug_frame   0x000007b4       0x74 ..\obj\systick.o
