Archive member included because of file (symbol)

c:/program files (x86)/gnu tools arm embedded/4.8 2013q4/bin/../lib/gcc/arm-none-eabi/4.8.3/armv7-m\libgcc.a(_arm_addsubdf3.o)
                              ..\obj\control_position_tilt.o (__aeabi_dadd)
c:/program files (x86)/gnu tools arm embedded/4.8 2013q4/bin/../lib/gcc/arm-none-eabi/4.8.3/armv7-m\libgcc.a(_arm_muldivdf3.o)
                              ..\obj\control_position_tilt.o (__aeabi_dmul)
c:/program files (x86)/gnu tools arm embedded/4.8 2013q4/bin/../lib/gcc/arm-none-eabi/4.8.3/armv7-m\libgcc.a(_arm_fixdfsi.o)
                              ..\obj\control_position_tilt.o (__aeabi_d2iz)
c:/program files (x86)/gnu tools arm embedded/4.8 2013q4/bin/../lib/gcc/arm-none-eabi/4.8.3/../../../../arm-none-eabi/lib/armv7-m\libc.a(lib_a-calloc.o)
                              ..\obj\queue.o (calloc)
c:/program files (x86)/gnu tools arm embedded/4.8 2013q4/bin/../lib/gcc/arm-none-eabi/4.8.3/../../../../arm-none-eabi/lib/armv7-m\libc.a(lib_a-callocr.o)
                              c:/program files (x86)/gnu tools arm embedded/4.8 2013q4/bin/../lib/gcc/arm-none-eabi/4.8.3/../../../../arm-none-eabi/lib/armv7-m\libc.a(lib_a-calloc.o) (_calloc_r)
c:/program files (x86)/gnu tools arm embedded/4.8 2013q4/bin/../lib/gcc/arm-none-eabi/4.8.3/../../../../arm-none-eabi/lib/armv7-m\libc.a(lib_a-impure.o)
                              c:/program files (x86)/gnu tools arm embedded/4.8 2013q4/bin/../lib/gcc/arm-none-eabi/4.8.3/../../../../arm-none-eabi/lib/armv7-m\libc.a(lib_a-calloc.o) (_impure_ptr)
c:/program files (x86)/gnu tools arm embedded/4.8 2013q4/bin/../lib/gcc/arm-none-eabi/4.8.3/../../../../arm-none-eabi/lib/armv7-m\libc.a(lib_a-mallocr.o)
                              c:/program files (x86)/gnu tools arm embedded/4.8 2013q4/bin/../lib/gcc/arm-none-eabi/4.8.3/../../../../arm-none-eabi/lib/armv7-m\libc.a(lib_a-callocr.o) (_malloc_r)
c:/program files (x86)/gnu tools arm embedded/4.8 2013q4/bin/../lib/gcc/arm-none-eabi/4.8.3/../../../../arm-none-eabi/lib/armv7-m\libc.a(lib_a-memcpy.o)
                              ..\obj\queue.o (memcpy)
c:/program files (x86)/gnu tools arm embedded/4.8 2013q4/bin/../lib/gcc/arm-none-eabi/4.8.3/../../../../arm-none-eabi/lib/armv7-m\libc.a(lib_a-memset.o)
                              c:/program files (x86)/gnu tools arm embedded/4.8 2013q4/bin/../lib/gcc/arm-none-eabi/4.8.3/../../../../arm-none-eabi/lib/armv7-m\libc.a(lib_a-callocr.o) (memset)
c:/program files (x86)/gnu tools arm embedded/4.8 2013q4/bin/../lib/gcc/arm-none-eabi/4.8.3/../../../../arm-none-eabi/lib/armv7-m\libc.a(lib_a-mlock.o)
                              c:/program files (x86)/gnu tools arm embedded/4.8 2013q4/bin/../lib/gcc/arm-none-eabi/4.8.3/../../../../arm-none-eabi/lib/armv7-m\libc.a(lib_a-mallocr.o) (__malloc_lock)
c:/program files (x86)/gnu tools arm embedded/4.8 2013q4/bin/../lib/gcc/arm-none-eabi/4.8.3/../../../../arm-none-eabi/lib/armv7-m\libc.a(lib_a-sbrkr.o)
                              c:/program files (x86)/gnu tools arm embedded/4.8 2013q4/bin/../lib/gcc/arm-none-eabi/4.8.3/../../../../arm-none-eabi/lib/armv7-m\libc.a(lib_a-mallocr.o) (_sbrk_r)
c:/program files (x86)/gnu tools arm embedded/4.8 2013q4/bin/../lib/gcc/arm-none-eabi/4.8.3/../../../../arm-none-eabi/lib/armv7-m\libc.a(lib_a-freer.o)
                              c:/program files (x86)/gnu tools arm embedded/4.8 2013q4/bin/../lib/gcc/arm-none-eabi/4.8.3/../../../../arm-none-eabi/lib/armv7-m\libc.a(lib_a-mallocr.o) (_free_r)
c:/program files (x86)/gnu tools arm embedded/4.8 2013q4/bin/../lib/gcc/arm-none-eabi/4.8.3/../../../../arm-none-eabi/lib/armv7-m\libc.a(lib_a-reent.o)
                              c:/program files (x86)/gnu tools arm embedded/4.8 2013q4/bin/../lib/gcc/arm-none-eabi/4.8.3/../../../../arm-none-eabi/lib/armv7-m\libc.a(lib_a-sbrkr.o) (errno)
c:/program files (x86)/gnu tools arm embedded/4.8 2013q4/bin/../lib/gcc/arm-none-eabi/4.8.3/../../../../arm-none-eabi/lib/armv7-m\librdimon.a(rdimon-syscalls.o)
                              c:/program files (x86)/gnu tools arm embedded/4.8 2013q4/bin/../lib/gcc/arm-none-eabi/4.8.3/../../../../arm-none-eabi/lib/armv7-m\libc.a(lib_a-sbrkr.o) (_sbrk)
c:/program files (x86)/gnu tools arm embedded/4.8 2013q4/bin/../lib/gcc/arm-none-eabi/4.8.3/../../../../arm-none-eabi/lib/armv7-m\libg.a(lib_a-errno.o)
                              c:/program files (x86)/gnu tools arm embedded/4.8 2013q4/bin/../lib/gcc/arm-none-eabi/4.8.3/../../../../arm-none-eabi/lib/armv7-m\librdimon.a(rdimon-syscalls.o) (__errno)
c:/program files (x86)/gnu tools arm embedded/4.8 2013q4/bin/../lib/gcc/arm-none-eabi/4.8.3/../../../../arm-none-eabi/lib/armv7-m\libg.a(lib_a-findfp.o)
                              c:/program files (x86)/gnu tools arm embedded/4.8 2013q4/bin/../lib/gcc/arm-none-eabi/4.8.3/../../../../arm-none-eabi/lib/armv7-m\librdimon.a(rdimon-syscalls.o) (__sinit)
c:/program files (x86)/gnu tools arm embedded/4.8 2013q4/bin/../lib/gcc/arm-none-eabi/4.8.3/../../../../arm-none-eabi/lib/armv7-m\libg.a(lib_a-fwalk.o)
                              c:/program files (x86)/gnu tools arm embedded/4.8 2013q4/bin/../lib/gcc/arm-none-eabi/4.8.3/../../../../arm-none-eabi/lib/armv7-m\libg.a(lib_a-findfp.o) (_fwalk)
c:/program files (x86)/gnu tools arm embedded/4.8 2013q4/bin/../lib/gcc/arm-none-eabi/4.8.3/../../../../arm-none-eabi/lib/armv7-m\libg.a(lib_a-stdio.o)
                              c:/program files (x86)/gnu tools arm embedded/4.8 2013q4/bin/../lib/gcc/arm-none-eabi/4.8.3/../../../../arm-none-eabi/lib/armv7-m\libg.a(lib_a-findfp.o) (__sread)
c:/program files (x86)/gnu tools arm embedded/4.8 2013q4/bin/../lib/gcc/arm-none-eabi/4.8.3/../../../../arm-none-eabi/lib/armv7-m\libg.a(lib_a-strlen.o)
                              c:/program files (x86)/gnu tools arm embedded/4.8 2013q4/bin/../lib/gcc/arm-none-eabi/4.8.3/../../../../arm-none-eabi/lib/armv7-m\librdimon.a(rdimon-syscalls.o) (strlen)
c:/program files (x86)/gnu tools arm embedded/4.8 2013q4/bin/../lib/gcc/arm-none-eabi/4.8.3/../../../../arm-none-eabi/lib/armv7-m\libg.a(lib_a-writer.o)
                              c:/program files (x86)/gnu tools arm embedded/4.8 2013q4/bin/../lib/gcc/arm-none-eabi/4.8.3/../../../../arm-none-eabi/lib/armv7-m\libg.a(lib_a-stdio.o) (_write_r)
c:/program files (x86)/gnu tools arm embedded/4.8 2013q4/bin/../lib/gcc/arm-none-eabi/4.8.3/../../../../arm-none-eabi/lib/armv7-m\libg.a(lib_a-closer.o)
                              c:/program files (x86)/gnu tools arm embedded/4.8 2013q4/bin/../lib/gcc/arm-none-eabi/4.8.3/../../../../arm-none-eabi/lib/armv7-m\libg.a(lib_a-stdio.o) (_close_r)
c:/program files (x86)/gnu tools arm embedded/4.8 2013q4/bin/../lib/gcc/arm-none-eabi/4.8.3/../../../../arm-none-eabi/lib/armv7-m\libg.a(lib_a-fclose.o)
                              c:/program files (x86)/gnu tools arm embedded/4.8 2013q4/bin/../lib/gcc/arm-none-eabi/4.8.3/../../../../arm-none-eabi/lib/armv7-m\libg.a(lib_a-findfp.o) (fclose)
c:/program files (x86)/gnu tools arm embedded/4.8 2013q4/bin/../lib/gcc/arm-none-eabi/4.8.3/../../../../arm-none-eabi/lib/armv7-m\libg.a(lib_a-fflush.o)
                              c:/program files (x86)/gnu tools arm embedded/4.8 2013q4/bin/../lib/gcc/arm-none-eabi/4.8.3/../../../../arm-none-eabi/lib/armv7-m\libg.a(lib_a-fclose.o) (_fflush_r)
c:/program files (x86)/gnu tools arm embedded/4.8 2013q4/bin/../lib/gcc/arm-none-eabi/4.8.3/../../../../arm-none-eabi/lib/armv7-m\libg.a(lib_a-lseekr.o)
                              c:/program files (x86)/gnu tools arm embedded/4.8 2013q4/bin/../lib/gcc/arm-none-eabi/4.8.3/../../../../arm-none-eabi/lib/armv7-m\libg.a(lib_a-stdio.o) (_lseek_r)
c:/program files (x86)/gnu tools arm embedded/4.8 2013q4/bin/../lib/gcc/arm-none-eabi/4.8.3/../../../../arm-none-eabi/lib/armv7-m\libg.a(lib_a-readr.o)
                              c:/program files (x86)/gnu tools arm embedded/4.8 2013q4/bin/../lib/gcc/arm-none-eabi/4.8.3/../../../../arm-none-eabi/lib/armv7-m\libg.a(lib_a-stdio.o) (_read_r)

Allocating common symbols
Common symbol       size              file

QueuePositionTilt   0xc               ..\obj\main.o
QueueGoToPositionPan
                    0xc               ..\obj\main.o
QueuePositionPan    0xc               ..\obj\main.o
QueuePWMOutPan      0xc               ..\obj\main.o
QueueUARTTX         0xc               ..\obj\main.o
errno               0x4               c:/program files (x86)/gnu tools arm embedded/4.8 2013q4/bin/../lib/gcc/arm-none-eabi/4.8.3/../../../../arm-none-eabi/lib/armv7-m\libc.a(lib_a-reent.o)
QueueGoToPositionTilt
                    0xc               ..\obj\main.o
QueueUARTRX         0xc               ..\obj\main.o
rtcs_i              0x1               ..\obj\schedule.o
QueueTiltSpeed      0xc               ..\obj\main.o
QueuePanSpeed       0xc               ..\obj\main.o
task_state          0xb               ..\obj\schedule.o
QueuePWMOutTilt     0xc               ..\obj\main.o
QueueSPIRX          0xc               ..\obj\main.o
QueueSPITX          0xc               ..\obj\main.o
task_time           0x16              ..\obj\schedule.o

Memory Configuration

Name             Origin             Length             Attributes
rom              0x00000000         0x00040000         xr
ram              0x20000000         0x00010000         xrw
*default*        0x00000000         0xffffffff

Linker script and memory map

                0x20010000                _eram = 0x20010000

.text           0x00000000     0x438c
 *(.isr_vector)
 .isr_vector    0x00000000      0x100 ..\obj\startup_lm3s.o
                0x00000000                g_pfnVectors
 *(.text*)
 .text          0x00000100        0x0 ..\obj\spi.o
 .text.spi_enable
                0x00000100       0x1c ..\obj\spi.o
                0x00000100                spi_enable
 .text.spi_disable
                0x0000011c       0x1c ..\obj\spi.o
                0x0000011c                spi_disable
 .text.spi_init
                0x00000138      0x1c8 ..\obj\spi.o
                0x00000138                spi_init
 .text.init_SPI_RX_task
                0x00000300       0x10 ..\obj\spi.o
                0x00000300                init_SPI_RX_task
 .text.init_SPI_TX_task
                0x00000310       0x10 ..\obj\spi.o
                0x00000310                init_SPI_TX_task
 .text.SPIDataReady
                0x00000320       0x40 ..\obj\spi.o
                0x00000320                SPIDataReady
 .text.SPICharGet
                0x00000360       0x18 ..\obj\spi.o
                0x00000360                SPICharGet
 .text.SPI_RX_task
                0x00000378       0x30 ..\obj\spi.o
                0x00000378                SPI_RX_task
 .text.SPI_TX_task
                0x000003a8       0x3c ..\obj\spi.o
                0x000003a8                SPI_TX_task
 .text          0x000003e4        0x0 ..\obj\converter.o
 .text.init_converter_task
                0x000003e4       0x10 ..\obj\converter.o
                0x000003e4                init_converter_task
 .text.converter_task
                0x000003f4      0x518 ..\obj\converter.o
                0x000003f4                converter_task
 .text          0x0000090c        0x0 ..\obj\control_position_tilt.o
 .text.init_tilt_position_task
                0x0000090c       0x10 ..\obj\control_position_tilt.o
                0x0000090c                init_tilt_position_task
 *fill*         0x0000091c        0x4 
 .text.tilt_position_task
                0x00000920      0x1d0 ..\obj\control_position_tilt.o
                0x00000920                tilt_position_task
 .text          0x00000af0        0x0 ..\obj\main.o
 .text.init_alive_task
                0x00000af0       0x10 ..\obj\main.o
                0x00000af0                init_alive_task
 .text.alive_task
                0x00000b00       0x20 ..\obj\main.o
                0x00000b00                alive_task
 .text.main     0x00000b20      0x174 ..\obj\main.o
                0x00000b20                main
 .text          0x00000c94        0x0 ..\obj\communication_task.o
 .text.init_communication_task
                0x00000c94       0x10 ..\obj\communication_task.o
                0x00000c94                init_communication_task
 .text.communication_task
                0x00000ca4       0xd4 ..\obj\communication_task.o
                0x00000ca4                communication_task
 .text          0x00000d78        0x0 ..\obj\uartprintf.o
 .text.init_uart_rx_task
                0x00000d78       0x10 ..\obj\uartprintf.o
                0x00000d78                init_uart_rx_task
 .text.init_uart_tx_task
                0x00000d88       0x10 ..\obj\uartprintf.o
                0x00000d88                init_uart_tx_task
 .text.UARTDataReady
                0x00000d98       0x50 ..\obj\uartprintf.o
                0x00000d98                UARTDataReady
 .text.UARTCharGet
                0x00000de8       0x18 ..\obj\uartprintf.o
                0x00000de8                UARTCharGet
 .text.UART_RX_task
                0x00000e00       0x40 ..\obj\uartprintf.o
                0x00000e00                UART_RX_task
 .text.UART_TX_task
                0x00000e40       0x3c ..\obj\uartprintf.o
                0x00000e40                UART_TX_task
 .text.uartprintf_init
                0x00000e7c       0xc0 ..\obj\uartprintf.o
                0x00000e7c                uartprintf_init
 .text.UARTCharPut
                0x00000f3c       0x20 ..\obj\uartprintf.o
                0x00000f3c                UARTCharPut
 .text.UARTwrite
                0x00000f5c       0x50 ..\obj\uartprintf.o
                0x00000f5c                UARTwrite
 .text.UARTprintf
                0x00000fac      0x3f4 ..\obj\uartprintf.o
                0x00000fac                UARTprintf
 .text          0x000013a0        0x0 ..\obj\gpio.o
 .text.gpio_init
                0x000013a0       0xb4 ..\obj\gpio.o
                0x000013a0                gpio_init
 .text          0x00001454        0x0 ..\obj\schedule.o
 .text._wait    0x00001454       0x30 ..\obj\schedule.o
                0x00001454                _wait
 .text._signal_sem
                0x00001484       0x2c ..\obj\schedule.o
                0x00001484                _signal_sem
 .text._clear_sem
                0x000014b0       0x34 ..\obj\schedule.o
                0x000014b0                _clear_sem
 .text._test_sem
                0x000014e4       0x3c ..\obj\schedule.o
                0x000014e4                _test_sem
 .text._time_status
                0x00001520       0x2c ..\obj\schedule.o
                0x00001520                _time_status
 .text._stop    0x0000154c       0x24 ..\obj\schedule.o
                0x0000154c                _stop
 .text._start   0x00001570       0x40 ..\obj\schedule.o
                0x00001570                _start
 .text.task_setup
                0x000015b0       0x40 ..\obj\schedule.o
                0x000015b0                task_setup
 .text.init_tasks
                0x000015f0       0x48 ..\obj\schedule.o
                0x000015f0                init_tasks
 .text.start_rtcs_scheduler
                0x00001638       0xf0 ..\obj\schedule.o
                0x00001638                start_rtcs_scheduler
 .text          0x00001728        0x0 ..\obj\startup_lm3s.o
 .text.Default_Reset_Handler
                0x00001728       0x5c ..\obj\startup_lm3s.o
                0x00001728                Default_Reset_Handler
                0x00001728                Reset_Handler
 .text.Default_Handler
                0x00001784        0x8 ..\obj\startup_lm3s.o
                0x00001784                DebugMon_Handler
                0x00001784                FlashCtrl_IRQHandler
                0x00001784                Timer0B_IRQHandler
                0x00001784                I2C0_IRQHandler
                0x00001784                HardFault_Handler
                0x00001784                PendSV_Handler
                0x00001784                NMI_Handler
                0x00001784                I2C1_IRQHandler
                0x00001784                PWMGen0_IRQHandler
                0x00001784                UART1_IRQHandler
                0x00001784                CAN1_IRQHandler
                0x00001784                Timer1B_IRQHandler
                0x00001784                Watchdog_IRQHandler
                0x00001784                UART0_IRQHandler
                0x00001784                SSI0_IRQHandler
                0x00001784                UsageFault_Handler
                0x00001784                ADCSeq1_IRQHandler
                0x00001784                PWMFault_IRQHandler
                0x00001784                PWMGen1_IRQHandler
                0x00001784                SSI1_IRQHandler
                0x00001784                uDMA_IRQHandler
                0x00001784                GPIOPortC_IRQHandler
                0x00001784                ADCSeq2_IRQHandler
                0x00001784                PWMGen2_IRQHandler
                0x00001784                UART2_IRQHandler
                0x00001784                uDMAErr_IRQHandler
                0x00001784                QEI1_IRQHandler
                0x00001784                QEI0_IRQHandler
                0x00001784                PWMGen3_IRQHandler
                0x00001784                GPIOPortD_IRQHandler
                0x00001784                USB0_IRQHandler
                0x00001784                MemManage_Handler
                0x00001784                Ethernet_IRQHandler
                0x00001784                SVC_Handler
                0x00001784                Timer3B_IRQHandler
                0x00001784                Timer3A_IRQHandler
                0x00001784                GPIOPortA_IRQHandler
                0x00001784                Timer0A_IRQHandler
                0x00001784                ADCSeq0_IRQHandler
                0x00001784                Timer1A_IRQHandler
                0x00001784                GPIOPortG_IRQHandler
                0x00001784                ADCSeq3_IRQHandler
                0x00001784                GPIOPortE_IRQHandler
                0x00001784                CAN0_IRQHandler
                0x00001784                Comp0_IRQHandler
                0x00001784                Comp1_IRQHandler
                0x00001784                Comp2_IRQHandler
                0x00001784                GPIOPortF_IRQHandler
                0x00001784                GPIOPortB_IRQHandler
                0x00001784                CAN2_IRQHandler
                0x00001784                GPIOPortH_IRQHandler
                0x00001784                BusFault_Handler
                0x00001784                Timer2A_IRQHandler
                0x00001784                Timer2B_IRQHandler
                0x00001784                SysCtrl_IRQHandler
                0x00001784                Hibernate_IRQHandler
 .text          0x0000178c        0x0 ..\obj\control_position_pan.o
 .text.init_pan_position_task
                0x0000178c       0x10 ..\obj\control_position_pan.o
                0x0000178c                init_pan_position_task
 *fill*         0x0000179c        0x4 
 .text.pan_position_task
                0x000017a0      0x1f0 ..\obj\control_position_pan.o
                0x000017a0                pan_position_task
 .text          0x00001990        0x0 ..\obj\queue.o
 .text.QueueCreate
                0x00001990       0x70 ..\obj\queue.o
                0x00001990                QueueCreate
 .text.QueueOverwrite
                0x00001a00       0x7c ..\obj\queue.o
                0x00001a00                QueueOverwrite
 .text.QueueSend
                0x00001a7c       0x90 ..\obj\queue.o
                0x00001a7c                QueueSend
 .text.QueueReceive
                0x00001b0c       0x74 ..\obj\queue.o
                0x00001b0c                QueueReceive
 .text.QueueSpaceLeft
                0x00001b80       0x20 ..\obj\queue.o
                0x00001b80                QueueSpaceLeft
 .text.QueuePeek
                0x00001ba0       0x48 ..\obj\queue.o
                0x00001ba0                QueuePeek
 .text          0x00001be8        0x0 ..\obj\debug.o
 .text.debug_pin
                0x00001be8       0x78 ..\obj\debug.o
                0x00001be8                debug_pin
 .text.debug_pin_red
                0x00001c60       0x78 ..\obj\debug.o
                0x00001c60                debug_pin_red
 .text          0x00001cd8        0x0 ..\obj\cpu.o
 .text.clk_system_init
                0x00001cd8       0xe4 ..\obj\cpu.o
                0x00001cd8                clk_system_init
 .text.enable_global_int
                0x00001dbc       0x10 ..\obj\cpu.o
                0x00001dbc                enable_global_int
 .text.disable_global_int
                0x00001dcc       0x10 ..\obj\cpu.o
                0x00001dcc                disable_global_int
 .text          0x00001ddc        0x0 ..\obj\control_speed_pan.o
 .text.init_pan_speed_task
                0x00001ddc       0x10 ..\obj\control_speed_pan.o
                0x00001ddc                init_pan_speed_task
 *fill*         0x00001dec        0x4 
 .text.pan_speed_task
                0x00001df0      0x288 ..\obj\control_speed_pan.o
                0x00001df0                pan_speed_task
 .text          0x00002078        0x0 ..\obj\control_speed_tilt.o
 .text.init_tilt_speed_task
                0x00002078       0x10 ..\obj\control_speed_tilt.o
                0x00002078                init_tilt_speed_task
 .text.tilt_speed_task
                0x00002088      0x2f0 ..\obj\control_speed_tilt.o
                0x00002088                tilt_speed_task
 .text          0x00002378        0x0 ..\obj\systick.o
 .text.SysTick_Handler
                0x00002378       0x1c ..\obj\systick.o
                0x00002378                SysTick_Handler
 .text.systick_init
                0x00002394       0x84 ..\obj\systick.o
                0x00002394                systick_init
 .text.systick_get
                0x00002418       0x28 ..\obj\systick.o
                0x00002418                systick_get
 .text.systick_decrement
                0x00002440       0x20 ..\obj\systick.o
                0x00002440                systick_decrement
 .text          0x00002460      0x370 c:/program files (x86)/gnu tools arm embedded/4.8 2013q4/bin/../lib/gcc/arm-none-eabi/4.8.3/armv7-m\libgcc.a(_arm_addsubdf3.o)
                0x00002460                __aeabi_drsub
                0x00002468                __aeabi_dsub
                0x00002468                __subdf3
                0x0000246c                __aeabi_dadd
                0x0000246c                __adddf3
                0x000026e4                __floatunsidf
                0x000026e4                __aeabi_ui2d
                0x00002704                __floatsidf
                0x00002704                __aeabi_i2d
                0x00002728                __aeabi_f2d
                0x00002728                __extendsfdf2
                0x00002764                __floatundidf
                0x00002764                __aeabi_ul2d
                0x00002774                __floatdidf
                0x00002774                __aeabi_l2d
 .text          0x000027d0      0x424 c:/program files (x86)/gnu tools arm embedded/4.8 2013q4/bin/../lib/gcc/arm-none-eabi/4.8.3/armv7-m\libgcc.a(_arm_muldivdf3.o)
                0x000027d0                __aeabi_dmul
                0x000027d0                __muldf3
                0x00002a24                __divdf3
                0x00002a24                __aeabi_ddiv
 .text          0x00002bf4       0x50 c:/program files (x86)/gnu tools arm embedded/4.8 2013q4/bin/../lib/gcc/arm-none-eabi/4.8.3/armv7-m\libgcc.a(_arm_fixdfsi.o)
                0x00002bf4                __aeabi_d2iz
                0x00002bf4                __fixdfsi
 .text          0x00002c44        0x0 c:/program files (x86)/gnu tools arm embedded/4.8 2013q4/bin/../lib/gcc/arm-none-eabi/4.8.3/../../../../arm-none-eabi/lib/armv7-m\libc.a(lib_a-calloc.o)
 .text.calloc   0x00002c44       0x10 c:/program files (x86)/gnu tools arm embedded/4.8 2013q4/bin/../lib/gcc/arm-none-eabi/4.8.3/../../../../arm-none-eabi/lib/armv7-m\libc.a(lib_a-calloc.o)
                0x00002c44                calloc
 .text          0x00002c54        0x0 c:/program files (x86)/gnu tools arm embedded/4.8 2013q4/bin/../lib/gcc/arm-none-eabi/4.8.3/../../../../arm-none-eabi/lib/armv7-m\libc.a(lib_a-callocr.o)
 .text._calloc_r
                0x00002c54       0x60 c:/program files (x86)/gnu tools arm embedded/4.8 2013q4/bin/../lib/gcc/arm-none-eabi/4.8.3/../../../../arm-none-eabi/lib/armv7-m\libc.a(lib_a-callocr.o)
                0x00002c54                _calloc_r
 .text          0x00002cb4        0x0 c:/program files (x86)/gnu tools arm embedded/4.8 2013q4/bin/../lib/gcc/arm-none-eabi/4.8.3/../../../../arm-none-eabi/lib/armv7-m\libc.a(lib_a-impure.o)
 .text          0x00002cb4        0x0 c:/program files (x86)/gnu tools arm embedded/4.8 2013q4/bin/../lib/gcc/arm-none-eabi/4.8.3/../../../../arm-none-eabi/lib/armv7-m\libc.a(lib_a-mallocr.o)
 .text._malloc_r
                0x00002cb4      0x538 c:/program files (x86)/gnu tools arm embedded/4.8 2013q4/bin/../lib/gcc/arm-none-eabi/4.8.3/../../../../arm-none-eabi/lib/armv7-m\libc.a(lib_a-mallocr.o)
                0x00002cb4                _malloc_r
 .text          0x000031ec       0xec c:/program files (x86)/gnu tools arm embedded/4.8 2013q4/bin/../lib/gcc/arm-none-eabi/4.8.3/../../../../arm-none-eabi/lib/armv7-m\libc.a(lib_a-memcpy.o)
                0x000031ec                memcpy
 .text          0x000032d8        0x0 c:/program files (x86)/gnu tools arm embedded/4.8 2013q4/bin/../lib/gcc/arm-none-eabi/4.8.3/../../../../arm-none-eabi/lib/armv7-m\libc.a(lib_a-memset.o)
 .text.memset   0x000032d8       0x94 c:/program files (x86)/gnu tools arm embedded/4.8 2013q4/bin/../lib/gcc/arm-none-eabi/4.8.3/../../../../arm-none-eabi/lib/armv7-m\libc.a(lib_a-memset.o)
                0x000032d8                memset
 .text          0x0000336c        0x0 c:/program files (x86)/gnu tools arm embedded/4.8 2013q4/bin/../lib/gcc/arm-none-eabi/4.8.3/../../../../arm-none-eabi/lib/armv7-m\libc.a(lib_a-mlock.o)
 .text.__malloc_lock
                0x0000336c        0x4 c:/program files (x86)/gnu tools arm embedded/4.8 2013q4/bin/../lib/gcc/arm-none-eabi/4.8.3/../../../../arm-none-eabi/lib/armv7-m\libc.a(lib_a-mlock.o)
                0x0000336c                __malloc_lock
 .text.__malloc_unlock
                0x00003370        0x4 c:/program files (x86)/gnu tools arm embedded/4.8 2013q4/bin/../lib/gcc/arm-none-eabi/4.8.3/../../../../arm-none-eabi/lib/armv7-m\libc.a(lib_a-mlock.o)
                0x00003370                __malloc_unlock
 .text          0x00003374        0x0 c:/program files (x86)/gnu tools arm embedded/4.8 2013q4/bin/../lib/gcc/arm-none-eabi/4.8.3/../../../../arm-none-eabi/lib/armv7-m\libc.a(lib_a-sbrkr.o)
 .text._sbrk_r  0x00003374       0x24 c:/program files (x86)/gnu tools arm embedded/4.8 2013q4/bin/../lib/gcc/arm-none-eabi/4.8.3/../../../../arm-none-eabi/lib/armv7-m\libc.a(lib_a-sbrkr.o)
                0x00003374                _sbrk_r
 .text          0x00003398        0x0 c:/program files (x86)/gnu tools arm embedded/4.8 2013q4/bin/../lib/gcc/arm-none-eabi/4.8.3/../../../../arm-none-eabi/lib/armv7-m\libc.a(lib_a-freer.o)
 .text._malloc_trim_r
                0x00003398       0x9c c:/program files (x86)/gnu tools arm embedded/4.8 2013q4/bin/../lib/gcc/arm-none-eabi/4.8.3/../../../../arm-none-eabi/lib/armv7-m\libc.a(lib_a-freer.o)
                0x00003398                _malloc_trim_r
 .text._free_r  0x00003434      0x198 c:/program files (x86)/gnu tools arm embedded/4.8 2013q4/bin/../lib/gcc/arm-none-eabi/4.8.3/../../../../arm-none-eabi/lib/armv7-m\libc.a(lib_a-freer.o)
                0x00003434                _free_r
 .text          0x000035cc        0x0 c:/program files (x86)/gnu tools arm embedded/4.8 2013q4/bin/../lib/gcc/arm-none-eabi/4.8.3/../../../../arm-none-eabi/lib/armv7-m\libc.a(lib_a-reent.o)
 .text.cleanup_glue
                0x000035cc       0x1c c:/program files (x86)/gnu tools arm embedded/4.8 2013q4/bin/../lib/gcc/arm-none-eabi/4.8.3/../../../../arm-none-eabi/lib/armv7-m\libc.a(lib_a-reent.o)
                0x000035cc                cleanup_glue
 .text._reclaim_reent
                0x000035e8       0x90 c:/program files (x86)/gnu tools arm embedded/4.8 2013q4/bin/../lib/gcc/arm-none-eabi/4.8.3/../../../../arm-none-eabi/lib/armv7-m\libc.a(lib_a-reent.o)
                0x000035e8                _reclaim_reent
 .text          0x00003678        0x0 c:/program files (x86)/gnu tools arm embedded/4.8 2013q4/bin/../lib/gcc/arm-none-eabi/4.8.3/../../../../arm-none-eabi/lib/armv7-m\librdimon.a(rdimon-syscalls.o)
 .text.findslot
                0x00003678       0x38 c:/program files (x86)/gnu tools arm embedded/4.8 2013q4/bin/../lib/gcc/arm-none-eabi/4.8.3/../../../../arm-none-eabi/lib/armv7-m\librdimon.a(rdimon-syscalls.o)
 .text.checkerror.part.0
                0x000036b0       0x1c c:/program files (x86)/gnu tools arm embedded/4.8 2013q4/bin/../lib/gcc/arm-none-eabi/4.8.3/../../../../arm-none-eabi/lib/armv7-m\librdimon.a(rdimon-syscalls.o)
 .text.initialise_monitor_handles
                0x000036cc       0xa0 c:/program files (x86)/gnu tools arm embedded/4.8 2013q4/bin/../lib/gcc/arm-none-eabi/4.8.3/../../../../arm-none-eabi/lib/armv7-m\librdimon.a(rdimon-syscalls.o)
                0x000036cc                initialise_monitor_handles
 .text._swiread
                0x0000376c       0x28 c:/program files (x86)/gnu tools arm embedded/4.8 2013q4/bin/../lib/gcc/arm-none-eabi/4.8.3/../../../../arm-none-eabi/lib/armv7-m\librdimon.a(rdimon-syscalls.o)
                0x0000376c                _swiread
 .text._read    0x00003794       0x34 c:/program files (x86)/gnu tools arm embedded/4.8 2013q4/bin/../lib/gcc/arm-none-eabi/4.8.3/../../../../arm-none-eabi/lib/armv7-m\librdimon.a(rdimon-syscalls.o)
                0x00003794                _read
 .text._swilseek
                0x000037c8       0x94 c:/program files (x86)/gnu tools arm embedded/4.8 2013q4/bin/../lib/gcc/arm-none-eabi/4.8.3/../../../../arm-none-eabi/lib/armv7-m\librdimon.a(rdimon-syscalls.o)
                0x000037c8                _swilseek
 .text._lseek   0x0000385c        0x4 c:/program files (x86)/gnu tools arm embedded/4.8 2013q4/bin/../lib/gcc/arm-none-eabi/4.8.3/../../../../arm-none-eabi/lib/armv7-m\librdimon.a(rdimon-syscalls.o)
                0x0000385c                _lseek
 .text._swiwrite
                0x00003860       0x28 c:/program files (x86)/gnu tools arm embedded/4.8 2013q4/bin/../lib/gcc/arm-none-eabi/4.8.3/../../../../arm-none-eabi/lib/armv7-m\librdimon.a(rdimon-syscalls.o)
                0x00003860                _swiwrite
 .text._write   0x00003888       0x58 c:/program files (x86)/gnu tools arm embedded/4.8 2013q4/bin/../lib/gcc/arm-none-eabi/4.8.3/../../../../arm-none-eabi/lib/armv7-m\librdimon.a(rdimon-syscalls.o)
                0x00003888                _write
 .text._swiclose
                0x000038e0       0x28 c:/program files (x86)/gnu tools arm embedded/4.8 2013q4/bin/../lib/gcc/arm-none-eabi/4.8.3/../../../../arm-none-eabi/lib/armv7-m\librdimon.a(rdimon-syscalls.o)
                0x000038e0                _swiclose
 .text._close   0x00003908       0x68 c:/program files (x86)/gnu tools arm embedded/4.8 2013q4/bin/../lib/gcc/arm-none-eabi/4.8.3/../../../../arm-none-eabi/lib/armv7-m\librdimon.a(rdimon-syscalls.o)
                0x00003908                _close
 .text._getpid  0x00003970        0x4 c:/program files (x86)/gnu tools arm embedded/4.8 2013q4/bin/../lib/gcc/arm-none-eabi/4.8.3/../../../../arm-none-eabi/lib/armv7-m\librdimon.a(rdimon-syscalls.o)
                0x00003970                _getpid
 .text._sbrk    0x00003974       0x34 c:/program files (x86)/gnu tools arm embedded/4.8 2013q4/bin/../lib/gcc/arm-none-eabi/4.8.3/../../../../arm-none-eabi/lib/armv7-m\librdimon.a(rdimon-syscalls.o)
                0x00003974                _sbrk
 .text._swistat
                0x000039a8       0x48 c:/program files (x86)/gnu tools arm embedded/4.8 2013q4/bin/../lib/gcc/arm-none-eabi/4.8.3/../../../../arm-none-eabi/lib/armv7-m\librdimon.a(rdimon-syscalls.o)
                0x000039a8                _swistat
 .text._fstat   0x000039f0       0x1c c:/program files (x86)/gnu tools arm embedded/4.8 2013q4/bin/../lib/gcc/arm-none-eabi/4.8.3/../../../../arm-none-eabi/lib/armv7-m\librdimon.a(rdimon-syscalls.o)
                0x000039f0                _fstat
 .text._stat    0x00003a0c       0x3c c:/program files (x86)/gnu tools arm embedded/4.8 2013q4/bin/../lib/gcc/arm-none-eabi/4.8.3/../../../../arm-none-eabi/lib/armv7-m\librdimon.a(rdimon-syscalls.o)
                0x00003a0c                _stat
 .text._swiopen
                0x00003a48       0xd4 c:/program files (x86)/gnu tools arm embedded/4.8 2013q4/bin/../lib/gcc/arm-none-eabi/4.8.3/../../../../arm-none-eabi/lib/armv7-m\librdimon.a(rdimon-syscalls.o)
                0x00003a48                _swiopen
 .text._open    0x00003b1c       0x14 c:/program files (x86)/gnu tools arm embedded/4.8 2013q4/bin/../lib/gcc/arm-none-eabi/4.8.3/../../../../arm-none-eabi/lib/armv7-m\librdimon.a(rdimon-syscalls.o)
                0x00003b1c                _open
 .text._link    0x00003b30       0x10 c:/program files (x86)/gnu tools arm embedded/4.8 2013q4/bin/../lib/gcc/arm-none-eabi/4.8.3/../../../../arm-none-eabi/lib/armv7-m\librdimon.a(rdimon-syscalls.o)
                0x00003b30                _link
 .text._unlink  0x00003b40       0x40 c:/program files (x86)/gnu tools arm embedded/4.8 2013q4/bin/../lib/gcc/arm-none-eabi/4.8.3/../../../../arm-none-eabi/lib/armv7-m\librdimon.a(rdimon-syscalls.o)
                0x00003b40                _unlink
 .text._gettimeofday
                0x00003b80       0x28 c:/program files (x86)/gnu tools arm embedded/4.8 2013q4/bin/../lib/gcc/arm-none-eabi/4.8.3/../../../../arm-none-eabi/lib/armv7-m\librdimon.a(rdimon-syscalls.o)
                0x00003b80                _gettimeofday
 .text._clock   0x00003ba8       0x14 c:/program files (x86)/gnu tools arm embedded/4.8 2013q4/bin/../lib/gcc/arm-none-eabi/4.8.3/../../../../arm-none-eabi/lib/armv7-m\librdimon.a(rdimon-syscalls.o)
                0x00003ba8                _clock
 .text._times   0x00003bbc       0x20 c:/program files (x86)/gnu tools arm embedded/4.8 2013q4/bin/../lib/gcc/arm-none-eabi/4.8.3/../../../../arm-none-eabi/lib/armv7-m\librdimon.a(rdimon-syscalls.o)
                0x00003bbc                _times
 .text._isatty  0x00003bdc       0x3c c:/program files (x86)/gnu tools arm embedded/4.8 2013q4/bin/../lib/gcc/arm-none-eabi/4.8.3/../../../../arm-none-eabi/lib/armv7-m\librdimon.a(rdimon-syscalls.o)
                0x00003bdc                _isatty
 .text._system  0x00003c18       0x44 c:/program files (x86)/gnu tools arm embedded/4.8 2013q4/bin/../lib/gcc/arm-none-eabi/4.8.3/../../../../arm-none-eabi/lib/armv7-m\librdimon.a(rdimon-syscalls.o)
                0x00003c18                _system
 .text._rename  0x00003c5c       0x3c c:/program files (x86)/gnu tools arm embedded/4.8 2013q4/bin/../lib/gcc/arm-none-eabi/4.8.3/../../../../arm-none-eabi/lib/armv7-m\librdimon.a(rdimon-syscalls.o)
                0x00003c5c                _rename
 .text          0x00003c98        0x0 c:/program files (x86)/gnu tools arm embedded/4.8 2013q4/bin/../lib/gcc/arm-none-eabi/4.8.3/../../../../arm-none-eabi/lib/armv7-m\libg.a(lib_a-errno.o)
 .text.__errno  0x00003c98        0xc c:/program files (x86)/gnu tools arm embedded/4.8 2013q4/bin/../lib/gcc/arm-none-eabi/4.8.3/../../../../arm-none-eabi/lib/armv7-m\libg.a(lib_a-errno.o)
                0x00003c98                __errno
 .text          0x00003ca4        0x0 c:/program files (x86)/gnu tools arm embedded/4.8 2013q4/bin/../lib/gcc/arm-none-eabi/4.8.3/../../../../arm-none-eabi/lib/armv7-m\libg.a(lib_a-findfp.o)
 .text.__fp_lock
                0x00003ca4        0x4 c:/program files (x86)/gnu tools arm embedded/4.8 2013q4/bin/../lib/gcc/arm-none-eabi/4.8.3/../../../../arm-none-eabi/lib/armv7-m\libg.a(lib_a-findfp.o)
 .text.__fp_unlock
                0x00003ca8        0x4 c:/program files (x86)/gnu tools arm embedded/4.8 2013q4/bin/../lib/gcc/arm-none-eabi/4.8.3/../../../../arm-none-eabi/lib/armv7-m\libg.a(lib_a-findfp.o)
 .text._cleanup_r
                0x00003cac        0xc c:/program files (x86)/gnu tools arm embedded/4.8 2013q4/bin/../lib/gcc/arm-none-eabi/4.8.3/../../../../arm-none-eabi/lib/armv7-m\libg.a(lib_a-findfp.o)
                0x00003cac                _cleanup_r
 .text.__sfmoreglue
                0x00003cb8       0x30 c:/program files (x86)/gnu tools arm embedded/4.8 2013q4/bin/../lib/gcc/arm-none-eabi/4.8.3/../../../../arm-none-eabi/lib/armv7-m\libg.a(lib_a-findfp.o)
                0x00003cb8                __sfmoreglue
 .text._cleanup
                0x00003ce8       0x14 c:/program files (x86)/gnu tools arm embedded/4.8 2013q4/bin/../lib/gcc/arm-none-eabi/4.8.3/../../../../arm-none-eabi/lib/armv7-m\libg.a(lib_a-findfp.o)
                0x00003ce8                _cleanup
 .text.__sinit  0x00003cfc       0xf4 c:/program files (x86)/gnu tools arm embedded/4.8 2013q4/bin/../lib/gcc/arm-none-eabi/4.8.3/../../../../arm-none-eabi/lib/armv7-m\libg.a(lib_a-findfp.o)
                0x00003cfc                __sinit
 .text.__sfp    0x00003df0       0x8c c:/program files (x86)/gnu tools arm embedded/4.8 2013q4/bin/../lib/gcc/arm-none-eabi/4.8.3/../../../../arm-none-eabi/lib/armv7-m\libg.a(lib_a-findfp.o)
                0x00003df0                __sfp
 .text.__sfp_lock_acquire
                0x00003e7c        0x4 c:/program files (x86)/gnu tools arm embedded/4.8 2013q4/bin/../lib/gcc/arm-none-eabi/4.8.3/../../../../arm-none-eabi/lib/armv7-m\libg.a(lib_a-findfp.o)
                0x00003e7c                __sfp_lock_acquire
 .text.__sfp_lock_release
                0x00003e80        0x4 c:/program files (x86)/gnu tools arm embedded/4.8 2013q4/bin/../lib/gcc/arm-none-eabi/4.8.3/../../../../arm-none-eabi/lib/armv7-m\libg.a(lib_a-findfp.o)
                0x00003e80                __sfp_lock_release
 .text.__sinit_lock_acquire
                0x00003e84        0x4 c:/program files (x86)/gnu tools arm embedded/4.8 2013q4/bin/../lib/gcc/arm-none-eabi/4.8.3/../../../../arm-none-eabi/lib/armv7-m\libg.a(lib_a-findfp.o)
                0x00003e84                __sinit_lock_acquire
 .text.__sinit_lock_release
                0x00003e88        0x4 c:/program files (x86)/gnu tools arm embedded/4.8 2013q4/bin/../lib/gcc/arm-none-eabi/4.8.3/../../../../arm-none-eabi/lib/armv7-m\libg.a(lib_a-findfp.o)
                0x00003e88                __sinit_lock_release
 .text.__fp_lock_all
                0x00003e8c       0x14 c:/program files (x86)/gnu tools arm embedded/4.8 2013q4/bin/../lib/gcc/arm-none-eabi/4.8.3/../../../../arm-none-eabi/lib/armv7-m\libg.a(lib_a-findfp.o)
                0x00003e8c                __fp_lock_all
 .text.__fp_unlock_all
                0x00003ea0       0x14 c:/program files (x86)/gnu tools arm embedded/4.8 2013q4/bin/../lib/gcc/arm-none-eabi/4.8.3/../../../../arm-none-eabi/lib/armv7-m\libg.a(lib_a-findfp.o)
                0x00003ea0                __fp_unlock_all
 .text          0x00003eb4        0x0 c:/program files (x86)/gnu tools arm embedded/4.8 2013q4/bin/../lib/gcc/arm-none-eabi/4.8.3/../../../../arm-none-eabi/lib/armv7-m\libg.a(lib_a-fwalk.o)
 .text._fwalk   0x00003eb4       0x48 c:/program files (x86)/gnu tools arm embedded/4.8 2013q4/bin/../lib/gcc/arm-none-eabi/4.8.3/../../../../arm-none-eabi/lib/armv7-m\libg.a(lib_a-fwalk.o)
                0x00003eb4                _fwalk
 .text._fwalk_reent
                0x00003efc       0x4c c:/program files (x86)/gnu tools arm embedded/4.8 2013q4/bin/../lib/gcc/arm-none-eabi/4.8.3/../../../../arm-none-eabi/lib/armv7-m\libg.a(lib_a-fwalk.o)
                0x00003efc                _fwalk_reent
 .text          0x00003f48        0x0 c:/program files (x86)/gnu tools arm embedded/4.8 2013q4/bin/../lib/gcc/arm-none-eabi/4.8.3/../../../../arm-none-eabi/lib/armv7-m\libg.a(lib_a-stdio.o)
 .text.__sread  0x00003f48       0x24 c:/program files (x86)/gnu tools arm embedded/4.8 2013q4/bin/../lib/gcc/arm-none-eabi/4.8.3/../../../../arm-none-eabi/lib/armv7-m\libg.a(lib_a-stdio.o)
                0x00003f48                __sread
 .text.__seofread
                0x00003f6c        0x4 c:/program files (x86)/gnu tools arm embedded/4.8 2013q4/bin/../lib/gcc/arm-none-eabi/4.8.3/../../../../arm-none-eabi/lib/armv7-m\libg.a(lib_a-stdio.o)
                0x00003f6c                __seofread
 .text.__swrite
                0x00003f70       0x38 c:/program files (x86)/gnu tools arm embedded/4.8 2013q4/bin/../lib/gcc/arm-none-eabi/4.8.3/../../../../arm-none-eabi/lib/armv7-m\libg.a(lib_a-stdio.o)
                0x00003f70                __swrite
 .text.__sseek  0x00003fa8       0x24 c:/program files (x86)/gnu tools arm embedded/4.8 2013q4/bin/../lib/gcc/arm-none-eabi/4.8.3/../../../../arm-none-eabi/lib/armv7-m\libg.a(lib_a-stdio.o)
                0x00003fa8                __sseek
 .text.__sclose
                0x00003fcc        0x8 c:/program files (x86)/gnu tools arm embedded/4.8 2013q4/bin/../lib/gcc/arm-none-eabi/4.8.3/../../../../arm-none-eabi/lib/armv7-m\libg.a(lib_a-stdio.o)
                0x00003fcc                __sclose
 .text          0x00003fd4        0x0 c:/program files (x86)/gnu tools arm embedded/4.8 2013q4/bin/../lib/gcc/arm-none-eabi/4.8.3/../../../../arm-none-eabi/lib/armv7-m\libg.a(lib_a-strlen.o)
 .text.strlen   0x00003fd4       0x60 c:/program files (x86)/gnu tools arm embedded/4.8 2013q4/bin/../lib/gcc/arm-none-eabi/4.8.3/../../../../arm-none-eabi/lib/armv7-m\libg.a(lib_a-strlen.o)
                0x00003fd4                strlen
 .text          0x00004034        0x0 c:/program files (x86)/gnu tools arm embedded/4.8 2013q4/bin/../lib/gcc/arm-none-eabi/4.8.3/../../../../arm-none-eabi/lib/armv7-m\libg.a(lib_a-writer.o)
 .text._write_r
                0x00004034       0x28 c:/program files (x86)/gnu tools arm embedded/4.8 2013q4/bin/../lib/gcc/arm-none-eabi/4.8.3/../../../../arm-none-eabi/lib/armv7-m\libg.a(lib_a-writer.o)
                0x00004034                _write_r
 .text          0x0000405c        0x0 c:/program files (x86)/gnu tools arm embedded/4.8 2013q4/bin/../lib/gcc/arm-none-eabi/4.8.3/../../../../arm-none-eabi/lib/armv7-m\libg.a(lib_a-closer.o)
 .text._close_r
                0x0000405c       0x24 c:/program files (x86)/gnu tools arm embedded/4.8 2013q4/bin/../lib/gcc/arm-none-eabi/4.8.3/../../../../arm-none-eabi/lib/armv7-m\libg.a(lib_a-closer.o)
                0x0000405c                _close_r
 .text          0x00004080        0x0 c:/program files (x86)/gnu tools arm embedded/4.8 2013q4/bin/../lib/gcc/arm-none-eabi/4.8.3/../../../../arm-none-eabi/lib/armv7-m\libg.a(lib_a-fclose.o)
 .text._fclose_r
                0x00004080       0x80 c:/program files (x86)/gnu tools arm embedded/4.8 2013q4/bin/../lib/gcc/arm-none-eabi/4.8.3/../../../../arm-none-eabi/lib/armv7-m\libg.a(lib_a-fclose.o)
                0x00004080                _fclose_r
 .text.fclose   0x00004100       0x10 c:/program files (x86)/gnu tools arm embedded/4.8 2013q4/bin/../lib/gcc/arm-none-eabi/4.8.3/../../../../arm-none-eabi/lib/armv7-m\libg.a(lib_a-fclose.o)
                0x00004100                fclose
 .text          0x00004110        0x0 c:/program files (x86)/gnu tools arm embedded/4.8 2013q4/bin/../lib/gcc/arm-none-eabi/4.8.3/../../../../arm-none-eabi/lib/armv7-m\libg.a(lib_a-fflush.o)
 .text.__sflush_r
                0x00004110      0x148 c:/program files (x86)/gnu tools arm embedded/4.8 2013q4/bin/../lib/gcc/arm-none-eabi/4.8.3/../../../../arm-none-eabi/lib/armv7-m\libg.a(lib_a-fflush.o)
                0x00004110                __sflush_r
 .text._fflush_r
                0x00004258       0x2c c:/program files (x86)/gnu tools arm embedded/4.8 2013q4/bin/../lib/gcc/arm-none-eabi/4.8.3/../../../../arm-none-eabi/lib/armv7-m\libg.a(lib_a-fflush.o)
                0x00004258                _fflush_r
 .text.fflush   0x00004284       0x24 c:/program files (x86)/gnu tools arm embedded/4.8 2013q4/bin/../lib/gcc/arm-none-eabi/4.8.3/../../../../arm-none-eabi/lib/armv7-m\libg.a(lib_a-fflush.o)
                0x00004284                fflush
 .text          0x000042a8        0x0 c:/program files (x86)/gnu tools arm embedded/4.8 2013q4/bin/../lib/gcc/arm-none-eabi/4.8.3/../../../../arm-none-eabi/lib/armv7-m\libg.a(lib_a-lseekr.o)
 .text._lseek_r
                0x000042a8       0x28 c:/program files (x86)/gnu tools arm embedded/4.8 2013q4/bin/../lib/gcc/arm-none-eabi/4.8.3/../../../../arm-none-eabi/lib/armv7-m\libg.a(lib_a-lseekr.o)
                0x000042a8                _lseek_r
 .text          0x000042d0        0x0 c:/program files (x86)/gnu tools arm embedded/4.8 2013q4/bin/../lib/gcc/arm-none-eabi/4.8.3/../../../../arm-none-eabi/lib/armv7-m\libg.a(lib_a-readr.o)
 .text._read_r  0x000042d0       0x28 c:/program files (x86)/gnu tools arm embedded/4.8 2013q4/bin/../lib/gcc/arm-none-eabi/4.8.3/../../../../arm-none-eabi/lib/armv7-m\libg.a(lib_a-readr.o)
                0x000042d0                _read_r
 *(.init)
 *(.fini)
 *crtbegin.o(.ctors)
 *crtbegin?.o(.ctors)
 *(EXCLUDE_FILE(*crtend.o *crtend?.o) .ctors)
 *(SORT(.ctors.*))
 *(.ctors)
 *crtbegin.o(.dtors)
 *crtbegin?.o(.dtors)
 *(EXCLUDE_FILE(*crtend.o *crtend?.o) .dtors)
 *(SORT(.dtors.*))
 *(.dtors)
 *(.rodata*)
 .rodata        0x000042f8       0x30 ..\obj\converter.o
 .rodata        0x00004328       0x24 ..\obj\uartprintf.o
 .rodata        0x0000434c       0x20 ..\obj\queue.o
 .rodata        0x0000436c       0x14 ..\obj\control_speed_tilt.o
 .rodata.str1.4
                0x00004380        0x2 c:/program files (x86)/gnu tools arm embedded/4.8 2013q4/bin/../lib/gcc/arm-none-eabi/4.8.3/../../../../arm-none-eabi/lib/armv7-m\libc.a(lib_a-impure.o)
                                  0x4 (size before relaxing)
 *fill*         0x00004382        0x2 
 .rodata._global_impure_ptr
                0x00004384        0x4 c:/program files (x86)/gnu tools arm embedded/4.8 2013q4/bin/../lib/gcc/arm-none-eabi/4.8.3/../../../../arm-none-eabi/lib/armv7-m\libc.a(lib_a-impure.o)
                0x00004384                _global_impure_ptr
 .rodata.str1.4
                0x00004388        0x4 c:/program files (x86)/gnu tools arm embedded/4.8 2013q4/bin/../lib/gcc/arm-none-eabi/4.8.3/../../../../arm-none-eabi/lib/armv7-m\librdimon.a(rdimon-syscalls.o)
 *(.eh_fram e*)

.glue_7         0x0000438c        0x0
 .glue_7        0x00000000        0x0 linker stubs

.glue_7t        0x0000438c        0x0
 .glue_7t       0x00000000        0x0 linker stubs

.vfp11_veneer   0x0000438c        0x0
 .vfp11_veneer  0x00000000        0x0 linker stubs

.v4_bx          0x0000438c        0x0
 .v4_bx         0x00000000        0x0 linker stubs

.iplt           0x0000438c        0x0
 .iplt          0x00000000        0x0 ..\obj\spi.o

.rel.dyn        0x0000438c        0x0
 .rel.iplt      0x00000000        0x0 ..\obj\spi.o

.ARM.extab
 *(.ARM.extab* .gnu.linkonce.armextab.*)
                0x0000438c                __exidx_start = .

.ARM.exidx
 *(.ARM.exidx* .gnu.linkonce.armexidx.*)
                0x0000438c                __exidx_end = .
                0x0000438c                __etext = .
                0x0000438c                _sidata = __etext

.data           0x20000000      0x8a4 load address 0x0000438c
                0x20000000                __data_start__ = .
                0x20000000                _sdata = __data_start__
 *(vtable)
 *(.data*)
 .data          0x20000000        0x0 ..\obj\spi.o
 .data          0x20000000        0x1 ..\obj\converter.o
                0x20000000                ReceiveDecNumState
 *fill*         0x20000001        0x1 
 .data          0x20000002        0x2 ..\obj\control_position_tilt.o
 .data          0x20000004        0x0 ..\obj\main.o
 .data          0x20000004        0x0 ..\obj\communication_task.o
 .data          0x20000004        0x0 ..\obj\uartprintf.o
 .data          0x20000004        0x0 ..\obj\gpio.o
 .data          0x20000004       0x58 ..\obj\schedule.o
                0x20000004                init_task
                0x20000030                task
 .data          0x2000005c        0x0 ..\obj\startup_lm3s.o
 .data          0x2000005c        0x2 ..\obj\control_position_pan.o
 .data          0x2000005e        0x0 ..\obj\queue.o
 .data          0x2000005e        0x2 ..\obj\debug.o
 .data          0x20000060        0x0 ..\obj\cpu.o
 .data          0x20000060        0x4 ..\obj\control_speed_pan.o
 .data          0x20000064        0x4 ..\obj\control_speed_tilt.o
 .data          0x20000068        0x0 ..\obj\systick.o
 .data          0x20000068        0x0 c:/program files (x86)/gnu tools arm embedded/4.8 2013q4/bin/../lib/gcc/arm-none-eabi/4.8.3/armv7-m\libgcc.a(_arm_addsubdf3.o)
 .data          0x20000068        0x0 c:/program files (x86)/gnu tools arm embedded/4.8 2013q4/bin/../lib/gcc/arm-none-eabi/4.8.3/armv7-m\libgcc.a(_arm_muldivdf3.o)
 .data          0x20000068        0x0 c:/program files (x86)/gnu tools arm embedded/4.8 2013q4/bin/../lib/gcc/arm-none-eabi/4.8.3/armv7-m\libgcc.a(_arm_fixdfsi.o)
 .data          0x20000068        0x0 c:/program files (x86)/gnu tools arm embedded/4.8 2013q4/bin/../lib/gcc/arm-none-eabi/4.8.3/../../../../arm-none-eabi/lib/armv7-m\libc.a(lib_a-calloc.o)
 .data          0x20000068        0x0 c:/program files (x86)/gnu tools arm embedded/4.8 2013q4/bin/../lib/gcc/arm-none-eabi/4.8.3/../../../../arm-none-eabi/lib/armv7-m\libc.a(lib_a-callocr.o)
 .data          0x20000068        0x0 c:/program files (x86)/gnu tools arm embedded/4.8 2013q4/bin/../lib/gcc/arm-none-eabi/4.8.3/../../../../arm-none-eabi/lib/armv7-m\libc.a(lib_a-impure.o)
 .data.impure_data
                0x20000068      0x428 c:/program files (x86)/gnu tools arm embedded/4.8 2013q4/bin/../lib/gcc/arm-none-eabi/4.8.3/../../../../arm-none-eabi/lib/armv7-m\libc.a(lib_a-impure.o)
 .data._impure_ptr
                0x20000490        0x4 c:/program files (x86)/gnu tools arm embedded/4.8 2013q4/bin/../lib/gcc/arm-none-eabi/4.8.3/../../../../arm-none-eabi/lib/armv7-m\libc.a(lib_a-impure.o)
                0x20000490                _impure_ptr
 .data          0x20000494        0x0 c:/program files (x86)/gnu tools arm embedded/4.8 2013q4/bin/../lib/gcc/arm-none-eabi/4.8.3/../../../../arm-none-eabi/lib/armv7-m\libc.a(lib_a-mallocr.o)
 .data.__malloc_av_
                0x20000494      0x408 c:/program files (x86)/gnu tools arm embedded/4.8 2013q4/bin/../lib/gcc/arm-none-eabi/4.8.3/../../../../arm-none-eabi/lib/armv7-m\libc.a(lib_a-mallocr.o)
                0x20000494                __malloc_av_
 .data.__malloc_trim_threshold
                0x2000089c        0x4 c:/program files (x86)/gnu tools arm embedded/4.8 2013q4/bin/../lib/gcc/arm-none-eabi/4.8.3/../../../../arm-none-eabi/lib/armv7-m\libc.a(lib_a-mallocr.o)
                0x2000089c                __malloc_trim_threshold
 .data.__malloc_sbrk_base
                0x200008a0        0x4 c:/program files (x86)/gnu tools arm embedded/4.8 2013q4/bin/../lib/gcc/arm-none-eabi/4.8.3/../../../../arm-none-eabi/lib/armv7-m\libc.a(lib_a-mallocr.o)
                0x200008a0                __malloc_sbrk_base
 .data          0x200008a4        0x0 c:/program files (x86)/gnu tools arm embedded/4.8 2013q4/bin/../lib/gcc/arm-none-eabi/4.8.3/../../../../arm-none-eabi/lib/armv7-m\libc.a(lib_a-memcpy.o)
 .data          0x200008a4        0x0 c:/program files (x86)/gnu tools arm embedded/4.8 2013q4/bin/../lib/gcc/arm-none-eabi/4.8.3/../../../../arm-none-eabi/lib/armv7-m\libc.a(lib_a-memset.o)
 .data          0x200008a4        0x0 c:/program files (x86)/gnu tools arm embedded/4.8 2013q4/bin/../lib/gcc/arm-none-eabi/4.8.3/../../../../arm-none-eabi/lib/armv7-m\libc.a(lib_a-mlock.o)
 .data          0x200008a4        0x0 c:/program files (x86)/gnu tools arm embedded/4.8 2013q4/bin/../lib/gcc/arm-none-eabi/4.8.3/../../../../arm-none-eabi/lib/armv7-m\libc.a(lib_a-sbrkr.o)
 .data          0x200008a4        0x0 c:/program files (x86)/gnu tools arm embedded/4.8 2013q4/bin/../lib/gcc/arm-none-eabi/4.8.3/../../../../arm-none-eabi/lib/armv7-m\libc.a(lib_a-freer.o)
 .data          0x200008a4        0x0 c:/program files (x86)/gnu tools arm embedded/4.8 2013q4/bin/../lib/gcc/arm-none-eabi/4.8.3/../../../../arm-none-eabi/lib/armv7-m\libc.a(lib_a-reent.o)
 .data          0x200008a4        0x0 c:/program files (x86)/gnu tools arm embedded/4.8 2013q4/bin/../lib/gcc/arm-none-eabi/4.8.3/../../../../arm-none-eabi/lib/armv7-m\librdimon.a(rdimon-syscalls.o)
 .data          0x200008a4        0x0 c:/program files (x86)/gnu tools arm embedded/4.8 2013q4/bin/../lib/gcc/arm-none-eabi/4.8.3/../../../../arm-none-eabi/lib/armv7-m\libg.a(lib_a-errno.o)
 .data          0x200008a4        0x0 c:/program files (x86)/gnu tools arm embedded/4.8 2013q4/bin/../lib/gcc/arm-none-eabi/4.8.3/../../../../arm-none-eabi/lib/armv7-m\libg.a(lib_a-findfp.o)
 .data          0x200008a4        0x0 c:/program files (x86)/gnu tools arm embedded/4.8 2013q4/bin/../lib/gcc/arm-none-eabi/4.8.3/../../../../arm-none-eabi/lib/armv7-m\libg.a(lib_a-fwalk.o)
 .data          0x200008a4        0x0 c:/program files (x86)/gnu tools arm embedded/4.8 2013q4/bin/../lib/gcc/arm-none-eabi/4.8.3/../../../../arm-none-eabi/lib/armv7-m\libg.a(lib_a-stdio.o)
 .data          0x200008a4        0x0 c:/program files (x86)/gnu tools arm embedded/4.8 2013q4/bin/../lib/gcc/arm-none-eabi/4.8.3/../../../../arm-none-eabi/lib/armv7-m\libg.a(lib_a-strlen.o)
 .data          0x200008a4        0x0 c:/program files (x86)/gnu tools arm embedded/4.8 2013q4/bin/../lib/gcc/arm-none-eabi/4.8.3/../../../../arm-none-eabi/lib/armv7-m\libg.a(lib_a-writer.o)
 .data          0x200008a4        0x0 c:/program files (x86)/gnu tools arm embedded/4.8 2013q4/bin/../lib/gcc/arm-none-eabi/4.8.3/../../../../arm-none-eabi/lib/armv7-m\libg.a(lib_a-closer.o)
 .data          0x200008a4        0x0 c:/program files (x86)/gnu tools arm embedded/4.8 2013q4/bin/../lib/gcc/arm-none-eabi/4.8.3/../../../../arm-none-eabi/lib/armv7-m\libg.a(lib_a-fclose.o)
 .data          0x200008a4        0x0 c:/program files (x86)/gnu tools arm embedded/4.8 2013q4/bin/../lib/gcc/arm-none-eabi/4.8.3/../../../../arm-none-eabi/lib/armv7-m\libg.a(lib_a-fflush.o)
 .data          0x200008a4        0x0 c:/program files (x86)/gnu tools arm embedded/4.8 2013q4/bin/../lib/gcc/arm-none-eabi/4.8.3/../../../../arm-none-eabi/lib/armv7-m\libg.a(lib_a-lseekr.o)
 .data          0x200008a4        0x0 c:/program files (x86)/gnu tools arm embedded/4.8 2013q4/bin/../lib/gcc/arm-none-eabi/4.8.3/../../../../arm-none-eabi/lib/armv7-m\libg.a(lib_a-readr.o)
                0x200008a4                . = ALIGN (0x4)
                0x200008a4                PROVIDE (__preinit_array_start, .)
 *(.preinit_array)
                0x200008a4                PROVIDE (__preinit_array_end, .)
                0x200008a4                . = ALIGN (0x4)
                0x200008a4                PROVIDE (__init_array_start, .)
 *(SORT(.init_array.*))
 *(.init_array)
                0x200008a4                PROVIDE (__init_array_end, .)
                0x200008a4                . = ALIGN (0x4)
                0x200008a4                PROVIDE (__fini_array_start, .)
 *(SORT(.fini_array.*))
 *(.fini_array)
                0x200008a4                PROVIDE (__fini_array_end, .)
 *(.jcr*)
                0x200008a4                . = ALIGN (0x4)
                0x200008a4                __data_end__ = .
                0x200008a4                _edata = __data_end__

.igot.plt       0x200008a4        0x0 load address 0x00004c30
 .igot.plt      0x00000000        0x0 ..\obj\spi.o

.bss            0x200008a4      0x1e8 load address 0x00004c30
                0x200008a4                . = ALIGN (0x4)
                0x200008a4                __bss_start__ = .
                0x200008a4                _sbss = __bss_start__
 *(.bss*)
 .bss           0x200008a4        0x0 ..\obj\spi.o
 .bss           0x200008a4        0x8 ..\obj\converter.o
                0x200008a4                receive_state
                0x200008a5                motor
                0x200008a6                function
 .bss           0x200008ac        0xc ..\obj\control_position_tilt.o
 .bss           0x200008b8        0x0 ..\obj\main.o
 .bss           0x200008b8        0x0 ..\obj\communication_task.o
 .bss           0x200008b8        0x0 ..\obj\uartprintf.o
 .bss           0x200008b8        0x0 ..\obj\gpio.o
 .bss           0x200008b8        0x4 ..\obj\schedule.o
                0x200008b8                semaphores
                0x200008ba                current_task
 .bss           0x200008bc        0x0 ..\obj\startup_lm3s.o
 .bss           0x200008bc        0xc ..\obj\control_position_pan.o
 .bss           0x200008c8        0x1 ..\obj\queue.o
 .bss           0x200008c9        0x0 ..\obj\debug.o
 .bss           0x200008c9        0x0 ..\obj\cpu.o
 *fill*         0x200008c9        0x3 
 .bss           0x200008cc        0xc ..\obj\control_speed_pan.o
 .bss           0x200008d8       0x10 ..\obj\control_speed_tilt.o
 .bss           0x200008e8        0x1 ..\obj\systick.o
                0x200008e8                tick
 .bss           0x200008e9        0x0 c:/program files (x86)/gnu tools arm embedded/4.8 2013q4/bin/../lib/gcc/arm-none-eabi/4.8.3/armv7-m\libgcc.a(_arm_addsubdf3.o)
 .bss           0x200008e9        0x0 c:/program files (x86)/gnu tools arm embedded/4.8 2013q4/bin/../lib/gcc/arm-none-eabi/4.8.3/armv7-m\libgcc.a(_arm_muldivdf3.o)
 .bss           0x200008e9        0x0 c:/program files (x86)/gnu tools arm embedded/4.8 2013q4/bin/../lib/gcc/arm-none-eabi/4.8.3/armv7-m\libgcc.a(_arm_fixdfsi.o)
 .bss           0x200008e9        0x0 c:/program files (x86)/gnu tools arm embedded/4.8 2013q4/bin/../lib/gcc/arm-none-eabi/4.8.3/../../../../arm-none-eabi/lib/armv7-m\libc.a(lib_a-calloc.o)
 .bss           0x200008e9        0x0 c:/program files (x86)/gnu tools arm embedded/4.8 2013q4/bin/../lib/gcc/arm-none-eabi/4.8.3/../../../../arm-none-eabi/lib/armv7-m\libc.a(lib_a-callocr.o)
 .bss           0x200008e9        0x0 c:/program files (x86)/gnu tools arm embedded/4.8 2013q4/bin/../lib/gcc/arm-none-eabi/4.8.3/../../../../arm-none-eabi/lib/armv7-m\libc.a(lib_a-impure.o)
 .bss           0x200008e9        0x0 c:/program files (x86)/gnu tools arm embedded/4.8 2013q4/bin/../lib/gcc/arm-none-eabi/4.8.3/../../../../arm-none-eabi/lib/armv7-m\libc.a(lib_a-mallocr.o)
 *fill*         0x200008e9        0x3 
 .bss.__malloc_max_total_mem
                0x200008ec        0x4 c:/program files (x86)/gnu tools arm embedded/4.8 2013q4/bin/../lib/gcc/arm-none-eabi/4.8.3/../../../../arm-none-eabi/lib/armv7-m\libc.a(lib_a-mallocr.o)
                0x200008ec                __malloc_max_total_mem
 .bss.__malloc_max_sbrked_mem
                0x200008f0        0x4 c:/program files (x86)/gnu tools arm embedded/4.8 2013q4/bin/../lib/gcc/arm-none-eabi/4.8.3/../../../../arm-none-eabi/lib/armv7-m\libc.a(lib_a-mallocr.o)
                0x200008f0                __malloc_max_sbrked_mem
 .bss.__malloc_top_pad
                0x200008f4        0x4 c:/program files (x86)/gnu tools arm embedded/4.8 2013q4/bin/../lib/gcc/arm-none-eabi/4.8.3/../../../../arm-none-eabi/lib/armv7-m\libc.a(lib_a-mallocr.o)
                0x200008f4                __malloc_top_pad
 .bss.__malloc_current_mallinfo
                0x200008f8       0x28 c:/program files (x86)/gnu tools arm embedded/4.8 2013q4/bin/../lib/gcc/arm-none-eabi/4.8.3/../../../../arm-none-eabi/lib/armv7-m\libc.a(lib_a-mallocr.o)
                0x200008f8                __malloc_current_mallinfo
 .bss           0x20000920        0x0 c:/program files (x86)/gnu tools arm embedded/4.8 2013q4/bin/../lib/gcc/arm-none-eabi/4.8.3/../../../../arm-none-eabi/lib/armv7-m\libc.a(lib_a-memcpy.o)
 .bss           0x20000920        0x0 c:/program files (x86)/gnu tools arm embedded/4.8 2013q4/bin/../lib/gcc/arm-none-eabi/4.8.3/../../../../arm-none-eabi/lib/armv7-m\libc.a(lib_a-memset.o)
 .bss           0x20000920        0x0 c:/program files (x86)/gnu tools arm embedded/4.8 2013q4/bin/../lib/gcc/arm-none-eabi/4.8.3/../../../../arm-none-eabi/lib/armv7-m\libc.a(lib_a-mlock.o)
 .bss           0x20000920        0x0 c:/program files (x86)/gnu tools arm embedded/4.8 2013q4/bin/../lib/gcc/arm-none-eabi/4.8.3/../../../../arm-none-eabi/lib/armv7-m\libc.a(lib_a-sbrkr.o)
 .bss           0x20000920        0x0 c:/program files (x86)/gnu tools arm embedded/4.8 2013q4/bin/../lib/gcc/arm-none-eabi/4.8.3/../../../../arm-none-eabi/lib/armv7-m\libc.a(lib_a-freer.o)
 .bss           0x20000920        0x0 c:/program files (x86)/gnu tools arm embedded/4.8 2013q4/bin/../lib/gcc/arm-none-eabi/4.8.3/../../../../arm-none-eabi/lib/armv7-m\libc.a(lib_a-reent.o)
 .bss           0x20000920        0x0 c:/program files (x86)/gnu tools arm embedded/4.8 2013q4/bin/../lib/gcc/arm-none-eabi/4.8.3/../../../../arm-none-eabi/lib/armv7-m\librdimon.a(rdimon-syscalls.o)
 .bss.monitor_stdout
                0x20000920        0x4 c:/program files (x86)/gnu tools arm embedded/4.8 2013q4/bin/../lib/gcc/arm-none-eabi/4.8.3/../../../../arm-none-eabi/lib/armv7-m\librdimon.a(rdimon-syscalls.o)
 .bss.monitor_stdin
                0x20000924        0x4 c:/program files (x86)/gnu tools arm embedded/4.8 2013q4/bin/../lib/gcc/arm-none-eabi/4.8.3/../../../../arm-none-eabi/lib/armv7-m\librdimon.a(rdimon-syscalls.o)
 .bss.heap_end.5787
                0x20000928        0x4 c:/program files (x86)/gnu tools arm embedded/4.8 2013q4/bin/../lib/gcc/arm-none-eabi/4.8.3/../../../../arm-none-eabi/lib/armv7-m\librdimon.a(rdimon-syscalls.o)
 .bss.monitor_stderr
                0x2000092c        0x4 c:/program files (x86)/gnu tools arm embedded/4.8 2013q4/bin/../lib/gcc/arm-none-eabi/4.8.3/../../../../arm-none-eabi/lib/armv7-m\librdimon.a(rdimon-syscalls.o)
 .bss.openfiles
                0x20000930       0xa0 c:/program files (x86)/gnu tools arm embedded/4.8 2013q4/bin/../lib/gcc/arm-none-eabi/4.8.3/../../../../arm-none-eabi/lib/armv7-m\librdimon.a(rdimon-syscalls.o)
 .bss           0x200009d0        0x0 c:/program files (x86)/gnu tools arm embedded/4.8 2013q4/bin/../lib/gcc/arm-none-eabi/4.8.3/../../../../arm-none-eabi/lib/armv7-m\libg.a(lib_a-errno.o)
 .bss           0x200009d0        0x0 c:/program files (x86)/gnu tools arm embedded/4.8 2013q4/bin/../lib/gcc/arm-none-eabi/4.8.3/../../../../arm-none-eabi/lib/armv7-m\libg.a(lib_a-findfp.o)
 .bss           0x200009d0        0x0 c:/program files (x86)/gnu tools arm embedded/4.8 2013q4/bin/../lib/gcc/arm-none-eabi/4.8.3/../../../../arm-none-eabi/lib/armv7-m\libg.a(lib_a-fwalk.o)
 .bss           0x200009d0        0x0 c:/program files (x86)/gnu tools arm embedded/4.8 2013q4/bin/../lib/gcc/arm-none-eabi/4.8.3/../../../../arm-none-eabi/lib/armv7-m\libg.a(lib_a-stdio.o)
 .bss           0x200009d0        0x0 c:/program files (x86)/gnu tools arm embedded/4.8 2013q4/bin/../lib/gcc/arm-none-eabi/4.8.3/../../../../arm-none-eabi/lib/armv7-m\libg.a(lib_a-strlen.o)
 .bss           0x200009d0        0x0 c:/program files (x86)/gnu tools arm embedded/4.8 2013q4/bin/../lib/gcc/arm-none-eabi/4.8.3/../../../../arm-none-eabi/lib/armv7-m\libg.a(lib_a-writer.o)
 .bss           0x200009d0        0x0 c:/program files (x86)/gnu tools arm embedded/4.8 2013q4/bin/../lib/gcc/arm-none-eabi/4.8.3/../../../../arm-none-eabi/lib/armv7-m\libg.a(lib_a-closer.o)
 .bss           0x200009d0        0x0 c:/program files (x86)/gnu tools arm embedded/4.8 2013q4/bin/../lib/gcc/arm-none-eabi/4.8.3/../../../../arm-none-eabi/lib/armv7-m\libg.a(lib_a-fclose.o)
 .bss           0x200009d0        0x0 c:/program files (x86)/gnu tools arm embedded/4.8 2013q4/bin/../lib/gcc/arm-none-eabi/4.8.3/../../../../arm-none-eabi/lib/armv7-m\libg.a(lib_a-fflush.o)
 .bss           0x200009d0        0x0 c:/program files (x86)/gnu tools arm embedded/4.8 2013q4/bin/../lib/gcc/arm-none-eabi/4.8.3/../../../../arm-none-eabi/lib/armv7-m\libg.a(lib_a-lseekr.o)
 .bss           0x200009d0        0x0 c:/program files (x86)/gnu tools arm embedded/4.8 2013q4/bin/../lib/gcc/arm-none-eabi/4.8.3/../../../../arm-none-eabi/lib/armv7-m\libg.a(lib_a-readr.o)
 *(COMMON)
 COMMON         0x200009d0       0x90 ..\obj\main.o
                0x200009d0                QueuePositionTilt
                0x200009dc                QueueGoToPositionPan
                0x200009e8                QueuePositionPan
                0x200009f4                QueuePWMOutPan
                0x20000a00                QueueUARTTX
                0x20000a0c                QueueGoToPositionTilt
                0x20000a18                QueueUARTRX
                0x20000a24                QueueTiltSpeed
                0x20000a30                QueuePanSpeed
                0x20000a3c                QueuePWMOutTilt
                0x20000a48                QueueSPIRX
                0x20000a54                QueueSPITX
 COMMON         0x20000a60       0x26 ..\obj\schedule.o
                0x20000a60                rtcs_i
                0x20000a64                task_state
                0x20000a70                task_time
 *fill*         0x20000a86        0x2 
 COMMON         0x20000a88        0x4 c:/program files (x86)/gnu tools arm embedded/4.8 2013q4/bin/../lib/gcc/arm-none-eabi/4.8.3/../../../../arm-none-eabi/lib/armv7-m\libc.a(lib_a-reent.o)
                0x20000a88                errno
                0x20000a8c                . = ALIGN (0x4)
                0x20000a8c                __bss_end__ = .
                0x20000a8c                _ebss = __bss_end__

.co_heap        0x20000a8c      0x404 load address 0x00004e18
                0x20000a8c                __cs3_heap_start = .
                0x20000a90                . = ALIGN (0x8)
 *fill*         0x20000a8c        0x4 
 *(.co_heap .co_heap.*)
 .co_heap       0x20000a90      0x400 ..\obj\startup_lm3s.o
                0x20000a90                pulHeap
                0x20000e90                __cs3_heap_end = .

.heap           0x20000e90        0x0
                0x20000e90                __end__ = .
                0x20000e90                _end = __end__
                0x20000e90                end = __end__
 *(.heap*)
                0x20000e90                __HeapLimit = .

.co_stack       0x20000e90     0x4400 load address 0x0000521c
                0x20000e90                . = ALIGN (0x8)
 *(.co_stack .co_stack.*)
 .co_stack      0x20000e90     0x4400 ..\obj\startup_lm3s.o
                0x20000e90                pulStack
                0x20010000                __StackTop = (ORIGIN (ram) + 0x10000)
                0x2000bc00                __StackLimit = (__StackTop - SIZEOF (.co_stack))
                0x20010000                PROVIDE (__stack, __StackTop)
                0x00000001                ASSERT ((__StackLimit >= __HeapLimit), region ram  overflowed with stack)
LOAD ..\obj\spi.o
LOAD ..\obj\converter.o
LOAD ..\obj\control_position_tilt.o
LOAD ..\obj\main.o
LOAD ..\obj\communication_task.o
LOAD ..\obj\uartprintf.o
LOAD ..\obj\gpio.o
LOAD ..\obj\schedule.o
LOAD ..\obj\startup_lm3s.o
LOAD ..\obj\control_position_pan.o
LOAD ..\obj\queue.o
LOAD ..\obj\debug.o
LOAD ..\obj\cpu.o
LOAD ..\obj\control_speed_pan.o
LOAD ..\obj\control_speed_tilt.o
LOAD ..\obj\systick.o
LOAD c:/program files (x86)/gnu tools arm embedded/4.8 2013q4/bin/../lib/gcc/arm-none-eabi/4.8.3/../../../../arm-none-eabi/lib/armv7-m\libm.a
LOAD c:/program files (x86)/gnu tools arm embedded/4.8 2013q4/bin/../lib/gcc/arm-none-eabi/4.8.3/armv7-m\libgcc.a
LOAD c:/program files (x86)/gnu tools arm embedded/4.8 2013q4/bin/../lib/gcc/arm-none-eabi/4.8.3/../../../../arm-none-eabi/lib/armv7-m\libc.a
LOAD c:/program files (x86)/gnu tools arm embedded/4.8 2013q4/bin/../lib/gcc/arm-none-eabi/4.8.3/../../../../arm-none-eabi/lib/armv7-m\librdimon.a
START GROUP
LOAD c:/program files (x86)/gnu tools arm embedded/4.8 2013q4/bin/../lib/gcc/arm-none-eabi/4.8.3/armv7-m\libgcc.a
LOAD c:/program files (x86)/gnu tools arm embedded/4.8 2013q4/bin/../lib/gcc/arm-none-eabi/4.8.3/../../../../arm-none-eabi/lib/armv7-m\libg.a
LOAD c:/program files (x86)/gnu tools arm embedded/4.8 2013q4/bin/../lib/gcc/arm-none-eabi/4.8.3/../../../../arm-none-eabi/lib/armv7-m\libc.a
END GROUP
OUTPUT(SemProjekt_RTCS.elf elf32-littlearm)

.debug_info     0x00000000     0x1fcb
 .debug_info    0x00000000      0x249 ..\obj\spi.o
 .debug_info    0x00000249      0x2ef ..\obj\converter.o
 .debug_info    0x00000538      0x206 ..\obj\control_position_tilt.o
 .debug_info    0x0000073e      0x22a ..\obj\main.o
 .debug_info    0x00000968      0x1ce ..\obj\communication_task.o
 .debug_info    0x00000b36      0x3d5 ..\obj\uartprintf.o
 .debug_info    0x00000f0b       0x79 ..\obj\gpio.o
 .debug_info    0x00000f84      0x304 ..\obj\schedule.o
 .debug_info    0x00001288      0x10b ..\obj\startup_lm3s.o
 .debug_info    0x00001393      0x206 ..\obj\control_position_pan.o
 .debug_info    0x00001599      0x2bd ..\obj\queue.o
 .debug_info    0x00001856       0xd9 ..\obj\debug.o
 .debug_info    0x0000192f       0xb9 ..\obj\cpu.o
 .debug_info    0x000019e8      0x262 ..\obj\control_speed_pan.o
 .debug_info    0x00001c4a      0x2a2 ..\obj\control_speed_tilt.o
 .debug_info    0x00001eec       0xdf ..\obj\systick.o

.debug_abbrev   0x00000000      0xde2
 .debug_abbrev  0x00000000      0x146 ..\obj\spi.o
 .debug_abbrev  0x00000146      0x12c ..\obj\converter.o
 .debug_abbrev  0x00000272       0xcc ..\obj\control_position_tilt.o
 .debug_abbrev  0x0000033e       0xc6 ..\obj\main.o
 .debug_abbrev  0x00000404       0xd3 ..\obj\communication_task.o
 .debug_abbrev  0x000004d7      0x1cb ..\obj\uartprintf.o
 .debug_abbrev  0x000006a2       0x33 ..\obj\gpio.o
 .debug_abbrev  0x000006d5      0x156 ..\obj\schedule.o
 .debug_abbrev  0x0000082b       0xb0 ..\obj\startup_lm3s.o
 .debug_abbrev  0x000008db       0xcc ..\obj\control_position_pan.o
 .debug_abbrev  0x000009a7      0x120 ..\obj\queue.o
 .debug_abbrev  0x00000ac7       0x7a ..\obj\debug.o
 .debug_abbrev  0x00000b41       0x67 ..\obj\cpu.o
 .debug_abbrev  0x00000ba8       0xde ..\obj\control_speed_pan.o
 .debug_abbrev  0x00000c86       0xde ..\obj\control_speed_tilt.o
 .debug_abbrev  0x00000d64       0x7e ..\obj\systick.o

.debug_aranges  0x00000000      0x370
 .debug_aranges
                0x00000000       0x60 ..\obj\spi.o
 .debug_aranges
                0x00000060       0x28 ..\obj\converter.o
 .debug_aranges
                0x00000088       0x28 ..\obj\control_position_tilt.o
 .debug_aranges
                0x000000b0       0x30 ..\obj\main.o
 .debug_aranges
                0x000000e0       0x28 ..\obj\communication_task.o
 .debug_aranges
                0x00000108       0x68 ..\obj\uartprintf.o
 .debug_aranges
                0x00000170       0x20 ..\obj\gpio.o
 .debug_aranges
                0x00000190       0x68 ..\obj\schedule.o
 .debug_aranges
                0x000001f8       0x28 ..\obj\startup_lm3s.o
 .debug_aranges
                0x00000220       0x28 ..\obj\control_position_pan.o
 .debug_aranges
                0x00000248       0x48 ..\obj\queue.o
 .debug_aranges
                0x00000290       0x28 ..\obj\debug.o
 .debug_aranges
                0x000002b8       0x30 ..\obj\cpu.o
 .debug_aranges
                0x000002e8       0x28 ..\obj\control_speed_pan.o
 .debug_aranges
                0x00000310       0x28 ..\obj\control_speed_tilt.o
 .debug_aranges
                0x00000338       0x38 ..\obj\systick.o

.debug_ranges   0x00000000      0x270
 .debug_ranges  0x00000000       0x50 ..\obj\spi.o
 .debug_ranges  0x00000050       0x18 ..\obj\converter.o
 .debug_ranges  0x00000068       0x18 ..\obj\control_position_tilt.o
 .debug_ranges  0x00000080       0x20 ..\obj\main.o
 .debug_ranges  0x000000a0       0x18 ..\obj\communication_task.o
 .debug_ranges  0x000000b8       0x58 ..\obj\uartprintf.o
 .debug_ranges  0x00000110       0x10 ..\obj\gpio.o
 .debug_ranges  0x00000120       0x58 ..\obj\schedule.o
 .debug_ranges  0x00000178       0x18 ..\obj\startup_lm3s.o
 .debug_ranges  0x00000190       0x18 ..\obj\control_position_pan.o
 .debug_ranges  0x000001a8       0x38 ..\obj\queue.o
 .debug_ranges  0x000001e0       0x18 ..\obj\debug.o
 .debug_ranges  0x000001f8       0x20 ..\obj\cpu.o
 .debug_ranges  0x00000218       0x18 ..\obj\control_speed_pan.o
 .debug_ranges  0x00000230       0x18 ..\obj\control_speed_tilt.o
 .debug_ranges  0x00000248       0x28 ..\obj\systick.o

.debug_line     0x00000000     0x15fa
 .debug_line    0x00000000      0x1f0 ..\obj\spi.o
 .debug_line    0x000001f0      0x1e1 ..\obj\converter.o
 .debug_line    0x000003d1      0x169 ..\obj\control_position_tilt.o
 .debug_line    0x0000053a      0x110 ..\obj\main.o
 .debug_line    0x0000064a      0x158 ..\obj\communication_task.o
 .debug_line    0x000007a2      0x341 ..\obj\uartprintf.o
 .debug_line    0x00000ae3       0x6e ..\obj\gpio.o
 .debug_line    0x00000b51      0x1b4 ..\obj\schedule.o
 .debug_line    0x00000d05       0x92 ..\obj\startup_lm3s.o
 .debug_line    0x00000d97      0x175 ..\obj\control_position_pan.o
 .debug_line    0x00000f0c      0x12b ..\obj\queue.o
 .debug_line    0x00001037       0xcd ..\obj\debug.o
 .debug_line    0x00001104       0xf8 ..\obj\cpu.o
 .debug_line    0x000011fc      0x183 ..\obj\control_speed_pan.o
 .debug_line    0x0000137f      0x191 ..\obj\control_speed_tilt.o
 .debug_line    0x00001510       0xea ..\obj\systick.o

.debug_str      0x00000000      0xca2
 .debug_str     0x00000000      0x257 ..\obj\spi.o
                                0x2a8 (size before relaxing)
 .debug_str     0x00000257      0x19e ..\obj\converter.o
                                0x36f (size before relaxing)
 .debug_str     0x000003f5       0xd3 ..\obj\control_position_tilt.o
                                0x2c1 (size before relaxing)
 .debug_str     0x000004c8       0x88 ..\obj\main.o
                                0x2b1 (size before relaxing)
 .debug_str     0x00000550       0x86 ..\obj\communication_task.o
                                0x2a4 (size before relaxing)
 .debug_str     0x000005d6      0x153 ..\obj\uartprintf.o
                                0x365 (size before relaxing)
 .debug_str     0x00000729       0x35 ..\obj\gpio.o
                                0x13f (size before relaxing)
 .debug_str     0x0000075e      0x126 ..\obj\schedule.o
                                0x24d (size before relaxing)
 .debug_str     0x00000884       0xa9 ..\obj\startup_lm3s.o
                                0x140 (size before relaxing)
 .debug_str     0x0000092d       0x65 ..\obj\control_position_pan.o
                                0x2bb (size before relaxing)
 .debug_str     0x00000992       0x9f ..\obj\queue.o
                                0x265 (size before relaxing)
 .debug_str     0x00000a31       0x61 ..\obj\debug.o
                                0x17b (size before relaxing)
 .debug_str     0x00000a92       0x68 ..\obj\cpu.o
                                0x175 (size before relaxing)
 .debug_str     0x00000afa       0x8c ..\obj\control_speed_pan.o
                                0x2d5 (size before relaxing)
 .debug_str     0x00000b86       0xa1 ..\obj\control_speed_tilt.o
                                0x30d (size before relaxing)
 .debug_str     0x00000c27       0x7b ..\obj\systick.o
                                0x18e (size before relaxing)

.comment        0x00000000       0x70
 .comment       0x00000000       0x70 ..\obj\spi.o
                                 0x71 (size before relaxing)
 .comment       0x00000000       0x71 ..\obj\converter.o
 .comment       0x00000000       0x71 ..\obj\control_position_tilt.o
 .comment       0x00000000       0x71 ..\obj\main.o
 .comment       0x00000000       0x71 ..\obj\communication_task.o
 .comment       0x00000000       0x71 ..\obj\uartprintf.o
 .comment       0x00000000       0x71 ..\obj\gpio.o
 .comment       0x00000000       0x71 ..\obj\schedule.o
 .comment       0x00000000       0x71 ..\obj\startup_lm3s.o
 .comment       0x00000000       0x71 ..\obj\control_position_pan.o
 .comment       0x00000000       0x71 ..\obj\queue.o
 .comment       0x00000000       0x71 ..\obj\debug.o
 .comment       0x00000000       0x71 ..\obj\cpu.o
 .comment       0x00000000       0x71 ..\obj\control_speed_pan.o
 .comment       0x00000000       0x71 ..\obj\control_speed_tilt.o
 .comment       0x00000000       0x71 ..\obj\systick.o

.ARM.attributes
                0x00000000       0x31
 .ARM.attributes
                0x00000000       0x33 ..\obj\spi.o
 .ARM.attributes
                0x00000033       0x33 ..\obj\converter.o
 .ARM.attributes
                0x00000066       0x33 ..\obj\control_position_tilt.o
 .ARM.attributes
                0x00000099       0x33 ..\obj\main.o
 .ARM.attributes
                0x000000cc       0x33 ..\obj\communication_task.o
 .ARM.attributes
                0x000000ff       0x33 ..\obj\uartprintf.o
 .ARM.attributes
                0x00000132       0x33 ..\obj\gpio.o
 .ARM.attributes
                0x00000165       0x33 ..\obj\schedule.o
 .ARM.attributes
                0x00000198       0x33 ..\obj\startup_lm3s.o
 .ARM.attributes
                0x000001cb       0x33 ..\obj\control_position_pan.o
 .ARM.attributes
                0x000001fe       0x33 ..\obj\queue.o
 .ARM.attributes
                0x00000231       0x33 ..\obj\debug.o
 .ARM.attributes
                0x00000264       0x33 ..\obj\cpu.o
 .ARM.attributes
                0x00000297       0x33 ..\obj\control_speed_pan.o
 .ARM.attributes
                0x000002ca       0x33 ..\obj\control_speed_tilt.o
 .ARM.attributes
                0x000002fd       0x33 ..\obj\systick.o
 .ARM.attributes
                0x00000330       0x1d c:/program files (x86)/gnu tools arm embedded/4.8 2013q4/bin/../lib/gcc/arm-none-eabi/4.8.3/armv7-m\libgcc.a(_arm_addsubdf3.o)
 .ARM.attributes
                0x0000034d       0x1d c:/program files (x86)/gnu tools arm embedded/4.8 2013q4/bin/../lib/gcc/arm-none-eabi/4.8.3/armv7-m\libgcc.a(_arm_muldivdf3.o)
 .ARM.attributes
                0x0000036a       0x1d c:/program files (x86)/gnu tools arm embedded/4.8 2013q4/bin/../lib/gcc/arm-none-eabi/4.8.3/armv7-m\libgcc.a(_arm_fixdfsi.o)
 .ARM.attributes
                0x00000387       0x2d c:/program files (x86)/gnu tools arm embedded/4.8 2013q4/bin/../lib/gcc/arm-none-eabi/4.8.3/../../../../arm-none-eabi/lib/armv7-m\libc.a(lib_a-calloc.o)
 .ARM.attributes
                0x000003b4       0x2d c:/program files (x86)/gnu tools arm embedded/4.8 2013q4/bin/../lib/gcc/arm-none-eabi/4.8.3/../../../../arm-none-eabi/lib/armv7-m\libc.a(lib_a-callocr.o)
 .ARM.attributes
                0x000003e1       0x2d c:/program files (x86)/gnu tools arm embedded/4.8 2013q4/bin/../lib/gcc/arm-none-eabi/4.8.3/../../../../arm-none-eabi/lib/armv7-m\libc.a(lib_a-impure.o)
 .ARM.attributes
                0x0000040e       0x2d c:/program files (x86)/gnu tools arm embedded/4.8 2013q4/bin/../lib/gcc/arm-none-eabi/4.8.3/../../../../arm-none-eabi/lib/armv7-m\libc.a(lib_a-mallocr.o)
 .ARM.attributes
                0x0000043b       0x1b c:/program files (x86)/gnu tools arm embedded/4.8 2013q4/bin/../lib/gcc/arm-none-eabi/4.8.3/../../../../arm-none-eabi/lib/armv7-m\libc.a(lib_a-memcpy.o)
 .ARM.attributes
                0x00000456       0x2d c:/program files (x86)/gnu tools arm embedded/4.8 2013q4/bin/../lib/gcc/arm-none-eabi/4.8.3/../../../../arm-none-eabi/lib/armv7-m\libc.a(lib_a-memset.o)
 .ARM.attributes
                0x00000483       0x2d c:/program files (x86)/gnu tools arm embedded/4.8 2013q4/bin/../lib/gcc/arm-none-eabi/4.8.3/../../../../arm-none-eabi/lib/armv7-m\libc.a(lib_a-mlock.o)
 .ARM.attributes
                0x000004b0       0x2d c:/program files (x86)/gnu tools arm embedded/4.8 2013q4/bin/../lib/gcc/arm-none-eabi/4.8.3/../../../../arm-none-eabi/lib/armv7-m\libc.a(lib_a-sbrkr.o)
 .ARM.attributes
                0x000004dd       0x2d c:/program files (x86)/gnu tools arm embedded/4.8 2013q4/bin/../lib/gcc/arm-none-eabi/4.8.3/../../../../arm-none-eabi/lib/armv7-m\libc.a(lib_a-freer.o)
 .ARM.attributes
                0x0000050a       0x2d c:/program files (x86)/gnu tools arm embedded/4.8 2013q4/bin/../lib/gcc/arm-none-eabi/4.8.3/../../../../arm-none-eabi/lib/armv7-m\libc.a(lib_a-reent.o)
 .ARM.attributes
                0x00000537       0x2d c:/program files (x86)/gnu tools arm embedded/4.8 2013q4/bin/../lib/gcc/arm-none-eabi/4.8.3/../../../../arm-none-eabi/lib/armv7-m\librdimon.a(rdimon-syscalls.o)
 .ARM.attributes
                0x00000564       0x2d c:/program files (x86)/gnu tools arm embedded/4.8 2013q4/bin/../lib/gcc/arm-none-eabi/4.8.3/../../../../arm-none-eabi/lib/armv7-m\libg.a(lib_a-errno.o)
 .ARM.attributes
                0x00000591       0x2d c:/program files (x86)/gnu tools arm embedded/4.8 2013q4/bin/../lib/gcc/arm-none-eabi/4.8.3/../../../../arm-none-eabi/lib/armv7-m\libg.a(lib_a-findfp.o)
 .ARM.attributes
                0x000005be       0x2d c:/program files (x86)/gnu tools arm embedded/4.8 2013q4/bin/../lib/gcc/arm-none-eabi/4.8.3/../../../../arm-none-eabi/lib/armv7-m\libg.a(lib_a-fwalk.o)
 .ARM.attributes
                0x000005eb       0x2d c:/program files (x86)/gnu tools arm embedded/4.8 2013q4/bin/../lib/gcc/arm-none-eabi/4.8.3/../../../../arm-none-eabi/lib/armv7-m\libg.a(lib_a-stdio.o)
 .ARM.attributes
                0x00000618       0x2d c:/program files (x86)/gnu tools arm embedded/4.8 2013q4/bin/../lib/gcc/arm-none-eabi/4.8.3/../../../../arm-none-eabi/lib/armv7-m\libg.a(lib_a-strlen.o)
 .ARM.attributes
                0x00000645       0x2d c:/program files (x86)/gnu tools arm embedded/4.8 2013q4/bin/../lib/gcc/arm-none-eabi/4.8.3/../../../../arm-none-eabi/lib/armv7-m\libg.a(lib_a-writer.o)
 .ARM.attributes
                0x00000672       0x2d c:/program files (x86)/gnu tools arm embedded/4.8 2013q4/bin/../lib/gcc/arm-none-eabi/4.8.3/../../../../arm-none-eabi/lib/armv7-m\libg.a(lib_a-closer.o)
 .ARM.attributes
                0x0000069f       0x2d c:/program files (x86)/gnu tools arm embedded/4.8 2013q4/bin/../lib/gcc/arm-none-eabi/4.8.3/../../../../arm-none-eabi/lib/armv7-m\libg.a(lib_a-fclose.o)
 .ARM.attributes
                0x000006cc       0x2d c:/program files (x86)/gnu tools arm embedded/4.8 2013q4/bin/../lib/gcc/arm-none-eabi/4.8.3/../../../../arm-none-eabi/lib/armv7-m\libg.a(lib_a-fflush.o)
 .ARM.attributes
                0x000006f9       0x2d c:/program files (x86)/gnu tools arm embedded/4.8 2013q4/bin/../lib/gcc/arm-none-eabi/4.8.3/../../../../arm-none-eabi/lib/armv7-m\libg.a(lib_a-lseekr.o)
 .ARM.attributes
                0x00000726       0x2d c:/program files (x86)/gnu tools arm embedded/4.8 2013q4/bin/../lib/gcc/arm-none-eabi/4.8.3/../../../../arm-none-eabi/lib/armv7-m\libg.a(lib_a-readr.o)

.debug_frame    0x00000000     0x1000
 .debug_frame   0x00000000      0x10c ..\obj\spi.o
 .debug_frame   0x0000010c       0x4c ..\obj\converter.o
 .debug_frame   0x00000158       0x50 ..\obj\control_position_tilt.o
 .debug_frame   0x000001a8       0x68 ..\obj\main.o
 .debug_frame   0x00000210       0x4c ..\obj\communication_task.o
 .debug_frame   0x0000025c      0x140 ..\obj\uartprintf.o
 .debug_frame   0x0000039c       0x28 ..\obj\gpio.o
 .debug_frame   0x000003c4      0x12c ..\obj\schedule.o
 .debug_frame   0x000004f0       0x48 ..\obj\startup_lm3s.o
 .debug_frame   0x00000538       0x50 ..\obj\control_position_pan.o
 .debug_frame   0x00000588       0xcc ..\obj\queue.o
 .debug_frame   0x00000654       0x48 ..\obj\debug.o
 .debug_frame   0x0000069c       0x5c ..\obj\cpu.o
 .debug_frame   0x000006f8       0x50 ..\obj\control_speed_pan.o
 .debug_frame   0x00000748       0x50 ..\obj\control_speed_tilt.o
 .debug_frame   0x00000798       0x74 ..\obj\systick.o
 .debug_frame   0x0000080c       0x20 c:/program files (x86)/gnu tools arm embedded/4.8 2013q4/bin/../lib/gcc/arm-none-eabi/4.8.3/../../../../arm-none-eabi/lib/armv7-m\libc.a(lib_a-calloc.o)
 .debug_frame   0x0000082c       0x28 c:/program files (x86)/gnu tools arm embedded/4.8 2013q4/bin/../lib/gcc/arm-none-eabi/4.8.3/../../../../arm-none-eabi/lib/armv7-m\libc.a(lib_a-callocr.o)
 .debug_frame   0x00000854       0x38 c:/program files (x86)/gnu tools arm embedded/4.8 2013q4/bin/../lib/gcc/arm-none-eabi/4.8.3/../../../../arm-none-eabi/lib/armv7-m\libc.a(lib_a-mallocr.o)
 .debug_frame   0x0000088c       0x2c c:/program files (x86)/gnu tools arm embedded/4.8 2013q4/bin/../lib/gcc/arm-none-eabi/4.8.3/../../../../arm-none-eabi/lib/armv7-m\libc.a(lib_a-memset.o)
 .debug_frame   0x000008b8       0x30 c:/program files (x86)/gnu tools arm embedded/4.8 2013q4/bin/../lib/gcc/arm-none-eabi/4.8.3/../../../../arm-none-eabi/lib/armv7-m\libc.a(lib_a-mlock.o)
 .debug_frame   0x000008e8       0x2c c:/program files (x86)/gnu tools arm embedded/4.8 2013q4/bin/../lib/gcc/arm-none-eabi/4.8.3/../../../../arm-none-eabi/lib/armv7-m\libc.a(lib_a-sbrkr.o)
 .debug_frame   0x00000914       0x50 c:/program files (x86)/gnu tools arm embedded/4.8 2013q4/bin/../lib/gcc/arm-none-eabi/4.8.3/../../../../arm-none-eabi/lib/armv7-m\libc.a(lib_a-freer.o)
 .debug_frame   0x00000964       0x48 c:/program files (x86)/gnu tools arm embedded/4.8 2013q4/bin/../lib/gcc/arm-none-eabi/4.8.3/../../../../arm-none-eabi/lib/armv7-m\libc.a(lib_a-reent.o)
 .debug_frame   0x000009ac      0x2e8 c:/program files (x86)/gnu tools arm embedded/4.8 2013q4/bin/../lib/gcc/arm-none-eabi/4.8.3/../../../../arm-none-eabi/lib/armv7-m\librdimon.a(rdimon-syscalls.o)
 .debug_frame   0x00000c94       0x20 c:/program files (x86)/gnu tools arm embedded/4.8 2013q4/bin/../lib/gcc/arm-none-eabi/4.8.3/../../../../arm-none-eabi/lib/armv7-m\libg.a(lib_a-errno.o)
 .debug_frame   0x00000cb4      0x110 c:/program files (x86)/gnu tools arm embedded/4.8 2013q4/bin/../lib/gcc/arm-none-eabi/4.8.3/../../../../arm-none-eabi/lib/armv7-m\libg.a(lib_a-findfp.o)
 .debug_frame   0x00000dc4       0x54 c:/program files (x86)/gnu tools arm embedded/4.8 2013q4/bin/../lib/gcc/arm-none-eabi/4.8.3/../../../../arm-none-eabi/lib/armv7-m\libg.a(lib_a-fwalk.o)
 .debug_frame   0x00000e18       0x80 c:/program files (x86)/gnu tools arm embedded/4.8 2013q4/bin/../lib/gcc/arm-none-eabi/4.8.3/../../../../arm-none-eabi/lib/armv7-m\libg.a(lib_a-stdio.o)
 .debug_frame   0x00000e98       0x20 c:/program files (x86)/gnu tools arm embedded/4.8 2013q4/bin/../lib/gcc/arm-none-eabi/4.8.3/../../../../arm-none-eabi/lib/armv7-m\libg.a(lib_a-strlen.o)
 .debug_frame   0x00000eb8       0x2c c:/program files (x86)/gnu tools arm embedded/4.8 2013q4/bin/../lib/gcc/arm-none-eabi/4.8.3/../../../../arm-none-eabi/lib/armv7-m\libg.a(lib_a-writer.o)
 .debug_frame   0x00000ee4       0x2c c:/program files (x86)/gnu tools arm embedded/4.8 2013q4/bin/../lib/gcc/arm-none-eabi/4.8.3/../../../../arm-none-eabi/lib/armv7-m\libg.a(lib_a-closer.o)
 .debug_frame   0x00000f10       0x3c c:/program files (x86)/gnu tools arm embedded/4.8 2013q4/bin/../lib/gcc/arm-none-eabi/4.8.3/../../../../arm-none-eabi/lib/armv7-m\libg.a(lib_a-fclose.o)
 .debug_frame   0x00000f4c       0x5c c:/program files (x86)/gnu tools arm embedded/4.8 2013q4/bin/../lib/gcc/arm-none-eabi/4.8.3/../../../../arm-none-eabi/lib/armv7-m\libg.a(lib_a-fflush.o)
 .debug_frame   0x00000fa8       0x2c c:/program files (x86)/gnu tools arm embedded/4.8 2013q4/bin/../lib/gcc/arm-none-eabi/4.8.3/../../../../arm-none-eabi/lib/armv7-m\libg.a(lib_a-lseekr.o)
 .debug_frame   0x00000fd4       0x2c c:/program files (x86)/gnu tools arm embedded/4.8 2013q4/bin/../lib/gcc/arm-none-eabi/4.8.3/../../../../arm-none-eabi/lib/armv7-m\libg.a(lib_a-readr.o)
