Archive member included because of file (symbol)

c:/program files (x86)/gnu tools arm embedded/4.8 2013q4/bin/../lib/gcc/arm-none-eabi/4.8.3/armv7-m\libgcc.a(_arm_addsubdf3.o)
                              ..\obj\control_position_tilt.o (__aeabi_dadd)
c:/program files (x86)/gnu tools arm embedded/4.8 2013q4/bin/../lib/gcc/arm-none-eabi/4.8.3/armv7-m\libgcc.a(_arm_muldivdf3.o)
                              ..\obj\control_position_tilt.o (__aeabi_dmul)
c:/program files (x86)/gnu tools arm embedded/4.8 2013q4/bin/../lib/gcc/arm-none-eabi/4.8.3/armv7-m\libgcc.a(_arm_fixdfsi.o)
                              ..\obj\control_position_tilt.o (__aeabi_d2iz)

Allocating common symbols
Common symbol       size              file

QueuePositionTILT   0x1               ..\obj\control_position_tilt.o
Queue               0x28              ..\obj\spi.o
QueueUARTTX         0x4               ..\obj\spi.o
QueueUARTRX         0x4               ..\obj\spi.o
rtcs_i              0x1               ..\obj\schedule.o
QueueTiltSpeed      0x1               ..\obj\control_position_tilt.o
QueuePositionPAN    0x1               ..\obj\control_position_tilt.o
task_state          0xa               ..\obj\schedule.o
QueuePWMOutTilt     0x1               ..\obj\control_position_tilt.o
QueueSPIRX          0x1               ..\obj\spi.o
QueueSPITX          0x1               ..\obj\spi.o
task_time           0x14              ..\obj\schedule.o

Discarded input sections

 .text          0x00000000        0x0 ..\obj\spi.o
 .data          0x00000000        0x0 ..\obj\spi.o
 .bss           0x00000000        0x0 ..\obj\spi.o
 .text          0x00000000        0x0 ..\obj\control_position_tilt.o
 .text          0x00000000        0x0 ..\obj\main.o
 .data          0x00000000        0x0 ..\obj\main.o
 .bss           0x00000000        0x0 ..\obj\main.o
 .text          0x00000000        0x0 ..\obj\communication_task.o
 .data          0x00000000        0x0 ..\obj\communication_task.o
 .bss           0x00000000        0x4 ..\obj\communication_task.o
 .text          0x00000000        0x0 ..\obj\uartprintf.o
 .data          0x00000000        0x0 ..\obj\uartprintf.o
 .bss           0x00000000        0x0 ..\obj\uartprintf.o
 .text          0x00000000        0x0 ..\obj\gpio.o
 .data          0x00000000        0x0 ..\obj\gpio.o
 .bss           0x00000000        0x0 ..\obj\gpio.o
 .text          0x00000000        0x0 ..\obj\schedule.o
 .text._signal_sem
                0x00000000       0x2c ..\obj\schedule.o
 .text._clear_sem
                0x00000000       0x34 ..\obj\schedule.o
 .text._test_sem
                0x00000000       0x3c ..\obj\schedule.o
 .text._time_status
                0x00000000       0x2c ..\obj\schedule.o
 .text._stop    0x00000000       0x24 ..\obj\schedule.o
 .text          0x00000000        0x0 ..\obj\startup_lm3s.o
 .data          0x00000000        0x0 ..\obj\startup_lm3s.o
 .bss           0x00000000        0x0 ..\obj\startup_lm3s.o
 .text          0x00000000        0x0 ..\obj\control_position_pan.o
 .text          0x00000000        0x0 ..\obj\queue.o
 .data          0x00000000        0x0 ..\obj\queue.o
 .text          0x00000000        0x0 ..\obj\debug.o
 .bss           0x00000000        0x0 ..\obj\debug.o
 .text.debug_pin
                0x00000000       0x78 ..\obj\debug.o
 .text          0x00000000        0x0 ..\obj\cpu.o
 .data          0x00000000        0x0 ..\obj\cpu.o
 .bss           0x00000000        0x0 ..\obj\cpu.o
 .text          0x00000000        0x0 ..\obj\control_speed_pan.o
 .text          0x00000000        0x0 ..\obj\control_speed_tilt.o
 .text          0x00000000        0x0 ..\obj\systick.o
 .data          0x00000000        0x0 ..\obj\systick.o
 .data          0x00000000        0x0 c:/program files (x86)/gnu tools arm embedded/4.8 2013q4/bin/../lib/gcc/arm-none-eabi/4.8.3/armv7-m\libgcc.a(_arm_addsubdf3.o)
 .bss           0x00000000        0x0 c:/program files (x86)/gnu tools arm embedded/4.8 2013q4/bin/../lib/gcc/arm-none-eabi/4.8.3/armv7-m\libgcc.a(_arm_addsubdf3.o)
 .data          0x00000000        0x0 c:/program files (x86)/gnu tools arm embedded/4.8 2013q4/bin/../lib/gcc/arm-none-eabi/4.8.3/armv7-m\libgcc.a(_arm_muldivdf3.o)
 .bss           0x00000000        0x0 c:/program files (x86)/gnu tools arm embedded/4.8 2013q4/bin/../lib/gcc/arm-none-eabi/4.8.3/armv7-m\libgcc.a(_arm_muldivdf3.o)
 .data          0x00000000        0x0 c:/program files (x86)/gnu tools arm embedded/4.8 2013q4/bin/../lib/gcc/arm-none-eabi/4.8.3/armv7-m\libgcc.a(_arm_fixdfsi.o)
 .bss           0x00000000        0x0 c:/program files (x86)/gnu tools arm embedded/4.8 2013q4/bin/../lib/gcc/arm-none-eabi/4.8.3/armv7-m\libgcc.a(_arm_fixdfsi.o)

Memory Configuration

Name             Origin             Length             Attributes
rom              0x00000000         0x00040000         xr
ram              0x20000000         0x00010000         xrw
*default*        0x00000000         0xffffffff

Linker script and memory map

                0x20010000                _eram = 0x20010000

.text           0x00000000     0x2544
 *(.isr_vector)
 .isr_vector    0x00000000      0x100 ..\obj\startup_lm3s.o
                0x00000000                g_pfnVectors
 *(.text*)
 .text.spi_enable
                0x00000100       0x1c ..\obj\spi.o
                0x00000100                spi_enable
 .text.spi_disable
                0x0000011c       0x1c ..\obj\spi.o
                0x0000011c                spi_disable
 .text.spi_init
                0x00000138      0x1c8 ..\obj\spi.o
                0x00000138                spi_init
 .text.init_SPI_RX_task
                0x00000300       0x18 ..\obj\spi.o
                0x00000300                init_SPI_RX_task
 .text.init_SPI_TX_task
                0x00000318       0x18 ..\obj\spi.o
                0x00000318                init_SPI_TX_task
 .text.SPIDataReady
                0x00000330       0x40 ..\obj\spi.o
                0x00000330                SPIDataReady
 .text.SPICharGet
                0x00000370       0x18 ..\obj\spi.o
                0x00000370                SPICharGet
 .text.SPI_RX_task
                0x00000388       0x44 ..\obj\spi.o
                0x00000388                SPI_RX_task
 .text.SPI_TX_task
                0x000003cc       0x3c ..\obj\spi.o
                0x000003cc                SPI_TX_task
 .text.init_tilt_position_task
                0x00000408       0x10 ..\obj\control_position_tilt.o
                0x00000408                init_tilt_position_task
 .text.tilt_position_task
                0x00000418      0x1a0 ..\obj\control_position_tilt.o
                0x00000418                tilt_position_task
 .text.init_alive_task
                0x000005b8       0x1c ..\obj\main.o
                0x000005b8                init_alive_task
 .text.alive_task
                0x000005d4       0x20 ..\obj\main.o
                0x000005d4                alive_task
 .text.main     0x000005f4       0xa4 ..\obj\main.o
                0x000005f4                main
 .text.init_timer0
                0x00000698       0xb8 ..\obj\communication_task.o
                0x00000698                init_timer0
 .text.Timer0A_IRQHandler
                0x00000750       0x1c ..\obj\communication_task.o
                0x00000750                Timer0A_IRQHandler
 .text.init_communication_task
                0x0000076c       0x14 ..\obj\communication_task.o
                0x0000076c                init_communication_task
 .text.communication_task
                0x00000780       0xb4 ..\obj\communication_task.o
                0x00000780                communication_task
 .text.init_uart_rx_task
                0x00000834       0x10 ..\obj\uartprintf.o
                0x00000834                init_uart_rx_task
 .text.init_uart_tx_task
                0x00000844       0x18 ..\obj\uartprintf.o
                0x00000844                init_uart_tx_task
 .text.UARTDataReady
                0x0000085c       0x50 ..\obj\uartprintf.o
                0x0000085c                UARTDataReady
 .text.UARTCharGet
                0x000008ac       0x18 ..\obj\uartprintf.o
                0x000008ac                UARTCharGet
 .text.UART_RX_task
                0x000008c4       0x4c ..\obj\uartprintf.o
                0x000008c4                UART_RX_task
 .text.UART_TX_task
                0x00000910       0x40 ..\obj\uartprintf.o
                0x00000910                UART_TX_task
 .text.uartprintf_init
                0x00000950       0xc0 ..\obj\uartprintf.o
                0x00000950                uartprintf_init
 .text.UARTCharPut
                0x00000a10       0x34 ..\obj\uartprintf.o
                0x00000a10                UARTCharPut
 .text.UARTwrite
                0x00000a44       0x50 ..\obj\uartprintf.o
                0x00000a44                UARTwrite
 .text.UARTprintf
                0x00000a94      0x3f4 ..\obj\uartprintf.o
                0x00000a94                UARTprintf
 .text.gpio_init
                0x00000e88       0xb4 ..\obj\gpio.o
                0x00000e88                gpio_init
 .text._wait    0x00000f3c       0x30 ..\obj\schedule.o
                0x00000f3c                _wait
 .text._start   0x00000f6c       0x40 ..\obj\schedule.o
                0x00000f6c                _start
 .text.task_setup
                0x00000fac       0x40 ..\obj\schedule.o
                0x00000fac                task_setup
 .text.init_tasks
                0x00000fec       0x48 ..\obj\schedule.o
                0x00000fec                init_tasks
 .text.start_rtcs_scheduler
                0x00001034       0xf0 ..\obj\schedule.o
                0x00001034                start_rtcs_scheduler
 .text.Default_Reset_Handler
                0x00001124       0x5c ..\obj\startup_lm3s.o
                0x00001124                Default_Reset_Handler
                0x00001124                Reset_Handler
 .text.Default_Handler
                0x00001180        0x8 ..\obj\startup_lm3s.o
                0x00001180                DebugMon_Handler
                0x00001180                FlashCtrl_IRQHandler
                0x00001180                Timer0B_IRQHandler
                0x00001180                I2C0_IRQHandler
                0x00001180                HardFault_Handler
                0x00001180                PendSV_Handler
                0x00001180                NMI_Handler
                0x00001180                I2C1_IRQHandler
                0x00001180                PWMGen0_IRQHandler
                0x00001180                UART1_IRQHandler
                0x00001180                CAN1_IRQHandler
                0x00001180                Timer1B_IRQHandler
                0x00001180                Watchdog_IRQHandler
                0x00001180                UART0_IRQHandler
                0x00001180                SSI0_IRQHandler
                0x00001180                UsageFault_Handler
                0x00001180                ADCSeq1_IRQHandler
                0x00001180                PWMFault_IRQHandler
                0x00001180                PWMGen1_IRQHandler
                0x00001180                SSI1_IRQHandler
                0x00001180                uDMA_IRQHandler
                0x00001180                GPIOPortC_IRQHandler
                0x00001180                ADCSeq2_IRQHandler
                0x00001180                PWMGen2_IRQHandler
                0x00001180                UART2_IRQHandler
                0x00001180                uDMAErr_IRQHandler
                0x00001180                QEI1_IRQHandler
                0x00001180                QEI0_IRQHandler
                0x00001180                PWMGen3_IRQHandler
                0x00001180                GPIOPortD_IRQHandler
                0x00001180                USB0_IRQHandler
                0x00001180                MemManage_Handler
                0x00001180                Ethernet_IRQHandler
                0x00001180                SVC_Handler
                0x00001180                Timer3B_IRQHandler
                0x00001180                Timer3A_IRQHandler
                0x00001180                GPIOPortA_IRQHandler
                0x00001180                ADCSeq0_IRQHandler
                0x00001180                Timer1A_IRQHandler
                0x00001180                GPIOPortG_IRQHandler
                0x00001180                ADCSeq3_IRQHandler
                0x00001180                GPIOPortE_IRQHandler
                0x00001180                CAN0_IRQHandler
                0x00001180                Comp0_IRQHandler
                0x00001180                Comp1_IRQHandler
                0x00001180                Comp2_IRQHandler
                0x00001180                GPIOPortF_IRQHandler
                0x00001180                GPIOPortB_IRQHandler
                0x00001180                CAN2_IRQHandler
                0x00001180                GPIOPortH_IRQHandler
                0x00001180                BusFault_Handler
                0x00001180                Timer2A_IRQHandler
                0x00001180                Timer2B_IRQHandler
                0x00001180                SysCtrl_IRQHandler
                0x00001180                Hibernate_IRQHandler
 .text.init_pan_position_task
                0x00001188       0x10 ..\obj\control_position_pan.o
                0x00001188                init_pan_position_task
 .text.pan_position_task
                0x00001198      0x1a0 ..\obj\control_position_pan.o
                0x00001198                pan_position_task
 .text.CreateQueueHandle
                0x00001338       0x30 ..\obj\queue.o
                0x00001338                CreateQueueHandle
 .text.QueueSend
                0x00001368       0x48 ..\obj\queue.o
                0x00001368                QueueSend
 .text.QueuePeek
                0x000013b0       0x40 ..\obj\queue.o
                0x000013b0                QueuePeek
 .text.QueueOverwrite
                0x000013f0       0x38 ..\obj\queue.o
                0x000013f0                QueueOverwrite
 .text.QueueEmpty
                0x00001428       0x34 ..\obj\queue.o
                0x00001428                QueueEmpty
 .text.QueueReceive
                0x0000145c       0x4c ..\obj\queue.o
                0x0000145c                QueueReceive
 .text.debug_pin_red
                0x000014a8       0x78 ..\obj\debug.o
                0x000014a8                debug_pin_red
 .text.clk_system_init
                0x00001520       0xe4 ..\obj\cpu.o
                0x00001520                clk_system_init
 .text.enable_global_int
                0x00001604       0x10 ..\obj\cpu.o
                0x00001604                enable_global_int
 .text.disable_global_int
                0x00001614       0x10 ..\obj\cpu.o
                0x00001614                disable_global_int
 .text.init_pan_speed_task
                0x00001624       0x10 ..\obj\control_speed_pan.o
                0x00001624                init_pan_speed_task
 *fill*         0x00001634        0x4 
 .text.pan_speed_task
                0x00001638      0x2e0 ..\obj\control_speed_pan.o
                0x00001638                pan_speed_task
 .text.init_tilt_speed_task
                0x00001918       0x10 ..\obj\control_speed_tilt.o
                0x00001918                init_tilt_speed_task
 .text.tilt_speed_task
                0x00001928      0x2e0 ..\obj\control_speed_tilt.o
                0x00001928                tilt_speed_task
 .text.SysTick_Handler
                0x00001c08       0x1c ..\obj\systick.o
                0x00001c08                SysTick_Handler
 .text.systick_init
                0x00001c24       0x84 ..\obj\systick.o
                0x00001c24                systick_init
 .text.systick_get
                0x00001ca8       0x28 ..\obj\systick.o
                0x00001ca8                systick_get
 .text.systick_decrement
                0x00001cd0       0x20 ..\obj\systick.o
                0x00001cd0                systick_decrement
 .text          0x00001cf0      0x370 c:/program files (x86)/gnu tools arm embedded/4.8 2013q4/bin/../lib/gcc/arm-none-eabi/4.8.3/armv7-m\libgcc.a(_arm_addsubdf3.o)
                0x00001cf0                __aeabi_drsub
                0x00001cf8                __aeabi_dsub
                0x00001cf8                __subdf3
                0x00001cfc                __aeabi_dadd
                0x00001cfc                __adddf3
                0x00001f74                __floatunsidf
                0x00001f74                __aeabi_ui2d
                0x00001f94                __floatsidf
                0x00001f94                __aeabi_i2d
                0x00001fb8                __aeabi_f2d
                0x00001fb8                __extendsfdf2
                0x00001ff4                __floatundidf
                0x00001ff4                __aeabi_ul2d
                0x00002004                __floatdidf
                0x00002004                __aeabi_l2d
 .text          0x00002060      0x424 c:/program files (x86)/gnu tools arm embedded/4.8 2013q4/bin/../lib/gcc/arm-none-eabi/4.8.3/armv7-m\libgcc.a(_arm_muldivdf3.o)
                0x00002060                __aeabi_dmul
                0x00002060                __muldf3
                0x000022b4                __divdf3
                0x000022b4                __aeabi_ddiv
 .text          0x00002484       0x50 c:/program files (x86)/gnu tools arm embedded/4.8 2013q4/bin/../lib/gcc/arm-none-eabi/4.8.3/armv7-m\libgcc.a(_arm_fixdfsi.o)
                0x00002484                __aeabi_d2iz
                0x00002484                __fixdfsi
 *(.init)
 *(.fini)
 *crtbegin.o(.ctors)
 *crtbegin?.o(.ctors)
 *(EXCLUDE_FILE(*crtend.o *crtend?.o) .ctors)
 *(SORT(.ctors.*))
 *(.ctors)
 *crtbegin.o(.dtors)
 *crtbegin?.o(.dtors)
 *(EXCLUDE_FILE(*crtend.o *crtend?.o) .dtors)
 *(SORT(.dtors.*))
 *(.dtors)
 *(.rodata*)
 .rodata        0x000024d4       0x28 ..\obj\spi.o
 .rodata        0x000024fc       0x10 ..\obj\main.o
 .rodata        0x0000250c       0x38 ..\obj\uartprintf.o
 *(.eh_fram e*)

.glue_7         0x00002544        0x0
 .glue_7        0x00000000        0x0 linker stubs

.glue_7t        0x00002544        0x0
 .glue_7t       0x00000000        0x0 linker stubs

.vfp11_veneer   0x00002544        0x0
 .vfp11_veneer  0x00000000        0x0 linker stubs

.v4_bx          0x00002544        0x0
 .v4_bx         0x00000000        0x0 linker stubs

.iplt           0x00002544        0x0
 .iplt          0x00000000        0x0 ..\obj\spi.o

.rel.dyn        0x00002544        0x0
 .rel.iplt      0x00000000        0x0 ..\obj\spi.o

.ARM.extab
 *(.ARM.extab* .gnu.linkonce.armextab.*)
                0x00002544                __exidx_start = .

.ARM.exidx
 *(.ARM.exidx* .gnu.linkonce.armexidx.*)
                0x00002544                __exidx_end = .
                0x00002544                __etext = .
                0x00002544                _sidata = __etext

.data           0x20000000       0x60 load address 0x00002544
                0x20000000                __data_start__ = .
                0x20000000                _sdata = __data_start__
 *(vtable)
 *(.data*)
 .data          0x20000000        0x2 ..\obj\control_position_tilt.o
 *fill*         0x20000002        0x2 
 .data          0x20000004       0x50 ..\obj\schedule.o
                0x20000004                init_task
                0x2000002c                task
 .data          0x20000054        0x2 ..\obj\control_position_pan.o
 .data          0x20000056        0x2 ..\obj\debug.o
 .data          0x20000058        0x4 ..\obj\control_speed_pan.o
 .data          0x2000005c        0x4 ..\obj\control_speed_tilt.o
                0x20000060                . = ALIGN (0x4)
                0x20000060                PROVIDE (__preinit_array_start, .)
 *(.preinit_array)
                0x20000060                PROVIDE (__preinit_array_end, .)
                0x20000060                . = ALIGN (0x4)
                0x20000060                PROVIDE (__init_array_start, .)
 *(SORT(.init_array.*))
 *(.init_array)
                0x20000060                PROVIDE (__init_array_end, .)
                0x20000060                . = ALIGN (0x4)
                0x20000060                PROVIDE (__fini_array_start, .)
 *(SORT(.fini_array.*))
 *(.fini_array)
                0x20000060                PROVIDE (__fini_array_end, .)
 *(.jcr*)
                0x20000060                . = ALIGN (0x4)
                0x20000060                __data_end__ = .
                0x20000060                _edata = __data_end__

.igot.plt       0x20000060        0x0 load address 0x000025a4
 .igot.plt      0x00000000        0x0 ..\obj\spi.o

.bss            0x20000060       0xa0 load address 0x000025a4
                0x20000060                . = ALIGN (0x4)
                0x20000060                __bss_start__ = .
                0x20000060                _sbss = __bss_start__
 *(.bss*)
 .bss           0x20000060        0xc ..\obj\control_position_tilt.o
 .bss           0x2000006c        0x4 ..\obj\schedule.o
                0x2000006c                semaphores
                0x2000006e                current_task
 .bss           0x20000070        0xc ..\obj\control_position_pan.o
 .bss           0x2000007c        0x1 ..\obj\queue.o
 *fill*         0x2000007d        0x3 
 .bss           0x20000080       0x10 ..\obj\control_speed_pan.o
 .bss           0x20000090       0x10 ..\obj\control_speed_tilt.o
 .bss           0x200000a0        0x1 ..\obj\systick.o
                0x200000a0                tick
 *(COMMON)
 *fill*         0x200000a1        0x3 
 COMMON         0x200000a4       0x32 ..\obj\spi.o
                0x200000a4                Queue
                0x200000cc                QueueUARTTX
                0x200000d0                QueueUARTRX
                0x200000d4                QueueSPIRX
                0x200000d5                QueueSPITX
 COMMON         0x200000d6        0x4 ..\obj\control_position_tilt.o
                0x200000d6                QueuePositionTILT
                0x200000d7                QueueTiltSpeed
                0x200000d8                QueuePositionPAN
                0x200000d9                QueuePWMOutTilt
 *fill*         0x200000da        0x2 
 COMMON         0x200000dc       0x24 ..\obj\schedule.o
                0x200000dc                rtcs_i
                0x200000e0                task_state
                0x200000ec                task_time
                0x20000100                . = ALIGN (0x4)
                0x20000100                __bss_end__ = .
                0x20000100                _ebss = __bss_end__

.heap           0x20000100        0x0
                0x20000100                __end__ = .
                0x20000100                _end = __end__
                0x20000100                end = __end__
 *(.heap*)
                0x20000100                __HeapLimit = .

.co_stack       0x20000100      0x400 load address 0x00002644
                0x20000100                . = ALIGN (0x8)
 *(.co_stack .co_stack.*)
 .co_stack      0x20000100      0x400 ..\obj\startup_lm3s.o
                0x20000100                pulStack
                0x20010000                __StackTop = (ORIGIN (ram) + 0x10000)
                0x2000fc00                __StackLimit = (__StackTop - SIZEOF (.co_stack))
                0x20010000                PROVIDE (__stack, __StackTop)
                0x00000001                ASSERT ((__StackLimit >= __HeapLimit), region ram  overflowed with stack)
LOAD ..\obj\spi.o
LOAD ..\obj\control_position_tilt.o
LOAD ..\obj\main.o
LOAD ..\obj\communication_task.o
LOAD ..\obj\uartprintf.o
LOAD ..\obj\gpio.o
LOAD ..\obj\schedule.o
LOAD ..\obj\startup_lm3s.o
LOAD ..\obj\control_position_pan.o
LOAD ..\obj\queue.o
LOAD ..\obj\debug.o
LOAD ..\obj\cpu.o
LOAD ..\obj\control_speed_pan.o
LOAD ..\obj\control_speed_tilt.o
LOAD ..\obj\systick.o
LOAD c:/program files (x86)/gnu tools arm embedded/4.8 2013q4/bin/../lib/gcc/arm-none-eabi/4.8.3/../../../../arm-none-eabi/lib/armv7-m\libm.a
LOAD c:/program files (x86)/gnu tools arm embedded/4.8 2013q4/bin/../lib/gcc/arm-none-eabi/4.8.3/armv7-m\libgcc.a
LOAD c:/program files (x86)/gnu tools arm embedded/4.8 2013q4/bin/../lib/gcc/arm-none-eabi/4.8.3/../../../../arm-none-eabi/lib/armv7-m\libc.a
LOAD c:/program files (x86)/gnu tools arm embedded/4.8 2013q4/bin/../lib/gcc/arm-none-eabi/4.8.3/../../../../arm-none-eabi/lib/armv7-m\librdimon.a
START GROUP
LOAD c:/program files (x86)/gnu tools arm embedded/4.8 2013q4/bin/../lib/gcc/arm-none-eabi/4.8.3/armv7-m\libgcc.a
LOAD c:/program files (x86)/gnu tools arm embedded/4.8 2013q4/bin/../lib/gcc/arm-none-eabi/4.8.3/../../../../arm-none-eabi/lib/armv7-m\libg.a
LOAD c:/program files (x86)/gnu tools arm embedded/4.8 2013q4/bin/../lib/gcc/arm-none-eabi/4.8.3/../../../../arm-none-eabi/lib/armv7-m\libc.a
END GROUP
OUTPUT(SemProjekt_RTCS.elf elf32-littlearm)

.debug_info     0x00000000     0x1c70
 .debug_info    0x00000000      0x229 ..\obj\spi.o
 .debug_info    0x00000229      0x236 ..\obj\control_position_tilt.o
 .debug_info    0x0000045f      0x1bb ..\obj\main.o
 .debug_info    0x0000061a      0x1e5 ..\obj\communication_task.o
 .debug_info    0x000007ff      0x397 ..\obj\uartprintf.o
 .debug_info    0x00000b96       0x79 ..\obj\gpio.o
 .debug_info    0x00000c0f      0x304 ..\obj\schedule.o
 .debug_info    0x00000f13       0xe9 ..\obj\startup_lm3s.o
 .debug_info    0x00000ffc      0x236 ..\obj\control_position_pan.o
 .debug_info    0x00001232      0x25f ..\obj\queue.o
 .debug_info    0x00001491       0xd9 ..\obj\debug.o
 .debug_info    0x0000156a       0xb9 ..\obj\cpu.o
 .debug_info    0x00001623      0x2b7 ..\obj\control_speed_pan.o
 .debug_info    0x000018da      0x2b7 ..\obj\control_speed_tilt.o
 .debug_info    0x00001b91       0xdf ..\obj\systick.o

.debug_abbrev   0x00000000      0xcca
 .debug_abbrev  0x00000000      0x139 ..\obj\spi.o
 .debug_abbrev  0x00000139       0xd5 ..\obj\control_position_tilt.o
 .debug_abbrev  0x0000020e       0xcf ..\obj\main.o
 .debug_abbrev  0x000002dd       0xde ..\obj\communication_task.o
 .debug_abbrev  0x000003bb      0x1c7 ..\obj\uartprintf.o
 .debug_abbrev  0x00000582       0x33 ..\obj\gpio.o
 .debug_abbrev  0x000005b5      0x156 ..\obj\schedule.o
 .debug_abbrev  0x0000070b       0xa7 ..\obj\startup_lm3s.o
 .debug_abbrev  0x000007b2       0xd5 ..\obj\control_position_pan.o
 .debug_abbrev  0x00000887       0xfc ..\obj\queue.o
 .debug_abbrev  0x00000983       0x7a ..\obj\debug.o
 .debug_abbrev  0x000009fd       0x67 ..\obj\cpu.o
 .debug_abbrev  0x00000a64       0xf4 ..\obj\control_speed_pan.o
 .debug_abbrev  0x00000b58       0xf4 ..\obj\control_speed_tilt.o
 .debug_abbrev  0x00000c4c       0x7e ..\obj\systick.o

.debug_aranges  0x00000000      0x358
 .debug_aranges
                0x00000000       0x60 ..\obj\spi.o
 .debug_aranges
                0x00000060       0x28 ..\obj\control_position_tilt.o
 .debug_aranges
                0x00000088       0x30 ..\obj\main.o
 .debug_aranges
                0x000000b8       0x38 ..\obj\communication_task.o
 .debug_aranges
                0x000000f0       0x68 ..\obj\uartprintf.o
 .debug_aranges
                0x00000158       0x20 ..\obj\gpio.o
 .debug_aranges
                0x00000178       0x68 ..\obj\schedule.o
 .debug_aranges
                0x000001e0       0x28 ..\obj\startup_lm3s.o
 .debug_aranges
                0x00000208       0x28 ..\obj\control_position_pan.o
 .debug_aranges
                0x00000230       0x48 ..\obj\queue.o
 .debug_aranges
                0x00000278       0x28 ..\obj\debug.o
 .debug_aranges
                0x000002a0       0x30 ..\obj\cpu.o
 .debug_aranges
                0x000002d0       0x28 ..\obj\control_speed_pan.o
 .debug_aranges
                0x000002f8       0x28 ..\obj\control_speed_tilt.o
 .debug_aranges
                0x00000320       0x38 ..\obj\systick.o

.debug_ranges   0x00000000      0x268
 .debug_ranges  0x00000000       0x50 ..\obj\spi.o
 .debug_ranges  0x00000050       0x18 ..\obj\control_position_tilt.o
 .debug_ranges  0x00000068       0x20 ..\obj\main.o
 .debug_ranges  0x00000088       0x28 ..\obj\communication_task.o
 .debug_ranges  0x000000b0       0x58 ..\obj\uartprintf.o
 .debug_ranges  0x00000108       0x10 ..\obj\gpio.o
 .debug_ranges  0x00000118       0x58 ..\obj\schedule.o
 .debug_ranges  0x00000170       0x18 ..\obj\startup_lm3s.o
 .debug_ranges  0x00000188       0x18 ..\obj\control_position_pan.o
 .debug_ranges  0x000001a0       0x38 ..\obj\queue.o
 .debug_ranges  0x000001d8       0x18 ..\obj\debug.o
 .debug_ranges  0x000001f0       0x20 ..\obj\cpu.o
 .debug_ranges  0x00000210       0x18 ..\obj\control_speed_pan.o
 .debug_ranges  0x00000228       0x18 ..\obj\control_speed_tilt.o
 .debug_ranges  0x00000240       0x28 ..\obj\systick.o

.debug_line     0x00000000     0x1728
 .debug_line    0x00000000      0x1df ..\obj\spi.o
 .debug_line    0x000001df      0x1ee ..\obj\control_position_tilt.o
 .debug_line    0x000003cd      0x221 ..\obj\main.o
 .debug_line    0x000005ee      0x1c0 ..\obj\communication_task.o
 .debug_line    0x000007ae      0x2fc ..\obj\uartprintf.o
 .debug_line    0x00000aaa       0x6e ..\obj\gpio.o
 .debug_line    0x00000b18      0x1a4 ..\obj\schedule.o
 .debug_line    0x00000cbc       0x92 ..\obj\startup_lm3s.o
 .debug_line    0x00000d4e      0x1ec ..\obj\control_position_pan.o
 .debug_line    0x00000f3a      0x143 ..\obj\queue.o
 .debug_line    0x0000107d       0xb6 ..\obj\debug.o
 .debug_line    0x00001133       0xf8 ..\obj\cpu.o
 .debug_line    0x0000122b      0x211 ..\obj\control_speed_pan.o
 .debug_line    0x0000143c      0x212 ..\obj\control_speed_tilt.o
 .debug_line    0x0000164e       0xda ..\obj\systick.o

.debug_str      0x00000000      0xabf
 .debug_str     0x00000000      0x1ee ..\obj\spi.o
                                0x24a (size before relaxing)
 .debug_str     0x000001ee      0x100 ..\obj\control_position_tilt.o
                                0x28c (size before relaxing)
 .debug_str     0x000002ee       0x4f ..\obj\main.o
                                0x20f (size before relaxing)
 .debug_str     0x0000033d       0xae ..\obj\communication_task.o
                                0x267 (size before relaxing)
 .debug_str     0x000003eb      0x1a1 ..\obj\uartprintf.o
                                0x332 (size before relaxing)
 .debug_str     0x0000058c       0x35 ..\obj\gpio.o
                                0x13f (size before relaxing)
 .debug_str     0x000005c1      0x126 ..\obj\schedule.o
                                0x24d (size before relaxing)
 .debug_str     0x000006e7       0xa1 ..\obj\startup_lm3s.o
                                0x138 (size before relaxing)
 .debug_str     0x00000788       0x65 ..\obj\control_position_pan.o
                                0x289 (size before relaxing)
 .debug_str     0x000007ed       0x99 ..\obj\queue.o
                                0x209 (size before relaxing)
 .debug_str     0x00000886       0x61 ..\obj\debug.o
                                0x17b (size before relaxing)
 .debug_str     0x000008e7       0x6f ..\obj\cpu.o
                                0x175 (size before relaxing)
 .debug_str     0x00000956       0x8d ..\obj\control_speed_pan.o
                                0x2c3 (size before relaxing)
 .debug_str     0x000009e3       0x61 ..\obj\control_speed_tilt.o
                                0x2c6 (size before relaxing)
 .debug_str     0x00000a44       0x7b ..\obj\systick.o
                                0x18e (size before relaxing)

.comment        0x00000000       0x70
 .comment       0x00000000       0x70 ..\obj\spi.o
                                 0x71 (size before relaxing)
 .comment       0x00000000       0x71 ..\obj\control_position_tilt.o
 .comment       0x00000000       0x71 ..\obj\main.o
 .comment       0x00000000       0x71 ..\obj\communication_task.o
 .comment       0x00000000       0x71 ..\obj\uartprintf.o
 .comment       0x00000000       0x71 ..\obj\gpio.o
 .comment       0x00000000       0x71 ..\obj\schedule.o
 .comment       0x00000000       0x71 ..\obj\startup_lm3s.o
 .comment       0x00000000       0x71 ..\obj\control_position_pan.o
 .comment       0x00000000       0x71 ..\obj\queue.o
 .comment       0x00000000       0x71 ..\obj\debug.o
 .comment       0x00000000       0x71 ..\obj\cpu.o
 .comment       0x00000000       0x71 ..\obj\control_speed_pan.o
 .comment       0x00000000       0x71 ..\obj\control_speed_tilt.o
 .comment       0x00000000       0x71 ..\obj\systick.o

.ARM.attributes
                0x00000000       0x33
 .ARM.attributes
                0x00000000       0x33 ..\obj\spi.o
 .ARM.attributes
                0x00000033       0x33 ..\obj\control_position_tilt.o
 .ARM.attributes
                0x00000066       0x33 ..\obj\main.o
 .ARM.attributes
                0x00000099       0x33 ..\obj\communication_task.o
 .ARM.attributes
                0x000000cc       0x33 ..\obj\uartprintf.o
 .ARM.attributes
                0x000000ff       0x33 ..\obj\gpio.o
 .ARM.attributes
                0x00000132       0x33 ..\obj\schedule.o
 .ARM.attributes
                0x00000165       0x33 ..\obj\startup_lm3s.o
 .ARM.attributes
                0x00000198       0x33 ..\obj\control_position_pan.o
 .ARM.attributes
                0x000001cb       0x33 ..\obj\queue.o
 .ARM.attributes
                0x000001fe       0x33 ..\obj\debug.o
 .ARM.attributes
                0x00000231       0x33 ..\obj\cpu.o
 .ARM.attributes
                0x00000264       0x33 ..\obj\control_speed_pan.o
 .ARM.attributes
                0x00000297       0x33 ..\obj\control_speed_tilt.o
 .ARM.attributes
                0x000002ca       0x33 ..\obj\systick.o
 .ARM.attributes
                0x000002fd       0x1d c:/program files (x86)/gnu tools arm embedded/4.8 2013q4/bin/../lib/gcc/arm-none-eabi/4.8.3/armv7-m\libgcc.a(_arm_addsubdf3.o)
 .ARM.attributes
                0x0000031a       0x1d c:/program files (x86)/gnu tools arm embedded/4.8 2013q4/bin/../lib/gcc/arm-none-eabi/4.8.3/armv7-m\libgcc.a(_arm_muldivdf3.o)
 .ARM.attributes
                0x00000337       0x1d c:/program files (x86)/gnu tools arm embedded/4.8 2013q4/bin/../lib/gcc/arm-none-eabi/4.8.3/armv7-m\libgcc.a(_arm_fixdfsi.o)

.debug_frame    0x00000000      0x7dc
 .debug_frame   0x00000000      0x10c ..\obj\spi.o
 .debug_frame   0x0000010c       0x50 ..\obj\control_position_tilt.o
 .debug_frame   0x0000015c       0x64 ..\obj\main.o
 .debug_frame   0x000001c0       0x80 ..\obj\communication_task.o
 .debug_frame   0x00000240      0x13c ..\obj\uartprintf.o
 .debug_frame   0x0000037c       0x28 ..\obj\gpio.o
 .debug_frame   0x000003a4      0x12c ..\obj\schedule.o
 .debug_frame   0x000004d0       0x48 ..\obj\startup_lm3s.o
 .debug_frame   0x00000518       0x50 ..\obj\control_position_pan.o
 .debug_frame   0x00000568       0xb4 ..\obj\queue.o
 .debug_frame   0x0000061c       0x48 ..\obj\debug.o
 .debug_frame   0x00000664       0x5c ..\obj\cpu.o
 .debug_frame   0x000006c0       0x54 ..\obj\control_speed_pan.o
 .debug_frame   0x00000714       0x54 ..\obj\control_speed_tilt.o
 .debug_frame   0x00000768       0x74 ..\obj\systick.o
