Archive member included because of file (symbol)

c:/program files (x86)/gnu tools arm embedded/4.8 2013q4/bin/../lib/gcc/arm-none-eabi/4.8.3/armv7-m\libgcc.a(_arm_addsubdf3.o)
                              ..\obj\control_position_tilt.o (__aeabi_dadd)
c:/program files (x86)/gnu tools arm embedded/4.8 2013q4/bin/../lib/gcc/arm-none-eabi/4.8.3/armv7-m\libgcc.a(_arm_muldivdf3.o)
                              ..\obj\control_position_tilt.o (__aeabi_dmul)
c:/program files (x86)/gnu tools arm embedded/4.8 2013q4/bin/../lib/gcc/arm-none-eabi/4.8.3/armv7-m\libgcc.a(_arm_fixdfsi.o)
                              ..\obj\control_position_tilt.o (__aeabi_d2iz)

Allocating common symbols
Common symbol       size              file

Queue               0x3c              ..\obj\spi.o
QueuePositionTilt   0x1               ..\obj\converter.o
QueueGoToPositionPan
                    0x1               ..\obj\converter.o
QueuePositionPan    0x1               ..\obj\converter.o
QueuePWMOutPan      0x1               ..\obj\converter.o
QueueUARTTX         0x1               ..\obj\spi.o
QueueGoToPositionTilt
                    0x1               ..\obj\converter.o
QueueUARTRX         0x1               ..\obj\spi.o
rtcs_i              0x1               ..\obj\schedule.o
QueueTiltSpeed      0x1               ..\obj\control_position_tilt.o
QueuePanSpeed       0x1               ..\obj\main.o
task_state          0xb               ..\obj\schedule.o
QueuePWMOutTilt     0x1               ..\obj\converter.o
QueueSPIRX          0x1               ..\obj\spi.o
QueueSPITX          0x1               ..\obj\spi.o
task_time           0x16              ..\obj\schedule.o

Discarded input sections

 .text          0x00000000        0x0 ..\obj\spi.o
 .data          0x00000000        0x0 ..\obj\spi.o
 .bss           0x00000000        0x0 ..\obj\spi.o
 .text          0x00000000        0x0 ..\obj\converter.o
 .text          0x00000000        0x0 ..\obj\control_position_tilt.o
 .text          0x00000000        0x0 ..\obj\main.o
 .data          0x00000000        0x0 ..\obj\main.o
 .bss           0x00000000        0x0 ..\obj\main.o
 .text          0x00000000        0x0 ..\obj\communication_task.o
 .data          0x00000000        0x0 ..\obj\communication_task.o
 .bss           0x00000000        0x0 ..\obj\communication_task.o
 .text          0x00000000        0x0 ..\obj\uartprintf.o
 .data          0x00000000        0x0 ..\obj\uartprintf.o
 .bss           0x00000000        0x0 ..\obj\uartprintf.o
 .text          0x00000000        0x0 ..\obj\gpio.o
 .data          0x00000000        0x0 ..\obj\gpio.o
 .bss           0x00000000        0x0 ..\obj\gpio.o
 .text          0x00000000        0x0 ..\obj\schedule.o
 .text._signal_sem
                0x00000000       0x2c ..\obj\schedule.o
 .text._clear_sem
                0x00000000       0x34 ..\obj\schedule.o
 .text._test_sem
                0x00000000       0x3c ..\obj\schedule.o
 .text._time_status
                0x00000000       0x2c ..\obj\schedule.o
 .text._stop    0x00000000       0x24 ..\obj\schedule.o
 .text          0x00000000        0x0 ..\obj\startup_lm3s.o
 .data          0x00000000        0x0 ..\obj\startup_lm3s.o
 .bss           0x00000000        0x0 ..\obj\startup_lm3s.o
 .text          0x00000000        0x0 ..\obj\control_position_pan.o
 .text          0x00000000        0x0 ..\obj\queue.o
 .data          0x00000000        0x0 ..\obj\queue.o
 .text          0x00000000        0x0 ..\obj\debug.o
 .bss           0x00000000        0x0 ..\obj\debug.o
 .text.debug_pin
                0x00000000       0x78 ..\obj\debug.o
 .text          0x00000000        0x0 ..\obj\cpu.o
 .data          0x00000000        0x0 ..\obj\cpu.o
 .bss           0x00000000        0x0 ..\obj\cpu.o
 .text          0x00000000        0x0 ..\obj\control_speed_pan.o
 .text          0x00000000        0x0 ..\obj\control_speed_tilt.o
 .text          0x00000000        0x0 ..\obj\systick.o
 .data          0x00000000        0x0 ..\obj\systick.o
 .data          0x00000000        0x0 c:/program files (x86)/gnu tools arm embedded/4.8 2013q4/bin/../lib/gcc/arm-none-eabi/4.8.3/armv7-m\libgcc.a(_arm_addsubdf3.o)
 .bss           0x00000000        0x0 c:/program files (x86)/gnu tools arm embedded/4.8 2013q4/bin/../lib/gcc/arm-none-eabi/4.8.3/armv7-m\libgcc.a(_arm_addsubdf3.o)
 .data          0x00000000        0x0 c:/program files (x86)/gnu tools arm embedded/4.8 2013q4/bin/../lib/gcc/arm-none-eabi/4.8.3/armv7-m\libgcc.a(_arm_muldivdf3.o)
 .bss           0x00000000        0x0 c:/program files (x86)/gnu tools arm embedded/4.8 2013q4/bin/../lib/gcc/arm-none-eabi/4.8.3/armv7-m\libgcc.a(_arm_muldivdf3.o)
 .data          0x00000000        0x0 c:/program files (x86)/gnu tools arm embedded/4.8 2013q4/bin/../lib/gcc/arm-none-eabi/4.8.3/armv7-m\libgcc.a(_arm_fixdfsi.o)
 .bss           0x00000000        0x0 c:/program files (x86)/gnu tools arm embedded/4.8 2013q4/bin/../lib/gcc/arm-none-eabi/4.8.3/armv7-m\libgcc.a(_arm_fixdfsi.o)

Memory Configuration

Name             Origin             Length             Attributes
rom              0x00000000         0x00040000         xr
ram              0x20000000         0x00010000         xrw
*default*        0x00000000         0xffffffff

Linker script and memory map

                0x20010000                _eram = 0x20010000

.text           0x00000000     0x28c8
 *(.isr_vector)
 .isr_vector    0x00000000      0x100 ..\obj\startup_lm3s.o
                0x00000000                g_pfnVectors
 *(.text*)
 .text.spi_enable
                0x00000100       0x1c ..\obj\spi.o
                0x00000100                spi_enable
 .text.spi_disable
                0x0000011c       0x1c ..\obj\spi.o
                0x0000011c                spi_disable
 .text.spi_init
                0x00000138      0x1c8 ..\obj\spi.o
                0x00000138                spi_init
 .text.init_SPI_RX_task
                0x00000300       0x18 ..\obj\spi.o
                0x00000300                init_SPI_RX_task
 .text.init_SPI_TX_task
                0x00000318       0x18 ..\obj\spi.o
                0x00000318                init_SPI_TX_task
 .text.SPIDataReady
                0x00000330       0x40 ..\obj\spi.o
                0x00000330                SPIDataReady
 .text.SPICharGet
                0x00000370       0x18 ..\obj\spi.o
                0x00000370                SPICharGet
 .text.SPI_RX_task
                0x00000388       0x44 ..\obj\spi.o
                0x00000388                SPI_RX_task
 .text.SPI_TX_task
                0x000003cc       0x3c ..\obj\spi.o
                0x000003cc                SPI_TX_task
 .text.init_converter_task
                0x00000408       0x10 ..\obj\converter.o
                0x00000408                init_converter_task
 .text.converter_task
                0x00000418      0x3c8 ..\obj\converter.o
                0x00000418                converter_task
 .text.init_tilt_position_task
                0x000007e0       0x10 ..\obj\control_position_tilt.o
                0x000007e0                init_tilt_position_task
 .text.tilt_position_task
                0x000007f0      0x20c ..\obj\control_position_tilt.o
                0x000007f0                tilt_position_task
 .text.init_alive_task
                0x000009fc       0x1c ..\obj\main.o
                0x000009fc                init_alive_task
 .text.alive_task
                0x00000a18       0x20 ..\obj\main.o
                0x00000a18                alive_task
 .text.main     0x00000a38       0xe4 ..\obj\main.o
                0x00000a38                main
 .text.init_communication_task
                0x00000b1c       0x10 ..\obj\communication_task.o
                0x00000b1c                init_communication_task
 .text.communication_task
                0x00000b2c       0xe8 ..\obj\communication_task.o
                0x00000b2c                communication_task
 .text.init_uart_rx_task
                0x00000c14       0x10 ..\obj\uartprintf.o
                0x00000c14                init_uart_rx_task
 .text.init_uart_tx_task
                0x00000c24       0x18 ..\obj\uartprintf.o
                0x00000c24                init_uart_tx_task
 .text.UARTDataReady
                0x00000c3c       0x50 ..\obj\uartprintf.o
                0x00000c3c                UARTDataReady
 .text.UARTCharGet
                0x00000c8c       0x18 ..\obj\uartprintf.o
                0x00000c8c                UARTCharGet
 .text.UART_RX_task
                0x00000ca4       0x48 ..\obj\uartprintf.o
                0x00000ca4                UART_RX_task
 .text.UART_TX_task
                0x00000cec       0x3c ..\obj\uartprintf.o
                0x00000cec                UART_TX_task
 .text.uartprintf_init
                0x00000d28       0xc0 ..\obj\uartprintf.o
                0x00000d28                uartprintf_init
 .text.UARTCharPut
                0x00000de8       0x34 ..\obj\uartprintf.o
                0x00000de8                UARTCharPut
 .text.UARTwrite
                0x00000e1c       0x50 ..\obj\uartprintf.o
                0x00000e1c                UARTwrite
 .text.UARTprintf
                0x00000e6c      0x3f4 ..\obj\uartprintf.o
                0x00000e6c                UARTprintf
 .text.gpio_init
                0x00001260       0xb4 ..\obj\gpio.o
                0x00001260                gpio_init
 .text._wait    0x00001314       0x30 ..\obj\schedule.o
                0x00001314                _wait
 .text._start   0x00001344       0x40 ..\obj\schedule.o
                0x00001344                _start
 .text.task_setup
                0x00001384       0x40 ..\obj\schedule.o
                0x00001384                task_setup
 .text.init_tasks
                0x000013c4       0x48 ..\obj\schedule.o
                0x000013c4                init_tasks
 .text.start_rtcs_scheduler
                0x0000140c       0xf0 ..\obj\schedule.o
                0x0000140c                start_rtcs_scheduler
 .text.Default_Reset_Handler
                0x000014fc       0x5c ..\obj\startup_lm3s.o
                0x000014fc                Default_Reset_Handler
                0x000014fc                Reset_Handler
 .text.Default_Handler
                0x00001558        0x8 ..\obj\startup_lm3s.o
                0x00001558                DebugMon_Handler
                0x00001558                FlashCtrl_IRQHandler
                0x00001558                Timer0B_IRQHandler
                0x00001558                I2C0_IRQHandler
                0x00001558                HardFault_Handler
                0x00001558                PendSV_Handler
                0x00001558                NMI_Handler
                0x00001558                I2C1_IRQHandler
                0x00001558                PWMGen0_IRQHandler
                0x00001558                UART1_IRQHandler
                0x00001558                CAN1_IRQHandler
                0x00001558                Timer1B_IRQHandler
                0x00001558                Watchdog_IRQHandler
                0x00001558                UART0_IRQHandler
                0x00001558                SSI0_IRQHandler
                0x00001558                UsageFault_Handler
                0x00001558                ADCSeq1_IRQHandler
                0x00001558                PWMFault_IRQHandler
                0x00001558                PWMGen1_IRQHandler
                0x00001558                SSI1_IRQHandler
                0x00001558                uDMA_IRQHandler
                0x00001558                GPIOPortC_IRQHandler
                0x00001558                ADCSeq2_IRQHandler
                0x00001558                PWMGen2_IRQHandler
                0x00001558                UART2_IRQHandler
                0x00001558                uDMAErr_IRQHandler
                0x00001558                QEI1_IRQHandler
                0x00001558                QEI0_IRQHandler
                0x00001558                PWMGen3_IRQHandler
                0x00001558                GPIOPortD_IRQHandler
                0x00001558                USB0_IRQHandler
                0x00001558                MemManage_Handler
                0x00001558                Ethernet_IRQHandler
                0x00001558                SVC_Handler
                0x00001558                Timer3B_IRQHandler
                0x00001558                Timer3A_IRQHandler
                0x00001558                GPIOPortA_IRQHandler
                0x00001558                Timer0A_IRQHandler
                0x00001558                ADCSeq0_IRQHandler
                0x00001558                Timer1A_IRQHandler
                0x00001558                GPIOPortG_IRQHandler
                0x00001558                ADCSeq3_IRQHandler
                0x00001558                GPIOPortE_IRQHandler
                0x00001558                CAN0_IRQHandler
                0x00001558                Comp0_IRQHandler
                0x00001558                Comp1_IRQHandler
                0x00001558                Comp2_IRQHandler
                0x00001558                GPIOPortF_IRQHandler
                0x00001558                GPIOPortB_IRQHandler
                0x00001558                CAN2_IRQHandler
                0x00001558                GPIOPortH_IRQHandler
                0x00001558                BusFault_Handler
                0x00001558                Timer2A_IRQHandler
                0x00001558                Timer2B_IRQHandler
                0x00001558                SysCtrl_IRQHandler
                0x00001558                Hibernate_IRQHandler
 .text.init_pan_position_task
                0x00001560       0x10 ..\obj\control_position_pan.o
                0x00001560                init_pan_position_task
 .text.pan_position_task
                0x00001570      0x1f0 ..\obj\control_position_pan.o
                0x00001570                pan_position_task
 .text.CreateQueueHandle
                0x00001760       0x30 ..\obj\queue.o
                0x00001760                CreateQueueHandle
 .text.QueueSend
                0x00001790       0x48 ..\obj\queue.o
                0x00001790                QueueSend
 .text.QueuePeek
                0x000017d8       0x40 ..\obj\queue.o
                0x000017d8                QueuePeek
 .text.QueueOverwrite
                0x00001818       0x38 ..\obj\queue.o
                0x00001818                QueueOverwrite
 .text.QueueEmpty
                0x00001850       0x34 ..\obj\queue.o
                0x00001850                QueueEmpty
 .text.QueueReceive
                0x00001884       0x4c ..\obj\queue.o
                0x00001884                QueueReceive
 .text.debug_pin_red
                0x000018d0       0x78 ..\obj\debug.o
                0x000018d0                debug_pin_red
 .text.clk_system_init
                0x00001948       0xe4 ..\obj\cpu.o
                0x00001948                clk_system_init
 .text.enable_global_int
                0x00001a2c       0x10 ..\obj\cpu.o
                0x00001a2c                enable_global_int
 .text.disable_global_int
                0x00001a3c       0x10 ..\obj\cpu.o
                0x00001a3c                disable_global_int
 .text.init_pan_speed_task
                0x00001a4c       0x10 ..\obj\control_speed_pan.o
                0x00001a4c                init_pan_speed_task
 *fill*         0x00001a5c        0x4 
 .text.pan_speed_task
                0x00001a60      0x280 ..\obj\control_speed_pan.o
                0x00001a60                pan_speed_task
 .text.init_tilt_speed_task
                0x00001ce0       0x10 ..\obj\control_speed_tilt.o
                0x00001ce0                init_tilt_speed_task
 .text.tilt_speed_task
                0x00001cf0      0x270 ..\obj\control_speed_tilt.o
                0x00001cf0                tilt_speed_task
 .text.SysTick_Handler
                0x00001f60       0x1c ..\obj\systick.o
                0x00001f60                SysTick_Handler
 .text.systick_init
                0x00001f7c       0x84 ..\obj\systick.o
                0x00001f7c                systick_init
 .text.systick_get
                0x00002000       0x28 ..\obj\systick.o
                0x00002000                systick_get
 .text.systick_decrement
                0x00002028       0x20 ..\obj\systick.o
                0x00002028                systick_decrement
 .text          0x00002048      0x370 c:/program files (x86)/gnu tools arm embedded/4.8 2013q4/bin/../lib/gcc/arm-none-eabi/4.8.3/armv7-m\libgcc.a(_arm_addsubdf3.o)
                0x00002048                __aeabi_drsub
                0x00002050                __aeabi_dsub
                0x00002050                __subdf3
                0x00002054                __aeabi_dadd
                0x00002054                __adddf3
                0x000022cc                __floatunsidf
                0x000022cc                __aeabi_ui2d
                0x000022ec                __floatsidf
                0x000022ec                __aeabi_i2d
                0x00002310                __aeabi_f2d
                0x00002310                __extendsfdf2
                0x0000234c                __floatundidf
                0x0000234c                __aeabi_ul2d
                0x0000235c                __floatdidf
                0x0000235c                __aeabi_l2d
 .text          0x000023b8      0x424 c:/program files (x86)/gnu tools arm embedded/4.8 2013q4/bin/../lib/gcc/arm-none-eabi/4.8.3/armv7-m\libgcc.a(_arm_muldivdf3.o)
                0x000023b8                __aeabi_dmul
                0x000023b8                __muldf3
                0x0000260c                __divdf3
                0x0000260c                __aeabi_ddiv
 .text          0x000027dc       0x50 c:/program files (x86)/gnu tools arm embedded/4.8 2013q4/bin/../lib/gcc/arm-none-eabi/4.8.3/armv7-m\libgcc.a(_arm_fixdfsi.o)
                0x000027dc                __aeabi_d2iz
                0x000027dc                __fixdfsi
 *(.init)
 *(.fini)
 *crtbegin.o(.ctors)
 *crtbegin?.o(.ctors)
 *(EXCLUDE_FILE(*crtend.o *crtend?.o) .ctors)
 *(SORT(.ctors.*))
 *(.ctors)
 *crtbegin.o(.dtors)
 *crtbegin?.o(.dtors)
 *(EXCLUDE_FILE(*crtend.o *crtend?.o) .dtors)
 *(SORT(.dtors.*))
 *(.dtors)
 *(.rodata*)
 .rodata        0x0000282c       0x28 ..\obj\spi.o
 .rodata        0x00002854       0x2c ..\obj\converter.o
 .rodata        0x00002880       0x10 ..\obj\main.o
 .rodata        0x00002890       0x38 ..\obj\uartprintf.o
 *(.eh_fram e*)

.glue_7         0x000028c8        0x0
 .glue_7        0x00000000        0x0 linker stubs

.glue_7t        0x000028c8        0x0
 .glue_7t       0x00000000        0x0 linker stubs

.vfp11_veneer   0x000028c8        0x0
 .vfp11_veneer  0x00000000        0x0 linker stubs

.v4_bx          0x000028c8        0x0
 .v4_bx         0x00000000        0x0 linker stubs

.iplt           0x000028c8        0x0
 .iplt          0x00000000        0x0 ..\obj\spi.o

.rel.dyn        0x000028c8        0x0
 .rel.iplt      0x00000000        0x0 ..\obj\spi.o

.ARM.extab
 *(.ARM.extab* .gnu.linkonce.armextab.*)
                0x000028c8                __exidx_start = .

.ARM.exidx
 *(.ARM.exidx* .gnu.linkonce.armexidx.*)
                0x000028c8                __exidx_end = .
                0x000028c8                __etext = .
                0x000028c8                _sidata = __etext

.data           0x20000000       0x68 load address 0x000028c8
                0x20000000                __data_start__ = .
                0x20000000                _sdata = __data_start__
 *(vtable)
 *(.data*)
 .data          0x20000000        0x1 ..\obj\converter.o
                0x20000000                ReceiveDecNumState
 *fill*         0x20000001        0x1 
 .data          0x20000002        0x2 ..\obj\control_position_tilt.o
 .data          0x20000004       0x58 ..\obj\schedule.o
                0x20000004                init_task
                0x20000030                task
 .data          0x2000005c        0x2 ..\obj\control_position_pan.o
 .data          0x2000005e        0x2 ..\obj\debug.o
 .data          0x20000060        0x4 ..\obj\control_speed_pan.o
 .data          0x20000064        0x4 ..\obj\control_speed_tilt.o
                0x20000068                . = ALIGN (0x4)
                0x20000068                PROVIDE (__preinit_array_start, .)
 *(.preinit_array)
                0x20000068                PROVIDE (__preinit_array_end, .)
                0x20000068                . = ALIGN (0x4)
                0x20000068                PROVIDE (__init_array_start, .)
 *(SORT(.init_array.*))
 *(.init_array)
                0x20000068                PROVIDE (__init_array_end, .)
                0x20000068                . = ALIGN (0x4)
                0x20000068                PROVIDE (__fini_array_start, .)
 *(SORT(.fini_array.*))
 *(.fini_array)
                0x20000068                PROVIDE (__fini_array_end, .)
 *(.jcr*)
                0x20000068                . = ALIGN (0x4)
                0x20000068                __data_end__ = .
                0x20000068                _edata = __data_end__

.igot.plt       0x20000068        0x0 load address 0x00002930
 .igot.plt      0x00000000        0x0 ..\obj\spi.o

.bss            0x20000068       0xb4 load address 0x00002930
                0x20000068                . = ALIGN (0x4)
                0x20000068                __bss_start__ = .
                0x20000068                _sbss = __bss_start__
 *(.bss*)
 .bss           0x20000068        0x8 ..\obj\converter.o
                0x20000068                receive_state
                0x20000069                motor
                0x2000006a                function
 .bss           0x20000070        0xc ..\obj\control_position_tilt.o
 .bss           0x2000007c        0x4 ..\obj\schedule.o
                0x2000007c                semaphores
                0x2000007e                current_task
 .bss           0x20000080        0xc ..\obj\control_position_pan.o
 .bss           0x2000008c        0x1 ..\obj\queue.o
 *fill*         0x2000008d        0x3 
 .bss           0x20000090        0xc ..\obj\control_speed_pan.o
 .bss           0x2000009c        0xc ..\obj\control_speed_tilt.o
 .bss           0x200000a8        0x1 ..\obj\systick.o
                0x200000a8                tick
 *(COMMON)
 *fill*         0x200000a9        0x3 
 COMMON         0x200000ac       0x40 ..\obj\spi.o
                0x200000ac                Queue
                0x200000e8                QueueUARTTX
                0x200000e9                QueueUARTRX
                0x200000ea                QueueSPIRX
                0x200000eb                QueueSPITX
 COMMON         0x200000ec        0x6 ..\obj\converter.o
                0x200000ec                QueuePositionTilt
                0x200000ed                QueueGoToPositionPan
                0x200000ee                QueuePositionPan
                0x200000ef                QueuePWMOutPan
                0x200000f0                QueueGoToPositionTilt
                0x200000f1                QueuePWMOutTilt
 COMMON         0x200000f2        0x1 ..\obj\control_position_tilt.o
                0x200000f2                QueueTiltSpeed
 COMMON         0x200000f3        0x1 ..\obj\main.o
                0x200000f3                QueuePanSpeed
 COMMON         0x200000f4       0x26 ..\obj\schedule.o
                0x200000f4                rtcs_i
                0x200000f8                task_state
                0x20000104                task_time
                0x2000011c                . = ALIGN (0x4)
 *fill*         0x2000011a        0x2 
                0x2000011c                __bss_end__ = .
                0x2000011c                _ebss = __bss_end__

.heap           0x2000011c        0x0
                0x2000011c                __end__ = .
                0x2000011c                _end = __end__
                0x2000011c                end = __end__
 *(.heap*)
                0x2000011c                __HeapLimit = .

.co_stack       0x2000011c      0x404 load address 0x000029e4
                0x20000120                . = ALIGN (0x8)
 *fill*         0x2000011c        0x4 
 *(.co_stack .co_stack.*)
 .co_stack      0x20000120      0x400 ..\obj\startup_lm3s.o
                0x20000120                pulStack
                0x20010000                __StackTop = (ORIGIN (ram) + 0x10000)
                0x2000fbfc                __StackLimit = (__StackTop - SIZEOF (.co_stack))
                0x20010000                PROVIDE (__stack, __StackTop)
                0x00000001                ASSERT ((__StackLimit >= __HeapLimit), region ram  overflowed with stack)
LOAD ..\obj\spi.o
LOAD ..\obj\converter.o
LOAD ..\obj\control_position_tilt.o
LOAD ..\obj\main.o
LOAD ..\obj\communication_task.o
LOAD ..\obj\uartprintf.o
LOAD ..\obj\gpio.o
LOAD ..\obj\schedule.o
LOAD ..\obj\startup_lm3s.o
LOAD ..\obj\control_position_pan.o
LOAD ..\obj\queue.o
LOAD ..\obj\debug.o
LOAD ..\obj\cpu.o
LOAD ..\obj\control_speed_pan.o
LOAD ..\obj\control_speed_tilt.o
LOAD ..\obj\systick.o
LOAD c:/program files (x86)/gnu tools arm embedded/4.8 2013q4/bin/../lib/gcc/arm-none-eabi/4.8.3/../../../../arm-none-eabi/lib/armv7-m\libm.a
LOAD c:/program files (x86)/gnu tools arm embedded/4.8 2013q4/bin/../lib/gcc/arm-none-eabi/4.8.3/armv7-m\libgcc.a
LOAD c:/program files (x86)/gnu tools arm embedded/4.8 2013q4/bin/../lib/gcc/arm-none-eabi/4.8.3/../../../../arm-none-eabi/lib/armv7-m\libc.a
LOAD c:/program files (x86)/gnu tools arm embedded/4.8 2013q4/bin/../lib/gcc/arm-none-eabi/4.8.3/../../../../arm-none-eabi/lib/armv7-m\librdimon.a
START GROUP
LOAD c:/program files (x86)/gnu tools arm embedded/4.8 2013q4/bin/../lib/gcc/arm-none-eabi/4.8.3/armv7-m\libgcc.a
LOAD c:/program files (x86)/gnu tools arm embedded/4.8 2013q4/bin/../lib/gcc/arm-none-eabi/4.8.3/../../../../arm-none-eabi/lib/armv7-m\libg.a
LOAD c:/program files (x86)/gnu tools arm embedded/4.8 2013q4/bin/../lib/gcc/arm-none-eabi/4.8.3/../../../../arm-none-eabi/lib/armv7-m\libc.a
END GROUP
OUTPUT(SemProjekt_RTCS.elf elf32-littlearm)

.debug_info     0x00000000     0x1ff0
 .debug_info    0x00000000      0x229 ..\obj\spi.o
 .debug_info    0x00000229      0x2b3 ..\obj\converter.o
 .debug_info    0x000004dc      0x281 ..\obj\control_position_tilt.o
 .debug_info    0x0000075d      0x1ff ..\obj\main.o
 .debug_info    0x0000095c      0x1d1 ..\obj\communication_task.o
 .debug_info    0x00000b2d      0x397 ..\obj\uartprintf.o
 .debug_info    0x00000ec4       0x79 ..\obj\gpio.o
 .debug_info    0x00000f3d      0x304 ..\obj\schedule.o
 .debug_info    0x00001241       0xe9 ..\obj\startup_lm3s.o
 .debug_info    0x0000132a      0x26a ..\obj\control_position_pan.o
 .debug_info    0x00001594      0x25f ..\obj\queue.o
 .debug_info    0x000017f3       0xd9 ..\obj\debug.o
 .debug_info    0x000018cc       0xb9 ..\obj\cpu.o
 .debug_info    0x00001985      0x2c6 ..\obj\control_speed_pan.o
 .debug_info    0x00001c4b      0x2c6 ..\obj\control_speed_tilt.o
 .debug_info    0x00001f11       0xdf ..\obj\systick.o

.debug_abbrev   0x00000000      0xd7a
 .debug_abbrev  0x00000000      0x139 ..\obj\spi.o
 .debug_abbrev  0x00000139       0xe7 ..\obj\converter.o
 .debug_abbrev  0x00000220       0xf4 ..\obj\control_position_tilt.o
 .debug_abbrev  0x00000314       0xcf ..\obj\main.o
 .debug_abbrev  0x000003e3       0xc6 ..\obj\communication_task.o
 .debug_abbrev  0x000004a9      0x1c7 ..\obj\uartprintf.o
 .debug_abbrev  0x00000670       0x33 ..\obj\gpio.o
 .debug_abbrev  0x000006a3      0x156 ..\obj\schedule.o
 .debug_abbrev  0x000007f9       0xa7 ..\obj\startup_lm3s.o
 .debug_abbrev  0x000008a0       0xd5 ..\obj\control_position_pan.o
 .debug_abbrev  0x00000975       0xfc ..\obj\queue.o
 .debug_abbrev  0x00000a71       0x7a ..\obj\debug.o
 .debug_abbrev  0x00000aeb       0x67 ..\obj\cpu.o
 .debug_abbrev  0x00000b52       0xd5 ..\obj\control_speed_pan.o
 .debug_abbrev  0x00000c27       0xd5 ..\obj\control_speed_tilt.o
 .debug_abbrev  0x00000cfc       0x7e ..\obj\systick.o

.debug_aranges  0x00000000      0x370
 .debug_aranges
                0x00000000       0x60 ..\obj\spi.o
 .debug_aranges
                0x00000060       0x28 ..\obj\converter.o
 .debug_aranges
                0x00000088       0x28 ..\obj\control_position_tilt.o
 .debug_aranges
                0x000000b0       0x30 ..\obj\main.o
 .debug_aranges
                0x000000e0       0x28 ..\obj\communication_task.o
 .debug_aranges
                0x00000108       0x68 ..\obj\uartprintf.o
 .debug_aranges
                0x00000170       0x20 ..\obj\gpio.o
 .debug_aranges
                0x00000190       0x68 ..\obj\schedule.o
 .debug_aranges
                0x000001f8       0x28 ..\obj\startup_lm3s.o
 .debug_aranges
                0x00000220       0x28 ..\obj\control_position_pan.o
 .debug_aranges
                0x00000248       0x48 ..\obj\queue.o
 .debug_aranges
                0x00000290       0x28 ..\obj\debug.o
 .debug_aranges
                0x000002b8       0x30 ..\obj\cpu.o
 .debug_aranges
                0x000002e8       0x28 ..\obj\control_speed_pan.o
 .debug_aranges
                0x00000310       0x28 ..\obj\control_speed_tilt.o
 .debug_aranges
                0x00000338       0x38 ..\obj\systick.o

.debug_ranges   0x00000000      0x270
 .debug_ranges  0x00000000       0x50 ..\obj\spi.o
 .debug_ranges  0x00000050       0x18 ..\obj\converter.o
 .debug_ranges  0x00000068       0x18 ..\obj\control_position_tilt.o
 .debug_ranges  0x00000080       0x20 ..\obj\main.o
 .debug_ranges  0x000000a0       0x18 ..\obj\communication_task.o
 .debug_ranges  0x000000b8       0x58 ..\obj\uartprintf.o
 .debug_ranges  0x00000110       0x10 ..\obj\gpio.o
 .debug_ranges  0x00000120       0x58 ..\obj\schedule.o
 .debug_ranges  0x00000178       0x18 ..\obj\startup_lm3s.o
 .debug_ranges  0x00000190       0x18 ..\obj\control_position_pan.o
 .debug_ranges  0x000001a8       0x38 ..\obj\queue.o
 .debug_ranges  0x000001e0       0x18 ..\obj\debug.o
 .debug_ranges  0x000001f8       0x20 ..\obj\cpu.o
 .debug_ranges  0x00000218       0x18 ..\obj\control_speed_pan.o
 .debug_ranges  0x00000230       0x18 ..\obj\control_speed_tilt.o
 .debug_ranges  0x00000248       0x28 ..\obj\systick.o

.debug_line     0x00000000     0x2413
 .debug_line    0x00000000      0x273 ..\obj\spi.o
 .debug_line    0x00000273      0x317 ..\obj\converter.o
 .debug_line    0x0000058a      0x32e ..\obj\control_position_tilt.o
 .debug_line    0x000008b8      0x38a ..\obj\main.o
 .debug_line    0x00000c42      0x243 ..\obj\communication_task.o
 .debug_line    0x00000e85      0x36f ..\obj\uartprintf.o
 .debug_line    0x000011f4       0x8f ..\obj\gpio.o
 .debug_line    0x00001283      0x1f6 ..\obj\schedule.o
 .debug_line    0x00001479       0xb3 ..\obj\startup_lm3s.o
 .debug_line    0x0000152c      0x334 ..\obj\control_position_pan.o
 .debug_line    0x00001860      0x1b6 ..\obj\queue.o
 .debug_line    0x00001a16      0x10f ..\obj\debug.o
 .debug_line    0x00001b25      0x13a ..\obj\cpu.o
 .debug_line    0x00001c5f      0x342 ..\obj\control_speed_pan.o
 .debug_line    0x00001fa1      0x346 ..\obj\control_speed_tilt.o
 .debug_line    0x000022e7      0x12c ..\obj\systick.o

.debug_str      0x00000000      0xe5d
 .debug_str     0x00000000      0x20f ..\obj\spi.o
                                0x26b (size before relaxing)
 .debug_str     0x0000020f      0x1c7 ..\obj\converter.o
                                0x353 (size before relaxing)
 .debug_str     0x000003d6      0x100 ..\obj\control_position_tilt.o
                                0x300 (size before relaxing)
 .debug_str     0x000004d6       0x7e ..\obj\main.o
                                0x278 (size before relaxing)
 .debug_str     0x00000554       0xa7 ..\obj\communication_task.o
                                0x26f (size before relaxing)
 .debug_str     0x000005fb      0x1d7 ..\obj\uartprintf.o
                                0x374 (size before relaxing)
 .debug_str     0x000007d2       0x56 ..\obj\gpio.o
                                0x160 (size before relaxing)
 .debug_str     0x00000828      0x147 ..\obj\schedule.o
                                0x26e (size before relaxing)
 .debug_str     0x0000096f       0xc2 ..\obj\startup_lm3s.o
                                0x159 (size before relaxing)
 .debug_str     0x00000a31       0x86 ..\obj\control_position_pan.o
                                0x2f0 (size before relaxing)
 .debug_str     0x00000ab7       0xba ..\obj\queue.o
                                0x22a (size before relaxing)
 .debug_str     0x00000b71       0x82 ..\obj\debug.o
                                0x19c (size before relaxing)
 .debug_str     0x00000bf3       0x90 ..\obj\cpu.o
                                0x196 (size before relaxing)
 .debug_str     0x00000c83       0xad ..\obj\control_speed_pan.o
                                0x310 (size before relaxing)
 .debug_str     0x00000d30       0x91 ..\obj\control_speed_tilt.o
                                0x315 (size before relaxing)
 .debug_str     0x00000dc1       0x9c ..\obj\systick.o
                                0x1af (size before relaxing)

.comment        0x00000000       0x70
 .comment       0x00000000       0x70 ..\obj\spi.o
                                 0x71 (size before relaxing)
 .comment       0x00000000       0x71 ..\obj\converter.o
 .comment       0x00000000       0x71 ..\obj\control_position_tilt.o
 .comment       0x00000000       0x71 ..\obj\main.o
 .comment       0x00000000       0x71 ..\obj\communication_task.o
 .comment       0x00000000       0x71 ..\obj\uartprintf.o
 .comment       0x00000000       0x71 ..\obj\gpio.o
 .comment       0x00000000       0x71 ..\obj\schedule.o
 .comment       0x00000000       0x71 ..\obj\startup_lm3s.o
 .comment       0x00000000       0x71 ..\obj\control_position_pan.o
 .comment       0x00000000       0x71 ..\obj\queue.o
 .comment       0x00000000       0x71 ..\obj\debug.o
 .comment       0x00000000       0x71 ..\obj\cpu.o
 .comment       0x00000000       0x71 ..\obj\control_speed_pan.o
 .comment       0x00000000       0x71 ..\obj\control_speed_tilt.o
 .comment       0x00000000       0x71 ..\obj\systick.o

.ARM.attributes
                0x00000000       0x33
 .ARM.attributes
                0x00000000       0x33 ..\obj\spi.o
 .ARM.attributes
                0x00000033       0x33 ..\obj\converter.o
 .ARM.attributes
                0x00000066       0x33 ..\obj\control_position_tilt.o
 .ARM.attributes
                0x00000099       0x33 ..\obj\main.o
 .ARM.attributes
                0x000000cc       0x33 ..\obj\communication_task.o
 .ARM.attributes
                0x000000ff       0x33 ..\obj\uartprintf.o
 .ARM.attributes
                0x00000132       0x33 ..\obj\gpio.o
 .ARM.attributes
                0x00000165       0x33 ..\obj\schedule.o
 .ARM.attributes
                0x00000198       0x33 ..\obj\startup_lm3s.o
 .ARM.attributes
                0x000001cb       0x33 ..\obj\control_position_pan.o
 .ARM.attributes
                0x000001fe       0x33 ..\obj\queue.o
 .ARM.attributes
                0x00000231       0x33 ..\obj\debug.o
 .ARM.attributes
                0x00000264       0x33 ..\obj\cpu.o
 .ARM.attributes
                0x00000297       0x33 ..\obj\control_speed_pan.o
 .ARM.attributes
                0x000002ca       0x33 ..\obj\control_speed_tilt.o
 .ARM.attributes
                0x000002fd       0x33 ..\obj\systick.o
 .ARM.attributes
                0x00000330       0x1d c:/program files (x86)/gnu tools arm embedded/4.8 2013q4/bin/../lib/gcc/arm-none-eabi/4.8.3/armv7-m\libgcc.a(_arm_addsubdf3.o)
 .ARM.attributes
                0x0000034d       0x1d c:/program files (x86)/gnu tools arm embedded/4.8 2013q4/bin/../lib/gcc/arm-none-eabi/4.8.3/armv7-m\libgcc.a(_arm_muldivdf3.o)
 .ARM.attributes
                0x0000036a       0x1d c:/program files (x86)/gnu tools arm embedded/4.8 2013q4/bin/../lib/gcc/arm-none-eabi/4.8.3/armv7-m\libgcc.a(_arm_fixdfsi.o)

.debug_frame    0x00000000      0x7ec
 .debug_frame   0x00000000      0x10c ..\obj\spi.o
 .debug_frame   0x0000010c       0x4c ..\obj\converter.o
 .debug_frame   0x00000158       0x50 ..\obj\control_position_tilt.o
 .debug_frame   0x000001a8       0x64 ..\obj\main.o
 .debug_frame   0x0000020c       0x4c ..\obj\communication_task.o
 .debug_frame   0x00000258      0x13c ..\obj\uartprintf.o
 .debug_frame   0x00000394       0x28 ..\obj\gpio.o
 .debug_frame   0x000003bc      0x12c ..\obj\schedule.o
 .debug_frame   0x000004e8       0x48 ..\obj\startup_lm3s.o
 .debug_frame   0x00000530       0x50 ..\obj\control_position_pan.o
 .debug_frame   0x00000580       0xb4 ..\obj\queue.o
 .debug_frame   0x00000634       0x48 ..\obj\debug.o
 .debug_frame   0x0000067c       0x5c ..\obj\cpu.o
 .debug_frame   0x000006d8       0x50 ..\obj\control_speed_pan.o
 .debug_frame   0x00000728       0x50 ..\obj\control_speed_tilt.o
 .debug_frame   0x00000778       0x74 ..\obj\systick.o
