AR encoder behavioral "C:/Users/Lukas Schwartz/Documents/GitHub/Projekt-2014/Encoder/encoder.vhd" sub00/vhpl03 1399406977
EN pwm NULL "C:/Users/Lukas Schwartz/Documents/GitHub/Projekt-2014/PWM/PWM.vhd" sub00/vhpl00 1399406974
AR fpga_main behavioral "C:/Users/Lukas Schwartz/Documents/GitHub/Projekt-2014/FPGA/fpga_main.vhd" sub00/vhpl11 1399406987
EN mcs NULL "C:/Users/Lukas Schwartz/Documents/GitHub/Projekt-2014/MotorControlSystem/MCS.vhd" sub00/vhpl04 1399406978
EN displayselect_4_7segdisp NULL "C:/Users/Lukas Schwartz/Documents/GitHub/Projekt-2014/Encoder/DisplaySelect_4.vhd" sub00/vhpl08 1399406984
EN spi NULL "C:/Users/Lukas Schwartz/Documents/GitHub/Projekt-2014/SPI/SPI.vhd" sub00/vhpl12 1399406980
AR spi behavioral "C:/Users/Lukas Schwartz/Documents/GitHub/Projekt-2014/SPI/SPI.vhd" sub00/vhpl13 1399406981
EN displayhex NULL "C:/Users/Lukas Schwartz/Documents/GitHub/Projekt-2014/Encoder/DisplayHex.vhd" sub00/vhpl06 1399406982
EN fpga_main NULL "C:/Users/Lukas Schwartz/Documents/GitHub/Projekt-2014/FPGA/fpga_main.vhd" sub00/vhpl10 1399406986
EN encoder NULL "C:/Users/Lukas Schwartz/Documents/GitHub/Projekt-2014/Encoder/encoder.vhd" sub00/vhpl02 1399406976
AR pwm behavioral "C:/Users/Lukas Schwartz/Documents/GitHub/Projekt-2014/PWM/PWM.vhd" sub00/vhpl01 1399406975
AR mcs behavioral "C:/Users/Lukas Schwartz/Documents/GitHub/Projekt-2014/MotorControlSystem/MCS.vhd" sub00/vhpl05 1399406979
AR displayhex behavioral "C:/Users/Lukas Schwartz/Documents/GitHub/Projekt-2014/Encoder/DisplayHex.vhd" sub00/vhpl07 1399406983
AR displayselect_4_7segdisp behavioral "C:/Users/Lukas Schwartz/Documents/GitHub/Projekt-2014/Encoder/DisplaySelect_4.vhd" sub00/vhpl09 1399406985
