AR encoder behavioral "C:/Users/Lukas Schwartz/Documents/GitHub/Projekt-2014/Encoder/encoder.vhd" sub00/vhpl03 1397142943
EN pwm NULL "C:/Users/Lukas Schwartz/Documents/GitHub/Projekt-2014/PWM/PWM.vhd" sub00/vhpl00 1397142940
AR fpga_main behavioral "C:/Users/Lukas Schwartz/Documents/GitHub/Projekt-2014/FPGA/fpga_main.vhd" sub00/vhpl11 1397142953
EN mcs NULL "C:/Users/Lukas Schwartz/Documents/GitHub/Projekt-2014/MotorControlSystem/MCS.vhd" sub00/vhpl04 1397142944
EN displayselect_4_7segdisp NULL "C:/Users/Lukas Schwartz/Documents/GitHub/Projekt-2014/Encoder/DisplaySelect_4.vhd" sub00/vhpl08 1397142950
EN spi NULL "C:/Users/Lukas Schwartz/Documents/GitHub/Projekt-2014/SPI/SPI.vhd" sub00/vhpl12 1397142946
AR spi behavioral "C:/Users/Lukas Schwartz/Documents/GitHub/Projekt-2014/SPI/SPI.vhd" sub00/vhpl13 1397142947
EN displayhex NULL "C:/Users/Lukas Schwartz/Documents/GitHub/Projekt-2014/Encoder/DisplayHex.vhd" sub00/vhpl06 1397142948
EN fpga_main NULL "C:/Users/Lukas Schwartz/Documents/GitHub/Projekt-2014/FPGA/fpga_main.vhd" sub00/vhpl10 1397142952
EN encoder NULL "C:/Users/Lukas Schwartz/Documents/GitHub/Projekt-2014/Encoder/encoder.vhd" sub00/vhpl02 1397142942
AR pwm behavioral "C:/Users/Lukas Schwartz/Documents/GitHub/Projekt-2014/PWM/PWM.vhd" sub00/vhpl01 1397142941
AR mcs behavioral "C:/Users/Lukas Schwartz/Documents/GitHub/Projekt-2014/MotorControlSystem/MCS.vhd" sub00/vhpl05 1397142945
AR displayhex behavioral "C:/Users/Lukas Schwartz/Documents/GitHub/Projekt-2014/Encoder/DisplayHex.vhd" sub00/vhpl07 1397142949
AR displayselect_4_7segdisp behavioral "C:/Users/Lukas Schwartz/Documents/GitHub/Projekt-2014/Encoder/DisplaySelect_4.vhd" sub00/vhpl09 1397142951
