V3 27
FL "C:/Users/Lukas Schwartz/Documents/GitHub/Projekt-2014/Encoder/DisplayHex.vhd" 2014/03/26.10:19:44 P.20131013
EN work/DisplayHex 1399636497 \
      FL "C:/Users/Lukas Schwartz/Documents/GitHub/Projekt-2014/Encoder/DisplayHex.vhd" \
      PB ieee/std_logic_1164 1381692176 PB ieee/std_logic_arith 1381692177 \
      PB ieee/STD_LOGIC_UNSIGNED 1381692179
AR work/DisplayHex/Behavioral 1399636498 \
      FL "C:/Users/Lukas Schwartz/Documents/GitHub/Projekt-2014/Encoder/DisplayHex.vhd" \
      EN work/DisplayHex 1399636497
FL "C:/Users/Lukas Schwartz/Documents/GitHub/Projekt-2014/Encoder/DisplaySelect_4.vhd" 2014/03/26.10:19:44 P.20131013
EN work/DisplaySelect_4_7segDisp 1399636499 \
      FL "C:/Users/Lukas Schwartz/Documents/GitHub/Projekt-2014/Encoder/DisplaySelect_4.vhd" \
      PB ieee/std_logic_1164 1381692176 PB ieee/std_logic_arith 1381692177 \
      PB ieee/STD_LOGIC_UNSIGNED 1381692179
AR work/DisplaySelect_4_7segDisp/Behavioral 1399636500 \
      FL "C:/Users/Lukas Schwartz/Documents/GitHub/Projekt-2014/Encoder/DisplaySelect_4.vhd" \
      EN work/DisplaySelect_4_7segDisp 1399636499
FL "C:/Users/Lukas Schwartz/Documents/GitHub/Projekt-2014/Encoder/encoder.vhd" 2014/05/05.16:11:39 P.20131013
EN work/Encoder 1399636491 \
      FL "C:/Users/Lukas Schwartz/Documents/GitHub/Projekt-2014/Encoder/encoder.vhd" \
      PB ieee/std_logic_1164 1381692176 PB ieee/std_logic_arith 1381692177 \
      PB ieee/STD_LOGIC_UNSIGNED 1381692179
AR work/Encoder/Behavioral 1399636492 \
      FL "C:/Users/Lukas Schwartz/Documents/GitHub/Projekt-2014/Encoder/encoder.vhd" \
      EN work/Encoder 1399636491
FL "C:/Users/Lukas Schwartz/Documents/GitHub/Projekt-2014/FPGA/fpga_main.vhd" 2014/05/06.22:06:02 P.20131013
EN work/fpga_main 1399636501 \
      FL "C:/Users/Lukas Schwartz/Documents/GitHub/Projekt-2014/FPGA/fpga_main.vhd" \
      PB ieee/std_logic_1164 1381692176 PB ieee/std_logic_arith 1381692177
AR work/fpga_main/Behavioral 1399636502 \
      FL "C:/Users/Lukas Schwartz/Documents/GitHub/Projekt-2014/FPGA/fpga_main.vhd" \
      EN work/fpga_main 1399636501 CP MCS CP SPI CP DisplayHex \
      CP DisplaySelect_4_7segDisp
FL "C:/Users/Lukas Schwartz/Documents/GitHub/Projekt-2014/MotorControlSystem/MCS.vhd" 2014/05/08.11:36:50 P.20131013
EN work/MCS 1399636493 \
      FL "C:/Users/Lukas Schwartz/Documents/GitHub/Projekt-2014/MotorControlSystem/MCS.vhd" \
      PB ieee/std_logic_1164 1381692176 PB ieee/std_logic_arith 1381692177 \
      PB ieee/STD_LOGIC_UNSIGNED 1381692179
AR work/MCS/Behavioral 1399636494 \
      FL "C:/Users/Lukas Schwartz/Documents/GitHub/Projekt-2014/MotorControlSystem/MCS.vhd" \
      EN work/MCS 1399636493 CP PWM CP Encoder
FL "C:/Users/Lukas Schwartz/Documents/GitHub/Projekt-2014/PWM/PWM.vhd" 2014/03/29.11:52:52 P.20131013
EN work/PWM 1399636489 \
      FL "C:/Users/Lukas Schwartz/Documents/GitHub/Projekt-2014/PWM/PWM.vhd" \
      PB ieee/std_logic_1164 1381692176 PB ieee/std_logic_arith 1381692177 \
      PB ieee/STD_LOGIC_UNSIGNED 1381692179
AR work/PWM/Behavioral 1399636490 \
      FL "C:/Users/Lukas Schwartz/Documents/GitHub/Projekt-2014/PWM/PWM.vhd" \
      EN work/PWM 1399636489
FL "C:/Users/Lukas Schwartz/Documents/GitHub/Projekt-2014/SPI/SPI.vhd" 2014/05/06.22:09:04 P.20131013
EN work/SPI 1399636495 \
      FL "C:/Users/Lukas Schwartz/Documents/GitHub/Projekt-2014/SPI/SPI.vhd" \
      PB ieee/std_logic_1164 1381692176 PB ieee/std_logic_arith 1381692177 \
      PB ieee/STD_LOGIC_UNSIGNED 1381692179
AR work/SPI/Behavioral 1399636496 \
      FL "C:/Users/Lukas Schwartz/Documents/GitHub/Projekt-2014/SPI/SPI.vhd" \
      EN work/SPI 1399636495
