V3 10
FL "C:/Users/Lukas Schwartz/Documents/GitHub/Projekt-2014/SPI/ipcore_dir/Fifo.vhd" 2014/04/01.10:27:49 P.20131013
EN work/Fifo 1396343755 \
      FL "C:/Users/Lukas Schwartz/Documents/GitHub/Projekt-2014/SPI/ipcore_dir/Fifo.vhd" \
      PB ieee/std_logic_1164 1381692176
AR work/Fifo/Fifo_a 1396343756 \
      FL "C:/Users/Lukas Schwartz/Documents/GitHub/Projekt-2014/SPI/ipcore_dir/Fifo.vhd" \
      EN work/Fifo 1396343755
FL "C:/Users/Lukas Schwartz/Documents/GitHub/Projekt-2014/SPI/SPI.vhd" 2014/04/14.11:31:34 P.20131013
EN work/SPI 1397467914 \
      FL "C:/Users/Lukas Schwartz/Documents/GitHub/Projekt-2014/SPI/SPI.vhd" \
      PB ieee/std_logic_1164 1381692176 PB ieee/std_logic_arith 1381692177 \
      PB ieee/STD_LOGIC_UNSIGNED 1381692179
AR work/SPI/Behavioral 1397467915 \
      FL "C:/Users/Lukas Schwartz/Documents/GitHub/Projekt-2014/SPI/SPI.vhd" \
      EN work/SPI 1397467914
FL "C:/Users/Lukas Schwartz/Documents/GitHub/Projekt-2014/SPI/test_SPI.vhd" 2014/04/02.17:10:34 P.20131013
EN work/test_SPI 1396451778 \
      FL "C:/Users/Lukas Schwartz/Documents/GitHub/Projekt-2014/SPI/test_SPI.vhd" \
      PB ieee/std_logic_1164 1381692176
AR work/test_SPI/Behavioral 1396451779 \
      FL "C:/Users/Lukas Schwartz/Documents/GitHub/Projekt-2014/SPI/test_SPI.vhd" \
      EN work/test_SPI 1396451778 CP SPI
