V3 3
FL "C:/Users/Lukas Schwartz/Documents/GitHub/Projekt-2014/test_LED_SW/test_SW_LED.vhd" 2014/04/07.10:02:09 P.20131013
EN work/test_SW_LED 1396857843 \
      FL "C:/Users/Lukas Schwartz/Documents/GitHub/Projekt-2014/test_LED_SW/test_SW_LED.vhd" \
      PB ieee/std_logic_1164 1381692176
AR work/test_SW_LED/Behavioral 1396857844 \
      FL "C:/Users/Lukas Schwartz/Documents/GitHub/Projekt-2014/test_LED_SW/test_SW_LED.vhd" \
      EN work/test_SW_LED 1396857843
